2023-09-07 00:49:53,998 - INFO - [31m[1mWARNING: This is a development server. Do not use it in a production deployment. Use a production WSGI server instead.[0m
 * Running on all addresses (0.0.0.0)
 * Running on http://127.0.0.1:5000
 * Running on http://192.168.3.38:5000
2023-09-07 00:49:53,998 - INFO - [33mPress CTRL+C to quit[0m
2023-09-07 00:49:53,999 - INFO -  * Restarting with stat
2023-09-07 00:49:54,762 - WARNING -  * Debugger is active!
2023-09-07 00:49:54,762 - INFO -  * Debugger PIN: 643-615-311
2023-09-07 00:50:30,085 - INFO - 127.0.0.1 - - [07/Sep/2023 00:50:30] "OPTIONS /login HTTP/1.1" 200 -
2023-09-07 00:50:30,510 - INFO - 127.0.0.1 - - [07/Sep/2023 00:50:30] "POST /login HTTP/1.1" 200 -
2023-09-07 00:50:30,547 - INFO - 127.0.0.1 - - [07/Sep/2023 00:50:30] "OPTIONS /getUserTeams/24 HTTP/1.1" 200 -
2023-09-07 00:50:30,851 - INFO - 127.0.0.1 - - [07/Sep/2023 00:50:30] "OPTIONS /getUserTeams/24 HTTP/1.1" 200 -
2023-09-07 00:50:30,864 - INFO - 127.0.0.1 - - [07/Sep/2023 00:50:30] "GET /getUserTeams/24 HTTP/1.1" 200 -
2023-09-07 00:50:31,183 - INFO - 127.0.0.1 - - [07/Sep/2023 00:50:31] "GET /getUserTeams/24 HTTP/1.1" 200 -
2023-09-07 00:50:39,114 - INFO - 127.0.0.1 - - [07/Sep/2023 00:50:39] "GET /getTeamMembers/6 HTTP/1.1" 200 -
2023-09-07 00:50:39,378 - INFO - 127.0.0.1 - - [07/Sep/2023 00:50:39] "GET /getTeamMembers/6 HTTP/1.1" 200 -
2023-09-07 00:50:39,427 - INFO - 127.0.0.1 - - [07/Sep/2023 00:50:39] "GET /tasklists/6 HTTP/1.1" 200 -
2023-09-07 00:50:39,455 - INFO - 127.0.0.1 - - [07/Sep/2023 00:50:39] "GET /tasklists/6 HTTP/1.1" 200 -
2023-09-07 00:50:40,330 - INFO - 127.0.0.1 - - [07/Sep/2023 00:50:40] "GET /getTeamScript/6 HTTP/1.1" 200 -
2023-09-07 00:50:40,646 - INFO - 127.0.0.1 - - [07/Sep/2023 00:50:40] "GET /getTeamScript/6 HTTP/1.1" 200 -
2023-09-07 00:50:40,697 - INFO - 127.0.0.1 - - [07/Sep/2023 00:50:40] "OPTIONS /searchTestReport HTTP/1.1" 200 -
2023-09-07 00:50:40,698 - INFO - 127.0.0.1 - - [07/Sep/2023 00:50:40] "OPTIONS /searchTestReport HTTP/1.1" 200 -
2023-09-07 00:50:40,699 - INFO - 127.0.0.1 - - [07/Sep/2023 00:50:40] "OPTIONS /searchTestReport HTTP/1.1" 200 -
2023-09-07 00:50:40,700 - INFO - 127.0.0.1 - - [07/Sep/2023 00:50:40] "OPTIONS /searchTestReport HTTP/1.1" 200 -
2023-09-07 00:50:40,701 - INFO - 127.0.0.1 - - [07/Sep/2023 00:50:40] "OPTIONS /searchTestReport HTTP/1.1" 200 -
2023-09-07 00:50:40,712 - INFO - 127.0.0.1 - - [07/Sep/2023 00:50:40] "POST /searchTestReport HTTP/1.1" 200 -
2023-09-07 00:50:40,951 - INFO - 127.0.0.1 - - [07/Sep/2023 00:50:40] "OPTIONS /searchTestReport HTTP/1.1" 200 -
2023-09-07 00:50:41,017 - INFO - 127.0.0.1 - - [07/Sep/2023 00:50:41] "OPTIONS /searchTestReport HTTP/1.1" 200 -
2023-09-07 00:50:41,017 - INFO - 127.0.0.1 - - [07/Sep/2023 00:50:41] "OPTIONS /searchTestReport HTTP/1.1" 200 -
2023-09-07 00:50:41,019 - INFO - 127.0.0.1 - - [07/Sep/2023 00:50:41] "OPTIONS /searchTestReport HTTP/1.1" 200 -
2023-09-07 00:50:41,019 - INFO - 127.0.0.1 - - [07/Sep/2023 00:50:41] "OPTIONS /searchTestReport HTTP/1.1" 200 -
2023-09-07 00:50:41,024 - INFO - 127.0.0.1 - - [07/Sep/2023 00:50:41] "POST /searchTestReport HTTP/1.1" 200 -
2023-09-07 00:50:41,031 - INFO - 127.0.0.1 - - [07/Sep/2023 00:50:41] "POST /searchTestReport HTTP/1.1" 200 -
2023-09-07 00:50:41,031 - INFO - 127.0.0.1 - - [07/Sep/2023 00:50:41] "POST /searchTestReport HTTP/1.1" 200 -
2023-09-07 00:50:41,032 - INFO - 127.0.0.1 - - [07/Sep/2023 00:50:41] "POST /searchTestReport HTTP/1.1" 200 -
2023-09-07 00:50:41,269 - INFO - 127.0.0.1 - - [07/Sep/2023 00:50:41] "POST /searchTestReport HTTP/1.1" 200 -
2023-09-07 00:50:41,334 - INFO - 127.0.0.1 - - [07/Sep/2023 00:50:41] "POST /searchTestReport HTTP/1.1" 200 -
2023-09-07 00:50:41,334 - INFO - 127.0.0.1 - - [07/Sep/2023 00:50:41] "POST /searchTestReport HTTP/1.1" 200 -
2023-09-07 00:50:41,336 - INFO - 127.0.0.1 - - [07/Sep/2023 00:50:41] "POST /searchTestReport HTTP/1.1" 200 -
2023-09-07 00:50:41,342 - INFO - 127.0.0.1 - - [07/Sep/2023 00:50:41] "POST /searchTestReport HTTP/1.1" 200 -
2023-09-07 00:50:41,759 - INFO - 127.0.0.1 - - [07/Sep/2023 00:50:41] "GET /tasklists/6 HTTP/1.1" 200 -
2023-09-07 00:50:42,003 - INFO - 127.0.0.1 - - [07/Sep/2023 00:50:42] "GET /tasklists/6 HTTP/1.1" 200 -
2023-09-07 00:50:42,275 - INFO - 127.0.0.1 - - [07/Sep/2023 00:50:42] "GET /getTeamScript/6 HTTP/1.1" 200 -
2023-09-07 00:50:42,591 - INFO - 127.0.0.1 - - [07/Sep/2023 00:50:42] "GET /getTeamScript/6 HTTP/1.1" 200 -
2023-09-07 00:50:42,615 - INFO - 127.0.0.1 - - [07/Sep/2023 00:50:42] "POST /searchTestReport HTTP/1.1" 200 -
2023-09-07 00:50:42,615 - INFO - 127.0.0.1 - - [07/Sep/2023 00:50:42] "POST /searchTestReport HTTP/1.1" 200 -
2023-09-07 00:50:42,618 - INFO - 127.0.0.1 - - [07/Sep/2023 00:50:42] "POST /searchTestReport HTTP/1.1" 200 -
2023-09-07 00:50:42,618 - INFO - 127.0.0.1 - - [07/Sep/2023 00:50:42] "POST /searchTestReport HTTP/1.1" 200 -
2023-09-07 00:50:42,622 - INFO - 127.0.0.1 - - [07/Sep/2023 00:50:42] "POST /searchTestReport HTTP/1.1" 200 -
2023-09-07 00:50:42,623 - INFO - 127.0.0.1 - - [07/Sep/2023 00:50:42] "POST /searchTestReport HTTP/1.1" 200 -
2023-09-07 00:50:42,935 - INFO - 127.0.0.1 - - [07/Sep/2023 00:50:42] "POST /searchTestReport HTTP/1.1" 200 -
2023-09-07 00:50:42,936 - INFO - 127.0.0.1 - - [07/Sep/2023 00:50:42] "POST /searchTestReport HTTP/1.1" 200 -
2023-09-07 00:50:42,938 - INFO - 127.0.0.1 - - [07/Sep/2023 00:50:42] "POST /searchTestReport HTTP/1.1" 200 -
2023-09-07 00:50:42,938 - INFO - 127.0.0.1 - - [07/Sep/2023 00:50:42] "POST /searchTestReport HTTP/1.1" 200 -
2023-09-07 00:50:56,082 - INFO - 127.0.0.1 - - [07/Sep/2023 00:50:56] "OPTIONS /runTestEvents HTTP/1.1" 200 -
2023-09-07 00:50:56,415 - INFO - ====== WebDriver manager ======
2023-09-07 00:50:57,306 - INFO - Get LATEST chromedriver version for google-chrome
2023-09-07 00:50:57,315 - INFO - Get LATEST chromedriver version for google-chrome
2023-09-07 00:50:57,315 - INFO - There is no [win64] chromedriver "116.0.5845.179" for browser google-chrome "116.0.5845.179" in cache
2023-09-07 00:50:57,315 - INFO - Get LATEST chromedriver version for google-chrome
2023-09-07 00:50:58,606 - INFO - WebDriver version 116.0.5845.96 selected
2023-09-07 00:50:58,606 - INFO - Modern chrome version https://edgedl.me.gvt1.com/edgedl/chrome/chrome-for-testing/116.0.5845.96/win32/chromedriver-win32.zip
2023-09-07 00:50:58,606 - INFO - About to download new driver from https://edgedl.me.gvt1.com/edgedl/chrome/chrome-for-testing/116.0.5845.96/win32/chromedriver-win32.zip
2023-09-07 00:51:00,162 - INFO - Driver downloading response is 200
2023-09-07 00:51:02,018 - INFO - Get LATEST chromedriver version for google-chrome
2023-09-07 00:51:02,096 - INFO - Driver has been saved in cache [C:\Users\hongj\.wdm\drivers\chromedriver\win64\116.0.5845.179]
2023-09-07 00:51:14,982 - INFO - 127.0.0.1 - - [07/Sep/2023 00:51:14] "[35m[1mPOST /runTestEvents HTTP/1.1[0m" 201 -
2023-09-07 00:51:15,223 - INFO - 127.0.0.1 - - [07/Sep/2023 00:51:15] "GET /test-report/156 HTTP/1.1" 200 -
2023-09-07 00:51:15,537 - INFO - 127.0.0.1 - - [07/Sep/2023 00:51:15] "GET /test-report/156 HTTP/1.1" 200 -
2023-09-07 00:51:15,569 - INFO - 127.0.0.1 - - [07/Sep/2023 00:51:15] "GET /getTeamMembers/6 HTTP/1.1" 200 -
2023-09-07 00:51:15,883 - INFO - 127.0.0.1 - - [07/Sep/2023 00:51:15] "GET /getTeamMembers/6 HTTP/1.1" 200 -
2023-09-07 00:51:46,139 - INFO - 127.0.0.1 - - [07/Sep/2023 00:51:46] "GET /getTeamScript/6 HTTP/1.1" 200 -
2023-09-07 00:51:46,401 - INFO - 127.0.0.1 - - [07/Sep/2023 00:51:46] "GET /getTeamScript/6 HTTP/1.1" 200 -
2023-09-07 00:51:46,443 - INFO - 127.0.0.1 - - [07/Sep/2023 00:51:46] "OPTIONS /searchTestReport HTTP/1.1" 200 -
2023-09-07 00:51:46,449 - INFO - 127.0.0.1 - - [07/Sep/2023 00:51:46] "POST /searchTestReport HTTP/1.1" 200 -
2023-09-07 00:51:46,505 - INFO - 127.0.0.1 - - [07/Sep/2023 00:51:46] "OPTIONS /searchTestReport HTTP/1.1" 200 -
2023-09-07 00:51:46,506 - INFO - 127.0.0.1 - - [07/Sep/2023 00:51:46] "OPTIONS /searchTestReport HTTP/1.1" 200 -
2023-09-07 00:51:46,506 - INFO - 127.0.0.1 - - [07/Sep/2023 00:51:46] "OPTIONS /searchTestReport HTTP/1.1" 200 -
2023-09-07 00:51:46,507 - INFO - 127.0.0.1 - - [07/Sep/2023 00:51:46] "OPTIONS /searchTestReport HTTP/1.1" 200 -
2023-09-07 00:51:46,707 - INFO - 127.0.0.1 - - [07/Sep/2023 00:51:46] "OPTIONS /searchTestReport HTTP/1.1" 200 -
2023-09-07 00:51:46,756 - INFO - 127.0.0.1 - - [07/Sep/2023 00:51:46] "OPTIONS /searchTestReport HTTP/1.1" 200 -
2023-09-07 00:51:46,902 - INFO - 127.0.0.1 - - [07/Sep/2023 00:51:46] "OPTIONS /searchTestReport HTTP/1.1" 200 -
2023-09-07 00:51:46,904 - INFO - 127.0.0.1 - - [07/Sep/2023 00:51:46] "OPTIONS /searchTestReport HTTP/1.1" 200 -
2023-09-07 00:51:46,973 - INFO - 127.0.0.1 - - [07/Sep/2023 00:51:46] "OPTIONS /searchTestReport HTTP/1.1" 200 -
2023-09-07 00:51:46,997 - INFO - 127.0.0.1 - - [07/Sep/2023 00:51:46] "POST /searchTestReport HTTP/1.1" 200 -
2023-09-07 00:51:46,998 - INFO - 127.0.0.1 - - [07/Sep/2023 00:51:46] "POST /searchTestReport HTTP/1.1" 200 -
2023-09-07 00:51:46,999 - INFO - 127.0.0.1 - - [07/Sep/2023 00:51:46] "POST /searchTestReport HTTP/1.1" 200 -
2023-09-07 00:51:47,001 - INFO - 127.0.0.1 - - [07/Sep/2023 00:51:47] "POST /searchTestReport HTTP/1.1" 200 -
2023-09-07 00:51:47,021 - INFO - 127.0.0.1 - - [07/Sep/2023 00:51:47] "POST /searchTestReport HTTP/1.1" 200 -
2023-09-07 00:51:47,070 - INFO - 127.0.0.1 - - [07/Sep/2023 00:51:47] "POST /searchTestReport HTTP/1.1" 200 -
2023-09-07 00:51:47,207 - INFO - 127.0.0.1 - - [07/Sep/2023 00:51:47] "OPTIONS /getUserTeams/24 HTTP/1.1" 200 -
2023-09-07 00:51:47,208 - INFO - 127.0.0.1 - - [07/Sep/2023 00:51:47] "OPTIONS /getUserTeams/24 HTTP/1.1" 200 -
2023-09-07 00:51:47,322 - INFO - 127.0.0.1 - - [07/Sep/2023 00:51:47] "POST /searchTestReport HTTP/1.1" 200 -
2023-09-07 00:51:47,322 - INFO - 127.0.0.1 - - [07/Sep/2023 00:51:47] "POST /searchTestReport HTTP/1.1" 200 -
2023-09-07 00:51:47,322 - INFO - 127.0.0.1 - - [07/Sep/2023 00:51:47] "POST /searchTestReport HTTP/1.1" 200 -
2023-09-07 00:51:47,525 - INFO - 127.0.0.1 - - [07/Sep/2023 00:51:47] "GET /getUserTeams/24 HTTP/1.1" 200 -
2023-09-07 00:51:47,787 - INFO - 127.0.0.1 - - [07/Sep/2023 00:51:47] "GET /getUserTeams/24 HTTP/1.1" 200 -
2023-09-07 00:53:11,460 - INFO - 127.0.0.1 - - [07/Sep/2023 00:53:11] "OPTIONS /login HTTP/1.1" 200 -
2023-09-07 00:53:11,860 - INFO - 127.0.0.1 - - [07/Sep/2023 00:53:11] "POST /login HTTP/1.1" 200 -
2023-09-07 00:53:11,899 - INFO - 127.0.0.1 - - [07/Sep/2023 00:53:11] "OPTIONS /getUserTeams/24 HTTP/1.1" 200 -
2023-09-07 00:53:12,202 - INFO - 127.0.0.1 - - [07/Sep/2023 00:53:12] "OPTIONS /getUserTeams/24 HTTP/1.1" 200 -
2023-09-07 00:53:12,216 - INFO - 127.0.0.1 - - [07/Sep/2023 00:53:12] "GET /getUserTeams/24 HTTP/1.1" 200 -
2023-09-07 00:53:12,535 - INFO - 127.0.0.1 - - [07/Sep/2023 00:53:12] "GET /getUserTeams/24 HTTP/1.1" 200 -
2023-09-07 00:53:23,967 - INFO - 127.0.0.1 - - [07/Sep/2023 00:53:23] "OPTIONS /getUserTeams/24 HTTP/1.1" 200 -
2023-09-07 00:53:23,969 - INFO - 127.0.0.1 - - [07/Sep/2023 00:53:23] "OPTIONS /getUserTeams/24 HTTP/1.1" 200 -
2023-09-07 00:53:24,237 - INFO - 127.0.0.1 - - [07/Sep/2023 00:53:24] "GET /getUserTeams/24 HTTP/1.1" 200 -
2023-09-07 00:53:24,285 - INFO - 127.0.0.1 - - [07/Sep/2023 00:53:24] "GET /getUserTeams/24 HTTP/1.1" 200 -
2023-09-07 00:53:28,733 - INFO - 127.0.0.1 - - [07/Sep/2023 00:53:28] "GET /getUserTeams/24 HTTP/1.1" 200 -
2023-09-07 00:53:50,265 - INFO - 127.0.0.1 - - [07/Sep/2023 00:53:50] "[33mGET /searchUsers?searchTerm=Holly HTTP/1.1[0m" 404 -
2023-09-07 00:53:54,808 - INFO - 127.0.0.1 - - [07/Sep/2023 00:53:54] "GET /searchUsers?searchTerm=1 HTTP/1.1" 200 -
2023-09-07 00:54:09,670 - INFO - 127.0.0.1 - - [07/Sep/2023 00:54:09] "GET /searchUsers?searchTerm=chen HTTP/1.1" 200 -
2023-09-07 00:54:13,406 - INFO - 127.0.0.1 - - [07/Sep/2023 00:54:13] "OPTIONS /createTeam HTTP/1.1" 200 -
2023-09-07 00:54:13,745 - INFO - 127.0.0.1 - - [07/Sep/2023 00:54:13] "POST /createTeam HTTP/1.1" 200 -
2023-09-07 00:54:15,395 - INFO - 127.0.0.1 - - [07/Sep/2023 00:54:15] "OPTIONS /getUserTeams/24 HTTP/1.1" 200 -
2023-09-07 00:54:15,709 - INFO - 127.0.0.1 - - [07/Sep/2023 00:54:15] "GET /getUserTeams/24 HTTP/1.1" 200 -
2023-09-07 00:54:21,322 - INFO - 127.0.0.1 - - [07/Sep/2023 00:54:21] "OPTIONS /getUserTeams/24 HTTP/1.1" 200 -
2023-09-07 00:54:21,624 - INFO - 127.0.0.1 - - [07/Sep/2023 00:54:21] "OPTIONS /getUserTeams/24 HTTP/1.1" 200 -
2023-09-07 00:54:21,634 - INFO - 127.0.0.1 - - [07/Sep/2023 00:54:21] "GET /getUserTeams/24 HTTP/1.1" 200 -
2023-09-07 00:54:21,961 - INFO - 127.0.0.1 - - [07/Sep/2023 00:54:21] "GET /getUserTeams/24 HTTP/1.1" 200 -
2023-09-07 00:54:27,654 - INFO - 127.0.0.1 - - [07/Sep/2023 00:54:27] "OPTIONS /getUserTeams/24 HTTP/1.1" 200 -
2023-09-07 00:54:27,928 - INFO - 127.0.0.1 - - [07/Sep/2023 00:54:27] "GET /getUserTeams/24 HTTP/1.1" 200 -
2023-09-07 00:54:31,979 - INFO - 127.0.0.1 - - [07/Sep/2023 00:54:31] "GET /getUserTeams/24 HTTP/1.1" 200 -
2023-09-07 00:54:33,391 - INFO - 127.0.0.1 - - [07/Sep/2023 00:54:33] "OPTIONS /getUserTeams/24 HTTP/1.1" 200 -
2023-09-07 00:54:33,662 - INFO - 127.0.0.1 - - [07/Sep/2023 00:54:33] "GET /getUserTeams/24 HTTP/1.1" 200 -
2023-09-07 00:54:42,689 - INFO - 127.0.0.1 - - [07/Sep/2023 00:54:42] "GET /searchUsers?searchTerm=1 HTTP/1.1" 200 -
2023-09-07 00:54:45,166 - INFO - 127.0.0.1 - - [07/Sep/2023 00:54:45] "OPTIONS /createTeam HTTP/1.1" 200 -
2023-09-07 00:54:45,426 - INFO - 127.0.0.1 - - [07/Sep/2023 00:54:45] "POST /createTeam HTTP/1.1" 200 -
2023-09-07 00:54:47,106 - INFO - 127.0.0.1 - - [07/Sep/2023 00:54:47] "OPTIONS /getUserTeams/24 HTTP/1.1" 200 -
2023-09-07 00:54:47,428 - INFO - 127.0.0.1 - - [07/Sep/2023 00:54:47] "GET /getUserTeams/24 HTTP/1.1" 200 -
2023-09-07 00:54:52,273 - INFO - 127.0.0.1 - - [07/Sep/2023 00:54:52] "OPTIONS /getUserTeams/24 HTTP/1.1" 200 -
2023-09-07 00:54:52,577 - INFO - 127.0.0.1 - - [07/Sep/2023 00:54:52] "OPTIONS /getUserTeams/24 HTTP/1.1" 200 -
2023-09-07 00:54:52,587 - INFO - 127.0.0.1 - - [07/Sep/2023 00:54:52] "GET /getUserTeams/24 HTTP/1.1" 200 -
2023-09-07 00:54:52,908 - INFO - 127.0.0.1 - - [07/Sep/2023 00:54:52] "GET /getUserTeams/24 HTTP/1.1" 200 -
2023-09-07 00:55:52,468 - INFO - 127.0.0.1 - - [07/Sep/2023 00:55:52] "OPTIONS /login HTTP/1.1" 200 -
2023-09-07 00:55:52,873 - INFO - 127.0.0.1 - - [07/Sep/2023 00:55:52] "POST /login HTTP/1.1" 200 -
2023-09-07 00:55:52,918 - INFO - 127.0.0.1 - - [07/Sep/2023 00:55:52] "OPTIONS /getUserTeams/24 HTTP/1.1" 200 -
2023-09-07 00:55:53,233 - INFO - 127.0.0.1 - - [07/Sep/2023 00:55:53] "OPTIONS /getUserTeams/24 HTTP/1.1" 200 -
2023-09-07 00:55:53,241 - INFO - 127.0.0.1 - - [07/Sep/2023 00:55:53] "GET /getUserTeams/24 HTTP/1.1" 200 -
2023-09-07 00:55:53,550 - INFO - 127.0.0.1 - - [07/Sep/2023 00:55:53] "GET /getUserTeams/24 HTTP/1.1" 200 -
2023-09-07 00:55:55,470 - INFO - 127.0.0.1 - - [07/Sep/2023 00:55:55] "GET /getTeamMembers/6 HTTP/1.1" 200 -
2023-09-07 00:55:55,735 - INFO - 127.0.0.1 - - [07/Sep/2023 00:55:55] "GET /getTeamMembers/6 HTTP/1.1" 200 -
2023-09-07 00:55:55,781 - INFO - 127.0.0.1 - - [07/Sep/2023 00:55:55] "GET /tasklists/6 HTTP/1.1" 200 -
2023-09-07 00:55:55,831 - INFO - 127.0.0.1 - - [07/Sep/2023 00:55:55] "GET /tasklists/6 HTTP/1.1" 200 -
2023-09-07 00:55:57,285 - INFO - 127.0.0.1 - - [07/Sep/2023 00:55:57] "GET /tasklists/6 HTTP/1.1" 200 -
2023-09-07 00:55:57,606 - INFO - 127.0.0.1 - - [07/Sep/2023 00:55:57] "GET /tasklists/6 HTTP/1.1" 200 -
2023-09-07 00:56:01,207 - INFO - 127.0.0.1 - - [07/Sep/2023 00:56:01] "OPTIONS /saveTask HTTP/1.1" 200 -
2023-09-07 00:56:01,491 - INFO - 127.0.0.1 - - [07/Sep/2023 00:56:01] "POST /saveTask HTTP/1.1" 200 -
2023-09-07 00:56:02,668 - INFO - 127.0.0.1 - - [07/Sep/2023 00:56:02] "POST /saveTask HTTP/1.1" 200 -
2023-09-07 00:56:09,747 - INFO - 127.0.0.1 - - [07/Sep/2023 00:56:09] "OPTIONS /searchTestCase HTTP/1.1" 200 -
2023-09-07 00:56:09,753 - INFO - 127.0.0.1 - - [07/Sep/2023 00:56:09] "[33mPOST /searchTestCase HTTP/1.1[0m" 404 -
2023-09-07 00:56:10,399 - INFO - 127.0.0.1 - - [07/Sep/2023 00:56:10] "[33mPOST /searchTestCase HTTP/1.1[0m" 404 -
2023-09-07 00:56:11,020 - INFO - 127.0.0.1 - - [07/Sep/2023 00:56:11] "[33mPOST /searchTestCase HTTP/1.1[0m" 404 -
2023-09-07 00:56:12,665 - INFO - 127.0.0.1 - - [07/Sep/2023 00:56:12] "[33mPOST /searchTestCase HTTP/1.1[0m" 404 -
2023-09-07 00:56:12,938 - INFO - 127.0.0.1 - - [07/Sep/2023 00:56:12] "POST /searchTestCase HTTP/1.1" 200 -
2023-09-07 00:56:15,017 - INFO - 127.0.0.1 - - [07/Sep/2023 00:56:15] "OPTIONS /saveTask HTTP/1.1" 200 -
2023-09-07 00:56:15,338 - INFO - 127.0.0.1 - - [07/Sep/2023 00:56:15] "POST /saveTask HTTP/1.1" 200 -
2023-09-07 00:56:20,398 - INFO - 127.0.0.1 - - [07/Sep/2023 00:56:20] "OPTIONS /saveTask HTTP/1.1" 200 -
2023-09-07 00:56:20,728 - INFO - 127.0.0.1 - - [07/Sep/2023 00:56:20] "POST /saveTask HTTP/1.1" 200 -
2023-09-07 00:56:21,761 - INFO - 127.0.0.1 - - [07/Sep/2023 00:56:21] "POST /saveTask HTTP/1.1" 200 -
2023-09-07 00:56:23,123 - INFO - 127.0.0.1 - - [07/Sep/2023 00:56:23] "POST /saveTask HTTP/1.1" 200 -
2023-09-07 00:56:24,258 - INFO - 127.0.0.1 - - [07/Sep/2023 00:56:24] "POST /saveTask HTTP/1.1" 200 -
2023-09-07 00:56:30,150 - INFO - 127.0.0.1 - - [07/Sep/2023 00:56:30] "OPTIONS /searchTestCase HTTP/1.1" 200 -
2023-09-07 00:56:30,464 - INFO - 127.0.0.1 - - [07/Sep/2023 00:56:30] "[33mPOST /searchTestCase HTTP/1.1[0m" 404 -
2023-09-07 00:56:31,529 - INFO - 127.0.0.1 - - [07/Sep/2023 00:56:31] "[33mPOST /searchTestCase HTTP/1.1[0m" 404 -
2023-09-07 00:56:32,421 - INFO - 127.0.0.1 - - [07/Sep/2023 00:56:32] "POST /searchTestCase HTTP/1.1" 200 -
2023-09-07 00:56:33,567 - INFO - 127.0.0.1 - - [07/Sep/2023 00:56:33] "OPTIONS /saveTask HTTP/1.1" 200 -
2023-09-07 00:56:33,891 - INFO - 127.0.0.1 - - [07/Sep/2023 00:56:33] "POST /saveTask HTTP/1.1" 200 -
2023-09-07 00:56:34,891 - INFO - 127.0.0.1 - - [07/Sep/2023 00:56:34] "POST /saveTask HTTP/1.1" 200 -
2023-09-07 00:56:36,403 - INFO - 127.0.0.1 - - [07/Sep/2023 00:56:36] "POST /saveTask HTTP/1.1" 200 -
2023-09-07 00:56:37,195 - INFO - 127.0.0.1 - - [07/Sep/2023 00:56:37] "POST /saveTask HTTP/1.1" 200 -
2023-09-07 00:56:39,347 - INFO - 127.0.0.1 - - [07/Sep/2023 00:56:39] "GET /team/6 HTTP/1.1" 200 -
2023-09-07 00:56:39,611 - INFO - 127.0.0.1 - - [07/Sep/2023 00:56:39] "GET /team/6 HTTP/1.1" 200 -
2023-09-07 00:56:55,153 - INFO - 127.0.0.1 - - [07/Sep/2023 00:56:55] "OPTIONS /team/6/remove_member HTTP/1.1" 200 -
2023-09-07 00:56:55,479 - INFO - 127.0.0.1 - - [07/Sep/2023 00:56:55] "POST /team/6/remove_member HTTP/1.1" 200 -
2023-09-07 00:56:56,898 - INFO - 127.0.0.1 - - [07/Sep/2023 00:56:56] "GET /getTeamScript/6 HTTP/1.1" 200 -
2023-09-07 00:56:57,205 - INFO - 127.0.0.1 - - [07/Sep/2023 00:56:57] "GET /getTeamScript/6 HTTP/1.1" 200 -
2023-09-07 00:56:57,232 - INFO - 127.0.0.1 - - [07/Sep/2023 00:56:57] "OPTIONS /searchTestReport HTTP/1.1" 200 -
2023-09-07 00:56:57,233 - INFO - 127.0.0.1 - - [07/Sep/2023 00:56:57] "OPTIONS /searchTestReport HTTP/1.1" 200 -
2023-09-07 00:56:57,233 - INFO - 127.0.0.1 - - [07/Sep/2023 00:56:57] "OPTIONS /searchTestReport HTTP/1.1" 200 -
2023-09-07 00:56:57,234 - INFO - 127.0.0.1 - - [07/Sep/2023 00:56:57] "OPTIONS /searchTestReport HTTP/1.1" 200 -
2023-09-07 00:56:57,235 - INFO - 127.0.0.1 - - [07/Sep/2023 00:56:57] "OPTIONS /searchTestReport HTTP/1.1" 200 -
2023-09-07 00:56:57,244 - INFO - 127.0.0.1 - - [07/Sep/2023 00:56:57] "POST /searchTestReport HTTP/1.1" 200 -
2023-09-07 00:56:57,512 - INFO - 127.0.0.1 - - [07/Sep/2023 00:56:57] "OPTIONS /searchTestReport HTTP/1.1" 200 -
2023-09-07 00:56:57,544 - INFO - 127.0.0.1 - - [07/Sep/2023 00:56:57] "OPTIONS /searchTestReport HTTP/1.1" 200 -
2023-09-07 00:56:57,544 - INFO - 127.0.0.1 - - [07/Sep/2023 00:56:57] "OPTIONS /searchTestReport HTTP/1.1" 200 -
2023-09-07 00:56:57,544 - INFO - 127.0.0.1 - - [07/Sep/2023 00:56:57] "OPTIONS /searchTestReport HTTP/1.1" 200 -
2023-09-07 00:56:57,545 - INFO - 127.0.0.1 - - [07/Sep/2023 00:56:57] "OPTIONS /searchTestReport HTTP/1.1" 200 -
2023-09-07 00:56:57,554 - INFO - 127.0.0.1 - - [07/Sep/2023 00:56:57] "POST /searchTestReport HTTP/1.1" 200 -
2023-09-07 00:56:57,555 - INFO - 127.0.0.1 - - [07/Sep/2023 00:56:57] "POST /searchTestReport HTTP/1.1" 200 -
2023-09-07 00:56:57,556 - INFO - 127.0.0.1 - - [07/Sep/2023 00:56:57] "POST /searchTestReport HTTP/1.1" 200 -
2023-09-07 00:56:57,556 - INFO - 127.0.0.1 - - [07/Sep/2023 00:56:57] "POST /searchTestReport HTTP/1.1" 200 -
2023-09-07 00:56:57,778 - INFO - 127.0.0.1 - - [07/Sep/2023 00:56:57] "GET /getTeamMembers/6 HTTP/1.1" 200 -
2023-09-07 00:56:57,822 - INFO - 127.0.0.1 - - [07/Sep/2023 00:56:57] "POST /searchTestReport HTTP/1.1" 200 -
2023-09-07 00:56:57,877 - INFO - 127.0.0.1 - - [07/Sep/2023 00:56:57] "POST /searchTestReport HTTP/1.1" 200 -
2023-09-07 00:56:57,879 - INFO - 127.0.0.1 - - [07/Sep/2023 00:56:57] "POST /searchTestReport HTTP/1.1" 200 -
2023-09-07 00:56:57,879 - INFO - 127.0.0.1 - - [07/Sep/2023 00:56:57] "POST /searchTestReport HTTP/1.1" 200 -
2023-09-07 00:56:57,881 - INFO - 127.0.0.1 - - [07/Sep/2023 00:56:57] "POST /searchTestReport HTTP/1.1" 200 -
2023-09-07 00:56:58,084 - INFO - 127.0.0.1 - - [07/Sep/2023 00:56:58] "GET /getTeamMembers/6 HTTP/1.1" 200 -
2023-09-07 00:56:58,117 - INFO - 127.0.0.1 - - [07/Sep/2023 00:56:58] "GET /tasklists/6 HTTP/1.1" 200 -
2023-09-07 00:56:58,429 - INFO - 127.0.0.1 - - [07/Sep/2023 00:56:58] "GET /tasklists/6 HTTP/1.1" 200 -
2023-09-07 00:56:59,176 - INFO - 127.0.0.1 - - [07/Sep/2023 00:56:59] "GET /team/6 HTTP/1.1" 200 -
2023-09-07 00:56:59,425 - INFO - 127.0.0.1 - - [07/Sep/2023 00:56:59] "GET /team/6 HTTP/1.1" 200 -
2023-09-07 00:57:10,583 - INFO - 127.0.0.1 - - [07/Sep/2023 00:57:10] "OPTIONS /getUserTeams/24 HTTP/1.1" 200 -
2023-09-07 00:57:10,888 - INFO - 127.0.0.1 - - [07/Sep/2023 00:57:10] "OPTIONS /getUserTeams/24 HTTP/1.1" 200 -
2023-09-07 00:57:10,895 - INFO - 127.0.0.1 - - [07/Sep/2023 00:57:10] "GET /getUserTeams/24 HTTP/1.1" 200 -
2023-09-07 00:57:11,206 - INFO - 127.0.0.1 - - [07/Sep/2023 00:57:11] "GET /getUserTeams/24 HTTP/1.1" 200 -
2023-09-07 00:57:16,091 - INFO - 127.0.0.1 - - [07/Sep/2023 00:57:16] "OPTIONS /login HTTP/1.1" 200 -
2023-09-07 00:57:16,485 - INFO - 127.0.0.1 - - [07/Sep/2023 00:57:16] "POST /login HTTP/1.1" 200 -
2023-09-07 00:57:16,520 - INFO - 127.0.0.1 - - [07/Sep/2023 00:57:16] "OPTIONS /getUserTeams/24 HTTP/1.1" 200 -
2023-09-07 00:57:16,825 - INFO - 127.0.0.1 - - [07/Sep/2023 00:57:16] "OPTIONS /getUserTeams/24 HTTP/1.1" 200 -
2023-09-07 00:57:16,832 - INFO - 127.0.0.1 - - [07/Sep/2023 00:57:16] "GET /getUserTeams/24 HTTP/1.1" 200 -
2023-09-07 00:57:17,146 - INFO - 127.0.0.1 - - [07/Sep/2023 00:57:17] "GET /getUserTeams/24 HTTP/1.1" 200 -
2023-09-07 00:57:18,817 - INFO - 127.0.0.1 - - [07/Sep/2023 00:57:18] "[35m[1mGET /contributions/24 HTTP/1.1[0m" 500 -
2023-09-07 00:57:18,817 - INFO - 127.0.0.1 - - [07/Sep/2023 00:57:18] "GET /user/24 HTTP/1.1" 200 -
2023-09-07 00:57:19,082 - INFO - 127.0.0.1 - - [07/Sep/2023 00:57:19] "[35m[1mGET /contributions/24 HTTP/1.1[0m" 500 -
2023-09-07 00:57:19,129 - INFO - 127.0.0.1 - - [07/Sep/2023 00:57:19] "GET /user/24 HTTP/1.1" 200 -
2023-09-07 00:57:31,440 - INFO - 127.0.0.1 - - [07/Sep/2023 00:57:31] "OPTIONS /getUserTeams/24 HTTP/1.1" 200 -
2023-09-07 00:57:31,748 - INFO - 127.0.0.1 - - [07/Sep/2023 00:57:31] "OPTIONS /getUserTeams/24 HTTP/1.1" 200 -
2023-09-07 00:57:31,759 - INFO - 127.0.0.1 - - [07/Sep/2023 00:57:31] "GET /getUserTeams/24 HTTP/1.1" 200 -
2023-09-07 00:57:32,083 - INFO - 127.0.0.1 - - [07/Sep/2023 00:57:32] "GET /getUserTeams/24 HTTP/1.1" 200 -
2023-09-07 00:57:36,249 - INFO - 127.0.0.1 - - [07/Sep/2023 00:57:36] "GET /getTeamMembers/6 HTTP/1.1" 200 -
2023-09-07 00:57:36,513 - INFO - 127.0.0.1 - - [07/Sep/2023 00:57:36] "GET /getTeamMembers/6 HTTP/1.1" 200 -
2023-09-07 00:57:36,561 - INFO - 127.0.0.1 - - [07/Sep/2023 00:57:36] "GET /tasklists/6 HTTP/1.1" 200 -
2023-09-07 00:57:36,592 - INFO - 127.0.0.1 - - [07/Sep/2023 00:57:36] "GET /tasklists/6 HTTP/1.1" 200 -
2023-09-07 00:57:37,150 - INFO - 127.0.0.1 - - [07/Sep/2023 00:57:37] "GET /team/6 HTTP/1.1" 200 -
2023-09-07 00:57:37,469 - INFO - 127.0.0.1 - - [07/Sep/2023 00:57:37] "GET /team/6 HTTP/1.1" 200 -
2023-09-07 00:57:45,736 - INFO - 127.0.0.1 - - [07/Sep/2023 00:57:45] "GET /team/6 HTTP/1.1" 200 -
2023-09-07 00:57:45,997 - INFO - 127.0.0.1 - - [07/Sep/2023 00:57:45] "GET /team/6 HTTP/1.1" 200 -
2023-09-07 00:59:35,343 - INFO - 127.0.0.1 - - [07/Sep/2023 00:59:35] "GET /team/6 HTTP/1.1" 200 -
2023-09-07 01:01:04,337 - INFO - 127.0.0.1 - - [07/Sep/2023 01:01:04] "GET /team/6 HTTP/1.1" 200 -
2023-09-07 01:01:50,039 - INFO - 127.0.0.1 - - [07/Sep/2023 01:01:50] "GET /team/6 HTTP/1.1" 200 -
2023-09-07 01:01:59,395 - INFO - 127.0.0.1 - - [07/Sep/2023 01:01:59] "OPTIONS /team/6/add_member HTTP/1.1" 200 -
2023-09-07 01:01:59,661 - INFO - 127.0.0.1 - - [07/Sep/2023 01:01:59] "[31m[1mPOST /team/6/add_member HTTP/1.1[0m" 400 -
2023-09-07 01:02:03,697 - INFO - 127.0.0.1 - - [07/Sep/2023 01:02:03] "GET /getTeamScript/6 HTTP/1.1" 200 -
2023-09-07 01:02:04,005 - INFO - 127.0.0.1 - - [07/Sep/2023 01:02:04] "GET /getTeamScript/6 HTTP/1.1" 200 -
2023-09-07 01:02:04,033 - INFO - 127.0.0.1 - - [07/Sep/2023 01:02:04] "OPTIONS /searchTestReport HTTP/1.1" 200 -
2023-09-07 01:02:04,034 - INFO - 127.0.0.1 - - [07/Sep/2023 01:02:04] "OPTIONS /searchTestReport HTTP/1.1" 200 -
2023-09-07 01:02:04,034 - INFO - 127.0.0.1 - - [07/Sep/2023 01:02:04] "OPTIONS /searchTestReport HTTP/1.1" 200 -
2023-09-07 01:02:04,035 - INFO - 127.0.0.1 - - [07/Sep/2023 01:02:04] "OPTIONS /searchTestReport HTTP/1.1" 200 -
2023-09-07 01:02:04,036 - INFO - 127.0.0.1 - - [07/Sep/2023 01:02:04] "OPTIONS /searchTestReport HTTP/1.1" 200 -
2023-09-07 01:02:04,311 - INFO - 127.0.0.1 - - [07/Sep/2023 01:02:04] "OPTIONS /searchTestReport HTTP/1.1" 200 -
2023-09-07 01:02:04,344 - INFO - 127.0.0.1 - - [07/Sep/2023 01:02:04] "OPTIONS /searchTestReport HTTP/1.1" 200 -
2023-09-07 01:02:04,345 - INFO - 127.0.0.1 - - [07/Sep/2023 01:02:04] "OPTIONS /searchTestReport HTTP/1.1" 200 -
2023-09-07 01:02:04,345 - INFO - 127.0.0.1 - - [07/Sep/2023 01:02:04] "OPTIONS /searchTestReport HTTP/1.1" 200 -
2023-09-07 01:02:04,349 - INFO - 127.0.0.1 - - [07/Sep/2023 01:02:04] "OPTIONS /searchTestReport HTTP/1.1" 200 -
2023-09-07 01:02:04,357 - INFO - 127.0.0.1 - - [07/Sep/2023 01:02:04] "POST /searchTestReport HTTP/1.1" 200 -
2023-09-07 01:02:04,357 - INFO - 127.0.0.1 - - [07/Sep/2023 01:02:04] "POST /searchTestReport HTTP/1.1" 200 -
2023-09-07 01:02:04,359 - INFO - 127.0.0.1 - - [07/Sep/2023 01:02:04] "POST /searchTestReport HTTP/1.1" 200 -
2023-09-07 01:02:04,362 - INFO - 127.0.0.1 - - [07/Sep/2023 01:02:04] "POST /searchTestReport HTTP/1.1" 200 -
2023-09-07 01:02:04,362 - INFO - 127.0.0.1 - - [07/Sep/2023 01:02:04] "POST /searchTestReport HTTP/1.1" 200 -
2023-09-07 01:02:04,610 - INFO - 127.0.0.1 - - [07/Sep/2023 01:02:04] "POST /searchTestReport HTTP/1.1" 200 -
2023-09-07 01:02:04,681 - INFO - 127.0.0.1 - - [07/Sep/2023 01:02:04] "POST /searchTestReport HTTP/1.1" 200 -
2023-09-07 01:02:04,682 - INFO - 127.0.0.1 - - [07/Sep/2023 01:02:04] "POST /searchTestReport HTTP/1.1" 200 -
2023-09-07 01:02:04,682 - INFO - 127.0.0.1 - - [07/Sep/2023 01:02:04] "POST /searchTestReport HTTP/1.1" 200 -
2023-09-07 01:02:04,682 - INFO - 127.0.0.1 - - [07/Sep/2023 01:02:04] "POST /searchTestReport HTTP/1.1" 200 -
2023-09-07 01:02:04,719 - INFO - 127.0.0.1 - - [07/Sep/2023 01:02:04] "GET /getTeamMembers/6 HTTP/1.1" 200 -
2023-09-07 01:02:04,970 - INFO - 127.0.0.1 - - [07/Sep/2023 01:02:04] "GET /getTeamMembers/6 HTTP/1.1" 200 -
2023-09-07 01:02:05,033 - INFO - 127.0.0.1 - - [07/Sep/2023 01:02:05] "GET /tasklists/6 HTTP/1.1" 200 -
2023-09-07 01:02:05,063 - INFO - 127.0.0.1 - - [07/Sep/2023 01:02:05] "GET /tasklists/6 HTTP/1.1" 200 -
2023-09-07 01:02:05,540 - INFO - 127.0.0.1 - - [07/Sep/2023 01:02:05] "GET /getTeamScript/6 HTTP/1.1" 200 -
2023-09-07 01:02:05,858 - INFO - 127.0.0.1 - - [07/Sep/2023 01:02:05] "GET /getTeamScript/6 HTTP/1.1" 200 -
2023-09-07 01:02:05,883 - INFO - 127.0.0.1 - - [07/Sep/2023 01:02:05] "POST /searchTestReport HTTP/1.1" 200 -
2023-09-07 01:02:05,884 - INFO - 127.0.0.1 - - [07/Sep/2023 01:02:05] "POST /searchTestReport HTTP/1.1" 200 -
2023-09-07 01:02:05,885 - INFO - 127.0.0.1 - - [07/Sep/2023 01:02:05] "POST /searchTestReport HTTP/1.1" 200 -
2023-09-07 01:02:05,886 - INFO - 127.0.0.1 - - [07/Sep/2023 01:02:05] "POST /searchTestReport HTTP/1.1" 200 -
2023-09-07 01:02:05,888 - INFO - 127.0.0.1 - - [07/Sep/2023 01:02:05] "POST /searchTestReport HTTP/1.1" 200 -
2023-09-07 01:02:05,895 - INFO - 127.0.0.1 - - [07/Sep/2023 01:02:05] "POST /searchTestReport HTTP/1.1" 200 -
2023-09-07 01:02:06,206 - INFO - 127.0.0.1 - - [07/Sep/2023 01:02:06] "POST /searchTestReport HTTP/1.1" 200 -
2023-09-07 01:02:06,208 - INFO - 127.0.0.1 - - [07/Sep/2023 01:02:06] "POST /searchTestReport HTTP/1.1" 200 -
2023-09-07 01:02:06,208 - INFO - 127.0.0.1 - - [07/Sep/2023 01:02:06] "POST /searchTestReport HTTP/1.1" 200 -
2023-09-07 01:02:06,209 - INFO - 127.0.0.1 - - [07/Sep/2023 01:02:06] "POST /searchTestReport HTTP/1.1" 200 -
2023-09-07 01:03:14,395 - INFO - 127.0.0.1 - - [07/Sep/2023 01:03:14] "OPTIONS /runTestEvents HTTP/1.1" 200 -
2023-09-07 01:03:14,719 - INFO - ====== WebDriver manager ======
2023-09-07 01:03:15,505 - INFO - Get LATEST chromedriver version for google-chrome
2023-09-07 01:03:15,513 - INFO - Get LATEST chromedriver version for google-chrome
2023-09-07 01:03:15,513 - INFO - There is no [win64] chromedriver "116.0.5845.179" for browser google-chrome "116.0.5845.179" in cache
2023-09-07 01:03:15,513 - INFO - Get LATEST chromedriver version for google-chrome
2023-09-07 01:03:16,932 - INFO - WebDriver version 116.0.5845.96 selected
2023-09-07 01:03:16,932 - INFO - Modern chrome version https://edgedl.me.gvt1.com/edgedl/chrome/chrome-for-testing/116.0.5845.96/win32/chromedriver-win32.zip
2023-09-07 01:03:16,932 - INFO - About to download new driver from https://edgedl.me.gvt1.com/edgedl/chrome/chrome-for-testing/116.0.5845.96/win32/chromedriver-win32.zip
2023-09-07 01:03:18,070 - INFO - Driver downloading response is 200
2023-09-07 01:03:20,071 - INFO - Get LATEST chromedriver version for google-chrome
2023-09-07 01:03:20,175 - INFO - Driver has been saved in cache [C:\Users\hongj\.wdm\drivers\chromedriver\win64\116.0.5845.179]
2023-09-07 01:03:29,435 - INFO - 127.0.0.1 - - [07/Sep/2023 01:03:29] "[35m[1mPOST /runTestEvents HTTP/1.1[0m" 201 -
2023-09-07 01:03:29,702 - INFO - 127.0.0.1 - - [07/Sep/2023 01:03:29] "GET /test-report/157 HTTP/1.1" 200 -
2023-09-07 01:03:30,013 - INFO - 127.0.0.1 - - [07/Sep/2023 01:03:30] "GET /test-report/157 HTTP/1.1" 200 -
2023-09-07 01:03:30,043 - INFO - 127.0.0.1 - - [07/Sep/2023 01:03:30] "GET /getTeamMembers/6 HTTP/1.1" 200 -
2023-09-07 01:03:30,355 - INFO - 127.0.0.1 - - [07/Sep/2023 01:03:30] "GET /getTeamMembers/6 HTTP/1.1" 200 -
2023-09-07 01:06:40,620 - INFO - 127.0.0.1 - - [07/Sep/2023 01:06:40] "GET /test-report/157 HTTP/1.1" 200 -
2023-09-07 01:06:40,885 - INFO - 127.0.0.1 - - [07/Sep/2023 01:06:40] "GET /test-report/157 HTTP/1.1" 200 -
2023-09-07 01:06:40,933 - INFO - 127.0.0.1 - - [07/Sep/2023 01:06:40] "GET /getTeamMembers/6 HTTP/1.1" 200 -
2023-09-07 01:06:40,980 - INFO - 127.0.0.1 - - [07/Sep/2023 01:06:40] "GET /getTeamMembers/6 HTTP/1.1" 200 -
2023-09-07 01:07:08,880 - INFO - 127.0.0.1 - - [07/Sep/2023 01:07:08] "GET /test-report/157 HTTP/1.1" 200 -
2023-09-07 01:07:09,201 - INFO - 127.0.0.1 - - [07/Sep/2023 01:07:09] "GET /test-report/157 HTTP/1.1" 200 -
2023-09-07 01:07:09,209 - INFO - 127.0.0.1 - - [07/Sep/2023 01:07:09] "GET /getTeamMembers/6 HTTP/1.1" 200 -
2023-09-07 01:07:09,529 - INFO - 127.0.0.1 - - [07/Sep/2023 01:07:09] "GET /getTeamMembers/6 HTTP/1.1" 200 -
2023-09-07 01:07:11,255 - INFO - 127.0.0.1 - - [07/Sep/2023 01:07:11] "GET /getTeamScript/6 HTTP/1.1" 200 -
2023-09-07 01:07:11,573 - INFO - 127.0.0.1 - - [07/Sep/2023 01:07:11] "GET /getTeamScript/6 HTTP/1.1" 200 -
2023-09-07 01:07:11,602 - INFO - 127.0.0.1 - - [07/Sep/2023 01:07:11] "OPTIONS /searchTestReport HTTP/1.1" 200 -
2023-09-07 01:07:11,603 - INFO - 127.0.0.1 - - [07/Sep/2023 01:07:11] "OPTIONS /searchTestReport HTTP/1.1" 200 -
2023-09-07 01:07:11,603 - INFO - 127.0.0.1 - - [07/Sep/2023 01:07:11] "OPTIONS /searchTestReport HTTP/1.1" 200 -
2023-09-07 01:07:11,604 - INFO - 127.0.0.1 - - [07/Sep/2023 01:07:11] "OPTIONS /searchTestReport HTTP/1.1" 200 -
2023-09-07 01:07:11,604 - INFO - 127.0.0.1 - - [07/Sep/2023 01:07:11] "OPTIONS /searchTestReport HTTP/1.1" 200 -
2023-09-07 01:07:11,884 - INFO - 127.0.0.1 - - [07/Sep/2023 01:07:11] "OPTIONS /searchTestReport HTTP/1.1" 200 -
2023-09-07 01:07:11,932 - INFO - 127.0.0.1 - - [07/Sep/2023 01:07:11] "OPTIONS /searchTestReport HTTP/1.1" 200 -
2023-09-07 01:07:11,932 - INFO - 127.0.0.1 - - [07/Sep/2023 01:07:11] "OPTIONS /searchTestReport HTTP/1.1" 200 -
2023-09-07 01:07:11,933 - INFO - 127.0.0.1 - - [07/Sep/2023 01:07:11] "OPTIONS /searchTestReport HTTP/1.1" 200 -
2023-09-07 01:07:11,933 - INFO - 127.0.0.1 - - [07/Sep/2023 01:07:11] "OPTIONS /searchTestReport HTTP/1.1" 200 -
2023-09-07 01:07:11,947 - INFO - 127.0.0.1 - - [07/Sep/2023 01:07:11] "POST /searchTestReport HTTP/1.1" 200 -
2023-09-07 01:07:11,947 - INFO - 127.0.0.1 - - [07/Sep/2023 01:07:11] "POST /searchTestReport HTTP/1.1" 200 -
2023-09-07 01:07:11,948 - INFO - 127.0.0.1 - - [07/Sep/2023 01:07:11] "POST /searchTestReport HTTP/1.1" 200 -
2023-09-07 01:07:11,948 - INFO - 127.0.0.1 - - [07/Sep/2023 01:07:11] "POST /searchTestReport HTTP/1.1" 200 -
2023-09-07 01:07:11,949 - INFO - 127.0.0.1 - - [07/Sep/2023 01:07:11] "POST /searchTestReport HTTP/1.1" 200 -
2023-09-07 01:07:12,197 - INFO - 127.0.0.1 - - [07/Sep/2023 01:07:12] "POST /searchTestReport HTTP/1.1" 200 -
2023-09-07 01:07:12,265 - INFO - 127.0.0.1 - - [07/Sep/2023 01:07:12] "POST /searchTestReport HTTP/1.1" 200 -
2023-09-07 01:07:12,265 - INFO - 127.0.0.1 - - [07/Sep/2023 01:07:12] "POST /searchTestReport HTTP/1.1" 200 -
2023-09-07 01:07:12,266 - INFO - 127.0.0.1 - - [07/Sep/2023 01:07:12] "POST /searchTestReport HTTP/1.1" 200 -
2023-09-07 01:07:12,266 - INFO - 127.0.0.1 - - [07/Sep/2023 01:07:12] "POST /searchTestReport HTTP/1.1" 200 -
2023-09-07 01:07:15,556 - INFO - 127.0.0.1 - - [07/Sep/2023 01:07:15] "GET /testEventName?testeventID=195 HTTP/1.1" 200 -
2023-09-07 01:07:15,557 - INFO - 127.0.0.1 - - [07/Sep/2023 01:07:15] "GET /getTestCases?testeventID=195 HTTP/1.1" 200 -
2023-09-07 01:07:15,798 - INFO - 127.0.0.1 - - [07/Sep/2023 01:07:15] "GET /testEventName?testeventID=195 HTTP/1.1" 200 -
2023-09-07 01:07:15,863 - INFO - 127.0.0.1 - - [07/Sep/2023 01:07:15] "GET /getTestCases?testeventID=195 HTTP/1.1" 200 -
2023-09-07 01:07:21,257 - INFO - 127.0.0.1 - - [07/Sep/2023 01:07:21] "GET /getTeamMembers/6 HTTP/1.1" 200 -
2023-09-07 01:07:21,395 - INFO - 127.0.0.1 - - [07/Sep/2023 01:07:21] "GET /getTeamScript/6 HTTP/1.1" 200 -
2023-09-07 01:07:21,568 - INFO - 127.0.0.1 - - [07/Sep/2023 01:07:21] "GET /getTeamMembers/6 HTTP/1.1" 200 -
2023-09-07 01:07:21,598 - INFO - 127.0.0.1 - - [07/Sep/2023 01:07:21] "GET /tasklists/6 HTTP/1.1" 200 -
2023-09-07 01:07:21,707 - INFO - 127.0.0.1 - - [07/Sep/2023 01:07:21] "GET /getTeamScript/6 HTTP/1.1" 200 -
2023-09-07 01:07:21,908 - INFO - 127.0.0.1 - - [07/Sep/2023 01:07:21] "GET /tasklists/6 HTTP/1.1" 200 -
2023-09-07 01:07:22,016 - INFO - 127.0.0.1 - - [07/Sep/2023 01:07:22] "GET /getTeamScript/6 HTTP/1.1" 200 -
2023-09-07 01:07:22,327 - INFO - 127.0.0.1 - - [07/Sep/2023 01:07:22] "GET /getTeamScript/6 HTTP/1.1" 200 -
2023-09-07 01:07:22,354 - INFO - 127.0.0.1 - - [07/Sep/2023 01:07:22] "OPTIONS /searchTestReport HTTP/1.1" 200 -
2023-09-07 01:07:22,355 - INFO - 127.0.0.1 - - [07/Sep/2023 01:07:22] "OPTIONS /searchTestReport HTTP/1.1" 200 -
2023-09-07 01:07:22,355 - INFO - 127.0.0.1 - - [07/Sep/2023 01:07:22] "OPTIONS /searchTestReport HTTP/1.1" 200 -
2023-09-07 01:07:22,356 - INFO - 127.0.0.1 - - [07/Sep/2023 01:07:22] "OPTIONS /searchTestReport HTTP/1.1" 200 -
2023-09-07 01:07:22,358 - INFO - 127.0.0.1 - - [07/Sep/2023 01:07:22] "OPTIONS /searchTestReport HTTP/1.1" 200 -
2023-09-07 01:07:22,634 - INFO - 127.0.0.1 - - [07/Sep/2023 01:07:22] "OPTIONS /searchTestReport HTTP/1.1" 200 -
2023-09-07 01:07:22,703 - INFO - 127.0.0.1 - - [07/Sep/2023 01:07:22] "OPTIONS /searchTestReport HTTP/1.1" 200 -
2023-09-07 01:07:22,703 - INFO - 127.0.0.1 - - [07/Sep/2023 01:07:22] "OPTIONS /searchTestReport HTTP/1.1" 200 -
2023-09-07 01:07:22,704 - INFO - 127.0.0.1 - - [07/Sep/2023 01:07:22] "OPTIONS /searchTestReport HTTP/1.1" 200 -
2023-09-07 01:07:22,706 - INFO - 127.0.0.1 - - [07/Sep/2023 01:07:22] "OPTIONS /searchTestReport HTTP/1.1" 200 -
2023-09-07 01:07:22,715 - INFO - 127.0.0.1 - - [07/Sep/2023 01:07:22] "POST /searchTestReport HTTP/1.1" 200 -
2023-09-07 01:07:22,719 - INFO - 127.0.0.1 - - [07/Sep/2023 01:07:22] "POST /searchTestReport HTTP/1.1" 200 -
2023-09-07 01:07:22,720 - INFO - 127.0.0.1 - - [07/Sep/2023 01:07:22] "POST /searchTestReport HTTP/1.1" 200 -
2023-09-07 01:07:22,722 - INFO - 127.0.0.1 - - [07/Sep/2023 01:07:22] "POST /searchTestReport HTTP/1.1" 200 -
2023-09-07 01:07:22,722 - INFO - 127.0.0.1 - - [07/Sep/2023 01:07:22] "POST /searchTestReport HTTP/1.1" 200 -
2023-09-07 01:07:22,930 - INFO - 127.0.0.1 - - [07/Sep/2023 01:07:22] "POST /searchTestReport HTTP/1.1" 200 -
2023-09-07 01:07:23,024 - INFO - 127.0.0.1 - - [07/Sep/2023 01:07:23] "POST /searchTestReport HTTP/1.1" 200 -
2023-09-07 01:07:23,032 - INFO - 127.0.0.1 - - [07/Sep/2023 01:07:23] "POST /searchTestReport HTTP/1.1" 200 -
2023-09-07 01:07:23,033 - INFO - 127.0.0.1 - - [07/Sep/2023 01:07:23] "POST /searchTestReport HTTP/1.1" 200 -
2023-09-07 01:07:23,035 - INFO - 127.0.0.1 - - [07/Sep/2023 01:07:23] "POST /searchTestReport HTTP/1.1" 200 -
2023-09-07 01:07:23,998 - INFO - 127.0.0.1 - - [07/Sep/2023 01:07:23] "POST /searchTestReport HTTP/1.1" 200 -
2023-09-07 01:07:24,000 - INFO - 127.0.0.1 - - [07/Sep/2023 01:07:23] "POST /searchTestReport HTTP/1.1" 200 -
2023-09-07 01:07:24,001 - INFO - 127.0.0.1 - - [07/Sep/2023 01:07:24] "POST /searchTestReport HTTP/1.1" 200 -
2023-09-07 01:07:24,001 - INFO - 127.0.0.1 - - [07/Sep/2023 01:07:24] "POST /searchTestReport HTTP/1.1" 200 -
2023-09-07 01:07:24,002 - INFO - 127.0.0.1 - - [07/Sep/2023 01:07:24] "POST /searchTestReport HTTP/1.1" 200 -
2023-09-07 01:07:24,009 - INFO - 127.0.0.1 - - [07/Sep/2023 01:07:24] "POST /searchTestReport HTTP/1.1" 200 -
2023-09-07 01:07:24,325 - INFO - 127.0.0.1 - - [07/Sep/2023 01:07:24] "POST /searchTestReport HTTP/1.1" 200 -
2023-09-07 01:07:24,326 - INFO - 127.0.0.1 - - [07/Sep/2023 01:07:24] "POST /searchTestReport HTTP/1.1" 200 -
2023-09-07 01:07:24,326 - INFO - 127.0.0.1 - - [07/Sep/2023 01:07:24] "POST /searchTestReport HTTP/1.1" 200 -
2023-09-07 01:07:24,326 - INFO - 127.0.0.1 - - [07/Sep/2023 01:07:24] "POST /searchTestReport HTTP/1.1" 200 -
2023-09-07 01:07:24,327 - INFO - 127.0.0.1 - - [07/Sep/2023 01:07:24] "POST /searchTestReport HTTP/1.1" 200 -
2023-09-07 01:07:24,332 - INFO - 127.0.0.1 - - [07/Sep/2023 01:07:24] "POST /searchTestReport HTTP/1.1" 200 -
2023-09-07 01:07:24,650 - INFO - 127.0.0.1 - - [07/Sep/2023 01:07:24] "POST /searchTestReport HTTP/1.1" 200 -
2023-09-07 01:07:24,650 - INFO - 127.0.0.1 - - [07/Sep/2023 01:07:24] "POST /searchTestReport HTTP/1.1" 200 -
2023-09-07 01:07:24,653 - INFO - 127.0.0.1 - - [07/Sep/2023 01:07:24] "POST /searchTestReport HTTP/1.1" 200 -
2023-09-07 01:07:24,653 - INFO - 127.0.0.1 - - [07/Sep/2023 01:07:24] "POST /searchTestReport HTTP/1.1" 200 -
2023-09-07 01:07:24,654 - INFO - 127.0.0.1 - - [07/Sep/2023 01:07:24] "POST /searchTestReport HTTP/1.1" 200 -
2023-09-07 01:07:24,659 - INFO - 127.0.0.1 - - [07/Sep/2023 01:07:24] "POST /searchTestReport HTTP/1.1" 200 -
2023-09-07 01:07:24,971 - INFO - 127.0.0.1 - - [07/Sep/2023 01:07:24] "POST /searchTestReport HTTP/1.1" 200 -
2023-09-07 01:07:24,972 - INFO - 127.0.0.1 - - [07/Sep/2023 01:07:24] "POST /searchTestReport HTTP/1.1" 200 -
2023-09-07 01:07:26,115 - INFO - 127.0.0.1 - - [07/Sep/2023 01:07:26] "GET /testEventName?testeventID=226 HTTP/1.1" 200 -
2023-09-07 01:07:26,118 - INFO - 127.0.0.1 - - [07/Sep/2023 01:07:26] "GET /getTestCases?testeventID=226 HTTP/1.1" 200 -
2023-09-07 01:07:26,379 - INFO - 127.0.0.1 - - [07/Sep/2023 01:07:26] "GET /testEventName?testeventID=226 HTTP/1.1" 200 -
2023-09-07 01:07:26,431 - INFO - 127.0.0.1 - - [07/Sep/2023 01:07:26] "GET /getTestCases?testeventID=226 HTTP/1.1" 200 -
2023-09-07 01:07:27,589 - INFO - 127.0.0.1 - - [07/Sep/2023 01:07:27] "GET /getTeamScript/6 HTTP/1.1" 200 -
2023-09-07 01:07:27,896 - INFO - 127.0.0.1 - - [07/Sep/2023 01:07:27] "GET /getTeamScript/6 HTTP/1.1" 200 -
2023-09-07 01:07:27,934 - INFO - 127.0.0.1 - - [07/Sep/2023 01:07:27] "POST /searchTestReport HTTP/1.1" 200 -
2023-09-07 01:07:27,934 - INFO - 127.0.0.1 - - [07/Sep/2023 01:07:27] "POST /searchTestReport HTTP/1.1" 200 -
2023-09-07 01:07:27,937 - INFO - 127.0.0.1 - - [07/Sep/2023 01:07:27] "POST /searchTestReport HTTP/1.1" 200 -
2023-09-07 01:07:27,938 - INFO - 127.0.0.1 - - [07/Sep/2023 01:07:27] "POST /searchTestReport HTTP/1.1" 200 -
2023-09-07 01:07:27,938 - INFO - 127.0.0.1 - - [07/Sep/2023 01:07:27] "POST /searchTestReport HTTP/1.1" 200 -
2023-09-07 01:07:27,947 - INFO - 127.0.0.1 - - [07/Sep/2023 01:07:27] "POST /searchTestReport HTTP/1.1" 200 -
2023-09-07 01:07:28,261 - INFO - 127.0.0.1 - - [07/Sep/2023 01:07:28] "POST /searchTestReport HTTP/1.1" 200 -
2023-09-07 01:07:28,262 - INFO - 127.0.0.1 - - [07/Sep/2023 01:07:28] "POST /searchTestReport HTTP/1.1" 200 -
2023-09-07 01:07:28,262 - INFO - 127.0.0.1 - - [07/Sep/2023 01:07:28] "POST /searchTestReport HTTP/1.1" 200 -
2023-09-07 01:07:28,262 - INFO - 127.0.0.1 - - [07/Sep/2023 01:07:28] "POST /searchTestReport HTTP/1.1" 200 -
2023-09-07 01:07:30,423 - INFO - 127.0.0.1 - - [07/Sep/2023 01:07:30] "GET /testEventName?testeventID=212 HTTP/1.1" 200 -
2023-09-07 01:07:30,426 - INFO - 127.0.0.1 - - [07/Sep/2023 01:07:30] "GET /getTestCases?testeventID=212 HTTP/1.1" 200 -
2023-09-07 01:07:30,672 - INFO - 127.0.0.1 - - [07/Sep/2023 01:07:30] "GET /testEventName?testeventID=212 HTTP/1.1" 200 -
2023-09-07 01:07:30,737 - INFO - 127.0.0.1 - - [07/Sep/2023 01:07:30] "GET /getTestCases?testeventID=212 HTTP/1.1" 200 -
2023-09-07 01:07:51,055 - INFO - 127.0.0.1 - - [07/Sep/2023 01:07:51] "GET /getTeamScript/6 HTTP/1.1" 200 -
2023-09-07 01:07:51,375 - INFO - 127.0.0.1 - - [07/Sep/2023 01:07:51] "GET /getTeamScript/6 HTTP/1.1" 200 -
2023-09-07 01:07:51,405 - INFO - 127.0.0.1 - - [07/Sep/2023 01:07:51] "OPTIONS /searchTestReport HTTP/1.1" 200 -
2023-09-07 01:07:51,405 - INFO - 127.0.0.1 - - [07/Sep/2023 01:07:51] "OPTIONS /searchTestReport HTTP/1.1" 200 -
2023-09-07 01:07:51,405 - INFO - 127.0.0.1 - - [07/Sep/2023 01:07:51] "OPTIONS /searchTestReport HTTP/1.1" 200 -
2023-09-07 01:07:51,406 - INFO - 127.0.0.1 - - [07/Sep/2023 01:07:51] "OPTIONS /searchTestReport HTTP/1.1" 200 -
2023-09-07 01:07:51,407 - INFO - 127.0.0.1 - - [07/Sep/2023 01:07:51] "OPTIONS /searchTestReport HTTP/1.1" 200 -
2023-09-07 01:07:51,684 - INFO - 127.0.0.1 - - [07/Sep/2023 01:07:51] "OPTIONS /searchTestReport HTTP/1.1" 200 -
2023-09-07 01:07:51,715 - INFO - 127.0.0.1 - - [07/Sep/2023 01:07:51] "OPTIONS /searchTestReport HTTP/1.1" 200 -
2023-09-07 01:07:51,716 - INFO - 127.0.0.1 - - [07/Sep/2023 01:07:51] "OPTIONS /searchTestReport HTTP/1.1" 200 -
2023-09-07 01:07:51,716 - INFO - 127.0.0.1 - - [07/Sep/2023 01:07:51] "OPTIONS /searchTestReport HTTP/1.1" 200 -
2023-09-07 01:07:51,717 - INFO - 127.0.0.1 - - [07/Sep/2023 01:07:51] "OPTIONS /searchTestReport HTTP/1.1" 200 -
2023-09-07 01:07:51,729 - INFO - 127.0.0.1 - - [07/Sep/2023 01:07:51] "POST /searchTestReport HTTP/1.1" 200 -
2023-09-07 01:07:51,729 - INFO - 127.0.0.1 - - [07/Sep/2023 01:07:51] "POST /searchTestReport HTTP/1.1" 200 -
2023-09-07 01:07:51,730 - INFO - 127.0.0.1 - - [07/Sep/2023 01:07:51] "POST /searchTestReport HTTP/1.1" 200 -
2023-09-07 01:07:51,734 - INFO - 127.0.0.1 - - [07/Sep/2023 01:07:51] "POST /searchTestReport HTTP/1.1" 200 -
2023-09-07 01:07:51,734 - INFO - 127.0.0.1 - - [07/Sep/2023 01:07:51] "POST /searchTestReport HTTP/1.1" 200 -
2023-09-07 01:07:51,980 - INFO - 127.0.0.1 - - [07/Sep/2023 01:07:51] "POST /searchTestReport HTTP/1.1" 200 -
2023-09-07 01:07:52,050 - INFO - 127.0.0.1 - - [07/Sep/2023 01:07:52] "POST /searchTestReport HTTP/1.1" 200 -
2023-09-07 01:07:52,050 - INFO - 127.0.0.1 - - [07/Sep/2023 01:07:52] "POST /searchTestReport HTTP/1.1" 200 -
2023-09-07 01:07:52,050 - INFO - 127.0.0.1 - - [07/Sep/2023 01:07:52] "POST /searchTestReport HTTP/1.1" 200 -
2023-09-07 01:07:52,051 - INFO - 127.0.0.1 - - [07/Sep/2023 01:07:52] "POST /searchTestReport HTTP/1.1" 200 -
2023-09-07 01:07:56,160 - INFO - 127.0.0.1 - - [07/Sep/2023 01:07:56] "GET /testEventName?testeventID=196 HTTP/1.1" 200 -
2023-09-07 01:07:56,161 - INFO - 127.0.0.1 - - [07/Sep/2023 01:07:56] "GET /getTestCases?testeventID=196 HTTP/1.1" 200 -
2023-09-07 01:07:56,422 - INFO - 127.0.0.1 - - [07/Sep/2023 01:07:56] "GET /testEventName?testeventID=196 HTTP/1.1" 200 -
2023-09-07 01:07:56,470 - INFO - 127.0.0.1 - - [07/Sep/2023 01:07:56] "GET /getTestCases?testeventID=196 HTTP/1.1" 200 -
2023-09-07 01:07:57,098 - INFO - 127.0.0.1 - - [07/Sep/2023 01:07:57] "GET /getTeamScript/6 HTTP/1.1" 200 -
2023-09-07 01:07:57,408 - INFO - 127.0.0.1 - - [07/Sep/2023 01:07:57] "GET /getTeamScript/6 HTTP/1.1" 200 -
2023-09-07 01:07:57,452 - INFO - 127.0.0.1 - - [07/Sep/2023 01:07:57] "OPTIONS /searchTestReport HTTP/1.1" 200 -
2023-09-07 01:07:57,452 - INFO - 127.0.0.1 - - [07/Sep/2023 01:07:57] "OPTIONS /searchTestReport HTTP/1.1" 200 -
2023-09-07 01:07:57,453 - INFO - 127.0.0.1 - - [07/Sep/2023 01:07:57] "OPTIONS /searchTestReport HTTP/1.1" 200 -
2023-09-07 01:07:57,453 - INFO - 127.0.0.1 - - [07/Sep/2023 01:07:57] "OPTIONS /searchTestReport HTTP/1.1" 200 -
2023-09-07 01:07:57,455 - INFO - 127.0.0.1 - - [07/Sep/2023 01:07:57] "OPTIONS /searchTestReport HTTP/1.1" 200 -
2023-09-07 01:07:57,718 - INFO - 127.0.0.1 - - [07/Sep/2023 01:07:57] "OPTIONS /searchTestReport HTTP/1.1" 200 -
2023-09-07 01:07:57,766 - INFO - 127.0.0.1 - - [07/Sep/2023 01:07:57] "OPTIONS /searchTestReport HTTP/1.1" 200 -
2023-09-07 01:07:57,766 - INFO - 127.0.0.1 - - [07/Sep/2023 01:07:57] "OPTIONS /searchTestReport HTTP/1.1" 200 -
2023-09-07 01:07:57,766 - INFO - 127.0.0.1 - - [07/Sep/2023 01:07:57] "OPTIONS /searchTestReport HTTP/1.1" 200 -
2023-09-07 01:07:57,767 - INFO - 127.0.0.1 - - [07/Sep/2023 01:07:57] "OPTIONS /searchTestReport HTTP/1.1" 200 -
2023-09-07 01:07:57,781 - INFO - 127.0.0.1 - - [07/Sep/2023 01:07:57] "POST /searchTestReport HTTP/1.1" 200 -
2023-09-07 01:07:57,781 - INFO - 127.0.0.1 - - [07/Sep/2023 01:07:57] "POST /searchTestReport HTTP/1.1" 200 -
2023-09-07 01:07:57,781 - INFO - 127.0.0.1 - - [07/Sep/2023 01:07:57] "POST /searchTestReport HTTP/1.1" 200 -
2023-09-07 01:07:57,782 - INFO - 127.0.0.1 - - [07/Sep/2023 01:07:57] "POST /searchTestReport HTTP/1.1" 200 -
2023-09-07 01:07:57,784 - INFO - 127.0.0.1 - - [07/Sep/2023 01:07:57] "POST /searchTestReport HTTP/1.1" 200 -
2023-09-07 01:07:58,032 - INFO - 127.0.0.1 - - [07/Sep/2023 01:07:58] "POST /searchTestReport HTTP/1.1" 200 -
2023-09-07 01:07:58,098 - INFO - 127.0.0.1 - - [07/Sep/2023 01:07:58] "POST /searchTestReport HTTP/1.1" 200 -
2023-09-07 01:07:58,099 - INFO - 127.0.0.1 - - [07/Sep/2023 01:07:58] "POST /searchTestReport HTTP/1.1" 200 -
2023-09-07 01:07:58,099 - INFO - 127.0.0.1 - - [07/Sep/2023 01:07:58] "POST /searchTestReport HTTP/1.1" 200 -
2023-09-07 01:07:58,099 - INFO - 127.0.0.1 - - [07/Sep/2023 01:07:58] "POST /searchTestReport HTTP/1.1" 200 -
2023-09-07 01:07:58,390 - INFO - 127.0.0.1 - - [07/Sep/2023 01:07:58] "GET /testEventName?testeventID=211 HTTP/1.1" 200 -
2023-09-07 01:07:58,393 - INFO - 127.0.0.1 - - [07/Sep/2023 01:07:58] "GET /getTestCases?testeventID=211 HTTP/1.1" 200 -
2023-09-07 01:07:58,640 - INFO - 127.0.0.1 - - [07/Sep/2023 01:07:58] "GET /testEventName?testeventID=211 HTTP/1.1" 200 -
2023-09-07 01:07:58,705 - INFO - 127.0.0.1 - - [07/Sep/2023 01:07:58] "GET /getTestCases?testeventID=211 HTTP/1.1" 200 -
2023-09-07 01:07:59,811 - INFO - 127.0.0.1 - - [07/Sep/2023 01:07:59] "GET /getTeamScript/6 HTTP/1.1" 200 -
2023-09-07 01:08:00,121 - INFO - 127.0.0.1 - - [07/Sep/2023 01:08:00] "GET /getTeamScript/6 HTTP/1.1" 200 -
2023-09-07 01:08:00,161 - INFO - 127.0.0.1 - - [07/Sep/2023 01:08:00] "POST /searchTestReport HTTP/1.1" 200 -
2023-09-07 01:08:00,162 - INFO - 127.0.0.1 - - [07/Sep/2023 01:08:00] "POST /searchTestReport HTTP/1.1" 200 -
2023-09-07 01:08:00,163 - INFO - 127.0.0.1 - - [07/Sep/2023 01:08:00] "POST /searchTestReport HTTP/1.1" 200 -
2023-09-07 01:08:00,165 - INFO - 127.0.0.1 - - [07/Sep/2023 01:08:00] "POST /searchTestReport HTTP/1.1" 200 -
2023-09-07 01:08:00,165 - INFO - 127.0.0.1 - - [07/Sep/2023 01:08:00] "POST /searchTestReport HTTP/1.1" 200 -
2023-09-07 01:08:00,168 - INFO - 127.0.0.1 - - [07/Sep/2023 01:08:00] "POST /searchTestReport HTTP/1.1" 200 -
2023-09-07 01:08:00,561 - INFO - 127.0.0.1 - - [07/Sep/2023 01:08:00] "POST /searchTestReport HTTP/1.1" 200 -
2023-09-07 01:08:00,561 - INFO - 127.0.0.1 - - [07/Sep/2023 01:08:00] "POST /searchTestReport HTTP/1.1" 200 -
2023-09-07 01:08:00,565 - INFO - 127.0.0.1 - - [07/Sep/2023 01:08:00] "POST /searchTestReport HTTP/1.1" 200 -
2023-09-07 01:08:00,589 - INFO - 127.0.0.1 - - [07/Sep/2023 01:08:00] "POST /searchTestReport HTTP/1.1" 200 -
2023-09-07 01:08:02,117 - INFO - 127.0.0.1 - - [07/Sep/2023 01:08:02] "[35m[1mGET /test-report/147 HTTP/1.1[0m" 500 -
2023-09-07 01:08:02,366 - INFO - 127.0.0.1 - - [07/Sep/2023 01:08:02] "[35m[1mGET /test-report/147 HTTP/1.1[0m" 500 -
2023-09-07 01:08:02,428 - INFO - 127.0.0.1 - - [07/Sep/2023 01:08:02] "[35m[1mGET /test-report/147 HTTP/1.1[0m" 500 -
2023-09-07 01:08:05,340 - INFO - 127.0.0.1 - - [07/Sep/2023 01:08:05] "GET /getTeamScript/6 HTTP/1.1" 200 -
2023-09-07 01:08:05,647 - INFO - 127.0.0.1 - - [07/Sep/2023 01:08:05] "GET /getTeamScript/6 HTTP/1.1" 200 -
2023-09-07 01:08:05,675 - INFO - 127.0.0.1 - - [07/Sep/2023 01:08:05] "OPTIONS /searchTestReport HTTP/1.1" 200 -
2023-09-07 01:08:05,676 - INFO - 127.0.0.1 - - [07/Sep/2023 01:08:05] "OPTIONS /searchTestReport HTTP/1.1" 200 -
2023-09-07 01:08:05,677 - INFO - 127.0.0.1 - - [07/Sep/2023 01:08:05] "OPTIONS /searchTestReport HTTP/1.1" 200 -
2023-09-07 01:08:05,678 - INFO - 127.0.0.1 - - [07/Sep/2023 01:08:05] "OPTIONS /searchTestReport HTTP/1.1" 200 -
2023-09-07 01:08:05,679 - INFO - 127.0.0.1 - - [07/Sep/2023 01:08:05] "OPTIONS /searchTestReport HTTP/1.1" 200 -
2023-09-07 01:08:05,953 - INFO - 127.0.0.1 - - [07/Sep/2023 01:08:05] "OPTIONS /searchTestReport HTTP/1.1" 200 -
2023-09-07 01:08:05,985 - INFO - 127.0.0.1 - - [07/Sep/2023 01:08:05] "OPTIONS /searchTestReport HTTP/1.1" 200 -
2023-09-07 01:08:05,986 - INFO - 127.0.0.1 - - [07/Sep/2023 01:08:05] "OPTIONS /searchTestReport HTTP/1.1" 200 -
2023-09-07 01:08:05,986 - INFO - 127.0.0.1 - - [07/Sep/2023 01:08:05] "OPTIONS /searchTestReport HTTP/1.1" 200 -
2023-09-07 01:08:05,987 - INFO - 127.0.0.1 - - [07/Sep/2023 01:08:05] "OPTIONS /searchTestReport HTTP/1.1" 200 -
2023-09-07 01:08:05,997 - INFO - 127.0.0.1 - - [07/Sep/2023 01:08:05] "POST /searchTestReport HTTP/1.1" 200 -
2023-09-07 01:08:06,001 - INFO - 127.0.0.1 - - [07/Sep/2023 01:08:06] "POST /searchTestReport HTTP/1.1" 200 -
2023-09-07 01:08:06,002 - INFO - 127.0.0.1 - - [07/Sep/2023 01:08:06] "POST /searchTestReport HTTP/1.1" 200 -
2023-09-07 01:08:06,005 - INFO - 127.0.0.1 - - [07/Sep/2023 01:08:06] "POST /searchTestReport HTTP/1.1" 200 -
2023-09-07 01:08:06,006 - INFO - 127.0.0.1 - - [07/Sep/2023 01:08:06] "POST /searchTestReport HTTP/1.1" 200 -
2023-09-07 01:08:06,249 - INFO - 127.0.0.1 - - [07/Sep/2023 01:08:06] "POST /searchTestReport HTTP/1.1" 200 -
2023-09-07 01:08:06,320 - INFO - 127.0.0.1 - - [07/Sep/2023 01:08:06] "POST /searchTestReport HTTP/1.1" 200 -
2023-09-07 01:08:06,320 - INFO - 127.0.0.1 - - [07/Sep/2023 01:08:06] "POST /searchTestReport HTTP/1.1" 200 -
2023-09-07 01:08:06,320 - INFO - 127.0.0.1 - - [07/Sep/2023 01:08:06] "POST /searchTestReport HTTP/1.1" 200 -
2023-09-07 01:08:06,321 - INFO - 127.0.0.1 - - [07/Sep/2023 01:08:06] "POST /searchTestReport HTTP/1.1" 200 -
2023-09-07 01:08:06,917 - INFO - 127.0.0.1 - - [07/Sep/2023 01:08:06] "GET /testEventName?testeventID=212 HTTP/1.1" 200 -
2023-09-07 01:08:06,920 - INFO - 127.0.0.1 - - [07/Sep/2023 01:08:06] "GET /getTestCases?testeventID=212 HTTP/1.1" 200 -
2023-09-07 01:08:07,177 - INFO - 127.0.0.1 - - [07/Sep/2023 01:08:07] "GET /testEventName?testeventID=212 HTTP/1.1" 200 -
2023-09-07 01:08:07,226 - INFO - 127.0.0.1 - - [07/Sep/2023 01:08:07] "GET /getTestCases?testeventID=212 HTTP/1.1" 200 -
2023-09-07 01:08:08,176 - INFO - 127.0.0.1 - - [07/Sep/2023 01:08:08] "GET /getTeamScript/6 HTTP/1.1" 200 -
2023-09-07 01:08:08,489 - INFO - 127.0.0.1 - - [07/Sep/2023 01:08:08] "GET /getTeamScript/6 HTTP/1.1" 200 -
2023-09-07 01:08:08,528 - INFO - 127.0.0.1 - - [07/Sep/2023 01:08:08] "POST /searchTestReport HTTP/1.1" 200 -
2023-09-07 01:08:08,531 - INFO - 127.0.0.1 - - [07/Sep/2023 01:08:08] "POST /searchTestReport HTTP/1.1" 200 -
2023-09-07 01:08:08,532 - INFO - 127.0.0.1 - - [07/Sep/2023 01:08:08] "POST /searchTestReport HTTP/1.1" 200 -
2023-09-07 01:08:08,532 - INFO - 127.0.0.1 - - [07/Sep/2023 01:08:08] "POST /searchTestReport HTTP/1.1" 200 -
2023-09-07 01:08:08,533 - INFO - 127.0.0.1 - - [07/Sep/2023 01:08:08] "POST /searchTestReport HTTP/1.1" 200 -
2023-09-07 01:08:08,538 - INFO - 127.0.0.1 - - [07/Sep/2023 01:08:08] "POST /searchTestReport HTTP/1.1" 200 -
2023-09-07 01:08:08,855 - INFO - 127.0.0.1 - - [07/Sep/2023 01:08:08] "POST /searchTestReport HTTP/1.1" 200 -
2023-09-07 01:08:08,856 - INFO - 127.0.0.1 - - [07/Sep/2023 01:08:08] "POST /searchTestReport HTTP/1.1" 200 -
2023-09-07 01:08:08,856 - INFO - 127.0.0.1 - - [07/Sep/2023 01:08:08] "POST /searchTestReport HTTP/1.1" 200 -
2023-09-07 01:08:08,857 - INFO - 127.0.0.1 - - [07/Sep/2023 01:08:08] "POST /searchTestReport HTTP/1.1" 200 -
2023-09-07 01:08:10,576 - INFO - 127.0.0.1 - - [07/Sep/2023 01:08:10] "[35m[1mGET /test-report/147 HTTP/1.1[0m" 500 -
2023-09-07 01:08:10,839 - INFO - 127.0.0.1 - - [07/Sep/2023 01:08:10] "[35m[1mGET /test-report/147 HTTP/1.1[0m" 500 -
2023-09-07 01:08:10,885 - INFO - 127.0.0.1 - - [07/Sep/2023 01:08:10] "[35m[1mGET /test-report/147 HTTP/1.1[0m" 500 -
2023-09-07 01:08:41,024 - INFO - 127.0.0.1 - - [07/Sep/2023 01:08:41] "[35m[1mGET /test-report/147 HTTP/1.1[0m" 500 -
2023-09-07 01:08:59,326 - INFO - 127.0.0.1 - - [07/Sep/2023 01:08:59] "[35m[1mGET /test-report/147 HTTP/1.1[0m" 500 -
2023-09-07 01:09:13,298 - INFO - 127.0.0.1 - - [07/Sep/2023 01:09:13] "GET /getTeamScript/6 HTTP/1.1" 200 -
2023-09-07 01:09:13,615 - INFO - 127.0.0.1 - - [07/Sep/2023 01:09:13] "GET /getTeamScript/6 HTTP/1.1" 200 -
2023-09-07 01:09:13,645 - INFO - 127.0.0.1 - - [07/Sep/2023 01:09:13] "OPTIONS /searchTestReport HTTP/1.1" 200 -
2023-09-07 01:09:13,646 - INFO - 127.0.0.1 - - [07/Sep/2023 01:09:13] "OPTIONS /searchTestReport HTTP/1.1" 200 -
2023-09-07 01:09:13,647 - INFO - 127.0.0.1 - - [07/Sep/2023 01:09:13] "OPTIONS /searchTestReport HTTP/1.1" 200 -
2023-09-07 01:09:13,648 - INFO - 127.0.0.1 - - [07/Sep/2023 01:09:13] "OPTIONS /searchTestReport HTTP/1.1" 200 -
2023-09-07 01:09:13,649 - INFO - 127.0.0.1 - - [07/Sep/2023 01:09:13] "OPTIONS /searchTestReport HTTP/1.1" 200 -
2023-09-07 01:09:13,925 - INFO - 127.0.0.1 - - [07/Sep/2023 01:09:13] "OPTIONS /searchTestReport HTTP/1.1" 200 -
2023-09-07 01:09:13,957 - INFO - 127.0.0.1 - - [07/Sep/2023 01:09:13] "OPTIONS /searchTestReport HTTP/1.1" 200 -
2023-09-07 01:09:13,958 - INFO - 127.0.0.1 - - [07/Sep/2023 01:09:13] "OPTIONS /searchTestReport HTTP/1.1" 200 -
2023-09-07 01:09:13,958 - INFO - 127.0.0.1 - - [07/Sep/2023 01:09:13] "OPTIONS /searchTestReport HTTP/1.1" 200 -
2023-09-07 01:09:13,958 - INFO - 127.0.0.1 - - [07/Sep/2023 01:09:13] "OPTIONS /searchTestReport HTTP/1.1" 200 -
2023-09-07 01:09:13,973 - INFO - 127.0.0.1 - - [07/Sep/2023 01:09:13] "POST /searchTestReport HTTP/1.1" 200 -
2023-09-07 01:09:13,973 - INFO - 127.0.0.1 - - [07/Sep/2023 01:09:13] "POST /searchTestReport HTTP/1.1" 200 -
2023-09-07 01:09:13,974 - INFO - 127.0.0.1 - - [07/Sep/2023 01:09:13] "POST /searchTestReport HTTP/1.1" 200 -
2023-09-07 01:09:13,975 - INFO - 127.0.0.1 - - [07/Sep/2023 01:09:13] "POST /searchTestReport HTTP/1.1" 200 -
2023-09-07 01:09:13,975 - INFO - 127.0.0.1 - - [07/Sep/2023 01:09:13] "POST /searchTestReport HTTP/1.1" 200 -
2023-09-07 01:09:14,222 - INFO - 127.0.0.1 - - [07/Sep/2023 01:09:14] "POST /searchTestReport HTTP/1.1" 200 -
2023-09-07 01:09:14,288 - INFO - 127.0.0.1 - - [07/Sep/2023 01:09:14] "POST /searchTestReport HTTP/1.1" 200 -
2023-09-07 01:09:14,288 - INFO - 127.0.0.1 - - [07/Sep/2023 01:09:14] "POST /searchTestReport HTTP/1.1" 200 -
2023-09-07 01:09:14,289 - INFO - 127.0.0.1 - - [07/Sep/2023 01:09:14] "POST /searchTestReport HTTP/1.1" 200 -
2023-09-07 01:09:14,291 - INFO - 127.0.0.1 - - [07/Sep/2023 01:09:14] "POST /searchTestReport HTTP/1.1" 200 -
2023-09-07 01:09:15,622 - INFO - 127.0.0.1 - - [07/Sep/2023 01:09:15] "GET /testEventName?testeventID=212 HTTP/1.1" 200 -
2023-09-07 01:09:15,626 - INFO - 127.0.0.1 - - [07/Sep/2023 01:09:15] "GET /getTestCases?testeventID=212 HTTP/1.1" 200 -
2023-09-07 01:09:15,885 - INFO - 127.0.0.1 - - [07/Sep/2023 01:09:15] "GET /testEventName?testeventID=212 HTTP/1.1" 200 -
2023-09-07 01:09:15,933 - INFO - 127.0.0.1 - - [07/Sep/2023 01:09:15] "GET /getTestCases?testeventID=212 HTTP/1.1" 200 -
2023-09-07 01:09:17,645 - INFO - 127.0.0.1 - - [07/Sep/2023 01:09:17] "GET /getTeamScript/6 HTTP/1.1" 200 -
2023-09-07 01:09:17,954 - INFO - 127.0.0.1 - - [07/Sep/2023 01:09:17] "GET /getTeamScript/6 HTTP/1.1" 200 -
2023-09-07 01:09:17,994 - INFO - 127.0.0.1 - - [07/Sep/2023 01:09:17] "POST /searchTestReport HTTP/1.1" 200 -
2023-09-07 01:09:18,010 - INFO - 127.0.0.1 - - [07/Sep/2023 01:09:18] "POST /searchTestReport HTTP/1.1" 200 -
2023-09-07 01:09:18,011 - INFO - 127.0.0.1 - - [07/Sep/2023 01:09:18] "POST /searchTestReport HTTP/1.1" 200 -
2023-09-07 01:09:18,012 - INFO - 127.0.0.1 - - [07/Sep/2023 01:09:18] "POST /searchTestReport HTTP/1.1" 200 -
2023-09-07 01:09:18,012 - INFO - 127.0.0.1 - - [07/Sep/2023 01:09:18] "POST /searchTestReport HTTP/1.1" 200 -
2023-09-07 01:09:18,012 - INFO - 127.0.0.1 - - [07/Sep/2023 01:09:18] "POST /searchTestReport HTTP/1.1" 200 -
2023-09-07 01:09:18,312 - INFO - 127.0.0.1 - - [07/Sep/2023 01:09:18] "POST /searchTestReport HTTP/1.1" 200 -
2023-09-07 01:09:18,317 - INFO - 127.0.0.1 - - [07/Sep/2023 01:09:18] "POST /searchTestReport HTTP/1.1" 200 -
2023-09-07 01:09:18,318 - INFO - 127.0.0.1 - - [07/Sep/2023 01:09:18] "POST /searchTestReport HTTP/1.1" 200 -
2023-09-07 01:09:18,321 - INFO - 127.0.0.1 - - [07/Sep/2023 01:09:18] "POST /searchTestReport HTTP/1.1" 200 -
2023-09-07 01:09:20,403 - INFO - 127.0.0.1 - - [07/Sep/2023 01:09:20] "[35m[1mGET /test-report/147 HTTP/1.1[0m" 500 -
2023-09-07 01:09:20,667 - INFO - 127.0.0.1 - - [07/Sep/2023 01:09:20] "[35m[1mGET /test-report/147 HTTP/1.1[0m" 500 -
2023-09-07 01:09:20,715 - INFO - 127.0.0.1 - - [07/Sep/2023 01:09:20] "[35m[1mGET /test-report/147 HTTP/1.1[0m" 500 -
2023-09-07 01:09:22,584 - INFO - 127.0.0.1 - - [07/Sep/2023 01:09:22] "GET /getTeamScript/6 HTTP/1.1" 200 -
2023-09-07 01:09:22,906 - INFO - 127.0.0.1 - - [07/Sep/2023 01:09:22] "GET /getTeamScript/6 HTTP/1.1" 200 -
2023-09-07 01:09:22,933 - INFO - 127.0.0.1 - - [07/Sep/2023 01:09:22] "OPTIONS /searchTestReport HTTP/1.1" 200 -
2023-09-07 01:09:22,934 - INFO - 127.0.0.1 - - [07/Sep/2023 01:09:22] "OPTIONS /searchTestReport HTTP/1.1" 200 -
2023-09-07 01:09:22,934 - INFO - 127.0.0.1 - - [07/Sep/2023 01:09:22] "OPTIONS /searchTestReport HTTP/1.1" 200 -
2023-09-07 01:09:22,935 - INFO - 127.0.0.1 - - [07/Sep/2023 01:09:22] "OPTIONS /searchTestReport HTTP/1.1" 200 -
2023-09-07 01:09:22,937 - INFO - 127.0.0.1 - - [07/Sep/2023 01:09:22] "OPTIONS /searchTestReport HTTP/1.1" 200 -
2023-09-07 01:09:23,229 - INFO - 127.0.0.1 - - [07/Sep/2023 01:09:23] "OPTIONS /searchTestReport HTTP/1.1" 200 -
2023-09-07 01:09:23,246 - INFO - 127.0.0.1 - - [07/Sep/2023 01:09:23] "OPTIONS /searchTestReport HTTP/1.1" 200 -
2023-09-07 01:09:23,246 - INFO - 127.0.0.1 - - [07/Sep/2023 01:09:23] "OPTIONS /searchTestReport HTTP/1.1" 200 -
2023-09-07 01:09:23,247 - INFO - 127.0.0.1 - - [07/Sep/2023 01:09:23] "OPTIONS /searchTestReport HTTP/1.1" 200 -
2023-09-07 01:09:23,247 - INFO - 127.0.0.1 - - [07/Sep/2023 01:09:23] "OPTIONS /searchTestReport HTTP/1.1" 200 -
2023-09-07 01:09:23,262 - INFO - 127.0.0.1 - - [07/Sep/2023 01:09:23] "POST /searchTestReport HTTP/1.1" 200 -
2023-09-07 01:09:23,262 - INFO - 127.0.0.1 - - [07/Sep/2023 01:09:23] "POST /searchTestReport HTTP/1.1" 200 -
2023-09-07 01:09:23,264 - INFO - 127.0.0.1 - - [07/Sep/2023 01:09:23] "POST /searchTestReport HTTP/1.1" 200 -
2023-09-07 01:09:23,264 - INFO - 127.0.0.1 - - [07/Sep/2023 01:09:23] "POST /searchTestReport HTTP/1.1" 200 -
2023-09-07 01:09:23,265 - INFO - 127.0.0.1 - - [07/Sep/2023 01:09:23] "POST /searchTestReport HTTP/1.1" 200 -
2023-09-07 01:09:23,513 - INFO - 127.0.0.1 - - [07/Sep/2023 01:09:23] "POST /searchTestReport HTTP/1.1" 200 -
2023-09-07 01:09:23,581 - INFO - 127.0.0.1 - - [07/Sep/2023 01:09:23] "POST /searchTestReport HTTP/1.1" 200 -
2023-09-07 01:09:23,582 - INFO - 127.0.0.1 - - [07/Sep/2023 01:09:23] "POST /searchTestReport HTTP/1.1" 200 -
2023-09-07 01:09:23,582 - INFO - 127.0.0.1 - - [07/Sep/2023 01:09:23] "POST /searchTestReport HTTP/1.1" 200 -
2023-09-07 01:09:23,584 - INFO - 127.0.0.1 - - [07/Sep/2023 01:09:23] "POST /searchTestReport HTTP/1.1" 200 -
2023-09-07 01:10:43,105 - INFO - 127.0.0.1 - - [07/Sep/2023 01:10:43] "OPTIONS /searchTestReport HTTP/1.1" 200 -
2023-09-07 01:10:43,106 - INFO - 127.0.0.1 - - [07/Sep/2023 01:10:43] "OPTIONS /searchTestReport HTTP/1.1" 200 -
2023-09-07 01:10:43,108 - INFO - 127.0.0.1 - - [07/Sep/2023 01:10:43] "OPTIONS /searchTestReport HTTP/1.1" 200 -
2023-09-07 01:10:43,110 - INFO - 127.0.0.1 - - [07/Sep/2023 01:10:43] "OPTIONS /searchTestReport HTTP/1.1" 200 -
2023-09-07 01:10:43,112 - INFO - 127.0.0.1 - - [07/Sep/2023 01:10:43] "OPTIONS /searchTestReport HTTP/1.1" 200 -
2023-09-07 01:10:43,444 - INFO - 127.0.0.1 - - [07/Sep/2023 01:10:43] "POST /searchTestReport HTTP/1.1" 200 -
2023-09-07 01:10:43,444 - INFO - 127.0.0.1 - - [07/Sep/2023 01:10:43] "POST /searchTestReport HTTP/1.1" 200 -
2023-09-07 01:10:43,445 - INFO - 127.0.0.1 - - [07/Sep/2023 01:10:43] "POST /searchTestReport HTTP/1.1" 200 -
2023-09-07 01:10:43,445 - INFO - 127.0.0.1 - - [07/Sep/2023 01:10:43] "POST /searchTestReport HTTP/1.1" 200 -
2023-09-07 01:10:43,446 - INFO - 127.0.0.1 - - [07/Sep/2023 01:10:43] "POST /searchTestReport HTTP/1.1" 200 -
2023-09-07 01:14:08,575 - INFO - 127.0.0.1 - - [07/Sep/2023 01:14:08] "GET /getTeamScript/6 HTTP/1.1" 200 -
2023-09-07 01:14:08,840 - INFO - 127.0.0.1 - - [07/Sep/2023 01:14:08] "GET /getTeamScript/6 HTTP/1.1" 200 -
2023-09-07 01:14:08,883 - INFO - 127.0.0.1 - - [07/Sep/2023 01:14:08] "OPTIONS /searchTestReport HTTP/1.1" 200 -
2023-09-07 01:14:08,995 - INFO - 127.0.0.1 - - [07/Sep/2023 01:14:08] "OPTIONS /searchTestReport HTTP/1.1" 200 -
2023-09-07 01:14:09,008 - INFO - 127.0.0.1 - - [07/Sep/2023 01:14:09] "OPTIONS /searchTestReport HTTP/1.1" 200 -
2023-09-07 01:14:09,010 - INFO - 127.0.0.1 - - [07/Sep/2023 01:14:09] "OPTIONS /searchTestReport HTTP/1.1" 200 -
2023-09-07 01:14:09,025 - INFO - 127.0.0.1 - - [07/Sep/2023 01:14:09] "OPTIONS /searchTestReport HTTP/1.1" 200 -
2023-09-07 01:14:09,149 - INFO - 127.0.0.1 - - [07/Sep/2023 01:14:09] "OPTIONS /searchTestReport HTTP/1.1" 200 -
2023-09-07 01:14:09,196 - INFO - 127.0.0.1 - - [07/Sep/2023 01:14:09] "OPTIONS /searchTestReport HTTP/1.1" 200 -
2023-09-07 01:14:09,200 - INFO - 127.0.0.1 - - [07/Sep/2023 01:14:09] "POST /searchTestReport HTTP/1.1" 200 -
2023-09-07 01:14:09,305 - INFO - 127.0.0.1 - - [07/Sep/2023 01:14:09] "OPTIONS /searchTestReport HTTP/1.1" 200 -
2023-09-07 01:14:09,308 - INFO - 127.0.0.1 - - [07/Sep/2023 01:14:09] "POST /searchTestReport HTTP/1.1" 200 -
2023-09-07 01:14:09,320 - INFO - 127.0.0.1 - - [07/Sep/2023 01:14:09] "OPTIONS /searchTestReport HTTP/1.1" 200 -
2023-09-07 01:14:09,321 - INFO - 127.0.0.1 - - [07/Sep/2023 01:14:09] "OPTIONS /searchTestReport HTTP/1.1" 200 -
2023-09-07 01:14:09,329 - INFO - 127.0.0.1 - - [07/Sep/2023 01:14:09] "POST /searchTestReport HTTP/1.1" 200 -
2023-09-07 01:14:09,329 - INFO - 127.0.0.1 - - [07/Sep/2023 01:14:09] "POST /searchTestReport HTTP/1.1" 200 -
2023-09-07 01:14:09,336 - INFO - 127.0.0.1 - - [07/Sep/2023 01:14:09] "POST /searchTestReport HTTP/1.1" 200 -
2023-09-07 01:14:09,463 - INFO - 127.0.0.1 - - [07/Sep/2023 01:14:09] "POST /searchTestReport HTTP/1.1" 200 -
2023-09-07 01:14:09,512 - INFO - 127.0.0.1 - - [07/Sep/2023 01:14:09] "POST /searchTestReport HTTP/1.1" 200 -
2023-09-07 01:14:09,618 - INFO - 127.0.0.1 - - [07/Sep/2023 01:14:09] "POST /searchTestReport HTTP/1.1" 200 -
2023-09-07 01:14:09,652 - INFO - 127.0.0.1 - - [07/Sep/2023 01:14:09] "POST /searchTestReport HTTP/1.1" 200 -
2023-09-07 01:14:09,653 - INFO - 127.0.0.1 - - [07/Sep/2023 01:14:09] "POST /searchTestReport HTTP/1.1" 200 -
2023-09-07 01:14:25,319 - INFO - 127.0.0.1 - - [07/Sep/2023 01:14:25] "OPTIONS /searchTestReport HTTP/1.1" 200 -
2023-09-07 01:14:25,320 - INFO - 127.0.0.1 - - [07/Sep/2023 01:14:25] "OPTIONS /searchTestReport HTTP/1.1" 200 -
2023-09-07 01:14:25,321 - INFO - 127.0.0.1 - - [07/Sep/2023 01:14:25] "OPTIONS /searchTestReport HTTP/1.1" 200 -
2023-09-07 01:14:25,322 - INFO - 127.0.0.1 - - [07/Sep/2023 01:14:25] "OPTIONS /searchTestReport HTTP/1.1" 200 -
2023-09-07 01:14:25,323 - INFO - 127.0.0.1 - - [07/Sep/2023 01:14:25] "OPTIONS /searchTestReport HTTP/1.1" 200 -
2023-09-07 01:14:25,325 - INFO - 127.0.0.1 - - [07/Sep/2023 01:14:25] "OPTIONS /searchTestReport HTTP/1.1" 200 -
2023-09-07 01:14:25,629 - INFO - 127.0.0.1 - - [07/Sep/2023 01:14:25] "OPTIONS /searchTestReport HTTP/1.1" 200 -
2023-09-07 01:14:25,630 - INFO - 127.0.0.1 - - [07/Sep/2023 01:14:25] "OPTIONS /searchTestReport HTTP/1.1" 200 -
2023-09-07 01:14:25,630 - INFO - 127.0.0.1 - - [07/Sep/2023 01:14:25] "OPTIONS /searchTestReport HTTP/1.1" 200 -
2023-09-07 01:14:25,631 - INFO - 127.0.0.1 - - [07/Sep/2023 01:14:25] "OPTIONS /searchTestReport HTTP/1.1" 200 -
2023-09-07 01:14:25,639 - INFO - 127.0.0.1 - - [07/Sep/2023 01:14:25] "POST /searchTestReport HTTP/1.1" 200 -
2023-09-07 01:14:25,640 - INFO - 127.0.0.1 - - [07/Sep/2023 01:14:25] "POST /searchTestReport HTTP/1.1" 200 -
2023-09-07 01:14:25,642 - INFO - 127.0.0.1 - - [07/Sep/2023 01:14:25] "POST /searchTestReport HTTP/1.1" 200 -
2023-09-07 01:14:25,643 - INFO - 127.0.0.1 - - [07/Sep/2023 01:14:25] "POST /searchTestReport HTTP/1.1" 200 -
2023-09-07 01:14:25,644 - INFO - 127.0.0.1 - - [07/Sep/2023 01:14:25] "POST /searchTestReport HTTP/1.1" 200 -
2023-09-07 01:14:25,644 - INFO - 127.0.0.1 - - [07/Sep/2023 01:14:25] "POST /searchTestReport HTTP/1.1" 200 -
2023-09-07 01:14:26,057 - INFO - 127.0.0.1 - - [07/Sep/2023 01:14:26] "POST /searchTestReport HTTP/1.1" 200 -
2023-09-07 01:14:26,058 - INFO - 127.0.0.1 - - [07/Sep/2023 01:14:26] "POST /searchTestReport HTTP/1.1" 200 -
2023-09-07 01:14:26,059 - INFO - 127.0.0.1 - - [07/Sep/2023 01:14:26] "POST /searchTestReport HTTP/1.1" 200 -
2023-09-07 01:14:26,059 - INFO - 127.0.0.1 - - [07/Sep/2023 01:14:26] "POST /searchTestReport HTTP/1.1" 200 -
2023-09-07 01:14:48,743 - INFO - 127.0.0.1 - - [07/Sep/2023 01:14:48] "GET /testEventName?testeventID=221 HTTP/1.1" 200 -
2023-09-07 01:14:48,745 - INFO - 127.0.0.1 - - [07/Sep/2023 01:14:48] "GET /getTestCases?testeventID=221 HTTP/1.1" 200 -
2023-09-07 01:14:48,991 - INFO - 127.0.0.1 - - [07/Sep/2023 01:14:48] "GET /testEventName?testeventID=221 HTTP/1.1" 200 -
2023-09-07 01:14:49,055 - INFO - 127.0.0.1 - - [07/Sep/2023 01:14:49] "GET /getTestCases?testeventID=221 HTTP/1.1" 200 -
2023-09-07 01:14:50,743 - INFO - 127.0.0.1 - - [07/Sep/2023 01:14:50] "GET /getTeamScript/6 HTTP/1.1" 200 -
2023-09-07 01:14:51,061 - INFO - 127.0.0.1 - - [07/Sep/2023 01:14:51] "GET /getTeamScript/6 HTTP/1.1" 200 -
2023-09-07 01:14:51,091 - INFO - 127.0.0.1 - - [07/Sep/2023 01:14:51] "OPTIONS /searchTestReport HTTP/1.1" 200 -
2023-09-07 01:14:51,092 - INFO - 127.0.0.1 - - [07/Sep/2023 01:14:51] "OPTIONS /searchTestReport HTTP/1.1" 200 -
2023-09-07 01:14:51,092 - INFO - 127.0.0.1 - - [07/Sep/2023 01:14:51] "OPTIONS /searchTestReport HTTP/1.1" 200 -
2023-09-07 01:14:51,093 - INFO - 127.0.0.1 - - [07/Sep/2023 01:14:51] "OPTIONS /searchTestReport HTTP/1.1" 200 -
2023-09-07 01:14:51,094 - INFO - 127.0.0.1 - - [07/Sep/2023 01:14:51] "OPTIONS /searchTestReport HTTP/1.1" 200 -
2023-09-07 01:14:51,109 - INFO - 127.0.0.1 - - [07/Sep/2023 01:14:51] "POST /searchTestReport HTTP/1.1" 200 -
2023-09-07 01:14:51,370 - INFO - 127.0.0.1 - - [07/Sep/2023 01:14:51] "OPTIONS /searchTestReport HTTP/1.1" 200 -
2023-09-07 01:14:51,402 - INFO - 127.0.0.1 - - [07/Sep/2023 01:14:51] "OPTIONS /searchTestReport HTTP/1.1" 200 -
2023-09-07 01:14:51,403 - INFO - 127.0.0.1 - - [07/Sep/2023 01:14:51] "OPTIONS /searchTestReport HTTP/1.1" 200 -
2023-09-07 01:14:51,404 - INFO - 127.0.0.1 - - [07/Sep/2023 01:14:51] "OPTIONS /searchTestReport HTTP/1.1" 200 -
2023-09-07 01:14:51,406 - INFO - 127.0.0.1 - - [07/Sep/2023 01:14:51] "OPTIONS /searchTestReport HTTP/1.1" 200 -
2023-09-07 01:14:51,416 - INFO - 127.0.0.1 - - [07/Sep/2023 01:14:51] "POST /searchTestReport HTTP/1.1" 200 -
2023-09-07 01:14:51,455 - INFO - 127.0.0.1 - - [07/Sep/2023 01:14:51] "POST /searchTestReport HTTP/1.1" 200 -
2023-09-07 01:14:51,456 - INFO - 127.0.0.1 - - [07/Sep/2023 01:14:51] "POST /searchTestReport HTTP/1.1" 200 -
2023-09-07 01:14:51,456 - INFO - 127.0.0.1 - - [07/Sep/2023 01:14:51] "POST /searchTestReport HTTP/1.1" 200 -
2023-09-07 01:14:51,687 - INFO - 127.0.0.1 - - [07/Sep/2023 01:14:51] "POST /searchTestReport HTTP/1.1" 200 -
2023-09-07 01:14:51,718 - INFO - 127.0.0.1 - - [07/Sep/2023 01:14:51] "POST /searchTestReport HTTP/1.1" 200 -
2023-09-07 01:14:51,723 - INFO - 127.0.0.1 - - [07/Sep/2023 01:14:51] "POST /searchTestReport HTTP/1.1" 200 -
2023-09-07 01:14:51,782 - INFO - 127.0.0.1 - - [07/Sep/2023 01:14:51] "POST /searchTestReport HTTP/1.1" 200 -
2023-09-07 01:14:51,782 - INFO - 127.0.0.1 - - [07/Sep/2023 01:14:51] "POST /searchTestReport HTTP/1.1" 200 -
2023-09-07 01:15:02,518 - INFO - 127.0.0.1 - - [07/Sep/2023 01:15:02] "OPTIONS /searchTestReport HTTP/1.1" 200 -
2023-09-07 01:15:02,519 - INFO - 127.0.0.1 - - [07/Sep/2023 01:15:02] "OPTIONS /searchTestReport HTTP/1.1" 200 -
2023-09-07 01:15:02,519 - INFO - 127.0.0.1 - - [07/Sep/2023 01:15:02] "OPTIONS /searchTestReport HTTP/1.1" 200 -
2023-09-07 01:15:02,521 - INFO - 127.0.0.1 - - [07/Sep/2023 01:15:02] "OPTIONS /searchTestReport HTTP/1.1" 200 -
2023-09-07 01:15:02,523 - INFO - 127.0.0.1 - - [07/Sep/2023 01:15:02] "OPTIONS /searchTestReport HTTP/1.1" 200 -
2023-09-07 01:15:02,524 - INFO - 127.0.0.1 - - [07/Sep/2023 01:15:02] "OPTIONS /searchTestReport HTTP/1.1" 200 -
2023-09-07 01:15:02,828 - INFO - 127.0.0.1 - - [07/Sep/2023 01:15:02] "OPTIONS /searchTestReport HTTP/1.1" 200 -
2023-09-07 01:15:02,829 - INFO - 127.0.0.1 - - [07/Sep/2023 01:15:02] "OPTIONS /searchTestReport HTTP/1.1" 200 -
2023-09-07 01:15:02,829 - INFO - 127.0.0.1 - - [07/Sep/2023 01:15:02] "OPTIONS /searchTestReport HTTP/1.1" 200 -
2023-09-07 01:15:02,830 - INFO - 127.0.0.1 - - [07/Sep/2023 01:15:02] "OPTIONS /searchTestReport HTTP/1.1" 200 -
2023-09-07 01:15:02,841 - INFO - 127.0.0.1 - - [07/Sep/2023 01:15:02] "POST /searchTestReport HTTP/1.1" 200 -
2023-09-07 01:15:02,845 - INFO - 127.0.0.1 - - [07/Sep/2023 01:15:02] "POST /searchTestReport HTTP/1.1" 200 -
2023-09-07 01:15:02,845 - INFO - 127.0.0.1 - - [07/Sep/2023 01:15:02] "POST /searchTestReport HTTP/1.1" 200 -
2023-09-07 01:15:02,845 - INFO - 127.0.0.1 - - [07/Sep/2023 01:15:02] "POST /searchTestReport HTTP/1.1" 200 -
2023-09-07 01:15:02,848 - INFO - 127.0.0.1 - - [07/Sep/2023 01:15:02] "POST /searchTestReport HTTP/1.1" 200 -
2023-09-07 01:15:02,848 - INFO - 127.0.0.1 - - [07/Sep/2023 01:15:02] "POST /searchTestReport HTTP/1.1" 200 -
2023-09-07 01:15:03,165 - INFO - 127.0.0.1 - - [07/Sep/2023 01:15:03] "POST /searchTestReport HTTP/1.1" 200 -
2023-09-07 01:15:03,165 - INFO - 127.0.0.1 - - [07/Sep/2023 01:15:03] "POST /searchTestReport HTTP/1.1" 200 -
2023-09-07 01:15:03,167 - INFO - 127.0.0.1 - - [07/Sep/2023 01:15:03] "POST /searchTestReport HTTP/1.1" 200 -
2023-09-07 01:15:03,169 - INFO - 127.0.0.1 - - [07/Sep/2023 01:15:03] "POST /searchTestReport HTTP/1.1" 200 -
2023-09-07 01:15:03,169 - INFO - 127.0.0.1 - - [07/Sep/2023 01:15:03] "POST /searchTestReport HTTP/1.1" 200 -
2023-09-07 01:15:03,174 - INFO - 127.0.0.1 - - [07/Sep/2023 01:15:03] "POST /searchTestReport HTTP/1.1" 200 -
2023-09-07 01:15:03,487 - INFO - 127.0.0.1 - - [07/Sep/2023 01:15:03] "POST /searchTestReport HTTP/1.1" 200 -
2023-09-07 01:15:03,488 - INFO - 127.0.0.1 - - [07/Sep/2023 01:15:03] "POST /searchTestReport HTTP/1.1" 200 -
2023-09-07 01:15:03,489 - INFO - 127.0.0.1 - - [07/Sep/2023 01:15:03] "POST /searchTestReport HTTP/1.1" 200 -
2023-09-07 01:15:03,490 - INFO - 127.0.0.1 - - [07/Sep/2023 01:15:03] "POST /searchTestReport HTTP/1.1" 200 -
2023-09-07 01:15:03,490 - INFO - 127.0.0.1 - - [07/Sep/2023 01:15:03] "POST /searchTestReport HTTP/1.1" 200 -
2023-09-07 01:15:03,498 - INFO - 127.0.0.1 - - [07/Sep/2023 01:15:03] "POST /searchTestReport HTTP/1.1" 200 -
2023-09-07 01:15:03,809 - INFO - 127.0.0.1 - - [07/Sep/2023 01:15:03] "POST /searchTestReport HTTP/1.1" 200 -
2023-09-07 01:15:03,810 - INFO - 127.0.0.1 - - [07/Sep/2023 01:15:03] "POST /searchTestReport HTTP/1.1" 200 -
2023-09-07 01:15:08,060 - INFO - 127.0.0.1 - - [07/Sep/2023 01:15:08] "GET /test-report/157 HTTP/1.1" 200 -
2023-09-07 01:15:08,323 - INFO - 127.0.0.1 - - [07/Sep/2023 01:15:08] "GET /test-report/157 HTTP/1.1" 200 -
2023-09-07 01:15:08,370 - INFO - 127.0.0.1 - - [07/Sep/2023 01:15:08] "GET /getTeamMembers/6 HTTP/1.1" 200 -
2023-09-07 01:15:08,415 - INFO - 127.0.0.1 - - [07/Sep/2023 01:15:08] "GET /getTeamMembers/6 HTTP/1.1" 200 -
2023-09-07 01:15:09,978 - INFO - 127.0.0.1 - - [07/Sep/2023 01:15:09] "GET /getTeamScript/6 HTTP/1.1" 200 -
2023-09-07 01:15:10,299 - INFO - 127.0.0.1 - - [07/Sep/2023 01:15:10] "GET /getTeamScript/6 HTTP/1.1" 200 -
2023-09-07 01:15:10,325 - INFO - 127.0.0.1 - - [07/Sep/2023 01:15:10] "OPTIONS /searchTestReport HTTP/1.1" 200 -
2023-09-07 01:15:10,326 - INFO - 127.0.0.1 - - [07/Sep/2023 01:15:10] "OPTIONS /searchTestReport HTTP/1.1" 200 -
2023-09-07 01:15:10,328 - INFO - 127.0.0.1 - - [07/Sep/2023 01:15:10] "OPTIONS /searchTestReport HTTP/1.1" 200 -
2023-09-07 01:15:10,329 - INFO - 127.0.0.1 - - [07/Sep/2023 01:15:10] "OPTIONS /searchTestReport HTTP/1.1" 200 -
2023-09-07 01:15:10,329 - INFO - 127.0.0.1 - - [07/Sep/2023 01:15:10] "OPTIONS /searchTestReport HTTP/1.1" 200 -
2023-09-07 01:15:10,605 - INFO - 127.0.0.1 - - [07/Sep/2023 01:15:10] "OPTIONS /searchTestReport HTTP/1.1" 200 -
2023-09-07 01:15:10,637 - INFO - 127.0.0.1 - - [07/Sep/2023 01:15:10] "OPTIONS /searchTestReport HTTP/1.1" 200 -
2023-09-07 01:15:10,638 - INFO - 127.0.0.1 - - [07/Sep/2023 01:15:10] "OPTIONS /searchTestReport HTTP/1.1" 200 -
2023-09-07 01:15:10,638 - INFO - 127.0.0.1 - - [07/Sep/2023 01:15:10] "OPTIONS /searchTestReport HTTP/1.1" 200 -
2023-09-07 01:15:10,639 - INFO - 127.0.0.1 - - [07/Sep/2023 01:15:10] "OPTIONS /searchTestReport HTTP/1.1" 200 -
2023-09-07 01:15:10,649 - INFO - 127.0.0.1 - - [07/Sep/2023 01:15:10] "POST /searchTestReport HTTP/1.1" 200 -
2023-09-07 01:15:10,650 - INFO - 127.0.0.1 - - [07/Sep/2023 01:15:10] "POST /searchTestReport HTTP/1.1" 200 -
2023-09-07 01:15:10,653 - INFO - 127.0.0.1 - - [07/Sep/2023 01:15:10] "POST /searchTestReport HTTP/1.1" 200 -
2023-09-07 01:15:10,654 - INFO - 127.0.0.1 - - [07/Sep/2023 01:15:10] "POST /searchTestReport HTTP/1.1" 200 -
2023-09-07 01:15:10,654 - INFO - 127.0.0.1 - - [07/Sep/2023 01:15:10] "POST /searchTestReport HTTP/1.1" 200 -
2023-09-07 01:15:10,905 - INFO - 127.0.0.1 - - [07/Sep/2023 01:15:10] "POST /searchTestReport HTTP/1.1" 200 -
2023-09-07 01:15:10,970 - INFO - 127.0.0.1 - - [07/Sep/2023 01:15:10] "POST /searchTestReport HTTP/1.1" 200 -
2023-09-07 01:15:10,971 - INFO - 127.0.0.1 - - [07/Sep/2023 01:15:10] "POST /searchTestReport HTTP/1.1" 200 -
2023-09-07 01:15:10,971 - INFO - 127.0.0.1 - - [07/Sep/2023 01:15:10] "POST /searchTestReport HTTP/1.1" 200 -
2023-09-07 01:15:10,971 - INFO - 127.0.0.1 - - [07/Sep/2023 01:15:10] "POST /searchTestReport HTTP/1.1" 200 -
2023-09-07 01:15:12,000 - INFO - 127.0.0.1 - - [07/Sep/2023 01:15:12] "POST /searchTestReport HTTP/1.1" 200 -
2023-09-07 01:15:12,001 - INFO - 127.0.0.1 - - [07/Sep/2023 01:15:12] "POST /searchTestReport HTTP/1.1" 200 -
2023-09-07 01:15:12,003 - INFO - 127.0.0.1 - - [07/Sep/2023 01:15:12] "POST /searchTestReport HTTP/1.1" 200 -
2023-09-07 01:15:12,003 - INFO - 127.0.0.1 - - [07/Sep/2023 01:15:12] "POST /searchTestReport HTTP/1.1" 200 -
2023-09-07 01:15:12,005 - INFO - 127.0.0.1 - - [07/Sep/2023 01:15:12] "POST /searchTestReport HTTP/1.1" 200 -
2023-09-07 01:15:12,008 - INFO - 127.0.0.1 - - [07/Sep/2023 01:15:12] "POST /searchTestReport HTTP/1.1" 200 -
2023-09-07 01:15:12,329 - INFO - 127.0.0.1 - - [07/Sep/2023 01:15:12] "POST /searchTestReport HTTP/1.1" 200 -
2023-09-07 01:15:12,330 - INFO - 127.0.0.1 - - [07/Sep/2023 01:15:12] "POST /searchTestReport HTTP/1.1" 200 -
2023-09-07 01:15:12,330 - INFO - 127.0.0.1 - - [07/Sep/2023 01:15:12] "POST /searchTestReport HTTP/1.1" 200 -
2023-09-07 01:15:12,331 - INFO - 127.0.0.1 - - [07/Sep/2023 01:15:12] "POST /searchTestReport HTTP/1.1" 200 -
2023-09-07 01:15:12,331 - INFO - 127.0.0.1 - - [07/Sep/2023 01:15:12] "POST /searchTestReport HTTP/1.1" 200 -
2023-09-07 01:15:12,336 - INFO - 127.0.0.1 - - [07/Sep/2023 01:15:12] "POST /searchTestReport HTTP/1.1" 200 -
2023-09-07 01:15:12,652 - INFO - 127.0.0.1 - - [07/Sep/2023 01:15:12] "POST /searchTestReport HTTP/1.1" 200 -
2023-09-07 01:15:12,653 - INFO - 127.0.0.1 - - [07/Sep/2023 01:15:12] "POST /searchTestReport HTTP/1.1" 200 -
2023-09-07 01:15:12,653 - INFO - 127.0.0.1 - - [07/Sep/2023 01:15:12] "POST /searchTestReport HTTP/1.1" 200 -
2023-09-07 01:15:12,653 - INFO - 127.0.0.1 - - [07/Sep/2023 01:15:12] "POST /searchTestReport HTTP/1.1" 200 -
2023-09-07 01:15:12,654 - INFO - 127.0.0.1 - - [07/Sep/2023 01:15:12] "POST /searchTestReport HTTP/1.1" 200 -
2023-09-07 01:15:12,656 - INFO - 127.0.0.1 - - [07/Sep/2023 01:15:12] "POST /searchTestReport HTTP/1.1" 200 -
2023-09-07 01:15:12,970 - INFO - 127.0.0.1 - - [07/Sep/2023 01:15:12] "POST /searchTestReport HTTP/1.1" 200 -
2023-09-07 01:15:12,970 - INFO - 127.0.0.1 - - [07/Sep/2023 01:15:12] "POST /searchTestReport HTTP/1.1" 200 -
2023-09-07 01:15:14,870 - INFO - 127.0.0.1 - - [07/Sep/2023 01:15:14] "GET /test-report/157 HTTP/1.1" 200 -
2023-09-07 01:15:15,119 - INFO - 127.0.0.1 - - [07/Sep/2023 01:15:15] "GET /test-report/157 HTTP/1.1" 200 -
2023-09-07 01:15:15,180 - INFO - 127.0.0.1 - - [07/Sep/2023 01:15:15] "GET /getTeamMembers/6 HTTP/1.1" 200 -
2023-09-07 01:15:15,195 - INFO - 127.0.0.1 - - [07/Sep/2023 01:15:15] "GET /getTeamMembers/6 HTTP/1.1" 200 -
2023-09-07 01:15:16,625 - INFO - 127.0.0.1 - - [07/Sep/2023 01:15:16] "GET /getTeamScript/6 HTTP/1.1" 200 -
2023-09-07 01:15:16,934 - INFO - 127.0.0.1 - - [07/Sep/2023 01:15:16] "GET /getTeamScript/6 HTTP/1.1" 200 -
2023-09-07 01:15:16,959 - INFO - 127.0.0.1 - - [07/Sep/2023 01:15:16] "OPTIONS /searchTestReport HTTP/1.1" 200 -
2023-09-07 01:15:16,959 - INFO - 127.0.0.1 - - [07/Sep/2023 01:15:16] "OPTIONS /searchTestReport HTTP/1.1" 200 -
2023-09-07 01:15:16,961 - INFO - 127.0.0.1 - - [07/Sep/2023 01:15:16] "OPTIONS /searchTestReport HTTP/1.1" 200 -
2023-09-07 01:15:16,962 - INFO - 127.0.0.1 - - [07/Sep/2023 01:15:16] "OPTIONS /searchTestReport HTTP/1.1" 200 -
2023-09-07 01:15:16,962 - INFO - 127.0.0.1 - - [07/Sep/2023 01:15:16] "OPTIONS /searchTestReport HTTP/1.1" 200 -
2023-09-07 01:15:17,260 - INFO - 127.0.0.1 - - [07/Sep/2023 01:15:17] "OPTIONS /searchTestReport HTTP/1.1" 200 -
2023-09-07 01:15:17,277 - INFO - 127.0.0.1 - - [07/Sep/2023 01:15:17] "OPTIONS /searchTestReport HTTP/1.1" 200 -
2023-09-07 01:15:17,278 - INFO - 127.0.0.1 - - [07/Sep/2023 01:15:17] "OPTIONS /searchTestReport HTTP/1.1" 200 -
2023-09-07 01:15:17,278 - INFO - 127.0.0.1 - - [07/Sep/2023 01:15:17] "OPTIONS /searchTestReport HTTP/1.1" 200 -
2023-09-07 01:15:17,279 - INFO - 127.0.0.1 - - [07/Sep/2023 01:15:17] "OPTIONS /searchTestReport HTTP/1.1" 200 -
2023-09-07 01:15:17,293 - INFO - 127.0.0.1 - - [07/Sep/2023 01:15:17] "POST /searchTestReport HTTP/1.1" 200 -
2023-09-07 01:15:17,294 - INFO - 127.0.0.1 - - [07/Sep/2023 01:15:17] "POST /searchTestReport HTTP/1.1" 200 -
2023-09-07 01:15:17,294 - INFO - 127.0.0.1 - - [07/Sep/2023 01:15:17] "POST /searchTestReport HTTP/1.1" 200 -
2023-09-07 01:15:17,296 - INFO - 127.0.0.1 - - [07/Sep/2023 01:15:17] "POST /searchTestReport HTTP/1.1" 200 -
2023-09-07 01:15:17,296 - INFO - 127.0.0.1 - - [07/Sep/2023 01:15:17] "POST /searchTestReport HTTP/1.1" 200 -
2023-09-07 01:15:17,555 - INFO - 127.0.0.1 - - [07/Sep/2023 01:15:17] "POST /searchTestReport HTTP/1.1" 200 -
2023-09-07 01:15:17,612 - INFO - 127.0.0.1 - - [07/Sep/2023 01:15:17] "POST /searchTestReport HTTP/1.1" 200 -
2023-09-07 01:15:17,612 - INFO - 127.0.0.1 - - [07/Sep/2023 01:15:17] "POST /searchTestReport HTTP/1.1" 200 -
2023-09-07 01:15:17,613 - INFO - 127.0.0.1 - - [07/Sep/2023 01:15:17] "POST /searchTestReport HTTP/1.1" 200 -
2023-09-07 01:15:17,613 - INFO - 127.0.0.1 - - [07/Sep/2023 01:15:17] "POST /searchTestReport HTTP/1.1" 200 -
2023-09-07 01:15:18,561 - INFO - 127.0.0.1 - - [07/Sep/2023 01:15:18] "POST /searchTestReport HTTP/1.1" 200 -
2023-09-07 01:15:18,561 - INFO - 127.0.0.1 - - [07/Sep/2023 01:15:18] "POST /searchTestReport HTTP/1.1" 200 -
2023-09-07 01:15:18,563 - INFO - 127.0.0.1 - - [07/Sep/2023 01:15:18] "POST /searchTestReport HTTP/1.1" 200 -
2023-09-07 01:15:18,563 - INFO - 127.0.0.1 - - [07/Sep/2023 01:15:18] "POST /searchTestReport HTTP/1.1" 200 -
2023-09-07 01:15:18,563 - INFO - 127.0.0.1 - - [07/Sep/2023 01:15:18] "POST /searchTestReport HTTP/1.1" 200 -
2023-09-07 01:15:18,566 - INFO - 127.0.0.1 - - [07/Sep/2023 01:15:18] "POST /searchTestReport HTTP/1.1" 200 -
2023-09-07 01:15:18,887 - INFO - 127.0.0.1 - - [07/Sep/2023 01:15:18] "POST /searchTestReport HTTP/1.1" 200 -
2023-09-07 01:15:18,887 - INFO - 127.0.0.1 - - [07/Sep/2023 01:15:18] "POST /searchTestReport HTTP/1.1" 200 -
2023-09-07 01:15:18,889 - INFO - 127.0.0.1 - - [07/Sep/2023 01:15:18] "POST /searchTestReport HTTP/1.1" 200 -
2023-09-07 01:15:18,890 - INFO - 127.0.0.1 - - [07/Sep/2023 01:15:18] "POST /searchTestReport HTTP/1.1" 200 -
2023-09-07 01:15:18,890 - INFO - 127.0.0.1 - - [07/Sep/2023 01:15:18] "POST /searchTestReport HTTP/1.1" 200 -
2023-09-07 01:15:18,891 - INFO - 127.0.0.1 - - [07/Sep/2023 01:15:18] "POST /searchTestReport HTTP/1.1" 200 -
2023-09-07 01:15:19,217 - INFO - 127.0.0.1 - - [07/Sep/2023 01:15:19] "POST /searchTestReport HTTP/1.1" 200 -
2023-09-07 01:15:19,217 - INFO - 127.0.0.1 - - [07/Sep/2023 01:15:19] "POST /searchTestReport HTTP/1.1" 200 -
2023-09-07 01:15:19,218 - INFO - 127.0.0.1 - - [07/Sep/2023 01:15:19] "POST /searchTestReport HTTP/1.1" 200 -
2023-09-07 01:15:19,218 - INFO - 127.0.0.1 - - [07/Sep/2023 01:15:19] "POST /searchTestReport HTTP/1.1" 200 -
2023-09-07 01:15:19,220 - INFO - 127.0.0.1 - - [07/Sep/2023 01:15:19] "POST /searchTestReport HTTP/1.1" 200 -
2023-09-07 01:15:19,221 - INFO - 127.0.0.1 - - [07/Sep/2023 01:15:19] "POST /searchTestReport HTTP/1.1" 200 -
2023-09-07 01:15:19,532 - INFO - 127.0.0.1 - - [07/Sep/2023 01:15:19] "POST /searchTestReport HTTP/1.1" 200 -
2023-09-07 01:15:19,533 - INFO - 127.0.0.1 - - [07/Sep/2023 01:15:19] "POST /searchTestReport HTTP/1.1" 200 -
2023-09-07 01:15:20,367 - INFO - 127.0.0.1 - - [07/Sep/2023 01:15:20] "GET /testEventName?testeventID=229 HTTP/1.1" 200 -
2023-09-07 01:15:20,371 - INFO - 127.0.0.1 - - [07/Sep/2023 01:15:20] "GET /getTestCases?testeventID=229 HTTP/1.1" 200 -
2023-09-07 01:15:20,629 - INFO - 127.0.0.1 - - [07/Sep/2023 01:15:20] "GET /testEventName?testeventID=229 HTTP/1.1" 200 -
2023-09-07 01:15:20,680 - INFO - 127.0.0.1 - - [07/Sep/2023 01:15:20] "GET /getTestCases?testeventID=229 HTTP/1.1" 200 -
2023-09-07 01:15:24,172 - INFO - 127.0.0.1 - - [07/Sep/2023 01:15:24] "GET /getTeamScript/6 HTTP/1.1" 200 -
2023-09-07 01:15:24,482 - INFO - 127.0.0.1 - - [07/Sep/2023 01:15:24] "GET /getTeamScript/6 HTTP/1.1" 200 -
2023-09-07 01:15:24,511 - INFO - 127.0.0.1 - - [07/Sep/2023 01:15:24] "OPTIONS /searchTestReport HTTP/1.1" 200 -
2023-09-07 01:15:24,512 - INFO - 127.0.0.1 - - [07/Sep/2023 01:15:24] "OPTIONS /searchTestReport HTTP/1.1" 200 -
2023-09-07 01:15:24,512 - INFO - 127.0.0.1 - - [07/Sep/2023 01:15:24] "OPTIONS /searchTestReport HTTP/1.1" 200 -
2023-09-07 01:15:24,513 - INFO - 127.0.0.1 - - [07/Sep/2023 01:15:24] "OPTIONS /searchTestReport HTTP/1.1" 200 -
2023-09-07 01:15:24,514 - INFO - 127.0.0.1 - - [07/Sep/2023 01:15:24] "OPTIONS /searchTestReport HTTP/1.1" 200 -
2023-09-07 01:15:24,792 - INFO - 127.0.0.1 - - [07/Sep/2023 01:15:24] "OPTIONS /searchTestReport HTTP/1.1" 200 -
2023-09-07 01:15:24,824 - INFO - 127.0.0.1 - - [07/Sep/2023 01:15:24] "OPTIONS /searchTestReport HTTP/1.1" 200 -
2023-09-07 01:15:24,825 - INFO - 127.0.0.1 - - [07/Sep/2023 01:15:24] "OPTIONS /searchTestReport HTTP/1.1" 200 -
2023-09-07 01:15:24,825 - INFO - 127.0.0.1 - - [07/Sep/2023 01:15:24] "OPTIONS /searchTestReport HTTP/1.1" 200 -
2023-09-07 01:15:24,826 - INFO - 127.0.0.1 - - [07/Sep/2023 01:15:24] "OPTIONS /searchTestReport HTTP/1.1" 200 -
2023-09-07 01:15:24,834 - INFO - 127.0.0.1 - - [07/Sep/2023 01:15:24] "POST /searchTestReport HTTP/1.1" 200 -
2023-09-07 01:15:24,837 - INFO - 127.0.0.1 - - [07/Sep/2023 01:15:24] "POST /searchTestReport HTTP/1.1" 200 -
2023-09-07 01:15:24,838 - INFO - 127.0.0.1 - - [07/Sep/2023 01:15:24] "POST /searchTestReport HTTP/1.1" 200 -
2023-09-07 01:15:24,838 - INFO - 127.0.0.1 - - [07/Sep/2023 01:15:24] "POST /searchTestReport HTTP/1.1" 200 -
2023-09-07 01:15:24,838 - INFO - 127.0.0.1 - - [07/Sep/2023 01:15:24] "POST /searchTestReport HTTP/1.1" 200 -
2023-09-07 01:15:25,089 - INFO - 127.0.0.1 - - [07/Sep/2023 01:15:25] "POST /searchTestReport HTTP/1.1" 200 -
2023-09-07 01:15:25,157 - INFO - 127.0.0.1 - - [07/Sep/2023 01:15:25] "POST /searchTestReport HTTP/1.1" 200 -
2023-09-07 01:15:25,157 - INFO - 127.0.0.1 - - [07/Sep/2023 01:15:25] "POST /searchTestReport HTTP/1.1" 200 -
2023-09-07 01:15:25,157 - INFO - 127.0.0.1 - - [07/Sep/2023 01:15:25] "POST /searchTestReport HTTP/1.1" 200 -
2023-09-07 01:15:25,160 - INFO - 127.0.0.1 - - [07/Sep/2023 01:15:25] "POST /searchTestReport HTTP/1.1" 200 -
2023-09-07 01:15:26,387 - INFO - 127.0.0.1 - - [07/Sep/2023 01:15:26] "POST /searchTestReport HTTP/1.1" 200 -
2023-09-07 01:15:26,389 - INFO - 127.0.0.1 - - [07/Sep/2023 01:15:26] "POST /searchTestReport HTTP/1.1" 200 -
2023-09-07 01:15:26,389 - INFO - 127.0.0.1 - - [07/Sep/2023 01:15:26] "POST /searchTestReport HTTP/1.1" 200 -
2023-09-07 01:15:26,389 - INFO - 127.0.0.1 - - [07/Sep/2023 01:15:26] "POST /searchTestReport HTTP/1.1" 200 -
2023-09-07 01:15:26,389 - INFO - 127.0.0.1 - - [07/Sep/2023 01:15:26] "POST /searchTestReport HTTP/1.1" 200 -
2023-09-07 01:15:26,392 - INFO - 127.0.0.1 - - [07/Sep/2023 01:15:26] "POST /searchTestReport HTTP/1.1" 200 -
2023-09-07 01:15:26,713 - INFO - 127.0.0.1 - - [07/Sep/2023 01:15:26] "POST /searchTestReport HTTP/1.1" 200 -
2023-09-07 01:15:26,714 - INFO - 127.0.0.1 - - [07/Sep/2023 01:15:26] "POST /searchTestReport HTTP/1.1" 200 -
2023-09-07 01:15:26,715 - INFO - 127.0.0.1 - - [07/Sep/2023 01:15:26] "POST /searchTestReport HTTP/1.1" 200 -
2023-09-07 01:15:26,715 - INFO - 127.0.0.1 - - [07/Sep/2023 01:15:26] "POST /searchTestReport HTTP/1.1" 200 -
2023-09-07 01:15:26,715 - INFO - 127.0.0.1 - - [07/Sep/2023 01:15:26] "POST /searchTestReport HTTP/1.1" 200 -
2023-09-07 01:15:26,717 - INFO - 127.0.0.1 - - [07/Sep/2023 01:15:26] "POST /searchTestReport HTTP/1.1" 200 -
2023-09-07 01:15:27,040 - INFO - 127.0.0.1 - - [07/Sep/2023 01:15:27] "POST /searchTestReport HTTP/1.1" 200 -
2023-09-07 01:15:27,041 - INFO - 127.0.0.1 - - [07/Sep/2023 01:15:27] "POST /searchTestReport HTTP/1.1" 200 -
2023-09-07 01:15:27,041 - INFO - 127.0.0.1 - - [07/Sep/2023 01:15:27] "POST /searchTestReport HTTP/1.1" 200 -
2023-09-07 01:15:27,043 - INFO - 127.0.0.1 - - [07/Sep/2023 01:15:27] "POST /searchTestReport HTTP/1.1" 200 -
2023-09-07 01:15:27,043 - INFO - 127.0.0.1 - - [07/Sep/2023 01:15:27] "POST /searchTestReport HTTP/1.1" 200 -
2023-09-07 01:15:27,046 - INFO - 127.0.0.1 - - [07/Sep/2023 01:15:27] "POST /searchTestReport HTTP/1.1" 200 -
2023-09-07 01:15:27,354 - INFO - 127.0.0.1 - - [07/Sep/2023 01:15:27] "POST /searchTestReport HTTP/1.1" 200 -
2023-09-07 01:15:27,355 - INFO - 127.0.0.1 - - [07/Sep/2023 01:15:27] "POST /searchTestReport HTTP/1.1" 200 -
2023-09-07 01:15:39,322 - INFO - 127.0.0.1 - - [07/Sep/2023 01:15:39] "GET /testEventName?testeventID=229 HTTP/1.1" 200 -
2023-09-07 01:15:39,325 - INFO - 127.0.0.1 - - [07/Sep/2023 01:15:39] "GET /getTestCases?testeventID=229 HTTP/1.1" 200 -
2023-09-07 01:15:39,584 - INFO - 127.0.0.1 - - [07/Sep/2023 01:15:39] "GET /testEventName?testeventID=229 HTTP/1.1" 200 -
2023-09-07 01:15:39,632 - INFO - 127.0.0.1 - - [07/Sep/2023 01:15:39] "GET /getTestCases?testeventID=229 HTTP/1.1" 200 -
2023-09-07 01:15:40,519 - INFO - 127.0.0.1 - - [07/Sep/2023 01:15:40] "GET /getTeamScript/6 HTTP/1.1" 200 -
2023-09-07 01:15:40,831 - INFO - 127.0.0.1 - - [07/Sep/2023 01:15:40] "GET /getTeamScript/6 HTTP/1.1" 200 -
2023-09-07 01:15:40,859 - INFO - 127.0.0.1 - - [07/Sep/2023 01:15:40] "OPTIONS /searchTestReport HTTP/1.1" 200 -
2023-09-07 01:15:40,860 - INFO - 127.0.0.1 - - [07/Sep/2023 01:15:40] "OPTIONS /searchTestReport HTTP/1.1" 200 -
2023-09-07 01:15:40,860 - INFO - 127.0.0.1 - - [07/Sep/2023 01:15:40] "OPTIONS /searchTestReport HTTP/1.1" 200 -
2023-09-07 01:15:40,861 - INFO - 127.0.0.1 - - [07/Sep/2023 01:15:40] "OPTIONS /searchTestReport HTTP/1.1" 200 -
2023-09-07 01:15:40,861 - INFO - 127.0.0.1 - - [07/Sep/2023 01:15:40] "OPTIONS /searchTestReport HTTP/1.1" 200 -
2023-09-07 01:15:41,141 - INFO - 127.0.0.1 - - [07/Sep/2023 01:15:41] "OPTIONS /searchTestReport HTTP/1.1" 200 -
2023-09-07 01:15:41,173 - INFO - 127.0.0.1 - - [07/Sep/2023 01:15:41] "OPTIONS /searchTestReport HTTP/1.1" 200 -
2023-09-07 01:15:41,174 - INFO - 127.0.0.1 - - [07/Sep/2023 01:15:41] "OPTIONS /searchTestReport HTTP/1.1" 200 -
2023-09-07 01:15:41,174 - INFO - 127.0.0.1 - - [07/Sep/2023 01:15:41] "OPTIONS /searchTestReport HTTP/1.1" 200 -
2023-09-07 01:15:41,175 - INFO - 127.0.0.1 - - [07/Sep/2023 01:15:41] "OPTIONS /searchTestReport HTTP/1.1" 200 -
2023-09-07 01:15:41,186 - INFO - 127.0.0.1 - - [07/Sep/2023 01:15:41] "POST /searchTestReport HTTP/1.1" 200 -
2023-09-07 01:15:41,186 - INFO - 127.0.0.1 - - [07/Sep/2023 01:15:41] "POST /searchTestReport HTTP/1.1" 200 -
2023-09-07 01:15:41,188 - INFO - 127.0.0.1 - - [07/Sep/2023 01:15:41] "POST /searchTestReport HTTP/1.1" 200 -
2023-09-07 01:15:41,189 - INFO - 127.0.0.1 - - [07/Sep/2023 01:15:41] "POST /searchTestReport HTTP/1.1" 200 -
2023-09-07 01:15:41,190 - INFO - 127.0.0.1 - - [07/Sep/2023 01:15:41] "POST /searchTestReport HTTP/1.1" 200 -
2023-09-07 01:15:41,441 - INFO - 127.0.0.1 - - [07/Sep/2023 01:15:41] "POST /searchTestReport HTTP/1.1" 200 -
2023-09-07 01:15:41,508 - INFO - 127.0.0.1 - - [07/Sep/2023 01:15:41] "POST /searchTestReport HTTP/1.1" 200 -
2023-09-07 01:15:41,509 - INFO - 127.0.0.1 - - [07/Sep/2023 01:15:41] "POST /searchTestReport HTTP/1.1" 200 -
2023-09-07 01:15:41,509 - INFO - 127.0.0.1 - - [07/Sep/2023 01:15:41] "POST /searchTestReport HTTP/1.1" 200 -
2023-09-07 01:15:41,510 - INFO - 127.0.0.1 - - [07/Sep/2023 01:15:41] "POST /searchTestReport HTTP/1.1" 200 -
2023-09-07 01:18:19,825 - INFO - 127.0.0.1 - - [07/Sep/2023 01:18:19] "OPTIONS /searchTestReport HTTP/1.1" 200 -
2023-09-07 01:18:19,827 - INFO - 127.0.0.1 - - [07/Sep/2023 01:18:19] "OPTIONS /searchTestReport HTTP/1.1" 200 -
2023-09-07 01:18:19,827 - INFO - 127.0.0.1 - - [07/Sep/2023 01:18:19] "OPTIONS /searchTestReport HTTP/1.1" 200 -
2023-09-07 01:18:19,828 - INFO - 127.0.0.1 - - [07/Sep/2023 01:18:19] "OPTIONS /searchTestReport HTTP/1.1" 200 -
2023-09-07 01:18:19,828 - INFO - 127.0.0.1 - - [07/Sep/2023 01:18:19] "OPTIONS /searchTestReport HTTP/1.1" 200 -
2023-09-07 01:18:20,144 - INFO - 127.0.0.1 - - [07/Sep/2023 01:18:20] "POST /searchTestReport HTTP/1.1" 200 -
2023-09-07 01:18:20,144 - INFO - 127.0.0.1 - - [07/Sep/2023 01:18:20] "POST /searchTestReport HTTP/1.1" 200 -
2023-09-07 01:18:20,154 - INFO - 127.0.0.1 - - [07/Sep/2023 01:18:20] "POST /searchTestReport HTTP/1.1" 200 -
2023-09-07 01:18:20,156 - INFO - 127.0.0.1 - - [07/Sep/2023 01:18:20] "POST /searchTestReport HTTP/1.1" 200 -
2023-09-07 01:18:20,156 - INFO - 127.0.0.1 - - [07/Sep/2023 01:18:20] "POST /searchTestReport HTTP/1.1" 200 -
2023-09-07 01:18:21,866 - INFO - 127.0.0.1 - - [07/Sep/2023 01:18:21] "POST /searchTestReport HTTP/1.1" 200 -
2023-09-07 01:18:22,188 - INFO - 127.0.0.1 - - [07/Sep/2023 01:18:22] "POST /searchTestReport HTTP/1.1" 200 -
2023-09-07 01:18:22,189 - INFO - 127.0.0.1 - - [07/Sep/2023 01:18:22] "POST /searchTestReport HTTP/1.1" 200 -
2023-09-07 01:18:22,189 - INFO - 127.0.0.1 - - [07/Sep/2023 01:18:22] "POST /searchTestReport HTTP/1.1" 200 -
2023-09-07 01:18:22,190 - INFO - 127.0.0.1 - - [07/Sep/2023 01:18:22] "POST /searchTestReport HTTP/1.1" 200 -
2023-09-07 01:18:22,192 - INFO - 127.0.0.1 - - [07/Sep/2023 01:18:22] "POST /searchTestReport HTTP/1.1" 200 -
2023-09-07 01:18:22,193 - INFO - 127.0.0.1 - - [07/Sep/2023 01:18:22] "POST /searchTestReport HTTP/1.1" 200 -
2023-09-07 01:18:22,513 - INFO - 127.0.0.1 - - [07/Sep/2023 01:18:22] "POST /searchTestReport HTTP/1.1" 200 -
2023-09-07 01:18:22,514 - INFO - 127.0.0.1 - - [07/Sep/2023 01:18:22] "POST /searchTestReport HTTP/1.1" 200 -
2023-09-07 01:18:22,515 - INFO - 127.0.0.1 - - [07/Sep/2023 01:18:22] "POST /searchTestReport HTTP/1.1" 200 -
2023-09-07 01:18:22,605 - INFO - 127.0.0.1 - - [07/Sep/2023 01:18:22] "POST /searchTestReport HTTP/1.1" 200 -
2023-09-07 01:18:22,605 - INFO - 127.0.0.1 - - [07/Sep/2023 01:18:22] "POST /searchTestReport HTTP/1.1" 200 -
2023-09-07 01:18:22,606 - INFO - 127.0.0.1 - - [07/Sep/2023 01:18:22] "POST /searchTestReport HTTP/1.1" 200 -
2023-09-07 01:18:22,819 - INFO - 127.0.0.1 - - [07/Sep/2023 01:18:22] "POST /searchTestReport HTTP/1.1" 200 -
2023-09-07 01:18:22,823 - INFO - 127.0.0.1 - - [07/Sep/2023 01:18:22] "POST /searchTestReport HTTP/1.1" 200 -
2023-09-07 01:18:22,823 - INFO - 127.0.0.1 - - [07/Sep/2023 01:18:22] "POST /searchTestReport HTTP/1.1" 200 -
2023-09-07 01:18:22,917 - INFO - 127.0.0.1 - - [07/Sep/2023 01:18:22] "POST /searchTestReport HTTP/1.1" 200 -
2023-09-07 01:18:22,918 - INFO - 127.0.0.1 - - [07/Sep/2023 01:18:22] "POST /searchTestReport HTTP/1.1" 200 -
2023-09-07 01:18:22,918 - INFO - 127.0.0.1 - - [07/Sep/2023 01:18:22] "POST /searchTestReport HTTP/1.1" 200 -
2023-09-07 01:18:23,134 - INFO - 127.0.0.1 - - [07/Sep/2023 01:18:23] "POST /searchTestReport HTTP/1.1" 200 -
2023-09-07 01:18:36,166 - INFO - 127.0.0.1 - - [07/Sep/2023 01:18:36] "OPTIONS /searchTestReport HTTP/1.1" 200 -
2023-09-07 01:18:36,474 - INFO - 127.0.0.1 - - [07/Sep/2023 01:18:36] "OPTIONS /searchTestReport HTTP/1.1" 200 -
2023-09-07 01:18:36,475 - INFO - 127.0.0.1 - - [07/Sep/2023 01:18:36] "OPTIONS /searchTestReport HTTP/1.1" 200 -
2023-09-07 01:18:36,476 - INFO - 127.0.0.1 - - [07/Sep/2023 01:18:36] "OPTIONS /searchTestReport HTTP/1.1" 200 -
2023-09-07 01:18:36,478 - INFO - 127.0.0.1 - - [07/Sep/2023 01:18:36] "OPTIONS /searchTestReport HTTP/1.1" 200 -
2023-09-07 01:18:36,482 - INFO - 127.0.0.1 - - [07/Sep/2023 01:18:36] "OPTIONS /searchTestReport HTTP/1.1" 200 -
2023-09-07 01:18:36,492 - INFO - 127.0.0.1 - - [07/Sep/2023 01:18:36] "POST /searchTestReport HTTP/1.1" 200 -
2023-09-07 01:18:36,494 - INFO - 127.0.0.1 - - [07/Sep/2023 01:18:36] "POST /searchTestReport HTTP/1.1" 200 -
2023-09-07 01:18:36,494 - INFO - 127.0.0.1 - - [07/Sep/2023 01:18:36] "POST /searchTestReport HTTP/1.1" 200 -
2023-09-07 01:18:36,495 - INFO - 127.0.0.1 - - [07/Sep/2023 01:18:36] "POST /searchTestReport HTTP/1.1" 200 -
2023-09-07 01:18:36,495 - INFO - 127.0.0.1 - - [07/Sep/2023 01:18:36] "POST /searchTestReport HTTP/1.1" 200 -
2023-09-07 01:18:36,742 - INFO - 127.0.0.1 - - [07/Sep/2023 01:18:36] "POST /searchTestReport HTTP/1.1" 200 -
2023-09-07 01:18:36,809 - INFO - 127.0.0.1 - - [07/Sep/2023 01:18:36] "POST /searchTestReport HTTP/1.1" 200 -
2023-09-07 01:18:36,811 - INFO - 127.0.0.1 - - [07/Sep/2023 01:18:36] "POST /searchTestReport HTTP/1.1" 200 -
2023-09-07 01:18:36,811 - INFO - 127.0.0.1 - - [07/Sep/2023 01:18:36] "POST /searchTestReport HTTP/1.1" 200 -
2023-09-07 01:18:36,812 - INFO - 127.0.0.1 - - [07/Sep/2023 01:18:36] "POST /searchTestReport HTTP/1.1" 200 -
2023-09-07 01:18:41,516 - INFO - 127.0.0.1 - - [07/Sep/2023 01:18:41] "POST /searchTestReport HTTP/1.1" 200 -
2023-09-07 01:18:41,518 - INFO - 127.0.0.1 - - [07/Sep/2023 01:18:41] "POST /searchTestReport HTTP/1.1" 200 -
2023-09-07 01:18:41,518 - INFO - 127.0.0.1 - - [07/Sep/2023 01:18:41] "POST /searchTestReport HTTP/1.1" 200 -
2023-09-07 01:18:41,519 - INFO - 127.0.0.1 - - [07/Sep/2023 01:18:41] "POST /searchTestReport HTTP/1.1" 200 -
2023-09-07 01:18:41,519 - INFO - 127.0.0.1 - - [07/Sep/2023 01:18:41] "POST /searchTestReport HTTP/1.1" 200 -
2023-09-07 01:18:41,522 - INFO - 127.0.0.1 - - [07/Sep/2023 01:18:41] "POST /searchTestReport HTTP/1.1" 200 -
2023-09-07 01:18:41,844 - INFO - 127.0.0.1 - - [07/Sep/2023 01:18:41] "POST /searchTestReport HTTP/1.1" 200 -
2023-09-07 01:18:41,845 - INFO - 127.0.0.1 - - [07/Sep/2023 01:18:41] "POST /searchTestReport HTTP/1.1" 200 -
2023-09-07 01:18:41,846 - INFO - 127.0.0.1 - - [07/Sep/2023 01:18:41] "POST /searchTestReport HTTP/1.1" 200 -
2023-09-07 01:18:41,848 - INFO - 127.0.0.1 - - [07/Sep/2023 01:18:41] "POST /searchTestReport HTTP/1.1" 200 -
2023-09-07 01:24:43,378 - INFO - 127.0.0.1 - - [07/Sep/2023 01:24:43] "GET /getTeamScript/6 HTTP/1.1" 200 -
2023-09-07 01:24:48,039 - INFO - 127.0.0.1 - - [07/Sep/2023 01:24:48] "GET /getTeamScript/6 HTTP/1.1" 200 -
2023-09-07 01:32:30,391 - INFO - 127.0.0.1 - - [07/Sep/2023 01:32:30] "GET /getTeamScript/6 HTTP/1.1" 200 -
2023-09-07 01:32:30,649 - INFO - 127.0.0.1 - - [07/Sep/2023 01:32:30] "GET /getTeamScript/6 HTTP/1.1" 200 -
2023-09-07 01:32:33,328 - INFO - 127.0.0.1 - - [07/Sep/2023 01:32:33] "GET /getTeamScript/6 HTTP/1.1" 200 -
2023-09-07 01:32:33,634 - INFO - 127.0.0.1 - - [07/Sep/2023 01:32:33] "GET /getTeamScript/6 HTTP/1.1" 200 -
2023-09-07 01:33:17,335 - INFO - 127.0.0.1 - - [07/Sep/2023 01:33:17] "GET /getTeamScript/6 HTTP/1.1" 200 -
2023-09-07 01:33:20,796 - INFO - 127.0.0.1 - - [07/Sep/2023 01:33:20] "OPTIONS /searchTestReport HTTP/1.1" 200 -
2023-09-07 01:33:21,112 - INFO - 127.0.0.1 - - [07/Sep/2023 01:33:21] "OPTIONS /searchTestReport HTTP/1.1" 200 -
2023-09-07 01:33:21,117 - INFO - 127.0.0.1 - - [07/Sep/2023 01:33:21] "POST /searchTestReport HTTP/1.1" 200 -
2023-09-07 01:33:21,376 - INFO - 127.0.0.1 - - [07/Sep/2023 01:33:21] "POST /searchTestReport HTTP/1.1" 200 -
2023-09-07 01:35:07,327 - INFO - 127.0.0.1 - - [07/Sep/2023 01:35:07] "OPTIONS /searchTestReport HTTP/1.1" 200 -
2023-09-07 01:35:07,327 - INFO - 127.0.0.1 - - [07/Sep/2023 01:35:07] "OPTIONS /searchTestReport HTTP/1.1" 200 -
2023-09-07 01:35:07,658 - INFO - 127.0.0.1 - - [07/Sep/2023 01:35:07] "POST /searchTestReport HTTP/1.1" 200 -
2023-09-07 01:35:07,658 - INFO - 127.0.0.1 - - [07/Sep/2023 01:35:07] "POST /searchTestReport HTTP/1.1" 200 -
2023-09-07 01:35:27,197 - INFO - 127.0.0.1 - - [07/Sep/2023 01:35:27] "GET /getTeamScript/6 HTTP/1.1" 200 -
2023-09-07 01:35:27,510 - INFO - 127.0.0.1 - - [07/Sep/2023 01:35:27] "GET /getTeamScript/6 HTTP/1.1" 200 -
2023-09-07 01:35:31,112 - INFO - 127.0.0.1 - - [07/Sep/2023 01:35:31] "OPTIONS /searchTestReport HTTP/1.1" 200 -
2023-09-07 01:35:31,113 - INFO - 127.0.0.1 - - [07/Sep/2023 01:35:31] "OPTIONS /searchTestReport HTTP/1.1" 200 -
2023-09-07 01:35:31,118 - INFO - 127.0.0.1 - - [07/Sep/2023 01:35:31] "POST /searchTestReport HTTP/1.1" 200 -
2023-09-07 01:35:31,428 - INFO - 127.0.0.1 - - [07/Sep/2023 01:35:31] "POST /searchTestReport HTTP/1.1" 200 -
2023-09-07 01:35:32,173 - INFO - 127.0.0.1 - - [07/Sep/2023 01:35:32] "GET /test-report/157 HTTP/1.1" 200 -
2023-09-07 01:35:32,486 - INFO - 127.0.0.1 - - [07/Sep/2023 01:35:32] "GET /test-report/157 HTTP/1.1" 200 -
2023-09-07 01:35:32,497 - INFO - 127.0.0.1 - - [07/Sep/2023 01:35:32] "GET /getTeamMembers/6 HTTP/1.1" 200 -
2023-09-07 01:35:32,827 - INFO - 127.0.0.1 - - [07/Sep/2023 01:35:32] "GET /getTeamMembers/6 HTTP/1.1" 200 -
2023-09-07 01:35:39,373 - INFO - 127.0.0.1 - - [07/Sep/2023 01:35:39] "GET /test-report/157 HTTP/1.1" 200 -
2023-09-07 01:35:39,683 - INFO - 127.0.0.1 - - [07/Sep/2023 01:35:39] "GET /test-report/157 HTTP/1.1" 200 -
2023-09-07 01:35:39,699 - INFO - 127.0.0.1 - - [07/Sep/2023 01:35:39] "GET /getTeamMembers/6 HTTP/1.1" 200 -
2023-09-07 01:35:40,013 - INFO - 127.0.0.1 - - [07/Sep/2023 01:35:40] "GET /getTeamMembers/6 HTTP/1.1" 200 -
2023-09-07 01:36:15,336 - INFO - 127.0.0.1 - - [07/Sep/2023 01:36:15] "GET /getTeamMembers/6 HTTP/1.1" 200 -
2023-09-07 01:36:15,339 - INFO - 127.0.0.1 - - [07/Sep/2023 01:36:15] "GET /test-report/157 HTTP/1.1" 200 -
2023-09-07 01:36:15,599 - INFO - 127.0.0.1 - - [07/Sep/2023 01:36:15] "GET /getTeamMembers/6 HTTP/1.1" 200 -
2023-09-07 01:36:17,613 - INFO - 127.0.0.1 - - [07/Sep/2023 01:36:17] "GET /getTestCases?testeventID=229 HTTP/1.1" 200 -
2023-09-07 01:36:17,954 - INFO - 127.0.0.1 - - [07/Sep/2023 01:36:17] "GET /testEventName?testeventID=229 HTTP/1.1" 200 -
2023-09-07 01:36:17,955 - INFO - 127.0.0.1 - - [07/Sep/2023 01:36:17] "GET /getTestCases?testeventID=229 HTTP/1.1" 200 -
2023-09-07 01:36:18,262 - INFO - 127.0.0.1 - - [07/Sep/2023 01:36:18] "GET /testEventName?testeventID=229 HTTP/1.1" 200 -
2023-09-07 01:36:23,012 - INFO - 127.0.0.1 - - [07/Sep/2023 01:36:23] "GET /test-report/157 HTTP/1.1" 200 -
2023-09-07 01:36:23,278 - INFO - 127.0.0.1 - - [07/Sep/2023 01:36:23] "GET /test-report/157 HTTP/1.1" 200 -
2023-09-07 01:36:23,327 - INFO - 127.0.0.1 - - [07/Sep/2023 01:36:23] "GET /getTeamMembers/6 HTTP/1.1" 200 -
2023-09-07 01:36:23,357 - INFO - 127.0.0.1 - - [07/Sep/2023 01:36:23] "GET /getTeamMembers/6 HTTP/1.1" 200 -
2023-09-07 01:36:25,967 - INFO - 127.0.0.1 - - [07/Sep/2023 01:36:25] "OPTIONS /searchTestReport HTTP/1.1" 200 -
2023-09-07 01:36:26,272 - INFO - 127.0.0.1 - - [07/Sep/2023 01:36:26] "OPTIONS /searchTestReport HTTP/1.1" 200 -
2023-09-07 01:36:26,277 - INFO - 127.0.0.1 - - [07/Sep/2023 01:36:26] "POST /searchTestReport HTTP/1.1" 200 -
2023-09-07 01:36:26,540 - INFO - 127.0.0.1 - - [07/Sep/2023 01:36:26] "POST /searchTestReport HTTP/1.1" 200 -
2023-09-07 01:40:56,345 - INFO - 127.0.0.1 - - [07/Sep/2023 01:40:56] "OPTIONS /searchTestReport HTTP/1.1" 200 -
2023-09-07 01:40:56,659 - INFO - 127.0.0.1 - - [07/Sep/2023 01:40:56] "POST /searchTestReport HTTP/1.1" 200 -
2023-09-07 01:41:15,015 - INFO - 127.0.0.1 - - [07/Sep/2023 01:41:15] "OPTIONS /searchTestReport HTTP/1.1" 200 -
2023-09-07 01:41:15,022 - INFO - 127.0.0.1 - - [07/Sep/2023 01:41:15] "POST /searchTestReport HTTP/1.1" 200 -
2023-09-07 01:41:24,042 - INFO - 127.0.0.1 - - [07/Sep/2023 01:41:24] "OPTIONS /searchTestReport HTTP/1.1" 200 -
2023-09-07 01:41:24,356 - INFO - 127.0.0.1 - - [07/Sep/2023 01:41:24] "POST /searchTestReport HTTP/1.1" 200 -
2023-09-07 01:41:39,799 - INFO - 127.0.0.1 - - [07/Sep/2023 01:41:39] "OPTIONS /searchTestReport HTTP/1.1" 200 -
2023-09-07 01:41:39,809 - INFO - 127.0.0.1 - - [07/Sep/2023 01:41:39] "POST /searchTestReport HTTP/1.1" 200 -
2023-09-07 01:41:46,326 - INFO - 127.0.0.1 - - [07/Sep/2023 01:41:46] "OPTIONS /searchTestReport HTTP/1.1" 200 -
2023-09-07 01:41:46,644 - INFO - 127.0.0.1 - - [07/Sep/2023 01:41:46] "POST /searchTestReport HTTP/1.1" 200 -
2023-09-07 01:41:58,726 - INFO - 127.0.0.1 - - [07/Sep/2023 01:41:58] "GET /getTeamScript/6 HTTP/1.1" 200 -
2023-09-07 01:41:59,042 - INFO - 127.0.0.1 - - [07/Sep/2023 01:41:59] "GET /getTeamScript/6 HTTP/1.1" 200 -
2023-09-07 01:42:00,175 - INFO - 127.0.0.1 - - [07/Sep/2023 01:42:00] "OPTIONS /searchTestReport HTTP/1.1" 200 -
2023-09-07 01:42:00,176 - INFO - 127.0.0.1 - - [07/Sep/2023 01:42:00] "OPTIONS /searchTestReport HTTP/1.1" 200 -
2023-09-07 01:42:00,183 - INFO - 127.0.0.1 - - [07/Sep/2023 01:42:00] "POST /searchTestReport HTTP/1.1" 200 -
2023-09-07 01:42:00,487 - INFO - 127.0.0.1 - - [07/Sep/2023 01:42:00] "POST /searchTestReport HTTP/1.1" 200 -
2023-09-07 01:42:02,284 - INFO - 127.0.0.1 - - [07/Sep/2023 01:42:02] "GET /getTeamScript/6 HTTP/1.1" 200 -
2023-09-07 01:42:02,599 - INFO - 127.0.0.1 - - [07/Sep/2023 01:42:02] "GET /getTeamScript/6 HTTP/1.1" 200 -
2023-09-07 01:42:06,347 - INFO - 127.0.0.1 - - [07/Sep/2023 01:42:06] "OPTIONS /searchTestReport HTTP/1.1" 200 -
2023-09-07 01:42:06,347 - INFO - 127.0.0.1 - - [07/Sep/2023 01:42:06] "OPTIONS /searchTestReport HTTP/1.1" 200 -
2023-09-07 01:42:06,662 - INFO - 127.0.0.1 - - [07/Sep/2023 01:42:06] "POST /searchTestReport HTTP/1.1" 200 -
2023-09-07 01:42:06,663 - INFO - 127.0.0.1 - - [07/Sep/2023 01:42:06] "POST /searchTestReport HTTP/1.1" 200 -
2023-09-07 01:43:15,534 - INFO - 127.0.0.1 - - [07/Sep/2023 01:43:15] "GET /getTeamScript/6 HTTP/1.1" 200 -
2023-09-07 01:43:15,798 - INFO - 127.0.0.1 - - [07/Sep/2023 01:43:15] "GET /getTeamScript/6 HTTP/1.1" 200 -
2023-09-07 01:43:16,567 - INFO - 127.0.0.1 - - [07/Sep/2023 01:43:16] "OPTIONS /getUserTeams/24 HTTP/1.1" 200 -
2023-09-07 01:43:16,872 - INFO - 127.0.0.1 - - [07/Sep/2023 01:43:16] "OPTIONS /getUserTeams/24 HTTP/1.1" 200 -
2023-09-07 01:43:16,883 - INFO - 127.0.0.1 - - [07/Sep/2023 01:43:16] "GET /getUserTeams/24 HTTP/1.1" 200 -
2023-09-07 01:43:17,198 - INFO - 127.0.0.1 - - [07/Sep/2023 01:43:17] "GET /getUserTeams/24 HTTP/1.1" 200 -
2023-09-07 01:45:41,658 - INFO - 127.0.0.1 - - [07/Sep/2023 01:45:41] "GET /getTeamMembers/6 HTTP/1.1" 200 -
2023-09-07 01:45:41,901 - INFO - 127.0.0.1 - - [07/Sep/2023 01:45:41] "GET /getTeamMembers/6 HTTP/1.1" 200 -
2023-09-07 01:45:41,975 - INFO - 127.0.0.1 - - [07/Sep/2023 01:45:41] "GET /tasklists/6 HTTP/1.1" 200 -
2023-09-07 01:45:42,009 - INFO - 127.0.0.1 - - [07/Sep/2023 01:45:42] "GET /tasklists/6 HTTP/1.1" 200 -
2023-09-07 01:45:43,846 - INFO - 127.0.0.1 - - [07/Sep/2023 01:45:43] "GET /getTeamScript/6 HTTP/1.1" 200 -
2023-09-07 01:45:44,154 - INFO - 127.0.0.1 - - [07/Sep/2023 01:45:44] "GET /getTeamScript/6 HTTP/1.1" 200 -
2023-09-07 01:45:46,392 - INFO - 127.0.0.1 - - [07/Sep/2023 01:45:46] "GET /team/6 HTTP/1.1" 200 -
2023-09-07 01:45:46,644 - INFO - 127.0.0.1 - - [07/Sep/2023 01:45:46] "GET /team/6 HTTP/1.1" 200 -
2023-09-07 01:45:47,654 - INFO - 127.0.0.1 - - [07/Sep/2023 01:45:47] "GET /tasklists/6 HTTP/1.1" 200 -
2023-09-07 01:45:47,960 - INFO - 127.0.0.1 - - [07/Sep/2023 01:45:47] "GET /tasklists/6 HTTP/1.1" 200 -
2023-09-07 01:45:48,996 - INFO - 127.0.0.1 - - [07/Sep/2023 01:45:48] "GET /team/6 HTTP/1.1" 200 -
2023-09-07 01:45:49,243 - INFO - 127.0.0.1 - - [07/Sep/2023 01:45:49] "GET /team/6 HTTP/1.1" 200 -
2023-09-07 01:45:50,844 - INFO - 127.0.0.1 - - [07/Sep/2023 01:45:50] "GET /tasklists/6 HTTP/1.1" 200 -
2023-09-07 01:45:51,159 - INFO - 127.0.0.1 - - [07/Sep/2023 01:45:51] "GET /tasklists/6 HTTP/1.1" 200 -
2023-09-07 01:45:52,079 - INFO - 127.0.0.1 - - [07/Sep/2023 01:45:52] "GET /getTeamScript/6 HTTP/1.1" 200 -
2023-09-07 01:45:52,347 - INFO - 127.0.0.1 - - [07/Sep/2023 01:45:52] "GET /getTeamScript/6 HTTP/1.1" 200 -
2023-09-07 01:45:53,077 - INFO - 127.0.0.1 - - [07/Sep/2023 01:45:53] "GET /getTeamMembers/6 HTTP/1.1" 200 -
2023-09-07 01:45:53,396 - INFO - 127.0.0.1 - - [07/Sep/2023 01:45:53] "GET /getTeamMembers/6 HTTP/1.1" 200 -
2023-09-07 01:45:53,402 - INFO - 127.0.0.1 - - [07/Sep/2023 01:45:53] "GET /tasklists/6 HTTP/1.1" 200 -
2023-09-07 01:45:53,705 - INFO - 127.0.0.1 - - [07/Sep/2023 01:45:53] "GET /tasklists/6 HTTP/1.1" 200 -
2023-09-07 01:46:36,845 - INFO - 127.0.0.1 - - [07/Sep/2023 01:46:36] "OPTIONS /getUserTeams/24 HTTP/1.1" 200 -
2023-09-07 01:46:36,847 - INFO - 127.0.0.1 - - [07/Sep/2023 01:46:36] "OPTIONS /getUserTeams/24 HTTP/1.1" 200 -
2023-09-07 01:46:37,115 - INFO - 127.0.0.1 - - [07/Sep/2023 01:46:37] "GET /getUserTeams/24 HTTP/1.1" 200 -
2023-09-07 01:46:37,163 - INFO - 127.0.0.1 - - [07/Sep/2023 01:46:37] "GET /getUserTeams/24 HTTP/1.1" 200 -
2023-09-07 01:46:43,745 - INFO - 127.0.0.1 - - [07/Sep/2023 01:46:43] "OPTIONS /getUserTeams/24 HTTP/1.1" 200 -
2023-09-07 01:46:44,047 - INFO - 127.0.0.1 - - [07/Sep/2023 01:46:44] "OPTIONS /getUserTeams/24 HTTP/1.1" 200 -
2023-09-07 01:46:44,058 - INFO - 127.0.0.1 - - [07/Sep/2023 01:46:44] "GET /getUserTeams/24 HTTP/1.1" 200 -
2023-09-07 01:46:44,384 - INFO - 127.0.0.1 - - [07/Sep/2023 01:46:44] "GET /getUserTeams/24 HTTP/1.1" 200 -
2023-09-07 01:47:37,376 - INFO - 127.0.0.1 - - [07/Sep/2023 01:47:37] "GET /getTeamMembers/6 HTTP/1.1" 200 -
2023-09-07 01:47:37,641 - INFO - 127.0.0.1 - - [07/Sep/2023 01:47:37] "GET /getTeamMembers/6 HTTP/1.1" 200 -
2023-09-07 01:47:37,688 - INFO - 127.0.0.1 - - [07/Sep/2023 01:47:37] "GET /tasklists/6 HTTP/1.1" 200 -
2023-09-07 01:47:37,728 - INFO - 127.0.0.1 - - [07/Sep/2023 01:47:37] "GET /tasklists/6 HTTP/1.1" 200 -
2023-09-07 01:47:38,412 - INFO - 127.0.0.1 - - [07/Sep/2023 01:47:38] "GET /tasklists/6 HTTP/1.1" 200 -
2023-09-07 01:47:38,727 - INFO - 127.0.0.1 - - [07/Sep/2023 01:47:38] "GET /tasklists/6 HTTP/1.1" 200 -
2023-09-07 01:47:40,107 - INFO - 127.0.0.1 - - [07/Sep/2023 01:47:40] "GET /getTeamScript/6 HTTP/1.1" 200 -
2023-09-07 01:47:40,357 - INFO - 127.0.0.1 - - [07/Sep/2023 01:47:40] "GET /getTeamScript/6 HTTP/1.1" 200 -
2023-09-07 01:47:41,979 - INFO - 127.0.0.1 - - [07/Sep/2023 01:47:41] "GET /team/6 HTTP/1.1" 200 -
2023-09-07 01:47:42,298 - INFO - 127.0.0.1 - - [07/Sep/2023 01:47:42] "GET /team/6 HTTP/1.1" 200 -
2023-09-07 01:47:43,157 - INFO - 127.0.0.1 - - [07/Sep/2023 01:47:43] "GET /getTeamMembers/6 HTTP/1.1" 200 -
2023-09-07 01:47:43,415 - INFO - 127.0.0.1 - - [07/Sep/2023 01:47:43] "GET /getTeamMembers/6 HTTP/1.1" 200 -
2023-09-07 01:47:43,464 - INFO - 127.0.0.1 - - [07/Sep/2023 01:47:43] "GET /tasklists/6 HTTP/1.1" 200 -
2023-09-07 01:47:43,497 - INFO - 127.0.0.1 - - [07/Sep/2023 01:47:43] "GET /tasklists/6 HTTP/1.1" 200 -
2023-09-07 01:47:43,774 - INFO - 127.0.0.1 - - [07/Sep/2023 01:47:43] "OPTIONS /getUserTeams/24 HTTP/1.1" 200 -
2023-09-07 01:47:43,974 - INFO - 127.0.0.1 - - [07/Sep/2023 01:47:43] "OPTIONS /getUserTeams/24 HTTP/1.1" 200 -
2023-09-07 01:47:43,984 - INFO - 127.0.0.1 - - [07/Sep/2023 01:47:43] "GET /getUserTeams/24 HTTP/1.1" 200 -
2023-09-07 01:47:44,089 - INFO - 127.0.0.1 - - [07/Sep/2023 01:47:44] "GET /getUserTeams/24 HTTP/1.1" 200 -
2023-09-07 01:48:56,386 - INFO - 127.0.0.1 - - [07/Sep/2023 01:48:56] "OPTIONS /login HTTP/1.1" 200 -
2023-09-07 01:48:56,780 - INFO - 127.0.0.1 - - [07/Sep/2023 01:48:56] "POST /login HTTP/1.1" 200 -
2023-09-07 01:48:56,830 - INFO - 127.0.0.1 - - [07/Sep/2023 01:48:56] "OPTIONS /getUserTeams/24 HTTP/1.1" 200 -
2023-09-07 01:48:57,147 - INFO - 127.0.0.1 - - [07/Sep/2023 01:48:57] "OPTIONS /getUserTeams/24 HTTP/1.1" 200 -
2023-09-07 01:48:57,157 - INFO - 127.0.0.1 - - [07/Sep/2023 01:48:57] "GET /getUserTeams/24 HTTP/1.1" 200 -
2023-09-07 01:48:57,478 - INFO - 127.0.0.1 - - [07/Sep/2023 01:48:57] "GET /getUserTeams/24 HTTP/1.1" 200 -
2023-09-07 01:49:06,072 - INFO - 127.0.0.1 - - [07/Sep/2023 01:49:06] "OPTIONS /getUserTeams/24 HTTP/1.1" 200 -
2023-09-07 01:49:06,073 - INFO - 127.0.0.1 - - [07/Sep/2023 01:49:06] "OPTIONS /getUserTeams/24 HTTP/1.1" 200 -
2023-09-07 01:49:06,344 - INFO - 127.0.0.1 - - [07/Sep/2023 01:49:06] "GET /getUserTeams/24 HTTP/1.1" 200 -
2023-09-07 01:49:06,392 - INFO - 127.0.0.1 - - [07/Sep/2023 01:49:06] "GET /getUserTeams/24 HTTP/1.1" 200 -
2023-09-07 01:49:10,805 - INFO - 127.0.0.1 - - [07/Sep/2023 01:49:10] "[35m[1mGET /contributions/24 HTTP/1.1[0m" 500 -
2023-09-07 01:49:11,108 - INFO - 127.0.0.1 - - [07/Sep/2023 01:49:11] "GET /user/24 HTTP/1.1" 200 -
2023-09-07 01:49:11,111 - INFO - 127.0.0.1 - - [07/Sep/2023 01:49:11] "[35m[1mGET /contributions/24 HTTP/1.1[0m" 500 -
2023-09-07 01:49:11,422 - INFO - 127.0.0.1 - - [07/Sep/2023 01:49:11] "GET /user/24 HTTP/1.1" 200 -
2023-09-07 01:49:17,227 - INFO - 127.0.0.1 - - [07/Sep/2023 01:49:17] "OPTIONS /getUserTeams/24 HTTP/1.1" 200 -
2023-09-07 01:49:17,228 - INFO - 127.0.0.1 - - [07/Sep/2023 01:49:17] "OPTIONS /getUserTeams/24 HTTP/1.1" 200 -
2023-09-07 01:49:17,498 - INFO - 127.0.0.1 - - [07/Sep/2023 01:49:17] "GET /getUserTeams/24 HTTP/1.1" 200 -
2023-09-07 01:49:17,544 - INFO - 127.0.0.1 - - [07/Sep/2023 01:49:17] "GET /getUserTeams/24 HTTP/1.1" 200 -
2023-09-07 01:59:01,614 - INFO - 127.0.0.1 - - [07/Sep/2023 01:59:01] "OPTIONS /getUserTeams/24 HTTP/1.1" 200 -
2023-09-07 01:59:01,615 - INFO - 127.0.0.1 - - [07/Sep/2023 01:59:01] "OPTIONS /getUserTeams/24 HTTP/1.1" 200 -
2023-09-07 01:59:01,887 - INFO - 127.0.0.1 - - [07/Sep/2023 01:59:01] "GET /getUserTeams/24 HTTP/1.1" 200 -
2023-09-07 01:59:01,935 - INFO - 127.0.0.1 - - [07/Sep/2023 01:59:01] "GET /getUserTeams/24 HTTP/1.1" 200 -
2023-09-07 01:59:03,930 - INFO - 127.0.0.1 - - [07/Sep/2023 01:59:03] "GET /getTeamMembers/6 HTTP/1.1" 200 -
2023-09-07 01:59:04,244 - INFO - 127.0.0.1 - - [07/Sep/2023 01:59:04] "GET /getTeamMembers/6 HTTP/1.1" 200 -
2023-09-07 01:59:04,275 - INFO - 127.0.0.1 - - [07/Sep/2023 01:59:04] "GET /tasklists/6 HTTP/1.1" 200 -
2023-09-07 01:59:04,589 - INFO - 127.0.0.1 - - [07/Sep/2023 01:59:04] "GET /tasklists/6 HTTP/1.1" 200 -
2023-09-07 01:59:05,264 - INFO - 127.0.0.1 - - [07/Sep/2023 01:59:05] "GET /getUserTeams/24 HTTP/1.1" 200 -
2023-09-07 01:59:05,528 - INFO - 127.0.0.1 - - [07/Sep/2023 01:59:05] "GET /getUserTeams/24 HTTP/1.1" 200 -
2023-09-07 01:59:10,014 - INFO - 127.0.0.1 - - [07/Sep/2023 01:59:10] "OPTIONS /getUserTeams/24 HTTP/1.1" 200 -
2023-09-07 01:59:10,327 - INFO - 127.0.0.1 - - [07/Sep/2023 01:59:10] "OPTIONS /getUserTeams/24 HTTP/1.1" 200 -
2023-09-07 01:59:10,335 - INFO - 127.0.0.1 - - [07/Sep/2023 01:59:10] "GET /getUserTeams/24 HTTP/1.1" 200 -
2023-09-07 01:59:10,646 - INFO - 127.0.0.1 - - [07/Sep/2023 01:59:10] "GET /getUserTeams/24 HTTP/1.1" 200 -
2023-09-07 01:59:10,736 - INFO - 127.0.0.1 - - [07/Sep/2023 01:59:10] "GET /getTeamMembers/9 HTTP/1.1" 200 -
2023-09-07 01:59:11,049 - INFO - 127.0.0.1 - - [07/Sep/2023 01:59:11] "GET /getTeamMembers/9 HTTP/1.1" 200 -
2023-09-07 01:59:11,063 - INFO - 127.0.0.1 - - [07/Sep/2023 01:59:11] "GET /tasklists/9 HTTP/1.1" 200 -
2023-09-07 01:59:11,373 - INFO - 127.0.0.1 - - [07/Sep/2023 01:59:11] "GET /tasklists/9 HTTP/1.1" 200 -
2023-09-07 01:59:12,278 - INFO - 127.0.0.1 - - [07/Sep/2023 01:59:12] "GET /getUserTeams/24 HTTP/1.1" 200 -
2023-09-07 01:59:12,527 - INFO - 127.0.0.1 - - [07/Sep/2023 01:59:12] "GET /getUserTeams/24 HTTP/1.1" 200 -
2023-09-07 01:59:49,145 - INFO - 127.0.0.1 - - [07/Sep/2023 01:59:49] "OPTIONS /login HTTP/1.1" 200 -
2023-09-07 01:59:49,540 - INFO - 127.0.0.1 - - [07/Sep/2023 01:59:49] "POST /login HTTP/1.1" 200 -
2023-09-07 01:59:49,885 - INFO - 127.0.0.1 - - [07/Sep/2023 01:59:49] "OPTIONS /getUserTeams/24 HTTP/1.1" 200 -
2023-09-07 01:59:49,886 - INFO - 127.0.0.1 - - [07/Sep/2023 01:59:49] "OPTIONS /getUserTeams/24 HTTP/1.1" 200 -
2023-09-07 01:59:50,161 - INFO - 127.0.0.1 - - [07/Sep/2023 01:59:50] "GET /getUserTeams/24 HTTP/1.1" 200 -
2023-09-07 01:59:50,205 - INFO - 127.0.0.1 - - [07/Sep/2023 01:59:50] "GET /getUserTeams/24 HTTP/1.1" 200 -
2023-09-07 01:59:56,894 - INFO - 127.0.0.1 - - [07/Sep/2023 01:59:56] "OPTIONS /getUserTeams/24 HTTP/1.1" 200 -
2023-09-07 01:59:57,209 - INFO - 127.0.0.1 - - [07/Sep/2023 01:59:57] "OPTIONS /getUserTeams/24 HTTP/1.1" 200 -
2023-09-07 01:59:57,218 - INFO - 127.0.0.1 - - [07/Sep/2023 01:59:57] "GET /getUserTeams/24 HTTP/1.1" 200 -
2023-09-07 01:59:57,543 - INFO - 127.0.0.1 - - [07/Sep/2023 01:59:57] "GET /getUserTeams/24 HTTP/1.1" 200 -
2023-09-07 02:00:01,673 - INFO - 127.0.0.1 - - [07/Sep/2023 02:00:01] "GET /getTeamMembers/6 HTTP/1.1" 200 -
2023-09-07 02:00:01,939 - INFO - 127.0.0.1 - - [07/Sep/2023 02:00:01] "GET /getTeamMembers/6 HTTP/1.1" 200 -
2023-09-07 02:00:01,986 - INFO - 127.0.0.1 - - [07/Sep/2023 02:00:01] "GET /tasklists/6 HTTP/1.1" 200 -
2023-09-07 02:00:02,017 - INFO - 127.0.0.1 - - [07/Sep/2023 02:00:02] "GET /tasklists/6 HTTP/1.1" 200 -
2023-09-07 02:00:05,961 - INFO - 127.0.0.1 - - [07/Sep/2023 02:00:05] "GET /tasklists/6 HTTP/1.1" 200 -
2023-09-07 02:00:06,274 - INFO - 127.0.0.1 - - [07/Sep/2023 02:00:06] "GET /tasklists/6 HTTP/1.1" 200 -
2023-09-07 02:00:17,044 - INFO - 127.0.0.1 - - [07/Sep/2023 02:00:17] "OPTIONS /searchTestCase HTTP/1.1" 200 -
2023-09-07 02:00:17,055 - INFO - 127.0.0.1 - - [07/Sep/2023 02:00:17] "[33mPOST /searchTestCase HTTP/1.1[0m" 404 -
2023-09-07 02:00:18,335 - INFO - 127.0.0.1 - - [07/Sep/2023 02:00:18] "[33mPOST /searchTestCase HTTP/1.1[0m" 404 -
2023-09-07 02:00:18,583 - INFO - 127.0.0.1 - - [07/Sep/2023 02:00:18] "POST /searchTestCase HTTP/1.1" 200 -
2023-09-07 02:00:19,787 - INFO - 127.0.0.1 - - [07/Sep/2023 02:00:19] "OPTIONS /saveTask HTTP/1.1" 200 -
2023-09-07 02:00:20,124 - INFO - 127.0.0.1 - - [07/Sep/2023 02:00:20] "POST /saveTask HTTP/1.1" 200 -
2023-09-07 02:00:24,002 - INFO - 127.0.0.1 - - [07/Sep/2023 02:00:24] "[35m[1mGET /test-report/145 HTTP/1.1[0m" 500 -
2023-09-07 02:00:24,321 - INFO - 127.0.0.1 - - [07/Sep/2023 02:00:24] "[35m[1mGET /test-report/145 HTTP/1.1[0m" 500 -
2023-09-07 02:00:24,631 - INFO - 127.0.0.1 - - [07/Sep/2023 02:00:24] "[35m[1mGET /test-report/145 HTTP/1.1[0m" 500 -
2023-09-07 02:00:25,568 - INFO - 127.0.0.1 - - [07/Sep/2023 02:00:25] "GET /tasklists/6 HTTP/1.1" 200 -
2023-09-07 02:00:25,879 - INFO - 127.0.0.1 - - [07/Sep/2023 02:00:25] "GET /tasklists/6 HTTP/1.1" 200 -
2023-09-07 02:00:28,375 - INFO - 127.0.0.1 - - [07/Sep/2023 02:00:28] "[35m[1mGET /test-report/146 HTTP/1.1[0m" 500 -
2023-09-07 02:00:28,638 - INFO - 127.0.0.1 - - [07/Sep/2023 02:00:28] "[35m[1mGET /test-report/146 HTTP/1.1[0m" 500 -
2023-09-07 02:00:28,697 - INFO - 127.0.0.1 - - [07/Sep/2023 02:00:28] "[35m[1mGET /test-report/146 HTTP/1.1[0m" 500 -
2023-09-07 02:00:31,039 - INFO - 127.0.0.1 - - [07/Sep/2023 02:00:31] "GET /tasklists/6 HTTP/1.1" 200 -
2023-09-07 02:00:31,358 - INFO - 127.0.0.1 - - [07/Sep/2023 02:00:31] "GET /tasklists/6 HTTP/1.1" 200 -
2023-09-07 02:00:33,070 - INFO - 127.0.0.1 - - [07/Sep/2023 02:00:33] "[35m[1mGET /test-report/146 HTTP/1.1[0m" 500 -
2023-09-07 02:00:33,319 - INFO - 127.0.0.1 - - [07/Sep/2023 02:00:33] "[35m[1mGET /test-report/146 HTTP/1.1[0m" 500 -
2023-09-07 02:00:33,381 - INFO - 127.0.0.1 - - [07/Sep/2023 02:00:33] "[35m[1mGET /test-report/146 HTTP/1.1[0m" 500 -
2023-09-07 02:00:34,238 - INFO - 127.0.0.1 - - [07/Sep/2023 02:00:34] "GET /tasklists/6 HTTP/1.1" 200 -
2023-09-07 02:00:34,559 - INFO - 127.0.0.1 - - [07/Sep/2023 02:00:34] "GET /tasklists/6 HTTP/1.1" 200 -
2023-09-07 02:00:36,908 - INFO - 127.0.0.1 - - [07/Sep/2023 02:00:36] "GET /getTeamMembers/6 HTTP/1.1" 200 -
2023-09-07 02:00:37,168 - INFO - 127.0.0.1 - - [07/Sep/2023 02:00:37] "GET /getTeamMembers/6 HTTP/1.1" 200 -
2023-09-07 02:00:37,231 - INFO - 127.0.0.1 - - [07/Sep/2023 02:00:37] "GET /tasklists/6 HTTP/1.1" 200 -
2023-09-07 02:00:37,236 - INFO - 127.0.0.1 - - [07/Sep/2023 02:00:37] "GET /tasklists/6 HTTP/1.1" 200 -
2023-09-07 02:00:39,571 - INFO - 127.0.0.1 - - [07/Sep/2023 02:00:39] "GET /getTeamScript/6 HTTP/1.1" 200 -
2023-09-07 02:00:39,839 - INFO - 127.0.0.1 - - [07/Sep/2023 02:00:39] "GET /getTeamScript/6 HTTP/1.1" 200 -
2023-09-07 02:00:45,889 - INFO - 127.0.0.1 - - [07/Sep/2023 02:00:45] "OPTIONS /searchTestReport HTTP/1.1" 200 -
2023-09-07 02:00:45,896 - INFO - 127.0.0.1 - - [07/Sep/2023 02:00:45] "POST /searchTestReport HTTP/1.1" 200 -
2023-09-07 02:00:46,196 - INFO - 127.0.0.1 - - [07/Sep/2023 02:00:46] "OPTIONS /searchTestReport HTTP/1.1" 200 -
2023-09-07 02:00:46,504 - INFO - 127.0.0.1 - - [07/Sep/2023 02:00:46] "POST /searchTestReport HTTP/1.1" 200 -
2023-09-07 02:00:47,487 - INFO - 127.0.0.1 - - [07/Sep/2023 02:00:47] "GET /test-report/157 HTTP/1.1" 200 -
2023-09-07 02:00:47,733 - INFO - 127.0.0.1 - - [07/Sep/2023 02:00:47] "GET /test-report/157 HTTP/1.1" 200 -
2023-09-07 02:00:47,796 - INFO - 127.0.0.1 - - [07/Sep/2023 02:00:47] "GET /getTeamMembers/6 HTTP/1.1" 200 -
2023-09-07 02:00:47,827 - INFO - 127.0.0.1 - - [07/Sep/2023 02:00:47] "GET /getTeamMembers/6 HTTP/1.1" 200 -
2023-09-07 02:00:52,199 - INFO - 127.0.0.1 - - [07/Sep/2023 02:00:52] "OPTIONS /searchTestReport HTTP/1.1" 200 -
2023-09-07 02:00:52,207 - INFO - 127.0.0.1 - - [07/Sep/2023 02:00:52] "POST /searchTestReport HTTP/1.1" 200 -
2023-09-07 02:00:52,508 - INFO - 127.0.0.1 - - [07/Sep/2023 02:00:52] "OPTIONS /searchTestReport HTTP/1.1" 200 -
2023-09-07 02:00:52,823 - INFO - 127.0.0.1 - - [07/Sep/2023 02:00:52] "POST /searchTestReport HTTP/1.1" 200 -
2023-09-07 02:00:53,677 - INFO - 127.0.0.1 - - [07/Sep/2023 02:00:53] "GET /getTeamScript/6 HTTP/1.1" 200 -
2023-09-07 02:00:53,942 - INFO - 127.0.0.1 - - [07/Sep/2023 02:00:53] "GET /getTeamScript/6 HTTP/1.1" 200 -
2023-09-07 02:00:54,270 - INFO - 127.0.0.1 - - [07/Sep/2023 02:00:54] "GET /tasklists/6 HTTP/1.1" 200 -
2023-09-07 02:00:54,577 - INFO - 127.0.0.1 - - [07/Sep/2023 02:00:54] "GET /tasklists/6 HTTP/1.1" 200 -
2023-09-07 02:01:00,850 - INFO - 127.0.0.1 - - [07/Sep/2023 02:01:00] "OPTIONS /searchTestCase HTTP/1.1" 200 -
2023-09-07 02:01:00,857 - INFO - 127.0.0.1 - - [07/Sep/2023 02:01:00] "POST /searchTestCase HTTP/1.1" 200 -
2023-09-07 02:01:02,706 - INFO - 127.0.0.1 - - [07/Sep/2023 02:01:02] "OPTIONS /saveTask HTTP/1.1" 200 -
2023-09-07 02:01:03,033 - INFO - 127.0.0.1 - - [07/Sep/2023 02:01:03] "POST /saveTask HTTP/1.1" 200 -
2023-09-07 02:01:06,155 - INFO - 127.0.0.1 - - [07/Sep/2023 02:01:06] "GET /team/6 HTTP/1.1" 200 -
2023-09-07 02:01:06,467 - INFO - 127.0.0.1 - - [07/Sep/2023 02:01:06] "GET /team/6 HTTP/1.1" 200 -
2023-09-07 02:01:07,151 - INFO - 127.0.0.1 - - [07/Sep/2023 02:01:07] "GET /tasklists/6 HTTP/1.1" 200 -
2023-09-07 02:01:07,403 - INFO - 127.0.0.1 - - [07/Sep/2023 02:01:07] "GET /tasklists/6 HTTP/1.1" 200 -
2023-09-07 02:01:10,602 - INFO - 127.0.0.1 - - [07/Sep/2023 02:01:10] "OPTIONS /saveTask HTTP/1.1" 200 -
2023-09-07 02:01:10,928 - INFO - 127.0.0.1 - - [07/Sep/2023 02:01:10] "POST /saveTask HTTP/1.1" 200 -
2023-09-07 02:01:11,849 - INFO - 127.0.0.1 - - [07/Sep/2023 02:01:11] "POST /saveTask HTTP/1.1" 200 -
2023-09-07 02:01:13,023 - INFO - 127.0.0.1 - - [07/Sep/2023 02:01:13] "POST /saveTask HTTP/1.1" 200 -
2023-09-07 02:01:13,889 - INFO - 127.0.0.1 - - [07/Sep/2023 02:01:13] "POST /saveTask HTTP/1.1" 200 -
2023-09-07 02:01:15,075 - INFO - 127.0.0.1 - - [07/Sep/2023 02:01:15] "POST /saveTask HTTP/1.1" 200 -
2023-09-07 02:01:15,660 - INFO - 127.0.0.1 - - [07/Sep/2023 02:01:15] "OPTIONS /saveTask HTTP/1.1" 200 -
2023-09-07 02:01:15,976 - INFO - 127.0.0.1 - - [07/Sep/2023 02:01:15] "POST /saveTask HTTP/1.1" 200 -
2023-09-07 02:01:16,635 - INFO - 127.0.0.1 - - [07/Sep/2023 02:01:16] "POST /saveTask HTTP/1.1" 200 -
2023-09-07 02:01:17,984 - INFO - 127.0.0.1 - - [07/Sep/2023 02:01:17] "GET /team/6 HTTP/1.1" 200 -
2023-09-07 02:01:18,247 - INFO - 127.0.0.1 - - [07/Sep/2023 02:01:18] "GET /team/6 HTTP/1.1" 200 -
2023-09-07 02:01:18,536 - INFO - 127.0.0.1 - - [07/Sep/2023 02:01:18] "GET /tasklists/6 HTTP/1.1" 200 -
2023-09-07 02:01:18,855 - INFO - 127.0.0.1 - - [07/Sep/2023 02:01:18] "GET /tasklists/6 HTTP/1.1" 200 -
2023-09-07 02:01:20,226 - INFO - 127.0.0.1 - - [07/Sep/2023 02:01:20] "GET /getTeamScript/6 HTTP/1.1" 200 -
2023-09-07 02:01:20,472 - INFO - 127.0.0.1 - - [07/Sep/2023 02:01:20] "GET /getTeamScript/6 HTTP/1.1" 200 -
2023-09-07 02:01:22,529 - INFO - 127.0.0.1 - - [07/Sep/2023 02:01:22] "GET /getTeamMembers/6 HTTP/1.1" 200 -
2023-09-07 02:01:22,839 - INFO - 127.0.0.1 - - [07/Sep/2023 02:01:22] "GET /getTeamMembers/6 HTTP/1.1" 200 -
2023-09-07 02:01:22,855 - INFO - 127.0.0.1 - - [07/Sep/2023 02:01:22] "GET /tasklists/6 HTTP/1.1" 200 -
2023-09-07 02:01:23,165 - INFO - 127.0.0.1 - - [07/Sep/2023 02:01:23] "GET /tasklists/6 HTTP/1.1" 200 -
2023-09-07 02:01:23,738 - INFO - 127.0.0.1 - - [07/Sep/2023 02:01:23] "GET /getTeamScript/6 HTTP/1.1" 200 -
2023-09-07 02:01:24,004 - INFO - 127.0.0.1 - - [07/Sep/2023 02:01:24] "GET /getTeamScript/6 HTTP/1.1" 200 -
2023-09-07 02:03:29,044 - INFO - 127.0.0.1 - - [07/Sep/2023 02:03:29] "OPTIONS /runTestEvents HTTP/1.1" 200 -
2023-09-07 02:03:29,372 - INFO - ====== WebDriver manager ======
2023-09-07 02:03:30,234 - INFO - Get LATEST chromedriver version for google-chrome
2023-09-07 02:03:30,242 - INFO - Get LATEST chromedriver version for google-chrome
2023-09-07 02:03:30,242 - INFO - There is no [win64] chromedriver "116.0.5845.179" for browser google-chrome "116.0.5845.179" in cache
2023-09-07 02:03:30,242 - INFO - Get LATEST chromedriver version for google-chrome
2023-09-07 02:03:31,325 - INFO - WebDriver version 116.0.5845.96 selected
2023-09-07 02:03:31,326 - INFO - Modern chrome version https://edgedl.me.gvt1.com/edgedl/chrome/chrome-for-testing/116.0.5845.96/win32/chromedriver-win32.zip
2023-09-07 02:03:31,326 - INFO - About to download new driver from https://edgedl.me.gvt1.com/edgedl/chrome/chrome-for-testing/116.0.5845.96/win32/chromedriver-win32.zip
2023-09-07 02:03:32,712 - INFO - Driver downloading response is 200
2023-09-07 02:03:34,557 - INFO - Get LATEST chromedriver version for google-chrome
2023-09-07 02:03:34,635 - INFO - Driver has been saved in cache [C:\Users\hongj\.wdm\drivers\chromedriver\win64\116.0.5845.179]
2023-09-07 02:03:43,253 - INFO - 127.0.0.1 - - [07/Sep/2023 02:03:43] "[35m[1mPOST /runTestEvents HTTP/1.1[0m" 201 -
2023-09-07 02:03:43,561 - INFO - 127.0.0.1 - - [07/Sep/2023 02:03:43] "GET /test-report/158 HTTP/1.1" 200 -
2023-09-07 02:03:43,871 - INFO - 127.0.0.1 - - [07/Sep/2023 02:03:43] "GET /test-report/158 HTTP/1.1" 200 -
2023-09-07 02:03:43,887 - INFO - 127.0.0.1 - - [07/Sep/2023 02:03:43] "GET /getTeamMembers/6 HTTP/1.1" 200 -
2023-09-07 02:03:44,197 - INFO - 127.0.0.1 - - [07/Sep/2023 02:03:44] "GET /getTeamMembers/6 HTTP/1.1" 200 -
2023-09-07 02:05:38,904 - INFO -  * Detected change in 'D:\\final project\\dissertation-UI-test-platform\\backend\\app\\test_cases.py', reloading
2023-09-07 02:05:43,189 - INFO -  * Restarting with stat
2023-09-07 02:05:44,145 - WARNING -  * Debugger is active!
2023-09-07 02:05:44,147 - INFO -  * Debugger PIN: 643-615-311
2023-09-07 02:06:49,468 - INFO - 127.0.0.1 - - [07/Sep/2023 02:06:49] "GET /testEventName?testeventID=230 HTTP/1.1" 200 -
2023-09-07 02:06:49,470 - INFO - 127.0.0.1 - - [07/Sep/2023 02:06:49] "GET /getTestCases?testeventID=230 HTTP/1.1" 200 -
2023-09-07 02:06:49,705 - INFO - 127.0.0.1 - - [07/Sep/2023 02:06:49] "GET /testEventName?testeventID=230 HTTP/1.1" 200 -
2023-09-07 02:06:49,785 - INFO - 127.0.0.1 - - [07/Sep/2023 02:06:49] "GET /getTestCases?testeventID=230 HTTP/1.1" 200 -
2023-09-07 02:07:22,653 - INFO -  * Detected change in 'D:\\final project\\dissertation-UI-test-platform\\backend\\app\\test_cases.py', reloading
2023-09-07 02:07:22,764 - INFO -  * Restarting with stat
2023-09-07 02:07:23,621 - WARNING -  * Debugger is active!
2023-09-07 02:07:23,625 - INFO -  * Debugger PIN: 643-615-311
2023-09-07 02:07:32,472 - INFO - 127.0.0.1 - - [07/Sep/2023 02:07:32] "OPTIONS /runTestEvents HTTP/1.1" 200 -
2023-09-07 02:07:32,813 - INFO - 127.0.0.1 - - [07/Sep/2023 02:07:32] "[31m[1mPOST /runTestEvents HTTP/1.1[0m" 400 -
2023-09-07 02:07:35,519 - INFO - 127.0.0.1 - - [07/Sep/2023 02:07:35] "GET /test-report/158 HTTP/1.1" 200 -
2023-09-07 02:07:35,827 - INFO - 127.0.0.1 - - [07/Sep/2023 02:07:35] "GET /test-report/158 HTTP/1.1" 200 -
2023-09-07 02:07:35,874 - INFO - 127.0.0.1 - - [07/Sep/2023 02:07:35] "GET /getTeamMembers/6 HTTP/1.1" 200 -
2023-09-07 02:07:36,192 - INFO - 127.0.0.1 - - [07/Sep/2023 02:07:36] "GET /getTeamMembers/6 HTTP/1.1" 200 -
2023-09-07 02:07:48,767 - INFO - 127.0.0.1 - - [07/Sep/2023 02:07:48] "OPTIONS /runTestEvents HTTP/1.1" 200 -
2023-09-07 02:07:48,785 - INFO - ====== WebDriver manager ======
2023-09-07 02:07:49,526 - INFO - Get LATEST chromedriver version for google-chrome
2023-09-07 02:07:49,526 - INFO - Get LATEST chromedriver version for google-chrome
2023-09-07 02:07:49,526 - INFO - There is no [win64] chromedriver "116.0.5845.179" for browser google-chrome "116.0.5845.179" in cache
2023-09-07 02:07:49,526 - INFO - Get LATEST chromedriver version for google-chrome
2023-09-07 02:07:50,600 - INFO - WebDriver version 116.0.5845.96 selected
2023-09-07 02:07:50,601 - INFO - Modern chrome version https://edgedl.me.gvt1.com/edgedl/chrome/chrome-for-testing/116.0.5845.96/win32/chromedriver-win32.zip
2023-09-07 02:07:50,601 - INFO - About to download new driver from https://edgedl.me.gvt1.com/edgedl/chrome/chrome-for-testing/116.0.5845.96/win32/chromedriver-win32.zip
2023-09-07 02:07:51,769 - INFO - Driver downloading response is 200
2023-09-07 02:07:53,785 - INFO - Get LATEST chromedriver version for google-chrome
2023-09-07 02:07:53,886 - INFO - Driver has been saved in cache [C:\Users\hongj\.wdm\drivers\chromedriver\win64\116.0.5845.179]
2023-09-07 02:08:02,335 - INFO - 127.0.0.1 - - [07/Sep/2023 02:08:02] "[35m[1mPOST /runTestEvents HTTP/1.1[0m" 201 -
2023-09-07 02:08:02,639 - INFO - 127.0.0.1 - - [07/Sep/2023 02:08:02] "GET /test-report/159 HTTP/1.1" 200 -
2023-09-07 02:08:02,954 - INFO - 127.0.0.1 - - [07/Sep/2023 02:08:02] "GET /test-report/159 HTTP/1.1" 200 -
2023-09-07 02:08:02,969 - INFO - 127.0.0.1 - - [07/Sep/2023 02:08:02] "GET /getTeamMembers/6 HTTP/1.1" 200 -
2023-09-07 02:08:03,280 - INFO - 127.0.0.1 - - [07/Sep/2023 02:08:03] "GET /getTeamMembers/6 HTTP/1.1" 200 -
2023-09-07 02:08:42,714 - INFO -  * Detected change in 'D:\\final project\\dissertation-UI-test-platform\\backend\\app\\test_cases.py', reloading
2023-09-07 02:08:46,922 - INFO -  * Restarting with stat
2023-09-07 02:08:47,651 - WARNING -  * Debugger is active!
2023-09-07 02:08:47,653 - INFO -  * Debugger PIN: 643-615-311
2023-09-07 02:11:16,379 - INFO - 127.0.0.1 - - [07/Sep/2023 02:11:16] "OPTIONS /runTestEvents HTTP/1.1" 200 -
2023-09-07 02:11:16,725 - INFO - ====== WebDriver manager ======
2023-09-07 02:11:17,443 - INFO - Get LATEST chromedriver version for google-chrome
2023-09-07 02:11:17,445 - INFO - Get LATEST chromedriver version for google-chrome
2023-09-07 02:11:17,445 - INFO - There is no [win64] chromedriver "116.0.5845.179" for browser google-chrome "116.0.5845.179" in cache
2023-09-07 02:11:17,445 - INFO - Get LATEST chromedriver version for google-chrome
2023-09-07 02:11:18,528 - INFO - WebDriver version 116.0.5845.96 selected
2023-09-07 02:11:18,528 - INFO - Modern chrome version https://edgedl.me.gvt1.com/edgedl/chrome/chrome-for-testing/116.0.5845.96/win32/chromedriver-win32.zip
2023-09-07 02:11:18,528 - INFO - About to download new driver from https://edgedl.me.gvt1.com/edgedl/chrome/chrome-for-testing/116.0.5845.96/win32/chromedriver-win32.zip
2023-09-07 02:11:19,648 - INFO - Driver downloading response is 200
2023-09-07 02:11:21,674 - INFO - Get LATEST chromedriver version for google-chrome
2023-09-07 02:11:21,751 - INFO - Driver has been saved in cache [C:\Users\hongj\.wdm\drivers\chromedriver\win64\116.0.5845.179]
2023-09-07 02:11:28,175 - ERROR - Error occurred in function click_button. Screenshot saved as click_button_screenshot.png: Unable to locate element using this selector
2023-09-07 02:11:28,202 - INFO - 127.0.0.1 - - [07/Sep/2023 02:11:28] "[31m[1mPOST /runTestEvents HTTP/1.1[0m" 400 -
2023-09-07 02:13:07,999 - INFO - [31m[1mWARNING: This is a development server. Do not use it in a production deployment. Use a production WSGI server instead.[0m
 * Running on all addresses (0.0.0.0)
 * Running on http://127.0.0.1:5000
 * Running on http://192.168.3.38:5000
2023-09-07 02:13:07,999 - INFO - [33mPress CTRL+C to quit[0m
2023-09-07 02:13:08,000 - INFO -  * Restarting with stat
2023-09-07 02:13:08,728 - WARNING -  * Debugger is active!
2023-09-07 02:13:08,730 - INFO -  * Debugger PIN: 643-615-311
2023-09-07 02:13:15,228 - INFO - 127.0.0.1 - - [07/Sep/2023 02:13:15] "OPTIONS /runTestEvents HTTP/1.1" 200 -
2023-09-07 02:13:15,565 - INFO - ====== WebDriver manager ======
2023-09-07 02:13:16,231 - INFO - Get LATEST chromedriver version for google-chrome
2023-09-07 02:13:16,235 - INFO - Get LATEST chromedriver version for google-chrome
2023-09-07 02:13:16,235 - INFO - There is no [win64] chromedriver "116.0.5845.179" for browser google-chrome "116.0.5845.179" in cache
2023-09-07 02:13:16,235 - INFO - Get LATEST chromedriver version for google-chrome
2023-09-07 02:13:17,307 - INFO - WebDriver version 116.0.5845.96 selected
2023-09-07 02:13:17,307 - INFO - Modern chrome version https://edgedl.me.gvt1.com/edgedl/chrome/chrome-for-testing/116.0.5845.96/win32/chromedriver-win32.zip
2023-09-07 02:13:17,307 - INFO - About to download new driver from https://edgedl.me.gvt1.com/edgedl/chrome/chrome-for-testing/116.0.5845.96/win32/chromedriver-win32.zip
2023-09-07 02:13:18,459 - INFO - Driver downloading response is 200
2023-09-07 02:13:20,437 - INFO - Get LATEST chromedriver version for google-chrome
2023-09-07 02:13:20,513 - INFO - Driver has been saved in cache [C:\Users\hongj\.wdm\drivers\chromedriver\win64\116.0.5845.179]
2023-09-07 02:13:26,312 - ERROR - Error occurred in function click_button. Screenshot saved as click_button_screenshot.png: Unable to locate element using this selector
2023-09-07 02:13:26,339 - INFO - 127.0.0.1 - - [07/Sep/2023 02:13:26] "[31m[1mPOST /runTestEvents HTTP/1.1[0m" 400 -
2023-09-07 02:13:49,808 - INFO -  * Detected change in 'D:\\final project\\dissertation-UI-test-platform\\backend\\app\\test_cases.py', reloading
2023-09-07 02:13:51,996 - INFO -  * Restarting with stat
2023-09-07 02:13:52,728 - WARNING -  * Debugger is active!
2023-09-07 02:13:52,728 - INFO -  * Debugger PIN: 643-615-311
2023-09-07 02:14:01,406 - INFO - 127.0.0.1 - - [07/Sep/2023 02:14:01] "OPTIONS /runTestEvents HTTP/1.1" 200 -
2023-09-07 02:14:01,760 - INFO - ====== WebDriver manager ======
2023-09-07 02:14:02,496 - INFO - Get LATEST chromedriver version for google-chrome
2023-09-07 02:14:02,499 - INFO - Get LATEST chromedriver version for google-chrome
2023-09-07 02:14:02,499 - INFO - There is no [win64] chromedriver "116.0.5845.179" for browser google-chrome "116.0.5845.179" in cache
2023-09-07 02:14:02,499 - INFO - Get LATEST chromedriver version for google-chrome
2023-09-07 02:14:03,568 - INFO - WebDriver version 116.0.5845.96 selected
2023-09-07 02:14:03,569 - INFO - Modern chrome version https://edgedl.me.gvt1.com/edgedl/chrome/chrome-for-testing/116.0.5845.96/win32/chromedriver-win32.zip
2023-09-07 02:14:03,569 - INFO - About to download new driver from https://edgedl.me.gvt1.com/edgedl/chrome/chrome-for-testing/116.0.5845.96/win32/chromedriver-win32.zip
2023-09-07 02:14:04,686 - INFO - Driver downloading response is 200
2023-09-07 02:14:06,676 - INFO - Get LATEST chromedriver version for google-chrome
2023-09-07 02:14:06,742 - INFO - Driver has been saved in cache [C:\Users\hongj\.wdm\drivers\chromedriver\win64\116.0.5845.179]
2023-09-07 02:14:15,526 - INFO - 127.0.0.1 - - [07/Sep/2023 02:14:15] "[35m[1mPOST /runTestEvents HTTP/1.1[0m" 201 -
2023-09-07 02:14:15,805 - INFO - 127.0.0.1 - - [07/Sep/2023 02:14:15] "GET /test-report/160 HTTP/1.1" 200 -
2023-09-07 02:14:16,110 - INFO - 127.0.0.1 - - [07/Sep/2023 02:14:16] "GET /test-report/160 HTTP/1.1" 200 -
2023-09-07 02:14:16,131 - INFO - 127.0.0.1 - - [07/Sep/2023 02:14:16] "GET /getTeamMembers/6 HTTP/1.1" 200 -
2023-09-07 02:14:16,449 - INFO - 127.0.0.1 - - [07/Sep/2023 02:14:16] "GET /getTeamMembers/6 HTTP/1.1" 200 -
2023-09-07 02:15:39,493 - INFO -  * Detected change in 'D:\\final project\\dissertation-UI-test-platform\\backend\\app\\test_cases.py', reloading
2023-09-07 02:15:43,661 - INFO -  * Restarting with stat
2023-09-07 02:15:44,342 - WARNING -  * Debugger is active!
2023-09-07 02:15:44,342 - INFO -  * Debugger PIN: 643-615-311
2023-09-07 02:16:06,165 - INFO - 127.0.0.1 - - [07/Sep/2023 02:16:06] "OPTIONS /runTestEvents HTTP/1.1" 200 -
2023-09-07 02:16:06,509 - INFO - ====== WebDriver manager ======
2023-09-07 02:16:07,247 - INFO - Get LATEST chromedriver version for google-chrome
2023-09-07 02:16:07,249 - INFO - Get LATEST chromedriver version for google-chrome
2023-09-07 02:16:07,249 - INFO - There is no [win64] chromedriver "116.0.5845.179" for browser google-chrome "116.0.5845.179" in cache
2023-09-07 02:16:07,249 - INFO - Get LATEST chromedriver version for google-chrome
2023-09-07 02:16:08,464 - INFO - WebDriver version 116.0.5845.96 selected
2023-09-07 02:16:08,464 - INFO - Modern chrome version https://edgedl.me.gvt1.com/edgedl/chrome/chrome-for-testing/116.0.5845.96/win32/chromedriver-win32.zip
2023-09-07 02:16:08,464 - INFO - About to download new driver from https://edgedl.me.gvt1.com/edgedl/chrome/chrome-for-testing/116.0.5845.96/win32/chromedriver-win32.zip
2023-09-07 02:16:09,607 - INFO - Driver downloading response is 200
2023-09-07 02:16:11,611 - INFO - Get LATEST chromedriver version for google-chrome
2023-09-07 02:16:11,687 - INFO - Driver has been saved in cache [C:\Users\hongj\.wdm\drivers\chromedriver\win64\116.0.5845.179]
2023-09-07 02:16:18,272 - ERROR - Error occurred in function click_button. Screenshot saved as click_button_screenshot.png: Unable to locate element: Message: no such element: Unable to locate element: {"method":"css selector","selector":".Link__StyledLink-sc-14289xe-0 dycbWg"}
  (Session info: chrome=116.0.5845.179)
Stacktrace:
	GetHandleVerifier [0x009737C3+48947]
	(No symbol) [0x00908551]
	(No symbol) [0x0080C92D]
	(No symbol) [0x00839E38]
	(No symbol) [0x00839EFB]
	(No symbol) [0x00868EF2]
	(No symbol) [0x008550D4]
	(No symbol) [0x008675DA]
	(No symbol) [0x00854E86]
	(No symbol) [0x008316C7]
	(No symbol) [0x0083284D]
	GetHandleVerifier [0x00BBFDF9+2458985]
	GetHandleVerifier [0x00C0744F+2751423]
	GetHandleVerifier [0x00C01361+2726609]
	GetHandleVerifier [0x009F0680+560624]
	(No symbol) [0x0091238C]
	(No symbol) [0x0090E268]
	(No symbol) [0x0090E392]
	(No symbol) [0x009010B7]
	BaseThreadInitThunk [0x76777D59+25]
	RtlInitializeExceptionChain [0x7765B79B+107]
	RtlClearBits [0x7765B71F+191]

2023-09-07 02:16:18,296 - INFO - 127.0.0.1 - - [07/Sep/2023 02:16:18] "[31m[1mPOST /runTestEvents HTTP/1.1[0m" 400 -
2023-09-07 02:18:49,091 - INFO -  * Detected change in 'D:\\final project\\dissertation-UI-test-platform\\backend\\app\\test_cases.py', reloading
2023-09-07 02:18:51,225 - INFO -  * Restarting with stat
2023-09-07 02:18:51,998 - WARNING -  * Debugger is active!
2023-09-07 02:18:52,000 - INFO -  * Debugger PIN: 643-615-311
2023-09-07 02:18:57,179 - INFO -  * Detected change in 'D:\\final project\\dissertation-UI-test-platform\\backend\\app\\test_cases.py', reloading
2023-09-07 02:18:57,272 - INFO -  * Restarting with stat
2023-09-07 02:18:57,970 - WARNING -  * Debugger is active!
2023-09-07 02:18:57,972 - INFO -  * Debugger PIN: 643-615-311
2023-09-07 02:19:06,125 - INFO - 127.0.0.1 - - [07/Sep/2023 02:19:06] "OPTIONS /runTestEvents HTTP/1.1" 200 -
2023-09-07 02:19:06,478 - INFO - ====== WebDriver manager ======
2023-09-07 02:19:07,145 - INFO - Get LATEST chromedriver version for google-chrome
2023-09-07 02:19:07,157 - INFO - Get LATEST chromedriver version for google-chrome
2023-09-07 02:19:07,157 - INFO - There is no [win64] chromedriver "116.0.5845.179" for browser google-chrome "116.0.5845.179" in cache
2023-09-07 02:19:07,157 - INFO - Get LATEST chromedriver version for google-chrome
2023-09-07 02:19:08,275 - INFO - WebDriver version 116.0.5845.96 selected
2023-09-07 02:19:08,275 - INFO - Modern chrome version https://edgedl.me.gvt1.com/edgedl/chrome/chrome-for-testing/116.0.5845.96/win32/chromedriver-win32.zip
2023-09-07 02:19:08,275 - INFO - About to download new driver from https://edgedl.me.gvt1.com/edgedl/chrome/chrome-for-testing/116.0.5845.96/win32/chromedriver-win32.zip
2023-09-07 02:19:09,436 - INFO - Driver downloading response is 200
2023-09-07 02:19:11,436 - INFO - Get LATEST chromedriver version for google-chrome
2023-09-07 02:19:11,512 - INFO - Driver has been saved in cache [C:\Users\hongj\.wdm\drivers\chromedriver\win64\116.0.5845.179]
2023-09-07 02:19:18,185 - INFO - 127.0.0.1 - - [07/Sep/2023 02:19:18] "[31m[1mPOST /runTestEvents HTTP/1.1[0m" 400 -
2023-09-07 02:19:43,501 - INFO - 127.0.0.1 - - [07/Sep/2023 02:19:43] "OPTIONS /saveTestEvents HTTP/1.1" 200 -
2023-09-07 02:19:43,515 - INFO - 127.0.0.1 - - [07/Sep/2023 02:19:43] "[35m[1mPOST /saveTestEvents HTTP/1.1[0m" 201 -
2023-09-07 02:19:48,948 - INFO - 127.0.0.1 - - [07/Sep/2023 02:19:48] "OPTIONS /runTestEvents HTTP/1.1" 200 -
2023-09-07 02:19:49,263 - INFO - ====== WebDriver manager ======
2023-09-07 02:19:49,931 - INFO - Get LATEST chromedriver version for google-chrome
2023-09-07 02:19:49,935 - INFO - Get LATEST chromedriver version for google-chrome
2023-09-07 02:19:49,935 - INFO - There is no [win64] chromedriver "116.0.5845.179" for browser google-chrome "116.0.5845.179" in cache
2023-09-07 02:19:49,935 - INFO - Get LATEST chromedriver version for google-chrome
2023-09-07 02:19:53,056 - INFO - WebDriver version 116.0.5845.96 selected
2023-09-07 02:19:53,056 - INFO - Modern chrome version https://edgedl.me.gvt1.com/edgedl/chrome/chrome-for-testing/116.0.5845.96/win32/chromedriver-win32.zip
2023-09-07 02:19:53,056 - INFO - About to download new driver from https://edgedl.me.gvt1.com/edgedl/chrome/chrome-for-testing/116.0.5845.96/win32/chromedriver-win32.zip
2023-09-07 02:19:54,184 - INFO - Driver downloading response is 200
2023-09-07 02:19:56,157 - INFO - Get LATEST chromedriver version for google-chrome
2023-09-07 02:19:56,230 - INFO - Driver has been saved in cache [C:\Users\hongj\.wdm\drivers\chromedriver\win64\116.0.5845.179]
2023-09-07 02:20:04,129 - INFO - 127.0.0.1 - - [07/Sep/2023 02:20:04] "[31m[1mPOST /runTestEvents HTTP/1.1[0m" 400 -
2023-09-07 02:25:51,736 - INFO - 127.0.0.1 - - [07/Sep/2023 02:25:51] "OPTIONS /runTestEvents HTTP/1.1" 200 -
2023-09-07 02:25:52,069 - INFO - ====== WebDriver manager ======
2023-09-07 02:25:52,872 - INFO - Get LATEST chromedriver version for google-chrome
2023-09-07 02:25:52,872 - INFO - Get LATEST chromedriver version for google-chrome
2023-09-07 02:25:52,872 - INFO - There is no [win64] chromedriver "116.0.5845.179" for browser google-chrome "116.0.5845.179" in cache
2023-09-07 02:25:52,872 - INFO - Get LATEST chromedriver version for google-chrome
2023-09-07 02:25:56,020 - INFO - WebDriver version 116.0.5845.96 selected
2023-09-07 02:25:56,020 - INFO - Modern chrome version https://edgedl.me.gvt1.com/edgedl/chrome/chrome-for-testing/116.0.5845.96/win32/chromedriver-win32.zip
2023-09-07 02:25:56,020 - INFO - About to download new driver from https://edgedl.me.gvt1.com/edgedl/chrome/chrome-for-testing/116.0.5845.96/win32/chromedriver-win32.zip
2023-09-07 02:25:57,143 - INFO - Driver downloading response is 200
2023-09-07 02:25:59,138 - INFO - Get LATEST chromedriver version for google-chrome
2023-09-07 02:25:59,221 - INFO - Driver has been saved in cache [C:\Users\hongj\.wdm\drivers\chromedriver\win64\116.0.5845.179]
2023-09-07 02:26:05,819 - INFO - 127.0.0.1 - - [07/Sep/2023 02:26:05] "[31m[1mPOST /runTestEvents HTTP/1.1[0m" 400 -
2023-09-07 02:27:07,412 - INFO - [31m[1mWARNING: This is a development server. Do not use it in a production deployment. Use a production WSGI server instead.[0m
 * Running on all addresses (0.0.0.0)
 * Running on http://127.0.0.1:5000
 * Running on http://192.168.3.38:5000
2023-09-07 02:27:07,412 - INFO - [33mPress CTRL+C to quit[0m
2023-09-07 02:27:07,412 - INFO -  * Restarting with stat
2023-09-07 02:27:08,067 - WARNING -  * Debugger is active!
2023-09-07 02:27:08,067 - INFO -  * Debugger PIN: 643-615-311
2023-09-07 02:27:30,509 - INFO - 127.0.0.1 - - [07/Sep/2023 02:27:30] "OPTIONS /runTestEvents HTTP/1.1" 200 -
2023-09-07 02:27:30,852 - INFO - ====== WebDriver manager ======
2023-09-07 02:27:31,535 - INFO - Get LATEST chromedriver version for google-chrome
2023-09-07 02:27:31,535 - INFO - Get LATEST chromedriver version for google-chrome
2023-09-07 02:27:31,535 - INFO - There is no [win64] chromedriver "116.0.5845.179" for browser google-chrome "116.0.5845.179" in cache
2023-09-07 02:27:31,535 - INFO - Get LATEST chromedriver version for google-chrome
2023-09-07 02:27:32,648 - INFO - WebDriver version 116.0.5845.96 selected
2023-09-07 02:27:32,649 - INFO - Modern chrome version https://edgedl.me.gvt1.com/edgedl/chrome/chrome-for-testing/116.0.5845.96/win32/chromedriver-win32.zip
2023-09-07 02:27:32,649 - INFO - About to download new driver from https://edgedl.me.gvt1.com/edgedl/chrome/chrome-for-testing/116.0.5845.96/win32/chromedriver-win32.zip
2023-09-07 02:27:33,782 - INFO - Driver downloading response is 200
2023-09-07 02:27:35,791 - INFO - Get LATEST chromedriver version for google-chrome
2023-09-07 02:27:35,861 - INFO - Driver has been saved in cache [C:\Users\hongj\.wdm\drivers\chromedriver\win64\116.0.5845.179]
2023-09-07 02:27:42,362 - INFO - 127.0.0.1 - - [07/Sep/2023 02:27:42] "[31m[1mPOST /runTestEvents HTTP/1.1[0m" 400 -
2023-09-07 02:28:26,130 - INFO -  * Detected change in 'D:\\final project\\dissertation-UI-test-platform\\backend\\app\\test_cases.py', reloading
2023-09-07 02:28:28,305 - INFO -  * Restarting with stat
2023-09-07 02:28:28,997 - WARNING -  * Debugger is active!
2023-09-07 02:28:28,997 - INFO -  * Debugger PIN: 643-615-311
2023-09-07 02:29:24,073 - INFO - 127.0.0.1 - - [07/Sep/2023 02:29:24] "OPTIONS /runTestEvents HTTP/1.1" 200 -
2023-09-07 02:29:24,412 - INFO - ====== WebDriver manager ======
2023-09-07 02:29:25,070 - INFO - Get LATEST chromedriver version for google-chrome
2023-09-07 02:29:25,075 - INFO - Get LATEST chromedriver version for google-chrome
2023-09-07 02:29:25,075 - INFO - There is no [win64] chromedriver "116.0.5845.179" for browser google-chrome "116.0.5845.179" in cache
2023-09-07 02:29:25,075 - INFO - Get LATEST chromedriver version for google-chrome
2023-09-07 02:29:26,180 - INFO - WebDriver version 116.0.5845.96 selected
2023-09-07 02:29:26,180 - INFO - Modern chrome version https://edgedl.me.gvt1.com/edgedl/chrome/chrome-for-testing/116.0.5845.96/win32/chromedriver-win32.zip
2023-09-07 02:29:26,180 - INFO - About to download new driver from https://edgedl.me.gvt1.com/edgedl/chrome/chrome-for-testing/116.0.5845.96/win32/chromedriver-win32.zip
2023-09-07 02:29:27,385 - INFO - Driver downloading response is 200
2023-09-07 02:29:29,380 - INFO - Get LATEST chromedriver version for google-chrome
2023-09-07 02:29:29,462 - INFO - Driver has been saved in cache [C:\Users\hongj\.wdm\drivers\chromedriver\win64\116.0.5845.179]
2023-09-07 02:29:42,787 - INFO - 127.0.0.1 - - [07/Sep/2023 02:29:42] "[35m[1mPOST /runTestEvents HTTP/1.1[0m" 201 -
2023-09-07 02:29:43,048 - INFO - 127.0.0.1 - - [07/Sep/2023 02:29:43] "GET /test-report/161 HTTP/1.1" 200 -
2023-09-07 02:29:43,357 - INFO - 127.0.0.1 - - [07/Sep/2023 02:29:43] "GET /test-report/161 HTTP/1.1" 200 -
2023-09-07 02:29:43,377 - INFO - 127.0.0.1 - - [07/Sep/2023 02:29:43] "GET /getTeamMembers/6 HTTP/1.1" 200 -
2023-09-07 02:29:43,694 - INFO - 127.0.0.1 - - [07/Sep/2023 02:29:43] "GET /getTeamMembers/6 HTTP/1.1" 200 -
2023-09-07 02:29:47,885 - INFO - 127.0.0.1 - - [07/Sep/2023 02:29:47] "GET /getTestCases?testeventID=242 HTTP/1.1" 200 -
2023-09-07 02:29:47,895 - INFO - 127.0.0.1 - - [07/Sep/2023 02:29:47] "GET /testEventName?testeventID=242 HTTP/1.1" 200 -
2023-09-07 02:29:48,142 - INFO - 127.0.0.1 - - [07/Sep/2023 02:29:48] "GET /getTestCases?testeventID=242 HTTP/1.1" 200 -
2023-09-07 02:29:48,203 - INFO - 127.0.0.1 - - [07/Sep/2023 02:29:48] "GET /testEventName?testeventID=242 HTTP/1.1" 200 -
2023-09-07 02:30:02,692 - INFO - 127.0.0.1 - - [07/Sep/2023 02:30:02] "OPTIONS /runTestEvents HTTP/1.1" 200 -
2023-09-07 02:30:02,701 - INFO - 127.0.0.1 - - [07/Sep/2023 02:30:02] "[31m[1mPOST /runTestEvents HTTP/1.1[0m" 400 -
2023-09-07 02:30:56,967 - INFO - 127.0.0.1 - - [07/Sep/2023 02:30:56] "OPTIONS /runTestEvents HTTP/1.1" 200 -
2023-09-07 02:30:57,288 - INFO - 127.0.0.1 - - [07/Sep/2023 02:30:57] "[31m[1mPOST /runTestEvents HTTP/1.1[0m" 400 -
2023-09-07 02:31:20,686 - INFO - 127.0.0.1 - - [07/Sep/2023 02:31:20] "OPTIONS /runTestEvents HTTP/1.1" 200 -
2023-09-07 02:31:20,698 - INFO - 127.0.0.1 - - [07/Sep/2023 02:31:20] "[31m[1mPOST /runTestEvents HTTP/1.1[0m" 400 -
2023-09-07 02:32:00,003 - INFO - 127.0.0.1 - - [07/Sep/2023 02:32:00] "GET /test-report/161 HTTP/1.1" 200 -
2023-09-07 02:32:00,255 - INFO - 127.0.0.1 - - [07/Sep/2023 02:32:00] "GET /test-report/161 HTTP/1.1" 200 -
2023-09-07 02:32:00,317 - INFO - 127.0.0.1 - - [07/Sep/2023 02:32:00] "GET /getTeamMembers/6 HTTP/1.1" 200 -
2023-09-07 02:32:00,332 - INFO - 127.0.0.1 - - [07/Sep/2023 02:32:00] "GET /getTeamMembers/6 HTTP/1.1" 200 -
2023-09-07 02:32:07,730 - INFO - 127.0.0.1 - - [07/Sep/2023 02:32:07] "OPTIONS /runTestEvents HTTP/1.1" 200 -
2023-09-07 02:32:08,043 - INFO - ====== WebDriver manager ======
2023-09-07 02:32:08,743 - INFO - Get LATEST chromedriver version for google-chrome
2023-09-07 02:32:08,745 - INFO - Get LATEST chromedriver version for google-chrome
2023-09-07 02:32:08,745 - INFO - There is no [win64] chromedriver "116.0.5845.179" for browser google-chrome "116.0.5845.179" in cache
2023-09-07 02:32:08,745 - INFO - Get LATEST chromedriver version for google-chrome
2023-09-07 02:32:09,819 - INFO - WebDriver version 116.0.5845.96 selected
2023-09-07 02:32:09,819 - INFO - Modern chrome version https://edgedl.me.gvt1.com/edgedl/chrome/chrome-for-testing/116.0.5845.96/win32/chromedriver-win32.zip
2023-09-07 02:32:09,819 - INFO - About to download new driver from https://edgedl.me.gvt1.com/edgedl/chrome/chrome-for-testing/116.0.5845.96/win32/chromedriver-win32.zip
2023-09-07 02:32:11,089 - INFO - Driver downloading response is 200
2023-09-07 02:32:12,930 - INFO - Get LATEST chromedriver version for google-chrome
2023-09-07 02:32:13,009 - INFO - Driver has been saved in cache [C:\Users\hongj\.wdm\drivers\chromedriver\win64\116.0.5845.179]
2023-09-07 02:32:26,906 - INFO - 127.0.0.1 - - [07/Sep/2023 02:32:26] "[35m[1mPOST /runTestEvents HTTP/1.1[0m" 201 -
2023-09-07 02:32:27,493 - INFO - 127.0.0.1 - - [07/Sep/2023 02:32:27] "GET /test-report/162 HTTP/1.1" 200 -
2023-09-07 02:32:27,737 - INFO - 127.0.0.1 - - [07/Sep/2023 02:32:27] "GET /test-report/162 HTTP/1.1" 200 -
2023-09-07 02:32:27,813 - INFO - 127.0.0.1 - - [07/Sep/2023 02:32:27] "GET /getTeamMembers/6 HTTP/1.1" 200 -
2023-09-07 02:32:28,005 - INFO - 127.0.0.1 - - [07/Sep/2023 02:32:28] "GET /getTeamMembers/6 HTTP/1.1" 200 -
2023-09-07 02:32:33,208 - INFO - 127.0.0.1 - - [07/Sep/2023 02:32:33] "GET /getTestCases?testeventID=246 HTTP/1.1" 200 -
2023-09-07 02:32:33,519 - INFO - 127.0.0.1 - - [07/Sep/2023 02:32:33] "GET /testEventName?testeventID=246 HTTP/1.1" 200 -
2023-09-07 02:32:33,522 - INFO - 127.0.0.1 - - [07/Sep/2023 02:32:33] "GET /getTestCases?testeventID=246 HTTP/1.1" 200 -
2023-09-07 02:32:33,829 - INFO - 127.0.0.1 - - [07/Sep/2023 02:32:33] "GET /testEventName?testeventID=246 HTTP/1.1" 200 -
2023-09-07 02:32:47,992 - INFO - 127.0.0.1 - - [07/Sep/2023 02:32:47] "GET /test-report/162 HTTP/1.1" 200 -
2023-09-07 02:32:48,247 - INFO - 127.0.0.1 - - [07/Sep/2023 02:32:48] "GET /test-report/162 HTTP/1.1" 200 -
2023-09-07 02:32:48,310 - INFO - 127.0.0.1 - - [07/Sep/2023 02:32:48] "GET /getTeamMembers/6 HTTP/1.1" 200 -
2023-09-07 02:32:48,314 - INFO - 127.0.0.1 - - [07/Sep/2023 02:32:48] "GET /getTeamMembers/6 HTTP/1.1" 200 -
2023-09-07 02:32:55,190 - INFO - 127.0.0.1 - - [07/Sep/2023 02:32:55] "OPTIONS /send-report HTTP/1.1" 200 -
2023-09-07 02:32:57,373 - INFO - 127.0.0.1 - - [07/Sep/2023 02:32:57] "POST /send-report HTTP/1.1" 200 -
2023-09-07 02:33:14,650 - INFO - 127.0.0.1 - - [07/Sep/2023 02:33:14] "GET /getTeamScript/6 HTTP/1.1" 200 -
2023-09-07 02:33:14,965 - INFO - 127.0.0.1 - - [07/Sep/2023 02:33:14] "GET /getTeamScript/6 HTTP/1.1" 200 -
2023-09-07 02:33:17,631 - INFO - 127.0.0.1 - - [07/Sep/2023 02:33:17] "GET /tasklists/6 HTTP/1.1" 200 -
2023-09-07 02:33:17,881 - INFO - 127.0.0.1 - - [07/Sep/2023 02:33:17] "GET /tasklists/6 HTTP/1.1" 200 -
2023-09-07 02:33:20,152 - INFO - 127.0.0.1 - - [07/Sep/2023 02:33:20] "OPTIONS /searchTestCase HTTP/1.1" 200 -
2023-09-07 02:33:20,463 - INFO - 127.0.0.1 - - [07/Sep/2023 02:33:20] "[33mPOST /searchTestCase HTTP/1.1[0m" 404 -
2023-09-07 02:33:24,385 - INFO - 127.0.0.1 - - [07/Sep/2023 02:33:24] "GET /getTeamMembers/6 HTTP/1.1" 200 -
2023-09-07 02:33:24,651 - INFO - 127.0.0.1 - - [07/Sep/2023 02:33:24] "GET /getTeamMembers/6 HTTP/1.1" 200 -
2023-09-07 02:33:24,701 - INFO - 127.0.0.1 - - [07/Sep/2023 02:33:24] "GET /tasklists/6 HTTP/1.1" 200 -
2023-09-07 02:33:24,720 - INFO - 127.0.0.1 - - [07/Sep/2023 02:33:24] "GET /tasklists/6 HTTP/1.1" 200 -
2023-09-07 02:33:26,268 - INFO - 127.0.0.1 - - [07/Sep/2023 02:33:26] "GET /tasklists/6 HTTP/1.1" 200 -
2023-09-07 02:33:26,588 - INFO - 127.0.0.1 - - [07/Sep/2023 02:33:26] "GET /tasklists/6 HTTP/1.1" 200 -
2023-09-07 02:33:29,558 - INFO - 127.0.0.1 - - [07/Sep/2023 02:33:29] "GET /test-report/157 HTTP/1.1" 200 -
2023-09-07 02:33:29,807 - INFO - 127.0.0.1 - - [07/Sep/2023 02:33:29] "GET /test-report/157 HTTP/1.1" 200 -
2023-09-07 02:33:29,869 - INFO - 127.0.0.1 - - [07/Sep/2023 02:33:29] "GET /getTeamMembers/6 HTTP/1.1" 200 -
2023-09-07 02:33:29,883 - INFO - 127.0.0.1 - - [07/Sep/2023 02:33:29] "GET /getTeamMembers/6 HTTP/1.1" 200 -
2023-09-07 02:33:33,282 - INFO - 127.0.0.1 - - [07/Sep/2023 02:33:33] "GET /tasklists/6 HTTP/1.1" 200 -
2023-09-07 02:33:33,597 - INFO - 127.0.0.1 - - [07/Sep/2023 02:33:33] "GET /tasklists/6 HTTP/1.1" 200 -
2023-09-07 02:33:35,691 - INFO - 127.0.0.1 - - [07/Sep/2023 02:33:35] "[35m[1mGET /test-report/146 HTTP/1.1[0m" 500 -
2023-09-07 02:33:35,932 - INFO - 127.0.0.1 - - [07/Sep/2023 02:33:35] "[35m[1mGET /test-report/146 HTTP/1.1[0m" 500 -
2023-09-07 02:33:36,008 - INFO - 127.0.0.1 - - [07/Sep/2023 02:33:36] "[35m[1mGET /test-report/146 HTTP/1.1[0m" 500 -
2023-09-07 02:33:36,855 - INFO - 127.0.0.1 - - [07/Sep/2023 02:33:36] "GET /tasklists/6 HTTP/1.1" 200 -
2023-09-07 02:33:37,168 - INFO - 127.0.0.1 - - [07/Sep/2023 02:33:37] "GET /tasklists/6 HTTP/1.1" 200 -
2023-09-07 02:33:41,401 - INFO - 127.0.0.1 - - [07/Sep/2023 02:33:41] "GET /getTeamScript/6 HTTP/1.1" 200 -
2023-09-07 02:33:41,663 - INFO - 127.0.0.1 - - [07/Sep/2023 02:33:41] "GET /getTeamScript/6 HTTP/1.1" 200 -
2023-09-07 02:33:47,782 - INFO - 127.0.0.1 - - [07/Sep/2023 02:33:47] "OPTIONS /getUserTeams/24 HTTP/1.1" 200 -
2023-09-07 02:33:48,091 - INFO - 127.0.0.1 - - [07/Sep/2023 02:33:48] "OPTIONS /getUserTeams/24 HTTP/1.1" 200 -
2023-09-07 02:33:48,100 - INFO - 127.0.0.1 - - [07/Sep/2023 02:33:48] "GET /getUserTeams/24 HTTP/1.1" 200 -
2023-09-07 02:33:48,415 - INFO - 127.0.0.1 - - [07/Sep/2023 02:33:48] "GET /getUserTeams/24 HTTP/1.1" 200 -
2023-09-07 02:35:08,480 - INFO - 127.0.0.1 - - [07/Sep/2023 02:35:08] "OPTIONS /login HTTP/1.1" 200 -
2023-09-07 02:35:08,876 - INFO - 127.0.0.1 - - [07/Sep/2023 02:35:08] "POST /login HTTP/1.1" 200 -
2023-09-07 02:35:08,917 - INFO - 127.0.0.1 - - [07/Sep/2023 02:35:08] "OPTIONS /getUserTeams/24 HTTP/1.1" 200 -
2023-09-07 02:35:09,228 - INFO - 127.0.0.1 - - [07/Sep/2023 02:35:09] "OPTIONS /getUserTeams/24 HTTP/1.1" 200 -
2023-09-07 02:35:09,236 - INFO - 127.0.0.1 - - [07/Sep/2023 02:35:09] "GET /getUserTeams/24 HTTP/1.1" 200 -
2023-09-07 02:35:09,547 - INFO - 127.0.0.1 - - [07/Sep/2023 02:35:09] "GET /getUserTeams/24 HTTP/1.1" 200 -
2023-09-07 02:35:11,125 - INFO - 127.0.0.1 - - [07/Sep/2023 02:35:11] "[35m[1mGET /contributions/24 HTTP/1.1[0m" 500 -
2023-09-07 02:35:11,127 - INFO - 127.0.0.1 - - [07/Sep/2023 02:35:11] "GET /user/24 HTTP/1.1" 200 -
2023-09-07 02:35:11,390 - INFO - 127.0.0.1 - - [07/Sep/2023 02:35:11] "[35m[1mGET /contributions/24 HTTP/1.1[0m" 500 -
2023-09-07 02:35:11,437 - INFO - 127.0.0.1 - - [07/Sep/2023 02:35:11] "GET /user/24 HTTP/1.1" 200 -
2023-09-07 02:35:13,114 - INFO - 127.0.0.1 - - [07/Sep/2023 02:35:13] "GET /user/24 HTTP/1.1" 200 -
2023-09-07 02:35:14,307 - INFO - 127.0.0.1 - - [07/Sep/2023 02:35:14] "GET /user/24 HTTP/1.1" 200 -
2023-09-07 02:35:16,890 - INFO - 127.0.0.1 - - [07/Sep/2023 02:35:16] "GET /user/24 HTTP/1.1" 200 -
2023-09-07 02:35:17,965 - INFO - 127.0.0.1 - - [07/Sep/2023 02:35:17] "GET /user/24 HTTP/1.1" 200 -
2023-09-07 02:35:19,200 - INFO - 127.0.0.1 - - [07/Sep/2023 02:35:19] "OPTIONS /getUserTeams/24 HTTP/1.1" 200 -
2023-09-07 02:35:19,507 - INFO - 127.0.0.1 - - [07/Sep/2023 02:35:19] "OPTIONS /getUserTeams/24 HTTP/1.1" 200 -
2023-09-07 02:35:19,513 - INFO - 127.0.0.1 - - [07/Sep/2023 02:35:19] "GET /getUserTeams/24 HTTP/1.1" 200 -
2023-09-07 02:35:19,838 - INFO - 127.0.0.1 - - [07/Sep/2023 02:35:19] "GET /getUserTeams/24 HTTP/1.1" 200 -
2023-09-07 02:35:23,674 - INFO - 127.0.0.1 - - [07/Sep/2023 02:35:23] "GET /getUserTeams/24 HTTP/1.1" 200 -
2023-09-07 02:35:23,922 - INFO - 127.0.0.1 - - [07/Sep/2023 02:35:23] "GET /getUserTeams/24 HTTP/1.1" 200 -
2023-09-07 02:35:26,965 - INFO - 127.0.0.1 - - [07/Sep/2023 02:35:26] "OPTIONS /getUserTeams/24 HTTP/1.1" 200 -
2023-09-07 02:35:27,278 - INFO - 127.0.0.1 - - [07/Sep/2023 02:35:27] "OPTIONS /getUserTeams/24 HTTP/1.1" 200 -
2023-09-07 02:35:27,288 - INFO - 127.0.0.1 - - [07/Sep/2023 02:35:27] "GET /getUserTeams/24 HTTP/1.1" 200 -
2023-09-07 02:35:27,609 - INFO - 127.0.0.1 - - [07/Sep/2023 02:35:27] "GET /getUserTeams/24 HTTP/1.1" 200 -
2023-09-07 02:35:29,783 - INFO - 127.0.0.1 - - [07/Sep/2023 02:35:29] "GET /getUserTeams/24 HTTP/1.1" 200 -
2023-09-07 02:35:30,052 - INFO - 127.0.0.1 - - [07/Sep/2023 02:35:30] "GET /getUserTeams/24 HTTP/1.1" 200 -
2023-09-07 02:35:32,642 - INFO - 127.0.0.1 - - [07/Sep/2023 02:35:32] "OPTIONS /getUserTeams/24 HTTP/1.1" 200 -
2023-09-07 02:35:32,957 - INFO - 127.0.0.1 - - [07/Sep/2023 02:35:32] "OPTIONS /getUserTeams/24 HTTP/1.1" 200 -
2023-09-07 02:35:32,966 - INFO - 127.0.0.1 - - [07/Sep/2023 02:35:32] "GET /getUserTeams/24 HTTP/1.1" 200 -
2023-09-07 02:35:33,291 - INFO - 127.0.0.1 - - [07/Sep/2023 02:35:33] "GET /getUserTeams/24 HTTP/1.1" 200 -
2023-09-07 02:35:37,486 - INFO - 127.0.0.1 - - [07/Sep/2023 02:35:37] "GET /getUserTeams/24 HTTP/1.1" 200 -
2023-09-07 02:35:40,901 - INFO - 127.0.0.1 - - [07/Sep/2023 02:35:40] "[31m[1mGET /searchUsers?searchTerm= HTTP/1.1[0m" 400 -
2023-09-07 02:35:43,446 - INFO - 127.0.0.1 - - [07/Sep/2023 02:35:43] "OPTIONS /getUserTeams/24 HTTP/1.1" 200 -
2023-09-07 02:35:43,716 - INFO - 127.0.0.1 - - [07/Sep/2023 02:35:43] "GET /getUserTeams/24 HTTP/1.1" 200 -
2023-09-07 02:35:44,910 - INFO - 127.0.0.1 - - [07/Sep/2023 02:35:44] "GET /getUserTeams/24 HTTP/1.1" 200 -
2023-09-07 02:36:26,847 - INFO - 127.0.0.1 - - [07/Sep/2023 02:36:26] "OPTIONS /getUserTeams/24 HTTP/1.1" 200 -
2023-09-07 02:36:27,121 - INFO - 127.0.0.1 - - [07/Sep/2023 02:36:27] "GET /getUserTeams/24 HTTP/1.1" 200 -
2023-09-07 02:36:45,888 - INFO - 127.0.0.1 - - [07/Sep/2023 02:36:45] "OPTIONS /login HTTP/1.1" 200 -
2023-09-07 02:36:46,282 - INFO - 127.0.0.1 - - [07/Sep/2023 02:36:46] "POST /login HTTP/1.1" 200 -
2023-09-07 02:36:46,652 - INFO - 127.0.0.1 - - [07/Sep/2023 02:36:46] "OPTIONS /getUserTeams/24 HTTP/1.1" 200 -
2023-09-07 02:36:46,653 - INFO - 127.0.0.1 - - [07/Sep/2023 02:36:46] "OPTIONS /getUserTeams/24 HTTP/1.1" 200 -
2023-09-07 02:36:46,907 - INFO - 127.0.0.1 - - [07/Sep/2023 02:36:46] "GET /getUserTeams/24 HTTP/1.1" 200 -
2023-09-07 02:36:46,970 - INFO - 127.0.0.1 - - [07/Sep/2023 02:36:46] "GET /getUserTeams/24 HTTP/1.1" 200 -
2023-09-07 02:36:52,584 - INFO - 127.0.0.1 - - [07/Sep/2023 02:36:52] "OPTIONS /getUserTeams/24 HTTP/1.1" 200 -
2023-09-07 02:36:52,892 - INFO - 127.0.0.1 - - [07/Sep/2023 02:36:52] "OPTIONS /getUserTeams/24 HTTP/1.1" 200 -
2023-09-07 02:36:52,899 - INFO - 127.0.0.1 - - [07/Sep/2023 02:36:52] "GET /getUserTeams/24 HTTP/1.1" 200 -
2023-09-07 02:36:53,209 - INFO - 127.0.0.1 - - [07/Sep/2023 02:36:53] "GET /getUserTeams/24 HTTP/1.1" 200 -
2023-09-07 02:36:56,472 - INFO - 127.0.0.1 - - [07/Sep/2023 02:36:56] "GET /getUserTeams/24 HTTP/1.1" 200 -
2023-09-07 02:36:56,735 - INFO - 127.0.0.1 - - [07/Sep/2023 02:36:56] "GET /getUserTeams/24 HTTP/1.1" 200 -
2023-09-07 02:36:58,288 - INFO - 127.0.0.1 - - [07/Sep/2023 02:36:58] "[35m[1mGET /contributions/24 HTTP/1.1[0m" 500 -
2023-09-07 02:36:58,597 - INFO - 127.0.0.1 - - [07/Sep/2023 02:36:58] "[35m[1mGET /contributions/24 HTTP/1.1[0m" 500 -
2023-09-07 02:36:58,597 - INFO - 127.0.0.1 - - [07/Sep/2023 02:36:58] "GET /user/24 HTTP/1.1" 200 -
2023-09-07 02:36:58,906 - INFO - 127.0.0.1 - - [07/Sep/2023 02:36:58] "GET /user/24 HTTP/1.1" 200 -
2023-09-07 02:37:00,630 - INFO - 127.0.0.1 - - [07/Sep/2023 02:37:00] "GET /user/24 HTTP/1.1" 200 -
2023-09-07 02:37:01,697 - INFO - 127.0.0.1 - - [07/Sep/2023 02:37:01] "GET /user/24 HTTP/1.1" 200 -
2023-09-07 02:37:03,918 - INFO - 127.0.0.1 - - [07/Sep/2023 02:37:03] "GET /user/24 HTTP/1.1" 200 -
2023-09-07 02:37:04,530 - INFO - 127.0.0.1 - - [07/Sep/2023 02:37:04] "GET /user/24 HTTP/1.1" 200 -
2023-09-07 02:37:06,221 - INFO - 127.0.0.1 - - [07/Sep/2023 02:37:06] "OPTIONS /getUserTeams/24 HTTP/1.1" 200 -
2023-09-07 02:37:06,222 - INFO - 127.0.0.1 - - [07/Sep/2023 02:37:06] "OPTIONS /getUserTeams/24 HTTP/1.1" 200 -
2023-09-07 02:37:06,492 - INFO - 127.0.0.1 - - [07/Sep/2023 02:37:06] "GET /getUserTeams/24 HTTP/1.1" 200 -
2023-09-07 02:37:06,538 - INFO - 127.0.0.1 - - [07/Sep/2023 02:37:06] "GET /getUserTeams/24 HTTP/1.1" 200 -
2023-09-07 02:37:08,004 - INFO - 127.0.0.1 - - [07/Sep/2023 02:37:08] "GET /getUserTeams/24 HTTP/1.1" 200 -
2023-09-07 02:37:13,116 - INFO - 127.0.0.1 - - [07/Sep/2023 02:37:13] "GET /searchUsers?searchTerm=1 HTTP/1.1" 200 -
2023-09-07 02:37:19,839 - INFO - 127.0.0.1 - - [07/Sep/2023 02:37:19] "OPTIONS /getUserTeams/24 HTTP/1.1" 200 -
2023-09-07 02:37:20,165 - INFO - 127.0.0.1 - - [07/Sep/2023 02:37:20] "GET /getUserTeams/24 HTTP/1.1" 200 -
2023-09-07 02:37:23,389 - INFO - 127.0.0.1 - - [07/Sep/2023 02:37:23] "GET /getTeamMembers/6 HTTP/1.1" 200 -
2023-09-07 02:37:23,700 - INFO - 127.0.0.1 - - [07/Sep/2023 02:37:23] "GET /getTeamMembers/6 HTTP/1.1" 200 -
2023-09-07 02:37:23,731 - INFO - 127.0.0.1 - - [07/Sep/2023 02:37:23] "GET /tasklists/6 HTTP/1.1" 200 -
2023-09-07 02:37:24,042 - INFO - 127.0.0.1 - - [07/Sep/2023 02:37:24] "GET /tasklists/6 HTTP/1.1" 200 -
2023-09-07 02:37:26,640 - INFO - 127.0.0.1 - - [07/Sep/2023 02:37:26] "GET /tasklists/6 HTTP/1.1" 200 -
2023-09-07 02:37:26,906 - INFO - 127.0.0.1 - - [07/Sep/2023 02:37:26] "GET /tasklists/6 HTTP/1.1" 200 -
2023-09-07 02:37:38,211 - INFO - 127.0.0.1 - - [07/Sep/2023 02:37:38] "OPTIONS /searchTestCase HTTP/1.1" 200 -
2023-09-07 02:37:38,220 - INFO - 127.0.0.1 - - [07/Sep/2023 02:37:38] "[33mPOST /searchTestCase HTTP/1.1[0m" 404 -
2023-09-07 02:37:38,803 - INFO - 127.0.0.1 - - [07/Sep/2023 02:37:38] "[33mPOST /searchTestCase HTTP/1.1[0m" 404 -
2023-09-07 02:37:40,390 - INFO - 127.0.0.1 - - [07/Sep/2023 02:37:40] "[33mPOST /searchTestCase HTTP/1.1[0m" 404 -
2023-09-07 02:37:41,135 - INFO - 127.0.0.1 - - [07/Sep/2023 02:37:41] "[33mPOST /searchTestCase HTTP/1.1[0m" 404 -
2023-09-07 02:37:41,498 - INFO - 127.0.0.1 - - [07/Sep/2023 02:37:41] "POST /searchTestCase HTTP/1.1" 200 -
2023-09-07 02:37:43,465 - INFO - 127.0.0.1 - - [07/Sep/2023 02:37:43] "OPTIONS /saveTask HTTP/1.1" 200 -
2023-09-07 02:37:43,728 - INFO - 127.0.0.1 - - [07/Sep/2023 02:37:43] "POST /saveTask HTTP/1.1" 200 -
2023-09-07 02:37:45,673 - INFO - 127.0.0.1 - - [07/Sep/2023 02:37:45] "GET /test-report/156 HTTP/1.1" 200 -
2023-09-07 02:37:45,992 - INFO - 127.0.0.1 - - [07/Sep/2023 02:37:45] "GET /test-report/156 HTTP/1.1" 200 -
2023-09-07 02:37:46,008 - INFO - 127.0.0.1 - - [07/Sep/2023 02:37:46] "GET /getTeamMembers/6 HTTP/1.1" 200 -
2023-09-07 02:37:46,317 - INFO - 127.0.0.1 - - [07/Sep/2023 02:37:46] "GET /getTeamMembers/6 HTTP/1.1" 200 -
2023-09-07 02:37:48,803 - INFO - 127.0.0.1 - - [07/Sep/2023 02:37:48] "GET /tasklists/6 HTTP/1.1" 200 -
2023-09-07 02:37:49,063 - INFO - 127.0.0.1 - - [07/Sep/2023 02:37:49] "GET /tasklists/6 HTTP/1.1" 200 -
2023-09-07 02:37:50,692 - INFO - 127.0.0.1 - - [07/Sep/2023 02:37:50] "OPTIONS /saveTask HTTP/1.1" 200 -
2023-09-07 02:37:51,006 - INFO - 127.0.0.1 - - [07/Sep/2023 02:37:51] "POST /saveTask HTTP/1.1" 200 -
2023-09-07 02:37:51,753 - INFO - 127.0.0.1 - - [07/Sep/2023 02:37:51] "POST /saveTask HTTP/1.1" 200 -
2023-09-07 02:37:52,933 - INFO - 127.0.0.1 - - [07/Sep/2023 02:37:52] "POST /saveTask HTTP/1.1" 200 -
2023-09-07 02:37:53,687 - INFO - 127.0.0.1 - - [07/Sep/2023 02:37:53] "POST /saveTask HTTP/1.1" 200 -
2023-09-07 02:37:54,941 - INFO - 127.0.0.1 - - [07/Sep/2023 02:37:54] "POST /saveTask HTTP/1.1" 200 -
2023-09-07 02:37:56,689 - INFO - 127.0.0.1 - - [07/Sep/2023 02:37:56] "GET /team/6 HTTP/1.1" 200 -
2023-09-07 02:37:57,001 - INFO - 127.0.0.1 - - [07/Sep/2023 02:37:57] "GET /team/6 HTTP/1.1" 200 -
2023-09-07 02:37:57,742 - INFO - 127.0.0.1 - - [07/Sep/2023 02:37:57] "GET /tasklists/6 HTTP/1.1" 200 -
2023-09-07 02:37:58,008 - INFO - 127.0.0.1 - - [07/Sep/2023 02:37:58] "GET /tasklists/6 HTTP/1.1" 200 -
2023-09-07 02:37:58,954 - INFO - 127.0.0.1 - - [07/Sep/2023 02:37:58] "OPTIONS /saveTask HTTP/1.1" 200 -
2023-09-07 02:37:59,271 - INFO - 127.0.0.1 - - [07/Sep/2023 02:37:59] "POST /saveTask HTTP/1.1" 200 -
2023-09-07 02:38:00,034 - INFO - 127.0.0.1 - - [07/Sep/2023 02:38:00] "POST /saveTask HTTP/1.1" 200 -
2023-09-07 02:38:01,330 - INFO - 127.0.0.1 - - [07/Sep/2023 02:38:01] "POST /saveTask HTTP/1.1" 200 -
2023-09-07 02:38:02,288 - INFO - 127.0.0.1 - - [07/Sep/2023 02:38:02] "GET /getTeamScript/6 HTTP/1.1" 200 -
2023-09-07 02:38:02,599 - INFO - 127.0.0.1 - - [07/Sep/2023 02:38:02] "GET /getTeamScript/6 HTTP/1.1" 200 -
2023-09-07 02:38:59,680 - INFO - 127.0.0.1 - - [07/Sep/2023 02:38:59] "OPTIONS /runTestEvents HTTP/1.1" 200 -
2023-09-07 02:39:00,003 - INFO - ====== WebDriver manager ======
2023-09-07 02:39:00,718 - INFO - Get LATEST chromedriver version for google-chrome
2023-09-07 02:39:00,719 - INFO - Get LATEST chromedriver version for google-chrome
2023-09-07 02:39:00,720 - INFO - There is no [win64] chromedriver "116.0.5845.179" for browser google-chrome "116.0.5845.179" in cache
2023-09-07 02:39:00,720 - INFO - Get LATEST chromedriver version for google-chrome
2023-09-07 02:39:01,806 - INFO - WebDriver version 116.0.5845.96 selected
2023-09-07 02:39:01,806 - INFO - Modern chrome version https://edgedl.me.gvt1.com/edgedl/chrome/chrome-for-testing/116.0.5845.96/win32/chromedriver-win32.zip
2023-09-07 02:39:01,806 - INFO - About to download new driver from https://edgedl.me.gvt1.com/edgedl/chrome/chrome-for-testing/116.0.5845.96/win32/chromedriver-win32.zip
2023-09-07 02:39:02,917 - INFO - Driver downloading response is 200
2023-09-07 02:39:04,935 - INFO - Get LATEST chromedriver version for google-chrome
2023-09-07 02:39:05,023 - INFO - Driver has been saved in cache [C:\Users\hongj\.wdm\drivers\chromedriver\win64\116.0.5845.179]
2023-09-07 02:39:09,151 - INFO - 127.0.0.1 - - [07/Sep/2023 02:39:09] "[35m[1mPOST /runTestEvents HTTP/1.1[0m" 201 -
2023-09-07 02:39:09,465 - INFO - 127.0.0.1 - - [07/Sep/2023 02:39:09] "GET /test-report/163 HTTP/1.1" 200 -
2023-09-07 02:39:09,775 - INFO - 127.0.0.1 - - [07/Sep/2023 02:39:09] "GET /test-report/163 HTTP/1.1" 200 -
2023-09-07 02:39:09,790 - INFO - 127.0.0.1 - - [07/Sep/2023 02:39:09] "GET /getTeamMembers/6 HTTP/1.1" 200 -
2023-09-07 02:39:10,101 - INFO - 127.0.0.1 - - [07/Sep/2023 02:39:10] "GET /getTeamMembers/6 HTTP/1.1" 200 -
2023-09-07 02:39:33,087 - INFO - 127.0.0.1 - - [07/Sep/2023 02:39:33] "OPTIONS /runTestEvents HTTP/1.1" 200 -
2023-09-07 02:39:33,099 - INFO - ====== WebDriver manager ======
2023-09-07 02:39:33,825 - INFO - Get LATEST chromedriver version for google-chrome
2023-09-07 02:39:33,826 - INFO - Get LATEST chromedriver version for google-chrome
2023-09-07 02:39:33,826 - INFO - There is no [win64] chromedriver "116.0.5845.179" for browser google-chrome "116.0.5845.179" in cache
2023-09-07 02:39:33,826 - INFO - Get LATEST chromedriver version for google-chrome
2023-09-07 02:39:34,889 - INFO - WebDriver version 116.0.5845.96 selected
2023-09-07 02:39:34,890 - INFO - Modern chrome version https://edgedl.me.gvt1.com/edgedl/chrome/chrome-for-testing/116.0.5845.96/win32/chromedriver-win32.zip
2023-09-07 02:39:34,890 - INFO - About to download new driver from https://edgedl.me.gvt1.com/edgedl/chrome/chrome-for-testing/116.0.5845.96/win32/chromedriver-win32.zip
2023-09-07 02:39:36,041 - INFO - Driver downloading response is 200
2023-09-07 02:39:38,065 - INFO - Get LATEST chromedriver version for google-chrome
2023-09-07 02:39:38,142 - INFO - Driver has been saved in cache [C:\Users\hongj\.wdm\drivers\chromedriver\win64\116.0.5845.179]
2023-09-07 02:39:42,380 - INFO - 127.0.0.1 - - [07/Sep/2023 02:39:42] "[35m[1mPOST /runTestEvents HTTP/1.1[0m" 201 -
2023-09-07 02:39:42,719 - INFO - 127.0.0.1 - - [07/Sep/2023 02:39:42] "GET /test-report/164 HTTP/1.1" 200 -
2023-09-07 02:39:43,033 - INFO - 127.0.0.1 - - [07/Sep/2023 02:39:43] "GET /test-report/164 HTTP/1.1" 200 -
2023-09-07 02:39:43,047 - INFO - 127.0.0.1 - - [07/Sep/2023 02:39:43] "GET /getTeamMembers/6 HTTP/1.1" 200 -
2023-09-07 02:39:43,358 - INFO - 127.0.0.1 - - [07/Sep/2023 02:39:43] "GET /getTeamMembers/6 HTTP/1.1" 200 -
2023-09-07 02:40:14,637 - INFO - [31m[1mWARNING: This is a development server. Do not use it in a production deployment. Use a production WSGI server instead.[0m
 * Running on all addresses (0.0.0.0)
 * Running on http://127.0.0.1:5000
 * Running on http://192.168.3.38:5000
2023-09-07 02:40:14,637 - INFO - [33mPress CTRL+C to quit[0m
2023-09-07 02:40:14,638 - INFO -  * Restarting with stat
2023-09-07 02:40:15,348 - WARNING -  * Debugger is active!
2023-09-07 02:40:15,350 - INFO -  * Debugger PIN: 643-615-311
2023-09-07 02:40:31,067 - INFO - 127.0.0.1 - - [07/Sep/2023 02:40:31] "OPTIONS /runTestEvents HTTP/1.1" 200 -
2023-09-07 02:40:31,414 - INFO - ====== WebDriver manager ======
2023-09-07 02:40:32,103 - INFO - Get LATEST chromedriver version for google-chrome
2023-09-07 02:40:32,104 - INFO - Get LATEST chromedriver version for google-chrome
2023-09-07 02:40:32,104 - INFO - There is no [win64] chromedriver "116.0.5845.179" for browser google-chrome "116.0.5845.179" in cache
2023-09-07 02:40:32,105 - INFO - Get LATEST chromedriver version for google-chrome
2023-09-07 02:40:33,231 - INFO - WebDriver version 116.0.5845.96 selected
2023-09-07 02:40:33,231 - INFO - Modern chrome version https://edgedl.me.gvt1.com/edgedl/chrome/chrome-for-testing/116.0.5845.96/win32/chromedriver-win32.zip
2023-09-07 02:40:33,232 - INFO - About to download new driver from https://edgedl.me.gvt1.com/edgedl/chrome/chrome-for-testing/116.0.5845.96/win32/chromedriver-win32.zip
2023-09-07 02:40:34,402 - INFO - Driver downloading response is 200
2023-09-07 02:40:36,412 - INFO - Get LATEST chromedriver version for google-chrome
2023-09-07 02:40:36,491 - INFO - Driver has been saved in cache [C:\Users\hongj\.wdm\drivers\chromedriver\win64\116.0.5845.179]
2023-09-07 02:40:51,392 - INFO - 127.0.0.1 - - [07/Sep/2023 02:40:51] "[35m[1mPOST /runTestEvents HTTP/1.1[0m" 201 -
2023-09-07 02:40:51,681 - INFO - 127.0.0.1 - - [07/Sep/2023 02:40:51] "GET /test-report/165 HTTP/1.1" 200 -
2023-09-07 02:40:52,001 - INFO - 127.0.0.1 - - [07/Sep/2023 02:40:52] "GET /test-report/165 HTTP/1.1" 200 -
2023-09-07 02:40:52,030 - INFO - 127.0.0.1 - - [07/Sep/2023 02:40:52] "GET /getTeamMembers/6 HTTP/1.1" 200 -
2023-09-07 02:40:52,340 - INFO - 127.0.0.1 - - [07/Sep/2023 02:40:52] "GET /getTeamMembers/6 HTTP/1.1" 200 -
2023-09-07 02:40:58,033 - INFO - 127.0.0.1 - - [07/Sep/2023 02:40:58] "GET /getTeamScript/6 HTTP/1.1" 200 -
2023-09-07 02:40:58,298 - INFO - 127.0.0.1 - - [07/Sep/2023 02:40:58] "GET /getTeamScript/6 HTTP/1.1" 200 -
2023-09-07 02:40:59,796 - INFO - 127.0.0.1 - - [07/Sep/2023 02:40:59] "OPTIONS /getUserTeams/24 HTTP/1.1" 200 -
2023-09-07 02:41:00,098 - INFO - 127.0.0.1 - - [07/Sep/2023 02:41:00] "OPTIONS /getUserTeams/24 HTTP/1.1" 200 -
2023-09-07 02:41:00,108 - INFO - 127.0.0.1 - - [07/Sep/2023 02:41:00] "GET /getUserTeams/24 HTTP/1.1" 200 -
2023-09-07 02:41:00,431 - INFO - 127.0.0.1 - - [07/Sep/2023 02:41:00] "GET /getUserTeams/24 HTTP/1.1" 200 -
2023-09-07 02:41:14,428 - INFO - 127.0.0.1 - - [07/Sep/2023 02:41:14] "OPTIONS /login HTTP/1.1" 200 -
2023-09-07 02:41:14,541 - INFO - 127.0.0.1 - - [07/Sep/2023 02:41:14] "POST /login HTTP/1.1" 200 -
2023-09-07 02:41:14,692 - INFO - 127.0.0.1 - - [07/Sep/2023 02:41:14] "OPTIONS /getUserTeams/24 HTTP/1.1" 200 -
2023-09-07 02:41:14,895 - INFO - 127.0.0.1 - - [07/Sep/2023 02:41:14] "OPTIONS /getUserTeams/24 HTTP/1.1" 200 -
2023-09-07 02:41:14,904 - INFO - 127.0.0.1 - - [07/Sep/2023 02:41:14] "GET /getUserTeams/24 HTTP/1.1" 200 -
2023-09-07 02:41:15,012 - INFO - 127.0.0.1 - - [07/Sep/2023 02:41:15] "GET /getUserTeams/24 HTTP/1.1" 200 -
2023-09-07 02:41:17,283 - INFO - 127.0.0.1 - - [07/Sep/2023 02:41:17] "[35m[1mGET /contributions/24 HTTP/1.1[0m" 500 -
2023-09-07 02:41:17,594 - INFO - 127.0.0.1 - - [07/Sep/2023 02:41:17] "[35m[1mGET /contributions/24 HTTP/1.1[0m" 500 -
2023-09-07 02:41:17,594 - INFO - 127.0.0.1 - - [07/Sep/2023 02:41:17] "GET /user/24 HTTP/1.1" 200 -
2023-09-07 02:41:17,904 - INFO - 127.0.0.1 - - [07/Sep/2023 02:41:17] "GET /user/24 HTTP/1.1" 200 -
2023-09-07 02:41:18,952 - INFO - 127.0.0.1 - - [07/Sep/2023 02:41:18] "GET /getUserTeams/24 HTTP/1.1" 200 -
2023-09-07 02:41:19,216 - INFO - 127.0.0.1 - - [07/Sep/2023 02:41:19] "GET /getUserTeams/24 HTTP/1.1" 200 -
2023-09-07 02:41:26,270 - INFO - 127.0.0.1 - - [07/Sep/2023 02:41:26] "OPTIONS /getUserTeams/24 HTTP/1.1" 200 -
2023-09-07 02:41:26,581 - INFO - 127.0.0.1 - - [07/Sep/2023 02:41:26] "OPTIONS /getUserTeams/24 HTTP/1.1" 200 -
2023-09-07 02:41:26,592 - INFO - 127.0.0.1 - - [07/Sep/2023 02:41:26] "GET /getUserTeams/24 HTTP/1.1" 200 -
2023-09-07 02:41:26,917 - INFO - 127.0.0.1 - - [07/Sep/2023 02:41:26] "GET /getUserTeams/24 HTTP/1.1" 200 -
2023-09-07 02:41:28,458 - INFO - 127.0.0.1 - - [07/Sep/2023 02:41:28] "GET /getUserTeams/24 HTTP/1.1" 200 -
2023-09-07 02:41:37,220 - INFO - 127.0.0.1 - - [07/Sep/2023 02:41:37] "GET /searchUsers?searchTerm=1 HTTP/1.1" 200 -
2023-09-07 02:41:44,404 - INFO - 127.0.0.1 - - [07/Sep/2023 02:41:44] "OPTIONS /getUserTeams/24 HTTP/1.1" 200 -
2023-09-07 02:41:44,660 - INFO - 127.0.0.1 - - [07/Sep/2023 02:41:44] "GET /getUserTeams/24 HTTP/1.1" 200 -
2023-09-07 02:41:45,453 - INFO - 127.0.0.1 - - [07/Sep/2023 02:41:45] "GET /getTeamMembers/6 HTTP/1.1" 200 -
2023-09-07 02:41:45,775 - INFO - 127.0.0.1 - - [07/Sep/2023 02:41:45] "GET /getTeamMembers/6 HTTP/1.1" 200 -
2023-09-07 02:41:45,838 - INFO - 127.0.0.1 - - [07/Sep/2023 02:41:45] "GET /tasklists/6 HTTP/1.1" 200 -
2023-09-07 02:41:46,149 - INFO - 127.0.0.1 - - [07/Sep/2023 02:41:46] "GET /tasklists/6 HTTP/1.1" 200 -
2023-09-07 02:41:47,349 - INFO - 127.0.0.1 - - [07/Sep/2023 02:41:47] "GET /tasklists/6 HTTP/1.1" 200 -
2023-09-07 02:41:47,615 - INFO - 127.0.0.1 - - [07/Sep/2023 02:41:47] "GET /tasklists/6 HTTP/1.1" 200 -
2023-09-07 02:41:50,329 - INFO - 127.0.0.1 - - [07/Sep/2023 02:41:50] "[35m[1mGET /test-report/146 HTTP/1.1[0m" 500 -
2023-09-07 02:41:50,639 - INFO - 127.0.0.1 - - [07/Sep/2023 02:41:50] "[35m[1mGET /test-report/146 HTTP/1.1[0m" 500 -
2023-09-07 02:41:50,961 - INFO - 127.0.0.1 - - [07/Sep/2023 02:41:50] "[35m[1mGET /test-report/146 HTTP/1.1[0m" 500 -
2023-09-07 02:41:51,742 - INFO - 127.0.0.1 - - [07/Sep/2023 02:41:51] "GET /tasklists/6 HTTP/1.1" 200 -
2023-09-07 02:41:52,064 - INFO - 127.0.0.1 - - [07/Sep/2023 02:41:52] "GET /tasklists/6 HTTP/1.1" 200 -
2023-09-07 02:41:53,591 - INFO - 127.0.0.1 - - [07/Sep/2023 02:41:53] "[35m[1mGET /test-report/145 HTTP/1.1[0m" 500 -
2023-09-07 02:41:53,858 - INFO - 127.0.0.1 - - [07/Sep/2023 02:41:53] "[35m[1mGET /test-report/145 HTTP/1.1[0m" 500 -
2023-09-07 02:41:53,902 - INFO - 127.0.0.1 - - [07/Sep/2023 02:41:53] "[35m[1mGET /test-report/145 HTTP/1.1[0m" 500 -
2023-09-07 02:41:54,653 - INFO - 127.0.0.1 - - [07/Sep/2023 02:41:54] "GET /tasklists/6 HTTP/1.1" 200 -
2023-09-07 02:41:54,972 - INFO - 127.0.0.1 - - [07/Sep/2023 02:41:54] "GET /tasklists/6 HTTP/1.1" 200 -
2023-09-07 02:41:56,436 - INFO - 127.0.0.1 - - [07/Sep/2023 02:41:56] "GET /test-report/156 HTTP/1.1" 200 -
2023-09-07 02:41:56,688 - INFO - 127.0.0.1 - - [07/Sep/2023 02:41:56] "GET /test-report/156 HTTP/1.1" 200 -
2023-09-07 02:41:56,745 - INFO - 127.0.0.1 - - [07/Sep/2023 02:41:56] "GET /getTeamMembers/6 HTTP/1.1" 200 -
2023-09-07 02:41:56,764 - INFO - 127.0.0.1 - - [07/Sep/2023 02:41:56] "GET /getTeamMembers/6 HTTP/1.1" 200 -
2023-09-07 02:42:02,458 - INFO - 127.0.0.1 - - [07/Sep/2023 02:42:02] "GET /tasklists/6 HTTP/1.1" 200 -
2023-09-07 02:42:02,769 - INFO - 127.0.0.1 - - [07/Sep/2023 02:42:02] "GET /tasklists/6 HTTP/1.1" 200 -
2023-09-07 02:42:05,686 - INFO - 127.0.0.1 - - [07/Sep/2023 02:42:05] "OPTIONS /saveTask HTTP/1.1" 200 -
2023-09-07 02:42:05,953 - INFO - 127.0.0.1 - - [07/Sep/2023 02:42:05] "POST /saveTask HTTP/1.1" 200 -
2023-09-07 02:42:06,848 - INFO - 127.0.0.1 - - [07/Sep/2023 02:42:06] "POST /saveTask HTTP/1.1" 200 -
2023-09-07 02:42:08,280 - INFO - 127.0.0.1 - - [07/Sep/2023 02:42:08] "POST /saveTask HTTP/1.1" 200 -
2023-09-07 02:42:09,144 - INFO - 127.0.0.1 - - [07/Sep/2023 02:42:09] "POST /saveTask HTTP/1.1" 200 -
2023-09-07 02:42:10,710 - INFO - 127.0.0.1 - - [07/Sep/2023 02:42:10] "POST /saveTask HTTP/1.1" 200 -
2023-09-07 02:42:11,277 - INFO - 127.0.0.1 - - [07/Sep/2023 02:42:11] "OPTIONS /saveTask HTTP/1.1" 200 -
2023-09-07 02:42:11,597 - INFO - 127.0.0.1 - - [07/Sep/2023 02:42:11] "POST /saveTask HTTP/1.1" 200 -
2023-09-07 02:42:14,441 - INFO - 127.0.0.1 - - [07/Sep/2023 02:42:14] "GET /team/6 HTTP/1.1" 200 -
2023-09-07 02:42:14,759 - INFO - 127.0.0.1 - - [07/Sep/2023 02:42:14] "GET /team/6 HTTP/1.1" 200 -
2023-09-07 02:42:15,446 - INFO - 127.0.0.1 - - [07/Sep/2023 02:42:15] "GET /tasklists/6 HTTP/1.1" 200 -
2023-09-07 02:42:15,710 - INFO - 127.0.0.1 - - [07/Sep/2023 02:42:15] "GET /tasklists/6 HTTP/1.1" 200 -
2023-09-07 02:42:19,077 - INFO - 127.0.0.1 - - [07/Sep/2023 02:42:19] "OPTIONS /saveTask HTTP/1.1" 200 -
2023-09-07 02:42:19,420 - INFO - 127.0.0.1 - - [07/Sep/2023 02:42:19] "POST /saveTask HTTP/1.1" 200 -
2023-09-07 02:42:29,441 - INFO - 127.0.0.1 - - [07/Sep/2023 02:42:29] "OPTIONS /saveTask HTTP/1.1" 200 -
2023-09-07 02:42:29,764 - INFO - 127.0.0.1 - - [07/Sep/2023 02:42:29] "POST /saveTask HTTP/1.1" 200 -
2023-09-07 02:42:33,799 - INFO - 127.0.0.1 - - [07/Sep/2023 02:42:33] "POST /saveTask HTTP/1.1" 200 -
2023-09-07 02:42:35,350 - INFO - 127.0.0.1 - - [07/Sep/2023 02:42:35] "OPTIONS /saveTask HTTP/1.1" 200 -
2023-09-07 02:42:35,608 - INFO - 127.0.0.1 - - [07/Sep/2023 02:42:35] "POST /saveTask HTTP/1.1" 200 -
2023-09-07 02:42:38,044 - INFO - 127.0.0.1 - - [07/Sep/2023 02:42:38] "GET /team/6 HTTP/1.1" 200 -
2023-09-07 02:42:38,356 - INFO - 127.0.0.1 - - [07/Sep/2023 02:42:38] "GET /team/6 HTTP/1.1" 200 -
2023-09-07 02:42:54,524 - INFO - 127.0.0.1 - - [07/Sep/2023 02:42:54] "GET /team/6 HTTP/1.1" 200 -
2023-09-07 02:42:54,789 - INFO - 127.0.0.1 - - [07/Sep/2023 02:42:54] "GET /team/6 HTTP/1.1" 200 -
2023-09-07 02:43:10,533 - INFO - 127.0.0.1 - - [07/Sep/2023 02:43:10] "GET /getTeamScript/6 HTTP/1.1" 200 -
2023-09-07 02:43:10,850 - INFO - 127.0.0.1 - - [07/Sep/2023 02:43:10] "GET /getTeamScript/6 HTTP/1.1" 200 -
2023-09-07 02:43:11,744 - INFO - 127.0.0.1 - - [07/Sep/2023 02:43:11] "GET /team/6 HTTP/1.1" 200 -
2023-09-07 02:43:12,007 - INFO - 127.0.0.1 - - [07/Sep/2023 02:43:12] "GET /team/6 HTTP/1.1" 200 -
2023-09-07 02:43:12,763 - INFO - 127.0.0.1 - - [07/Sep/2023 02:43:12] "GET /getTeamScript/6 HTTP/1.1" 200 -
2023-09-07 02:43:13,079 - INFO - 127.0.0.1 - - [07/Sep/2023 02:43:13] "GET /getTeamScript/6 HTTP/1.1" 200 -
2023-09-07 02:43:18,628 - INFO - 127.0.0.1 - - [07/Sep/2023 02:43:18] "GET /team/6 HTTP/1.1" 200 -
2023-09-07 02:43:18,896 - INFO - 127.0.0.1 - - [07/Sep/2023 02:43:18] "GET /team/6 HTTP/1.1" 200 -
2023-09-07 02:43:31,989 - INFO - 127.0.0.1 - - [07/Sep/2023 02:43:31] "GET /team/6 HTTP/1.1" 200 -
2023-09-07 02:43:32,306 - INFO - 127.0.0.1 - - [07/Sep/2023 02:43:32] "GET /team/6 HTTP/1.1" 200 -
2023-09-07 02:43:42,454 - INFO - 127.0.0.1 - - [07/Sep/2023 02:43:42] "OPTIONS /getUserTeams/24 HTTP/1.1" 200 -
2023-09-07 02:43:42,455 - INFO - 127.0.0.1 - - [07/Sep/2023 02:43:42] "OPTIONS /getUserTeams/24 HTTP/1.1" 200 -
2023-09-07 02:43:42,724 - INFO - 127.0.0.1 - - [07/Sep/2023 02:43:42] "GET /getUserTeams/24 HTTP/1.1" 200 -
2023-09-07 02:43:42,773 - INFO - 127.0.0.1 - - [07/Sep/2023 02:43:42] "GET /getUserTeams/24 HTTP/1.1" 200 -
2023-09-07 02:44:11,507 - INFO - 127.0.0.1 - - [07/Sep/2023 02:44:11] "OPTIONS /login HTTP/1.1" 200 -
2023-09-07 02:44:11,897 - INFO - 127.0.0.1 - - [07/Sep/2023 02:44:11] "POST /login HTTP/1.1" 200 -
2023-09-07 02:44:12,253 - INFO - 127.0.0.1 - - [07/Sep/2023 02:44:12] "OPTIONS /getUserTeams/24 HTTP/1.1" 200 -
2023-09-07 02:44:12,254 - INFO - 127.0.0.1 - - [07/Sep/2023 02:44:12] "OPTIONS /getUserTeams/24 HTTP/1.1" 200 -
2023-09-07 02:44:12,510 - INFO - 127.0.0.1 - - [07/Sep/2023 02:44:12] "GET /getUserTeams/24 HTTP/1.1" 200 -
2023-09-07 02:44:12,571 - INFO - 127.0.0.1 - - [07/Sep/2023 02:44:12] "GET /getUserTeams/24 HTTP/1.1" 200 -
2023-09-07 02:44:13,722 - INFO - 127.0.0.1 - - [07/Sep/2023 02:44:13] "[35m[1mGET /contributions/24 HTTP/1.1[0m" 500 -
2023-09-07 02:44:14,032 - INFO - 127.0.0.1 - - [07/Sep/2023 02:44:14] "[35m[1mGET /contributions/24 HTTP/1.1[0m" 500 -
2023-09-07 02:44:14,033 - INFO - 127.0.0.1 - - [07/Sep/2023 02:44:14] "GET /user/24 HTTP/1.1" 200 -
2023-09-07 02:44:14,341 - INFO - 127.0.0.1 - - [07/Sep/2023 02:44:14] "GET /user/24 HTTP/1.1" 200 -
2023-09-07 02:44:15,105 - INFO - 127.0.0.1 - - [07/Sep/2023 02:44:15] "GET /getUserTeams/24 HTTP/1.1" 200 -
2023-09-07 02:44:15,354 - INFO - 127.0.0.1 - - [07/Sep/2023 02:44:15] "GET /getUserTeams/24 HTTP/1.1" 200 -
2023-09-07 02:44:16,891 - INFO - 127.0.0.1 - - [07/Sep/2023 02:44:16] "GET /getUserTeams/24 HTTP/1.1" 200 -
2023-09-07 02:44:17,212 - INFO - 127.0.0.1 - - [07/Sep/2023 02:44:17] "GET /getUserTeams/24 HTTP/1.1" 200 -
2023-09-07 02:44:19,636 - INFO - 127.0.0.1 - - [07/Sep/2023 02:44:19] "OPTIONS /getUserTeams/24 HTTP/1.1" 200 -
2023-09-07 02:44:19,637 - INFO - 127.0.0.1 - - [07/Sep/2023 02:44:19] "OPTIONS /getUserTeams/24 HTTP/1.1" 200 -
2023-09-07 02:44:19,904 - INFO - 127.0.0.1 - - [07/Sep/2023 02:44:19] "GET /getUserTeams/24 HTTP/1.1" 200 -
2023-09-07 02:44:19,951 - INFO - 127.0.0.1 - - [07/Sep/2023 02:44:19] "GET /getUserTeams/24 HTTP/1.1" 200 -
2023-09-07 02:44:20,484 - INFO - 127.0.0.1 - - [07/Sep/2023 02:44:20] "[35m[1mGET /contributions/24 HTTP/1.1[0m" 500 -
2023-09-07 02:44:20,802 - INFO - 127.0.0.1 - - [07/Sep/2023 02:44:20] "[35m[1mGET /contributions/24 HTTP/1.1[0m" 500 -
2023-09-07 02:44:20,802 - INFO - 127.0.0.1 - - [07/Sep/2023 02:44:20] "GET /user/24 HTTP/1.1" 200 -
2023-09-07 02:44:21,112 - INFO - 127.0.0.1 - - [07/Sep/2023 02:44:21] "GET /user/24 HTTP/1.1" 200 -
2023-09-07 02:44:23,190 - INFO - 127.0.0.1 - - [07/Sep/2023 02:44:23] "GET /getUserTeams/24 HTTP/1.1" 200 -
2023-09-07 02:44:23,454 - INFO - 127.0.0.1 - - [07/Sep/2023 02:44:23] "GET /getUserTeams/24 HTTP/1.1" 200 -
2023-09-07 02:44:24,097 - INFO - 127.0.0.1 - - [07/Sep/2023 02:44:24] "GET /getTeamMembers/6 HTTP/1.1" 200 -
2023-09-07 02:44:24,418 - INFO - 127.0.0.1 - - [07/Sep/2023 02:44:24] "GET /getTeamMembers/6 HTTP/1.1" 200 -
2023-09-07 02:44:24,432 - INFO - 127.0.0.1 - - [07/Sep/2023 02:44:24] "GET /tasklists/6 HTTP/1.1" 200 -
2023-09-07 02:44:24,741 - INFO - 127.0.0.1 - - [07/Sep/2023 02:44:24] "GET /tasklists/6 HTTP/1.1" 200 -
2023-09-07 02:44:26,591 - INFO - 127.0.0.1 - - [07/Sep/2023 02:44:26] "GET /tasklists/6 HTTP/1.1" 200 -
2023-09-07 02:44:26,841 - INFO - 127.0.0.1 - - [07/Sep/2023 02:44:26] "GET /tasklists/6 HTTP/1.1" 200 -
2023-09-07 02:44:29,615 - INFO - 127.0.0.1 - - [07/Sep/2023 02:44:29] "GET /test-report/157 HTTP/1.1" 200 -
2023-09-07 02:44:29,931 - INFO - 127.0.0.1 - - [07/Sep/2023 02:44:29] "GET /test-report/157 HTTP/1.1" 200 -
2023-09-07 02:44:29,948 - INFO - 127.0.0.1 - - [07/Sep/2023 02:44:29] "GET /getTeamMembers/6 HTTP/1.1" 200 -
2023-09-07 02:44:30,258 - INFO - 127.0.0.1 - - [07/Sep/2023 02:44:30] "GET /getTeamMembers/6 HTTP/1.1" 200 -
2023-09-07 02:44:31,644 - INFO - 127.0.0.1 - - [07/Sep/2023 02:44:31] "GET /tasklists/6 HTTP/1.1" 200 -
2023-09-07 02:44:31,893 - INFO - 127.0.0.1 - - [07/Sep/2023 02:44:31] "GET /tasklists/6 HTTP/1.1" 200 -
2023-09-07 02:44:33,089 - INFO - 127.0.0.1 - - [07/Sep/2023 02:44:33] "OPTIONS /saveTask HTTP/1.1" 200 -
2023-09-07 02:44:33,403 - INFO - 127.0.0.1 - - [07/Sep/2023 02:44:33] "POST /saveTask HTTP/1.1" 200 -
2023-09-07 02:44:34,047 - INFO - 127.0.0.1 - - [07/Sep/2023 02:44:34] "POST /saveTask HTTP/1.1" 200 -
2023-09-07 02:44:45,352 - INFO - 127.0.0.1 - - [07/Sep/2023 02:44:45] "OPTIONS /saveTask HTTP/1.1" 200 -
2023-09-07 02:44:45,615 - INFO - 127.0.0.1 - - [07/Sep/2023 02:44:45] "POST /saveTask HTTP/1.1" 200 -
2023-09-07 02:44:46,636 - INFO - 127.0.0.1 - - [07/Sep/2023 02:44:46] "POST /saveTask HTTP/1.1" 200 -
2023-09-07 02:44:47,868 - INFO - 127.0.0.1 - - [07/Sep/2023 02:44:47] "POST /saveTask HTTP/1.1" 200 -
2023-09-07 02:44:48,558 - INFO - 127.0.0.1 - - [07/Sep/2023 02:44:48] "POST /saveTask HTTP/1.1" 200 -
2023-09-07 02:44:50,241 - INFO - 127.0.0.1 - - [07/Sep/2023 02:44:50] "GET /team/6 HTTP/1.1" 200 -
2023-09-07 02:44:50,504 - INFO - 127.0.0.1 - - [07/Sep/2023 02:44:50] "GET /team/6 HTTP/1.1" 200 -
2023-09-07 02:44:51,191 - INFO - 127.0.0.1 - - [07/Sep/2023 02:44:51] "GET /tasklists/6 HTTP/1.1" 200 -
2023-09-07 02:44:51,507 - INFO - 127.0.0.1 - - [07/Sep/2023 02:44:51] "GET /tasklists/6 HTTP/1.1" 200 -
2023-09-07 02:44:53,251 - INFO - 127.0.0.1 - - [07/Sep/2023 02:44:53] "OPTIONS /saveTask HTTP/1.1" 200 -
2023-09-07 02:44:53,526 - INFO - 127.0.0.1 - - [07/Sep/2023 02:44:53] "POST /saveTask HTTP/1.1" 200 -
2023-09-07 02:44:54,210 - INFO - 127.0.0.1 - - [07/Sep/2023 02:44:54] "POST /saveTask HTTP/1.1" 200 -
2023-09-07 02:44:55,638 - INFO - 127.0.0.1 - - [07/Sep/2023 02:44:55] "POST /saveTask HTTP/1.1" 200 -
2023-09-07 02:44:56,496 - INFO - 127.0.0.1 - - [07/Sep/2023 02:44:56] "GET /team/6 HTTP/1.1" 200 -
2023-09-07 02:44:56,819 - INFO - 127.0.0.1 - - [07/Sep/2023 02:44:56] "GET /team/6 HTTP/1.1" 200 -
2023-09-07 02:45:01,933 - INFO - 127.0.0.1 - - [07/Sep/2023 02:45:01] "GET /searchUsers?searchTerm=1 HTTP/1.1" 200 -
2023-09-07 02:45:04,832 - INFO - 127.0.0.1 - - [07/Sep/2023 02:45:04] "OPTIONS /team/6/add_member HTTP/1.1" 200 -
2023-09-07 02:45:05,154 - INFO - 127.0.0.1 - - [07/Sep/2023 02:45:05] "POST /team/6/add_member HTTP/1.1" 200 -
2023-09-07 02:45:05,973 - INFO - 127.0.0.1 - - [07/Sep/2023 02:45:05] "GET /team/6 HTTP/1.1" 200 -
2023-09-07 02:45:06,290 - INFO - 127.0.0.1 - - [07/Sep/2023 02:45:06] "GET /team/6 HTTP/1.1" 200 -
2023-09-07 02:45:28,115 - INFO - 127.0.0.1 - - [07/Sep/2023 02:45:28] "OPTIONS /getUserTeams/24 HTTP/1.1" 200 -
2023-09-07 02:45:28,116 - INFO - 127.0.0.1 - - [07/Sep/2023 02:45:28] "OPTIONS /getUserTeams/24 HTTP/1.1" 200 -
2023-09-07 02:45:28,384 - INFO - 127.0.0.1 - - [07/Sep/2023 02:45:28] "GET /getUserTeams/24 HTTP/1.1" 200 -
2023-09-07 02:45:28,432 - INFO - 127.0.0.1 - - [07/Sep/2023 02:45:28] "GET /getUserTeams/24 HTTP/1.1" 200 -
2023-09-07 02:45:37,508 - INFO - 127.0.0.1 - - [07/Sep/2023 02:45:37] "OPTIONS /login HTTP/1.1" 200 -
2023-09-07 02:45:37,899 - INFO - 127.0.0.1 - - [07/Sep/2023 02:45:37] "POST /login HTTP/1.1" 200 -
2023-09-07 02:45:38,256 - INFO - 127.0.0.1 - - [07/Sep/2023 02:45:38] "OPTIONS /getUserTeams/24 HTTP/1.1" 200 -
2023-09-07 02:45:38,257 - INFO - 127.0.0.1 - - [07/Sep/2023 02:45:38] "OPTIONS /getUserTeams/24 HTTP/1.1" 200 -
2023-09-07 02:45:38,511 - INFO - 127.0.0.1 - - [07/Sep/2023 02:45:38] "GET /getUserTeams/24 HTTP/1.1" 200 -
2023-09-07 02:45:38,572 - INFO - 127.0.0.1 - - [07/Sep/2023 02:45:38] "GET /getUserTeams/24 HTTP/1.1" 200 -
2023-09-07 02:45:59,432 - INFO - 127.0.0.1 - - [07/Sep/2023 02:45:59] "OPTIONS /login HTTP/1.1" 200 -
2023-09-07 02:45:59,514 - INFO - 127.0.0.1 - - [07/Sep/2023 02:45:59] "POST /login HTTP/1.1" 200 -
2023-09-07 02:45:59,857 - INFO - 127.0.0.1 - - [07/Sep/2023 02:45:59] "OPTIONS /getUserTeams/24 HTTP/1.1" 200 -
2023-09-07 02:45:59,858 - INFO - 127.0.0.1 - - [07/Sep/2023 02:45:59] "OPTIONS /getUserTeams/24 HTTP/1.1" 200 -
2023-09-07 02:46:00,126 - INFO - 127.0.0.1 - - [07/Sep/2023 02:46:00] "GET /getUserTeams/24 HTTP/1.1" 200 -
2023-09-07 02:46:00,172 - INFO - 127.0.0.1 - - [07/Sep/2023 02:46:00] "GET /getUserTeams/24 HTTP/1.1" 200 -
2023-09-07 02:46:00,976 - INFO - 127.0.0.1 - - [07/Sep/2023 02:46:00] "[35m[1mGET /contributions/24 HTTP/1.1[0m" 500 -
2023-09-07 02:46:01,285 - INFO - 127.0.0.1 - - [07/Sep/2023 02:46:01] "[35m[1mGET /contributions/24 HTTP/1.1[0m" 500 -
2023-09-07 02:46:01,286 - INFO - 127.0.0.1 - - [07/Sep/2023 02:46:01] "GET /user/24 HTTP/1.1" 200 -
2023-09-07 02:46:01,597 - INFO - 127.0.0.1 - - [07/Sep/2023 02:46:01] "GET /user/24 HTTP/1.1" 200 -
2023-09-07 02:46:05,633 - INFO - 127.0.0.1 - - [07/Sep/2023 02:46:05] "OPTIONS /getUserTeams/24 HTTP/1.1" 200 -
2023-09-07 02:46:05,634 - INFO - 127.0.0.1 - - [07/Sep/2023 02:46:05] "OPTIONS /getUserTeams/24 HTTP/1.1" 200 -
2023-09-07 02:46:05,885 - INFO - 127.0.0.1 - - [07/Sep/2023 02:46:05] "GET /getUserTeams/24 HTTP/1.1" 200 -
2023-09-07 02:46:05,949 - INFO - 127.0.0.1 - - [07/Sep/2023 02:46:05] "GET /getUserTeams/24 HTTP/1.1" 200 -
2023-09-07 02:46:11,461 - INFO - 127.0.0.1 - - [07/Sep/2023 02:46:11] "OPTIONS /getUserTeams/24 HTTP/1.1" 200 -
2023-09-07 02:46:11,768 - INFO - 127.0.0.1 - - [07/Sep/2023 02:46:11] "OPTIONS /getUserTeams/24 HTTP/1.1" 200 -
2023-09-07 02:46:11,775 - INFO - 127.0.0.1 - - [07/Sep/2023 02:46:11] "GET /getUserTeams/24 HTTP/1.1" 200 -
2023-09-07 02:46:12,084 - INFO - 127.0.0.1 - - [07/Sep/2023 02:46:12] "GET /getUserTeams/24 HTTP/1.1" 200 -
2023-09-07 02:46:13,815 - INFO - 127.0.0.1 - - [07/Sep/2023 02:46:13] "GET /getUserTeams/24 HTTP/1.1" 200 -
2023-09-07 02:46:19,990 - INFO - 127.0.0.1 - - [07/Sep/2023 02:46:19] "GET /searchUsers?searchTerm=q HTTP/1.1" 200 -
2023-09-07 02:46:29,236 - INFO - 127.0.0.1 - - [07/Sep/2023 02:46:29] "OPTIONS /getUserTeams/24 HTTP/1.1" 200 -
2023-09-07 02:46:29,510 - INFO - 127.0.0.1 - - [07/Sep/2023 02:46:29] "GET /getUserTeams/24 HTTP/1.1" 200 -
2023-09-07 02:46:29,913 - INFO - 127.0.0.1 - - [07/Sep/2023 02:46:29] "GET /getTeamMembers/6 HTTP/1.1" 200 -
2023-09-07 02:46:30,226 - INFO - 127.0.0.1 - - [07/Sep/2023 02:46:30] "GET /getTeamMembers/6 HTTP/1.1" 200 -
2023-09-07 02:46:30,271 - INFO - 127.0.0.1 - - [07/Sep/2023 02:46:30] "GET /tasklists/6 HTTP/1.1" 200 -
2023-09-07 02:46:30,585 - INFO - 127.0.0.1 - - [07/Sep/2023 02:46:30] "GET /tasklists/6 HTTP/1.1" 200 -
2023-09-07 02:46:33,537 - INFO - 127.0.0.1 - - [07/Sep/2023 02:46:33] "[35m[1mGET /contributions/26 HTTP/1.1[0m" 500 -
2023-09-07 02:46:33,539 - INFO - 127.0.0.1 - - [07/Sep/2023 02:46:33] "GET /user/26 HTTP/1.1" 200 -
2023-09-07 02:46:33,800 - INFO - 127.0.0.1 - - [07/Sep/2023 02:46:33] "[35m[1mGET /contributions/26 HTTP/1.1[0m" 500 -
2023-09-07 02:46:33,847 - INFO - 127.0.0.1 - - [07/Sep/2023 02:46:33] "GET /user/26 HTTP/1.1" 200 -
2023-09-07 02:46:35,579 - INFO - 127.0.0.1 - - [07/Sep/2023 02:46:35] "GET /getTeamMembers/6 HTTP/1.1" 200 -
2023-09-07 02:46:35,889 - INFO - 127.0.0.1 - - [07/Sep/2023 02:46:35] "GET /getTeamMembers/6 HTTP/1.1" 200 -
2023-09-07 02:46:35,912 - INFO - 127.0.0.1 - - [07/Sep/2023 02:46:35] "GET /tasklists/6 HTTP/1.1" 200 -
2023-09-07 02:46:36,229 - INFO - 127.0.0.1 - - [07/Sep/2023 02:46:36] "GET /tasklists/6 HTTP/1.1" 200 -
2023-09-07 02:46:37,707 - INFO - 127.0.0.1 - - [07/Sep/2023 02:46:37] "GET /tasklists/6 HTTP/1.1" 200 -
2023-09-07 02:46:37,970 - INFO - 127.0.0.1 - - [07/Sep/2023 02:46:37] "GET /tasklists/6 HTTP/1.1" 200 -
2023-09-07 02:46:42,456 - INFO - 127.0.0.1 - - [07/Sep/2023 02:46:42] "GET /test-report/157 HTTP/1.1" 200 -
2023-09-07 02:46:42,768 - INFO - 127.0.0.1 - - [07/Sep/2023 02:46:42] "GET /test-report/157 HTTP/1.1" 200 -
2023-09-07 02:46:42,798 - INFO - 127.0.0.1 - - [07/Sep/2023 02:46:42] "GET /getTeamMembers/6 HTTP/1.1" 200 -
2023-09-07 02:46:43,112 - INFO - 127.0.0.1 - - [07/Sep/2023 02:46:43] "GET /getTeamMembers/6 HTTP/1.1" 200 -
2023-09-07 02:46:44,640 - INFO - 127.0.0.1 - - [07/Sep/2023 02:46:44] "GET /tasklists/6 HTTP/1.1" 200 -
2023-09-07 02:46:44,907 - INFO - 127.0.0.1 - - [07/Sep/2023 02:46:44] "GET /tasklists/6 HTTP/1.1" 200 -
2023-09-07 02:46:48,334 - INFO - 127.0.0.1 - - [07/Sep/2023 02:46:48] "OPTIONS /saveTask HTTP/1.1" 200 -
2023-09-07 02:46:48,661 - INFO - 127.0.0.1 - - [07/Sep/2023 02:46:48] "POST /saveTask HTTP/1.1" 200 -
2023-09-07 02:46:55,110 - INFO - 127.0.0.1 - - [07/Sep/2023 02:46:55] "OPTIONS /saveTask HTTP/1.1" 200 -
2023-09-07 02:46:55,436 - INFO - 127.0.0.1 - - [07/Sep/2023 02:46:55] "POST /saveTask HTTP/1.1" 200 -
2023-09-07 02:46:56,717 - INFO - 127.0.0.1 - - [07/Sep/2023 02:46:56] "POST /saveTask HTTP/1.1" 200 -
2023-09-07 02:46:58,257 - INFO - 127.0.0.1 - - [07/Sep/2023 02:46:58] "POST /saveTask HTTP/1.1" 200 -
2023-09-07 02:46:58,951 - INFO - 127.0.0.1 - - [07/Sep/2023 02:46:58] "GET /team/6 HTTP/1.1" 200 -
2023-09-07 02:46:59,265 - INFO - 127.0.0.1 - - [07/Sep/2023 02:46:59] "GET /team/6 HTTP/1.1" 200 -
2023-09-07 02:47:00,051 - INFO - 127.0.0.1 - - [07/Sep/2023 02:47:00] "GET /tasklists/6 HTTP/1.1" 200 -
2023-09-07 02:47:00,307 - INFO - 127.0.0.1 - - [07/Sep/2023 02:47:00] "GET /tasklists/6 HTTP/1.1" 200 -
2023-09-07 02:47:00,707 - INFO - 127.0.0.1 - - [07/Sep/2023 02:47:00] "GET /team/6 HTTP/1.1" 200 -
2023-09-07 02:47:01,021 - INFO - 127.0.0.1 - - [07/Sep/2023 02:47:01] "GET /team/6 HTTP/1.1" 200 -
2023-09-07 02:47:05,644 - INFO - 127.0.0.1 - - [07/Sep/2023 02:47:05] "GET /searchUsers?searchTerm=1 HTTP/1.1" 200 -
2023-09-07 02:47:14,757 - INFO - 127.0.0.1 - - [07/Sep/2023 02:47:14] "OPTIONS /team/6/add_member HTTP/1.1" 200 -
2023-09-07 02:47:15,086 - INFO - 127.0.0.1 - - [07/Sep/2023 02:47:15] "POST /team/6/add_member HTTP/1.1" 200 -
2023-09-07 02:47:15,672 - INFO - 127.0.0.1 - - [07/Sep/2023 02:47:15] "GET /team/6 HTTP/1.1" 200 -
2023-09-07 02:47:15,985 - INFO - 127.0.0.1 - - [07/Sep/2023 02:47:15] "GET /team/6 HTTP/1.1" 200 -
2023-09-07 02:47:28,694 - INFO - 127.0.0.1 - - [07/Sep/2023 02:47:28] "GET /getTeamScript/6 HTTP/1.1" 200 -
2023-09-07 02:47:28,960 - INFO - 127.0.0.1 - - [07/Sep/2023 02:47:28] "GET /getTeamScript/6 HTTP/1.1" 200 -
2023-09-07 02:47:34,875 - INFO - 127.0.0.1 - - [07/Sep/2023 02:47:34] "OPTIONS /searchTestReport HTTP/1.1" 200 -
2023-09-07 02:47:35,189 - INFO - 127.0.0.1 - - [07/Sep/2023 02:47:35] "OPTIONS /searchTestReport HTTP/1.1" 200 -
2023-09-07 02:47:35,194 - INFO - 127.0.0.1 - - [07/Sep/2023 02:47:35] "POST /searchTestReport HTTP/1.1" 200 -
2023-09-07 02:47:35,456 - INFO - 127.0.0.1 - - [07/Sep/2023 02:47:35] "POST /searchTestReport HTTP/1.1" 200 -
2023-09-07 02:47:36,391 - INFO - 127.0.0.1 - - [07/Sep/2023 02:47:36] "GET /test-report/165 HTTP/1.1" 200 -
2023-09-07 02:47:36,655 - INFO - 127.0.0.1 - - [07/Sep/2023 02:47:36] "GET /test-report/165 HTTP/1.1" 200 -
2023-09-07 02:47:36,703 - INFO - 127.0.0.1 - - [07/Sep/2023 02:47:36] "GET /getTeamMembers/6 HTTP/1.1" 200 -
2023-09-07 02:47:36,731 - INFO - 127.0.0.1 - - [07/Sep/2023 02:47:36] "GET /getTeamMembers/6 HTTP/1.1" 200 -
2023-09-07 02:47:48,104 - INFO - 127.0.0.1 - - [07/Sep/2023 02:47:48] "OPTIONS /send-report HTTP/1.1" 200 -
2023-09-07 02:47:49,299 - INFO - 127.0.0.1 - - [07/Sep/2023 02:47:49] "POST /send-report HTTP/1.1" 200 -
2023-09-07 02:48:04,689 - INFO - 127.0.0.1 - - [07/Sep/2023 02:48:04] "OPTIONS /searchTestReport HTTP/1.1" 200 -
2023-09-07 02:48:04,697 - INFO - 127.0.0.1 - - [07/Sep/2023 02:48:04] "POST /searchTestReport HTTP/1.1" 200 -
2023-09-07 02:48:05,002 - INFO - 127.0.0.1 - - [07/Sep/2023 02:48:05] "OPTIONS /searchTestReport HTTP/1.1" 200 -
2023-09-07 02:48:05,319 - INFO - 127.0.0.1 - - [07/Sep/2023 02:48:05] "POST /searchTestReport HTTP/1.1" 200 -
2023-09-07 02:48:06,298 - INFO - 127.0.0.1 - - [07/Sep/2023 02:48:06] "GET /getTeamScript/6 HTTP/1.1" 200 -
2023-09-07 02:48:06,562 - INFO - 127.0.0.1 - - [07/Sep/2023 02:48:06] "GET /getTeamScript/6 HTTP/1.1" 200 -
2023-09-07 02:48:10,929 - INFO - 127.0.0.1 - - [07/Sep/2023 02:48:10] "GET /getTestCases?testeventID=249 HTTP/1.1" 200 -
2023-09-07 02:48:11,230 - INFO - 127.0.0.1 - - [07/Sep/2023 02:48:11] "GET /testEventName?testeventID=249 HTTP/1.1" 200 -
2023-09-07 02:48:11,236 - INFO - 127.0.0.1 - - [07/Sep/2023 02:48:11] "GET /getTestCases?testeventID=249 HTTP/1.1" 200 -
2023-09-07 02:48:11,539 - INFO - 127.0.0.1 - - [07/Sep/2023 02:48:11] "GET /testEventName?testeventID=249 HTTP/1.1" 200 -
2023-09-07 02:48:15,417 - INFO - 127.0.0.1 - - [07/Sep/2023 02:48:15] "GET /getTeamScript/6 HTTP/1.1" 200 -
2023-09-07 02:48:15,678 - INFO - 127.0.0.1 - - [07/Sep/2023 02:48:15] "GET /getTeamScript/6 HTTP/1.1" 200 -
2023-09-07 02:48:36,492 - INFO - 127.0.0.1 - - [07/Sep/2023 02:48:36] "OPTIONS /runTestEvents HTTP/1.1" 200 -
2023-09-07 02:48:36,501 - INFO - ====== WebDriver manager ======
2023-09-07 02:48:37,232 - INFO - Get LATEST chromedriver version for google-chrome
2023-09-07 02:48:37,233 - INFO - Get LATEST chromedriver version for google-chrome
2023-09-07 02:48:37,233 - INFO - There is no [win64] chromedriver "116.0.5845.179" for browser google-chrome "116.0.5845.179" in cache
2023-09-07 02:48:37,233 - INFO - Get LATEST chromedriver version for google-chrome
2023-09-07 02:48:38,314 - INFO - WebDriver version 116.0.5845.96 selected
2023-09-07 02:48:38,314 - INFO - Modern chrome version https://edgedl.me.gvt1.com/edgedl/chrome/chrome-for-testing/116.0.5845.96/win32/chromedriver-win32.zip
2023-09-07 02:48:38,314 - INFO - About to download new driver from https://edgedl.me.gvt1.com/edgedl/chrome/chrome-for-testing/116.0.5845.96/win32/chromedriver-win32.zip
2023-09-07 02:48:39,441 - INFO - Driver downloading response is 200
2023-09-07 02:48:41,469 - INFO - Get LATEST chromedriver version for google-chrome
2023-09-07 02:48:41,548 - INFO - Driver has been saved in cache [C:\Users\hongj\.wdm\drivers\chromedriver\win64\116.0.5845.179]
2023-09-07 02:48:56,488 - INFO - 127.0.0.1 - - [07/Sep/2023 02:48:56] "[35m[1mPOST /runTestEvents HTTP/1.1[0m" 201 -
2023-09-07 02:48:57,059 - INFO - 127.0.0.1 - - [07/Sep/2023 02:48:57] "GET /test-report/166 HTTP/1.1" 200 -
2023-09-07 02:48:57,306 - INFO - 127.0.0.1 - - [07/Sep/2023 02:48:57] "GET /test-report/166 HTTP/1.1" 200 -
2023-09-07 02:48:57,370 - INFO - 127.0.0.1 - - [07/Sep/2023 02:48:57] "GET /getTeamMembers/6 HTTP/1.1" 200 -
2023-09-07 02:48:57,397 - INFO - 127.0.0.1 - - [07/Sep/2023 02:48:57] "GET /getTeamMembers/6 HTTP/1.1" 200 -
2023-09-07 02:49:01,474 - INFO - 127.0.0.1 - - [07/Sep/2023 02:49:01] "GET /getTestCases?testeventID=250 HTTP/1.1" 200 -
2023-09-07 02:49:01,781 - INFO - 127.0.0.1 - - [07/Sep/2023 02:49:01] "GET /testEventName?testeventID=250 HTTP/1.1" 200 -
2023-09-07 02:49:01,791 - INFO - 127.0.0.1 - - [07/Sep/2023 02:49:01] "GET /getTestCases?testeventID=250 HTTP/1.1" 200 -
2023-09-07 02:49:02,092 - INFO - 127.0.0.1 - - [07/Sep/2023 02:49:02] "GET /testEventName?testeventID=250 HTTP/1.1" 200 -
2023-09-07 02:49:04,328 - INFO - 127.0.0.1 - - [07/Sep/2023 02:49:04] "GET /test-report/166 HTTP/1.1" 200 -
2023-09-07 02:49:04,605 - INFO - 127.0.0.1 - - [07/Sep/2023 02:49:04] "GET /test-report/166 HTTP/1.1" 200 -
2023-09-07 02:49:04,637 - INFO - 127.0.0.1 - - [07/Sep/2023 02:49:04] "GET /getTeamMembers/6 HTTP/1.1" 200 -
2023-09-07 02:49:04,667 - INFO - 127.0.0.1 - - [07/Sep/2023 02:49:04] "GET /getTeamMembers/6 HTTP/1.1" 200 -
2023-09-07 02:49:06,335 - INFO - 127.0.0.1 - - [07/Sep/2023 02:49:06] "GET /getTeamScript/6 HTTP/1.1" 200 -
2023-09-07 02:49:06,644 - INFO - 127.0.0.1 - - [07/Sep/2023 02:49:06] "GET /getTeamScript/6 HTTP/1.1" 200 -
2023-09-07 02:49:28,436 - INFO - 127.0.0.1 - - [07/Sep/2023 02:49:28] "GET /getTeamMembers/6 HTTP/1.1" 200 -
2023-09-07 02:49:28,699 - INFO - 127.0.0.1 - - [07/Sep/2023 02:49:28] "GET /getTeamMembers/6 HTTP/1.1" 200 -
2023-09-07 02:49:28,745 - INFO - 127.0.0.1 - - [07/Sep/2023 02:49:28] "GET /tasklists/6 HTTP/1.1" 200 -
2023-09-07 02:49:28,775 - INFO - 127.0.0.1 - - [07/Sep/2023 02:49:28] "GET /tasklists/6 HTTP/1.1" 200 -
2023-09-07 02:49:35,631 - INFO - 127.0.0.1 - - [07/Sep/2023 02:49:35] "OPTIONS /getUserTeams/24 HTTP/1.1" 200 -
2023-09-07 02:49:35,936 - INFO - 127.0.0.1 - - [07/Sep/2023 02:49:35] "OPTIONS /getUserTeams/24 HTTP/1.1" 200 -
2023-09-07 02:49:35,943 - INFO - 127.0.0.1 - - [07/Sep/2023 02:49:35] "GET /getUserTeams/24 HTTP/1.1" 200 -
2023-09-07 02:49:36,257 - INFO - 127.0.0.1 - - [07/Sep/2023 02:49:36] "GET /getUserTeams/24 HTTP/1.1" 200 -
2023-09-07 09:33:25,362 - INFO -  * Detected change in 'D:\\final project\\dissertation-UI-test-platform\\backend\\app\\routes.py', reloading
2023-09-07 09:33:25,615 - INFO -  * Restarting with stat
2023-09-07 09:33:26,548 - WARNING -  * Debugger is active!
2023-09-07 09:33:26,549 - INFO -  * Debugger PIN: 643-615-311
2023-09-07 09:33:44,054 - INFO -  * Detected change in 'D:\\final project\\dissertation-UI-test-platform\\backend\\app\\routes.py', reloading
2023-09-07 09:33:44,149 - INFO -  * Restarting with stat
2023-09-07 09:33:44,877 - WARNING -  * Debugger is active!
2023-09-07 09:33:44,879 - INFO -  * Debugger PIN: 643-615-311
2023-09-07 09:35:59,573 - INFO -  * Detected change in 'D:\\final project\\dissertation-UI-test-platform\\backend\\app\\routes.py', reloading
2023-09-07 09:35:59,718 - INFO -  * Restarting with stat
2023-09-07 09:36:00,470 - WARNING -  * Debugger is active!
2023-09-07 09:36:00,472 - INFO -  * Debugger PIN: 643-615-311
2023-09-07 09:39:38,701 - INFO - 127.0.0.1 - - [07/Sep/2023 09:39:38] "OPTIONS /login HTTP/1.1" 200 -
2023-09-07 09:39:39,122 - INFO - 127.0.0.1 - - [07/Sep/2023 09:39:39] "POST /login HTTP/1.1" 200 -
2023-09-07 09:39:39,198 - INFO - 127.0.0.1 - - [07/Sep/2023 09:39:39] "OPTIONS /getUserTeams/24 HTTP/1.1" 200 -
2023-09-07 09:39:39,504 - INFO - 127.0.0.1 - - [07/Sep/2023 09:39:39] "OPTIONS /getUserTeams/24 HTTP/1.1" 200 -
2023-09-07 09:39:39,521 - INFO - 127.0.0.1 - - [07/Sep/2023 09:39:39] "GET /getUserTeams/24 HTTP/1.1" 200 -
2023-09-07 09:39:39,845 - INFO - 127.0.0.1 - - [07/Sep/2023 09:39:39] "GET /getUserTeams/24 HTTP/1.1" 200 -
2023-09-07 09:39:41,699 - INFO - 127.0.0.1 - - [07/Sep/2023 09:39:41] "GET /getTeamMembers/9 HTTP/1.1" 200 -
2023-09-07 09:39:41,939 - INFO - 127.0.0.1 - - [07/Sep/2023 09:39:41] "GET /getTeamMembers/9 HTTP/1.1" 200 -
2023-09-07 09:39:42,016 - INFO - 127.0.0.1 - - [07/Sep/2023 09:39:42] "GET /tasklists/9 HTTP/1.1" 200 -
2023-09-07 09:39:42,029 - INFO - 127.0.0.1 - - [07/Sep/2023 09:39:42] "GET /tasklists/9 HTTP/1.1" 200 -
2023-09-07 09:39:43,963 - INFO - 127.0.0.1 - - [07/Sep/2023 09:39:43] "GET /team/9 HTTP/1.1" 200 -
2023-09-07 09:39:44,272 - INFO - 127.0.0.1 - - [07/Sep/2023 09:39:44] "GET /team/9 HTTP/1.1" 200 -
2023-09-07 09:39:48,461 - INFO - 127.0.0.1 - - [07/Sep/2023 09:39:48] "GET /searchUsers?searchTerm=1 HTTP/1.1" 200 -
2023-09-07 09:39:50,375 - INFO - 127.0.0.1 - - [07/Sep/2023 09:39:50] "OPTIONS /team/9/add_member HTTP/1.1" 200 -
2023-09-07 09:39:50,696 - INFO - 127.0.0.1 - - [07/Sep/2023 09:39:50] "POST /team/9/add_member HTTP/1.1" 200 -
2023-09-07 09:39:51,285 - INFO - 127.0.0.1 - - [07/Sep/2023 09:39:51] "GET /team/9 HTTP/1.1" 200 -
2023-09-07 09:39:51,601 - INFO - 127.0.0.1 - - [07/Sep/2023 09:39:51] "GET /team/9 HTTP/1.1" 200 -
2023-09-07 09:39:57,224 - INFO - 127.0.0.1 - - [07/Sep/2023 09:39:57] "OPTIONS /team/transferManager HTTP/1.1" 200 -
2023-09-07 09:39:57,604 - INFO - 127.0.0.1 - - [07/Sep/2023 09:39:57] "[35m[1mPUT /team/transferManager HTTP/1.1[0m" 500 -
2023-09-07 10:10:16,354 - INFO - 127.0.0.1 - - [07/Sep/2023 10:10:16] "GET /team/9 HTTP/1.1" 200 -
2023-09-07 10:10:29,023 - INFO - 127.0.0.1 - - [07/Sep/2023 10:10:29] "GET /team/9 HTTP/1.1" 200 -
2023-09-07 10:10:29,347 - INFO - 127.0.0.1 - - [07/Sep/2023 10:10:29] "GET /team/9 HTTP/1.1" 200 -
2023-09-07 10:13:20,268 - INFO -  * Detected change in 'D:\\final project\\dissertation-UI-test-platform\\backend\\app\\routes.py', reloading
2023-09-07 10:13:20,388 - INFO -  * Restarting with stat
2023-09-07 10:13:21,180 - WARNING -  * Debugger is active!
2023-09-07 10:13:21,183 - INFO -  * Debugger PIN: 643-615-311
2023-09-07 10:15:09,938 - INFO - 127.0.0.1 - - [07/Sep/2023 10:15:09] "GET /team/9 HTTP/1.1" 200 -
2023-09-07 10:15:10,167 - INFO - 127.0.0.1 - - [07/Sep/2023 10:15:10] "GET /team/9 HTTP/1.1" 200 -
2023-09-07 10:15:46,019 - INFO - 127.0.0.1 - - [07/Sep/2023 10:15:46] "GET /team/9 HTTP/1.1" 200 -
2023-09-07 10:15:46,331 - INFO - 127.0.0.1 - - [07/Sep/2023 10:15:46] "GET /team/9 HTTP/1.1" 200 -
2023-09-07 10:16:26,341 - INFO - 127.0.0.1 - - [07/Sep/2023 10:16:26] "GET /team/9 HTTP/1.1" 200 -
2023-09-07 10:16:28,044 - INFO - 127.0.0.1 - - [07/Sep/2023 10:16:28] "GET /team/9 HTTP/1.1" 200 -
2023-09-07 10:16:54,334 - INFO - 127.0.0.1 - - [07/Sep/2023 10:16:54] "GET /team/9 HTTP/1.1" 200 -
2023-09-07 10:17:11,339 - INFO - 127.0.0.1 - - [07/Sep/2023 10:17:11] "GET /searchUsers?searchTerm=1 HTTP/1.1" 200 -
2023-09-07 10:17:16,586 - INFO - 127.0.0.1 - - [07/Sep/2023 10:17:16] "OPTIONS /team/9/add_member HTTP/1.1" 200 -
2023-09-07 10:17:16,863 - INFO - 127.0.0.1 - - [07/Sep/2023 10:17:16] "POST /team/9/add_member HTTP/1.1" 200 -
2023-09-07 10:17:18,179 - INFO - 127.0.0.1 - - [07/Sep/2023 10:17:18] "GET /team/9 HTTP/1.1" 200 -
2023-09-07 10:17:18,487 - INFO - 127.0.0.1 - - [07/Sep/2023 10:17:18] "GET /team/9 HTTP/1.1" 200 -
2023-09-07 10:17:21,285 - INFO - 127.0.0.1 - - [07/Sep/2023 10:17:21] "OPTIONS /team/9/remove_member HTTP/1.1" 200 -
2023-09-07 10:17:21,575 - INFO - 127.0.0.1 - - [07/Sep/2023 10:17:21] "[35m[1mPOST /team/9/remove_member HTTP/1.1[0m" 500 -
2023-09-07 10:17:23,265 - INFO - 127.0.0.1 - - [07/Sep/2023 10:17:23] "[35m[1mPOST /team/9/remove_member HTTP/1.1[0m" 500 -
2023-09-07 10:17:26,416 - INFO - 127.0.0.1 - - [07/Sep/2023 10:17:26] "[35m[1mPOST /team/9/remove_member HTTP/1.1[0m" 500 -
2023-09-07 10:17:32,526 - INFO - 127.0.0.1 - - [07/Sep/2023 10:17:32] "OPTIONS /team/transferManager HTTP/1.1" 200 -
2023-09-07 10:17:32,834 - INFO - 127.0.0.1 - - [07/Sep/2023 10:17:32] "PUT /team/transferManager HTTP/1.1" 200 -
2023-09-07 10:17:33,649 - INFO - 127.0.0.1 - - [07/Sep/2023 10:17:33] "GET /team/9 HTTP/1.1" 200 -
2023-09-07 10:17:33,962 - INFO - 127.0.0.1 - - [07/Sep/2023 10:17:33] "GET /team/9 HTTP/1.1" 200 -
2023-09-07 10:17:37,325 - INFO - 127.0.0.1 - - [07/Sep/2023 10:17:37] "PUT /team/transferManager HTTP/1.1" 200 -
2023-09-07 10:17:37,867 - INFO - 127.0.0.1 - - [07/Sep/2023 10:17:37] "GET /team/9 HTTP/1.1" 200 -
2023-09-07 10:17:38,176 - INFO - 127.0.0.1 - - [07/Sep/2023 10:17:38] "GET /team/9 HTTP/1.1" 200 -
2023-09-07 10:17:40,073 - INFO - 127.0.0.1 - - [07/Sep/2023 10:17:40] "[33mGET /getTeamScript/9 HTTP/1.1[0m" 404 -
2023-09-07 10:17:40,333 - INFO - 127.0.0.1 - - [07/Sep/2023 10:17:40] "[33mGET /getTeamScript/9 HTTP/1.1[0m" 404 -
2023-09-07 10:17:40,945 - INFO - 127.0.0.1 - - [07/Sep/2023 10:17:40] "GET /getTeamMembers/9 HTTP/1.1" 200 -
2023-09-07 10:17:41,266 - INFO - 127.0.0.1 - - [07/Sep/2023 10:17:41] "GET /getTeamMembers/9 HTTP/1.1" 200 -
2023-09-07 10:17:41,283 - INFO - 127.0.0.1 - - [07/Sep/2023 10:17:41] "GET /tasklists/9 HTTP/1.1" 200 -
2023-09-07 10:17:41,596 - INFO - 127.0.0.1 - - [07/Sep/2023 10:17:41] "GET /tasklists/9 HTTP/1.1" 200 -
2023-09-07 10:17:42,396 - INFO - 127.0.0.1 - - [07/Sep/2023 10:17:42] "GET /tasklists/9 HTTP/1.1" 200 -
2023-09-07 10:17:42,650 - INFO - 127.0.0.1 - - [07/Sep/2023 10:17:42] "GET /tasklists/9 HTTP/1.1" 200 -
2023-09-07 10:17:42,868 - INFO - 127.0.0.1 - - [07/Sep/2023 10:17:42] "OPTIONS /getUserTeams/24 HTTP/1.1" 200 -
2023-09-07 10:17:43,175 - INFO - 127.0.0.1 - - [07/Sep/2023 10:17:43] "OPTIONS /getUserTeams/24 HTTP/1.1" 200 -
2023-09-07 10:17:43,188 - INFO - 127.0.0.1 - - [07/Sep/2023 10:17:43] "GET /getUserTeams/24 HTTP/1.1" 200 -
2023-09-07 10:17:43,509 - INFO - 127.0.0.1 - - [07/Sep/2023 10:17:43] "GET /getUserTeams/24 HTTP/1.1" 200 -
2023-09-07 10:17:46,197 - INFO - 127.0.0.1 - - [07/Sep/2023 10:17:46] "GET /getTeamMembers/6 HTTP/1.1" 200 -
2023-09-07 10:17:46,444 - INFO - 127.0.0.1 - - [07/Sep/2023 10:17:46] "GET /getTeamMembers/6 HTTP/1.1" 200 -
2023-09-07 10:17:46,507 - INFO - 127.0.0.1 - - [07/Sep/2023 10:17:46] "GET /tasklists/6 HTTP/1.1" 200 -
2023-09-07 10:17:46,598 - INFO - 127.0.0.1 - - [07/Sep/2023 10:17:46] "GET /tasklists/6 HTTP/1.1" 200 -
2023-09-07 10:17:46,818 - INFO - 127.0.0.1 - - [07/Sep/2023 10:17:46] "GET /tasklists/6 HTTP/1.1" 200 -
2023-09-07 10:17:46,910 - INFO - 127.0.0.1 - - [07/Sep/2023 10:17:46] "GET /tasklists/6 HTTP/1.1" 200 -
2023-09-07 10:17:48,083 - INFO - 127.0.0.1 - - [07/Sep/2023 10:17:48] "GET /team/6 HTTP/1.1" 200 -
2023-09-07 10:17:48,398 - INFO - 127.0.0.1 - - [07/Sep/2023 10:17:48] "GET /team/6 HTTP/1.1" 200 -
2023-09-07 10:17:53,947 - INFO - 127.0.0.1 - - [07/Sep/2023 10:17:53] "OPTIONS /team/6/remove_member HTTP/1.1" 200 -
2023-09-07 10:17:54,212 - INFO - 127.0.0.1 - - [07/Sep/2023 10:17:54] "[35m[1mPOST /team/6/remove_member HTTP/1.1[0m" 500 -
2023-09-07 10:17:59,341 - INFO - 127.0.0.1 - - [07/Sep/2023 10:17:59] "GET /getTeamScript/6 HTTP/1.1" 200 -
2023-09-07 10:17:59,654 - INFO - 127.0.0.1 - - [07/Sep/2023 10:17:59] "GET /getTeamScript/6 HTTP/1.1" 200 -
2023-09-07 10:18:00,416 - INFO - 127.0.0.1 - - [07/Sep/2023 10:18:00] "GET /getTeamMembers/6 HTTP/1.1" 200 -
2023-09-07 10:18:00,675 - INFO - 127.0.0.1 - - [07/Sep/2023 10:18:00] "GET /getTeamMembers/6 HTTP/1.1" 200 -
2023-09-07 10:18:00,729 - INFO - 127.0.0.1 - - [07/Sep/2023 10:18:00] "GET /tasklists/6 HTTP/1.1" 200 -
2023-09-07 10:18:00,754 - INFO - 127.0.0.1 - - [07/Sep/2023 10:18:00] "GET /getTeamScript/6 HTTP/1.1" 200 -
2023-09-07 10:18:00,871 - INFO - 127.0.0.1 - - [07/Sep/2023 10:18:00] "GET /tasklists/6 HTTP/1.1" 200 -
2023-09-07 10:18:01,039 - INFO - 127.0.0.1 - - [07/Sep/2023 10:18:01] "GET /getTeamScript/6 HTTP/1.1" 200 -
2023-09-07 10:18:05,405 - INFO - 127.0.0.1 - - [07/Sep/2023 10:18:05] "GET /getTeamMembers/6 HTTP/1.1" 200 -
2023-09-07 10:18:05,720 - INFO - 127.0.0.1 - - [07/Sep/2023 10:18:05] "GET /getTeamMembers/6 HTTP/1.1" 200 -
2023-09-07 10:18:05,753 - INFO - 127.0.0.1 - - [07/Sep/2023 10:18:05] "GET /tasklists/6 HTTP/1.1" 200 -
2023-09-07 10:18:06,070 - INFO - 127.0.0.1 - - [07/Sep/2023 10:18:06] "GET /tasklists/6 HTTP/1.1" 200 -
2023-09-07 10:18:06,263 - INFO - 127.0.0.1 - - [07/Sep/2023 10:18:06] "OPTIONS /getUserTeams/24 HTTP/1.1" 200 -
2023-09-07 10:18:06,266 - INFO - 127.0.0.1 - - [07/Sep/2023 10:18:06] "OPTIONS /getUserTeams/24 HTTP/1.1" 200 -
2023-09-07 10:18:06,587 - INFO - 127.0.0.1 - - [07/Sep/2023 10:18:06] "GET /getUserTeams/24 HTTP/1.1" 200 -
2023-09-07 10:18:06,832 - INFO - 127.0.0.1 - - [07/Sep/2023 10:18:06] "GET /getUserTeams/24 HTTP/1.1" 200 -
2023-09-07 10:18:17,279 - INFO - 127.0.0.1 - - [07/Sep/2023 10:18:17] "OPTIONS /getUserTeams/24 HTTP/1.1" 200 -
2023-09-07 10:18:17,595 - INFO - 127.0.0.1 - - [07/Sep/2023 10:18:17] "GET /getUserTeams/24 HTTP/1.1" 200 -
2023-09-07 10:18:18,030 - INFO - 127.0.0.1 - - [07/Sep/2023 10:18:18] "GET /getUserTeams/24 HTTP/1.1" 200 -
2023-09-07 10:18:19,252 - INFO - 127.0.0.1 - - [07/Sep/2023 10:18:19] "GET /getUserTeams/24 HTTP/1.1" 200 -
2023-09-07 10:18:21,090 - INFO - 127.0.0.1 - - [07/Sep/2023 10:18:21] "[31m[1mGET /searchUsers?searchTerm= HTTP/1.1[0m" 400 -
2023-09-07 10:18:22,438 - INFO - 127.0.0.1 - - [07/Sep/2023 10:18:22] "GET /getUserTeams/24 HTTP/1.1" 200 -
2023-09-07 10:27:11,250 - INFO - 127.0.0.1 - - [07/Sep/2023 10:27:11] "OPTIONS /getUserTeams/24 HTTP/1.1" 200 -
2023-09-07 10:27:11,519 - INFO - 127.0.0.1 - - [07/Sep/2023 10:27:11] "GET /getUserTeams/24 HTTP/1.1" 200 -
2023-09-07 10:27:15,088 - INFO - 127.0.0.1 - - [07/Sep/2023 10:27:15] "GET /searchUsers?searchTerm=1 HTTP/1.1" 200 -
2023-09-07 10:27:17,142 - INFO - 127.0.0.1 - - [07/Sep/2023 10:27:17] "OPTIONS /createTeam HTTP/1.1" 200 -
2023-09-07 10:27:17,408 - INFO - 127.0.0.1 - - [07/Sep/2023 10:27:17] "POST /createTeam HTTP/1.1" 200 -
2023-09-07 10:27:19,192 - INFO - 127.0.0.1 - - [07/Sep/2023 10:27:19] "OPTIONS /getUserTeams/24 HTTP/1.1" 200 -
2023-09-07 10:27:19,515 - INFO - 127.0.0.1 - - [07/Sep/2023 10:27:19] "GET /getUserTeams/24 HTTP/1.1" 200 -
2023-09-07 10:27:22,238 - INFO - 127.0.0.1 - - [07/Sep/2023 10:27:22] "GET /getUserTeams/24 HTTP/1.1" 200 -
2023-09-07 10:27:22,549 - INFO - 127.0.0.1 - - [07/Sep/2023 10:27:22] "GET /getUserTeams/24 HTTP/1.1" 200 -
2023-09-07 10:27:38,523 - INFO - 127.0.0.1 - - [07/Sep/2023 10:27:38] "OPTIONS /getUserTeams/24 HTTP/1.1" 200 -
2023-09-07 10:27:38,795 - INFO - 127.0.0.1 - - [07/Sep/2023 10:27:38] "GET /getUserTeams/24 HTTP/1.1" 200 -
2023-09-07 10:27:38,906 - INFO - 127.0.0.1 - - [07/Sep/2023 10:27:38] "GET /getUserTeams/24 HTTP/1.1" 200 -
2023-09-07 10:28:11,050 - INFO - [31m[1mWARNING: This is a development server. Do not use it in a production deployment. Use a production WSGI server instead.[0m
 * Running on all addresses (0.0.0.0)
 * Running on http://127.0.0.1:5000
 * Running on http://192.168.3.38:5000
2023-09-07 10:28:11,050 - INFO - [33mPress CTRL+C to quit[0m
2023-09-07 10:28:11,051 - INFO -  * Restarting with stat
2023-09-07 10:28:11,787 - WARNING -  * Debugger is active!
2023-09-07 10:28:11,789 - INFO -  * Debugger PIN: 643-615-311
2023-09-07 10:28:21,763 - INFO - 127.0.0.1 - - [07/Sep/2023 10:28:21] "OPTIONS /getUserTeams/24 HTTP/1.1" 200 -
2023-09-07 10:28:22,054 - INFO - 127.0.0.1 - - [07/Sep/2023 10:28:22] "GET /getUserTeams/24 HTTP/1.1" 200 -
2023-09-07 10:28:29,546 - INFO - 127.0.0.1 - - [07/Sep/2023 10:28:29] "GET /searchUsers?searchTerm=1 HTTP/1.1" 200 -
2023-09-07 10:28:31,498 - INFO - 127.0.0.1 - - [07/Sep/2023 10:28:31] "OPTIONS /createTeam HTTP/1.1" 200 -
2023-09-07 10:28:31,757 - INFO - 127.0.0.1 - - [07/Sep/2023 10:28:31] "POST /createTeam HTTP/1.1" 200 -
2023-09-07 10:28:33,465 - INFO - 127.0.0.1 - - [07/Sep/2023 10:28:33] "OPTIONS /getUserTeams/24 HTTP/1.1" 200 -
2023-09-07 10:28:33,775 - INFO - 127.0.0.1 - - [07/Sep/2023 10:28:33] "GET /getUserTeams/24 HTTP/1.1" 200 -
2023-09-07 10:28:40,851 - INFO - 127.0.0.1 - - [07/Sep/2023 10:28:40] "OPTIONS /getUserTeams/24 HTTP/1.1" 200 -
2023-09-07 10:28:41,157 - INFO - 127.0.0.1 - - [07/Sep/2023 10:28:41] "OPTIONS /getUserTeams/24 HTTP/1.1" 200 -
2023-09-07 10:28:41,165 - INFO - 127.0.0.1 - - [07/Sep/2023 10:28:41] "GET /getUserTeams/24 HTTP/1.1" 200 -
2023-09-07 10:28:41,495 - INFO - 127.0.0.1 - - [07/Sep/2023 10:28:41] "GET /getUserTeams/24 HTTP/1.1" 200 -
2023-09-07 10:37:08,202 - INFO -  * Detected change in 'D:\\final project\\dissertation-UI-test-platform\\backend\\app\\routes.py', reloading
2023-09-07 10:37:08,306 - INFO -  * Restarting with stat
2023-09-07 10:37:09,037 - WARNING -  * Debugger is active!
2023-09-07 10:37:09,037 - INFO -  * Debugger PIN: 643-615-311
2023-09-07 10:37:28,567 - INFO -  * Detected change in 'D:\\final project\\dissertation-UI-test-platform\\backend\\app\\routes.py', reloading
2023-09-07 10:37:28,728 - INFO -  * Restarting with stat
2023-09-07 10:37:29,542 - WARNING -  * Debugger is active!
2023-09-07 10:37:29,549 - INFO -  * Debugger PIN: 643-615-311
2023-09-07 10:37:32,335 - INFO - 127.0.0.1 - - [07/Sep/2023 10:37:32] "OPTIONS /getUserTeams/24 HTTP/1.1" 200 -
2023-09-07 10:37:32,634 - INFO - 127.0.0.1 - - [07/Sep/2023 10:37:32] "GET /getUserTeams/24 HTTP/1.1" 200 -
2023-09-07 10:37:37,298 - INFO - 127.0.0.1 - - [07/Sep/2023 10:37:37] "GET /searchUsers?searchTerm=1 HTTP/1.1" 200 -
2023-09-07 10:37:38,994 - INFO - 127.0.0.1 - - [07/Sep/2023 10:37:38] "OPTIONS /createTeam HTTP/1.1" 200 -
2023-09-07 10:37:39,256 - INFO - 127.0.0.1 - - [07/Sep/2023 10:37:39] "POST /createTeam HTTP/1.1" 200 -
2023-09-07 10:37:40,414 - INFO - 127.0.0.1 - - [07/Sep/2023 10:37:40] "OPTIONS /getUserTeams/24 HTTP/1.1" 200 -
2023-09-07 10:37:40,735 - INFO - 127.0.0.1 - - [07/Sep/2023 10:37:40] "GET /getUserTeams/24 HTTP/1.1" 200 -
2023-09-07 10:37:42,512 - INFO - 127.0.0.1 - - [07/Sep/2023 10:37:42] "GET /getUserTeams/24 HTTP/1.1" 200 -
2023-09-07 10:37:42,833 - INFO - 127.0.0.1 - - [07/Sep/2023 10:37:42] "GET /getUserTeams/24 HTTP/1.1" 200 -
2023-09-07 10:40:06,706 - INFO -  * Detected change in 'D:\\final project\\dissertation-UI-test-platform\\backend\\app\\routes.py', reloading
2023-09-07 10:40:06,907 - INFO -  * Restarting with stat
2023-09-07 10:40:07,695 - WARNING -  * Debugger is active!
2023-09-07 10:40:07,699 - INFO -  * Debugger PIN: 643-615-311
2023-09-07 10:42:31,549 - INFO -  * Detected change in 'D:\\final project\\dissertation-UI-test-platform\\backend\\app\\routes.py', reloading
2023-09-07 10:42:31,681 - INFO -  * Restarting with stat
2023-09-07 10:42:32,515 - WARNING -  * Debugger is active!
2023-09-07 10:42:32,519 - INFO -  * Debugger PIN: 643-615-311
2023-09-07 10:42:33,729 - INFO - 127.0.0.1 - - [07/Sep/2023 10:42:33] "GET /getUserTeams/24 HTTP/1.1" 200 -
2023-09-07 10:42:37,701 - INFO - 127.0.0.1 - - [07/Sep/2023 10:42:37] "GET /searchUsers?searchTerm=1 HTTP/1.1" 200 -
2023-09-07 10:42:39,393 - INFO - 127.0.0.1 - - [07/Sep/2023 10:42:39] "OPTIONS /createTeam HTTP/1.1" 200 -
2023-09-07 10:42:39,669 - INFO - 127.0.0.1 - - [07/Sep/2023 10:42:39] "POST /createTeam HTTP/1.1" 200 -
2023-09-07 10:42:40,836 - INFO - 127.0.0.1 - - [07/Sep/2023 10:42:40] "GET /getUserTeams/24 HTTP/1.1" 200 -
2023-09-07 10:44:57,358 - INFO -  * Detected change in 'D:\\final project\\dissertation-UI-test-platform\\backend\\app\\routes.py', reloading
2023-09-07 10:44:57,498 - INFO -  * Restarting with stat
2023-09-07 10:44:58,338 - WARNING -  * Debugger is active!
2023-09-07 10:44:58,340 - INFO -  * Debugger PIN: 643-615-311
2023-09-07 10:45:37,382 - INFO -  * Detected change in 'D:\\final project\\dissertation-UI-test-platform\\backend\\app\\routes.py', reloading
2023-09-07 10:45:37,509 - INFO -  * Restarting with stat
2023-09-07 10:45:38,328 - WARNING -  * Debugger is active!
2023-09-07 10:45:38,331 - INFO -  * Debugger PIN: 643-615-311
2023-09-07 10:45:41,097 - INFO - 127.0.0.1 - - [07/Sep/2023 10:45:41] "GET /getUserTeams/24 HTTP/1.1" 200 -
2023-09-07 10:45:44,304 - INFO - 127.0.0.1 - - [07/Sep/2023 10:45:44] "GET /searchUsers?searchTerm=1 HTTP/1.1" 200 -
2023-09-07 10:45:45,828 - INFO - 127.0.0.1 - - [07/Sep/2023 10:45:45] "OPTIONS /createTeam HTTP/1.1" 200 -
2023-09-07 10:45:46,099 - INFO - 127.0.0.1 - - [07/Sep/2023 10:45:46] "POST /createTeam HTTP/1.1" 200 -
2023-09-07 10:45:48,127 - INFO - 127.0.0.1 - - [07/Sep/2023 10:45:48] "GET /getUserTeams/24 HTTP/1.1" 200 -
2023-09-07 10:45:54,919 - INFO - 127.0.0.1 - - [07/Sep/2023 10:45:54] "OPTIONS /login HTTP/1.1" 200 -
2023-09-07 10:45:55,307 - INFO - 127.0.0.1 - - [07/Sep/2023 10:45:55] "POST /login HTTP/1.1" 200 -
2023-09-07 10:45:55,361 - INFO - 127.0.0.1 - - [07/Sep/2023 10:45:55] "OPTIONS /getUserTeams/24 HTTP/1.1" 200 -
2023-09-07 10:45:55,674 - INFO - 127.0.0.1 - - [07/Sep/2023 10:45:55] "OPTIONS /getUserTeams/24 HTTP/1.1" 200 -
2023-09-07 10:45:55,683 - INFO - 127.0.0.1 - - [07/Sep/2023 10:45:55] "GET /getUserTeams/24 HTTP/1.1" 200 -
2023-09-07 10:45:55,994 - INFO - 127.0.0.1 - - [07/Sep/2023 10:45:55] "GET /getUserTeams/24 HTTP/1.1" 200 -
2023-09-07 10:46:17,381 - INFO -  * Detected change in 'D:\\final project\\dissertation-UI-test-platform\\backend\\app\\routes.py', reloading
2023-09-07 10:46:17,514 - INFO -  * Restarting with stat
2023-09-07 10:46:18,386 - WARNING -  * Debugger is active!
2023-09-07 10:46:18,389 - INFO -  * Debugger PIN: 643-615-311
2023-09-07 10:47:30,352 - INFO - 127.0.0.1 - - [07/Sep/2023 10:47:30] "OPTIONS /getUserTeams/24 HTTP/1.1" 200 -
2023-09-07 10:47:30,633 - INFO - 127.0.0.1 - - [07/Sep/2023 10:47:30] "GET /getUserTeams/24 HTTP/1.1" 200 -
2023-09-07 10:48:49,350 - INFO - 127.0.0.1 - - [07/Sep/2023 10:48:49] "OPTIONS /getUserTeams/24 HTTP/1.1" 200 -
2023-09-07 10:48:49,623 - INFO - 127.0.0.1 - - [07/Sep/2023 10:48:49] "GET /getUserTeams/24 HTTP/1.1" 200 -
2023-09-07 10:48:57,186 - INFO - 127.0.0.1 - - [07/Sep/2023 10:48:57] "OPTIONS /getUserTeams/24 HTTP/1.1" 200 -
2023-09-07 10:48:57,505 - INFO - 127.0.0.1 - - [07/Sep/2023 10:48:57] "GET /getUserTeams/24 HTTP/1.1" 200 -
2023-09-07 10:48:59,400 - INFO - 127.0.0.1 - - [07/Sep/2023 10:48:59] "GET /searchUsers?searchTerm=1 HTTP/1.1" 200 -
2023-09-07 10:49:00,931 - INFO - 127.0.0.1 - - [07/Sep/2023 10:49:00] "OPTIONS /createTeam HTTP/1.1" 200 -
2023-09-07 10:49:01,206 - INFO - 127.0.0.1 - - [07/Sep/2023 10:49:01] "POST /createTeam HTTP/1.1" 200 -
2023-09-07 10:49:02,327 - INFO - 127.0.0.1 - - [07/Sep/2023 10:49:02] "OPTIONS /getUserTeams/24 HTTP/1.1" 200 -
2023-09-07 10:49:03,534 - INFO - 127.0.0.1 - - [07/Sep/2023 10:49:03] "GET /getUserTeams/24 HTTP/1.1" 200 -
2023-09-07 10:49:03,787 - INFO - 127.0.0.1 - - [07/Sep/2023 10:49:03] "GET /getUserTeams/24 HTTP/1.1" 200 -
2023-09-07 10:49:13,872 - INFO - 127.0.0.1 - - [07/Sep/2023 10:49:13] "GET /getTeamMembers/12 HTTP/1.1" 200 -
2023-09-07 10:49:14,192 - INFO - 127.0.0.1 - - [07/Sep/2023 10:49:14] "GET /getTeamMembers/12 HTTP/1.1" 200 -
2023-09-07 10:49:14,222 - INFO - 127.0.0.1 - - [07/Sep/2023 10:49:14] "GET /tasklists/12 HTTP/1.1" 200 -
2023-09-07 10:49:14,535 - INFO - 127.0.0.1 - - [07/Sep/2023 10:49:14] "GET /tasklists/12 HTTP/1.1" 200 -
2023-09-07 10:49:16,197 - INFO - 127.0.0.1 - - [07/Sep/2023 10:49:16] "GET /team/12 HTTP/1.1" 200 -
2023-09-07 10:49:16,456 - INFO - 127.0.0.1 - - [07/Sep/2023 10:49:16] "GET /team/12 HTTP/1.1" 200 -
2023-09-07 10:49:19,590 - INFO - 127.0.0.1 - - [07/Sep/2023 10:49:19] "GET /tasklists/12 HTTP/1.1" 200 -
2023-09-07 10:49:19,902 - INFO - 127.0.0.1 - - [07/Sep/2023 10:49:19] "GET /tasklists/12 HTTP/1.1" 200 -
2023-09-07 10:49:20,778 - INFO - 127.0.0.1 - - [07/Sep/2023 10:49:20] "[33mGET /getTeamScript/12 HTTP/1.1[0m" 404 -
2023-09-07 10:49:21,030 - INFO - 127.0.0.1 - - [07/Sep/2023 10:49:21] "[33mGET /getTeamScript/12 HTTP/1.1[0m" 404 -
2023-09-07 10:49:21,207 - INFO - 127.0.0.1 - - [07/Sep/2023 10:49:21] "GET /getTeamMembers/12 HTTP/1.1" 200 -
2023-09-07 10:49:21,515 - INFO - 127.0.0.1 - - [07/Sep/2023 10:49:21] "GET /getTeamMembers/12 HTTP/1.1" 200 -
2023-09-07 10:49:21,534 - INFO - 127.0.0.1 - - [07/Sep/2023 10:49:21] "GET /tasklists/12 HTTP/1.1" 200 -
2023-09-07 10:49:21,840 - INFO - 127.0.0.1 - - [07/Sep/2023 10:49:21] "GET /tasklists/12 HTTP/1.1" 200 -
2023-09-07 10:49:22,702 - INFO - 127.0.0.1 - - [07/Sep/2023 10:49:22] "OPTIONS /getUserTeams/24 HTTP/1.1" 200 -
2023-09-07 10:49:22,703 - INFO - 127.0.0.1 - - [07/Sep/2023 10:49:22] "OPTIONS /getUserTeams/24 HTTP/1.1" 200 -
2023-09-07 10:49:22,977 - INFO - 127.0.0.1 - - [07/Sep/2023 10:49:22] "GET /getUserTeams/24 HTTP/1.1" 200 -
2023-09-07 10:49:23,027 - INFO - 127.0.0.1 - - [07/Sep/2023 10:49:23] "GET /getUserTeams/24 HTTP/1.1" 200 -
2023-09-07 10:49:24,280 - INFO - 127.0.0.1 - - [07/Sep/2023 10:49:24] "[35m[1mGET /contributions/24 HTTP/1.1[0m" 500 -
2023-09-07 10:49:24,597 - INFO - 127.0.0.1 - - [07/Sep/2023 10:49:24] "[35m[1mGET /contributions/24 HTTP/1.1[0m" 500 -
2023-09-07 10:49:24,598 - INFO - 127.0.0.1 - - [07/Sep/2023 10:49:24] "GET /user/24 HTTP/1.1" 200 -
2023-09-07 10:49:24,905 - INFO - 127.0.0.1 - - [07/Sep/2023 10:49:24] "GET /user/24 HTTP/1.1" 200 -
2023-09-07 10:49:25,928 - INFO - 127.0.0.1 - - [07/Sep/2023 10:49:25] "GET /user/24 HTTP/1.1" 200 -
2023-09-07 10:49:26,759 - INFO - 127.0.0.1 - - [07/Sep/2023 10:49:26] "GET /user/24 HTTP/1.1" 200 -
2023-09-07 10:49:28,500 - INFO - 127.0.0.1 - - [07/Sep/2023 10:49:28] "GET /user/24 HTTP/1.1" 200 -
2023-09-07 10:49:41,056 - INFO - 127.0.0.1 - - [07/Sep/2023 10:49:41] "[35m[1mGET /contributions/24 HTTP/1.1[0m" 500 -
2023-09-07 10:49:41,362 - INFO - 127.0.0.1 - - [07/Sep/2023 10:49:41] "GET /user/24 HTTP/1.1" 200 -
2023-09-07 10:49:46,348 - INFO - 127.0.0.1 - - [07/Sep/2023 10:49:46] "[35m[1mGET /contributions/24 HTTP/1.1[0m" 500 -
2023-09-07 10:49:46,350 - INFO - 127.0.0.1 - - [07/Sep/2023 10:49:46] "GET /user/24 HTTP/1.1" 200 -
2023-09-07 10:49:58,311 - INFO - 127.0.0.1 - - [07/Sep/2023 10:49:58] "OPTIONS /infoEdit/24 HTTP/1.1" 200 -
2023-09-07 10:49:58,626 - INFO - 127.0.0.1 - - [07/Sep/2023 10:49:58] "PUT /infoEdit/24 HTTP/1.1" 200 -
2023-09-07 10:49:58,875 - INFO - 127.0.0.1 - - [07/Sep/2023 10:49:58] "GET /user/24 HTTP/1.1" 200 -
2023-09-07 10:50:02,838 - INFO - 127.0.0.1 - - [07/Sep/2023 10:50:02] "[35m[1mGET /contributions/24 HTTP/1.1[0m" 500 -
2023-09-07 10:50:03,143 - INFO - 127.0.0.1 - - [07/Sep/2023 10:50:03] "[35m[1mGET /contributions/24 HTTP/1.1[0m" 500 -
2023-09-07 10:50:03,144 - INFO - 127.0.0.1 - - [07/Sep/2023 10:50:03] "GET /user/24 HTTP/1.1" 200 -
2023-09-07 10:50:03,450 - INFO - 127.0.0.1 - - [07/Sep/2023 10:50:03] "GET /user/24 HTTP/1.1" 200 -
2023-09-07 10:50:06,782 - INFO - 127.0.0.1 - - [07/Sep/2023 10:50:06] "OPTIONS /getUserTeams/24 HTTP/1.1" 200 -
2023-09-07 10:50:06,783 - INFO - 127.0.0.1 - - [07/Sep/2023 10:50:06] "OPTIONS /getUserTeams/24 HTTP/1.1" 200 -
2023-09-07 10:50:07,047 - INFO - 127.0.0.1 - - [07/Sep/2023 10:50:07] "GET /getUserTeams/24 HTTP/1.1" 200 -
2023-09-07 10:50:07,105 - INFO - 127.0.0.1 - - [07/Sep/2023 10:50:07] "GET /getUserTeams/24 HTTP/1.1" 200 -
2023-09-07 10:50:08,658 - INFO - 127.0.0.1 - - [07/Sep/2023 10:50:08] "[35m[1mGET /contributions/24 HTTP/1.1[0m" 500 -
2023-09-07 10:50:08,967 - INFO - 127.0.0.1 - - [07/Sep/2023 10:50:08] "[35m[1mGET /contributions/24 HTTP/1.1[0m" 500 -
2023-09-07 10:50:08,967 - INFO - 127.0.0.1 - - [07/Sep/2023 10:50:08] "GET /user/24 HTTP/1.1" 200 -
2023-09-07 10:50:09,270 - INFO - 127.0.0.1 - - [07/Sep/2023 10:50:09] "GET /user/24 HTTP/1.1" 200 -
2023-09-07 10:51:19,375 - INFO - 127.0.0.1 - - [07/Sep/2023 10:51:19] "[35m[1mGET /contributions/24 HTTP/1.1[0m" 500 -
2023-09-07 10:51:19,377 - INFO - 127.0.0.1 - - [07/Sep/2023 10:51:19] "GET /user/24 HTTP/1.1" 200 -
2023-09-07 10:52:20,372 - INFO - 127.0.0.1 - - [07/Sep/2023 10:52:20] "[35m[1mGET /contributions/24 HTTP/1.1[0m" 500 -
2023-09-07 10:52:20,376 - INFO - 127.0.0.1 - - [07/Sep/2023 10:52:20] "GET /user/24 HTTP/1.1" 200 -
2023-09-07 10:52:24,894 - INFO - 127.0.0.1 - - [07/Sep/2023 10:52:24] "[35m[1mGET /contributions/24 HTTP/1.1[0m" 500 -
2023-09-07 10:52:25,210 - INFO - 127.0.0.1 - - [07/Sep/2023 10:52:25] "[35m[1mGET /contributions/24 HTTP/1.1[0m" 500 -
2023-09-07 10:52:25,210 - INFO - 127.0.0.1 - - [07/Sep/2023 10:52:25] "GET /user/24 HTTP/1.1" 200 -
2023-09-07 10:52:25,525 - INFO - 127.0.0.1 - - [07/Sep/2023 10:52:25] "GET /user/24 HTTP/1.1" 200 -
2023-09-07 10:56:18,919 - INFO -  * Detected change in 'D:\\final project\\dissertation-UI-test-platform\\backend\\app\\routes.py', reloading
2023-09-07 10:56:19,027 - INFO -  * Restarting with stat
2023-09-07 10:56:19,776 - WARNING -  * Debugger is active!
2023-09-07 10:56:19,780 - INFO -  * Debugger PIN: 643-615-311
2023-09-07 10:57:11,146 - INFO -  * Detected change in 'D:\\final project\\dissertation-UI-test-platform\\backend\\app\\routes.py', reloading
2023-09-07 10:57:11,235 - INFO -  * Restarting with stat
2023-09-07 10:57:11,981 - WARNING -  * Debugger is active!
2023-09-07 10:57:11,983 - INFO -  * Debugger PIN: 643-615-311
2023-09-07 10:57:13,052 - INFO -  * Detected change in 'D:\\final project\\dissertation-UI-test-platform\\backend\\app\\routes.py', reloading
2023-09-07 10:57:13,154 - INFO -  * Restarting with stat
2023-09-07 10:57:13,871 - WARNING -  * Debugger is active!
2023-09-07 10:57:13,873 - INFO -  * Debugger PIN: 643-615-311
2023-09-07 10:57:21,964 - INFO - 127.0.0.1 - - [07/Sep/2023 10:57:21] "OPTIONS /getUserTeams/24 HTTP/1.1" 200 -
2023-09-07 10:57:21,964 - INFO - 127.0.0.1 - - [07/Sep/2023 10:57:21] "OPTIONS /getUserTeams/24 HTTP/1.1" 200 -
2023-09-07 10:57:22,252 - INFO - 127.0.0.1 - - [07/Sep/2023 10:57:22] "GET /getUserTeams/24 HTTP/1.1" 200 -
2023-09-07 10:57:22,287 - INFO - 127.0.0.1 - - [07/Sep/2023 10:57:22] "GET /getUserTeams/24 HTTP/1.1" 200 -
2023-09-07 10:57:22,956 - INFO - 127.0.0.1 - - [07/Sep/2023 10:57:22] "GET /getTeamMembers/6 HTTP/1.1" 200 -
2023-09-07 10:57:23,271 - INFO - 127.0.0.1 - - [07/Sep/2023 10:57:23] "GET /getTeamMembers/6 HTTP/1.1" 200 -
2023-09-07 10:57:23,305 - INFO - 127.0.0.1 - - [07/Sep/2023 10:57:23] "GET /tasklists/6 HTTP/1.1" 200 -
2023-09-07 10:57:23,614 - INFO - 127.0.0.1 - - [07/Sep/2023 10:57:23] "GET /tasklists/6 HTTP/1.1" 200 -
2023-09-07 10:57:24,947 - INFO - 127.0.0.1 - - [07/Sep/2023 10:57:24] "GET /tasklists/6 HTTP/1.1" 200 -
2023-09-07 10:57:25,207 - INFO - 127.0.0.1 - - [07/Sep/2023 10:57:25] "GET /tasklists/6 HTTP/1.1" 200 -
2023-09-07 10:57:25,468 - INFO - 127.0.0.1 - - [07/Sep/2023 10:57:25] "GET /getTeamScript/6 HTTP/1.1" 200 -
2023-09-07 10:57:25,775 - INFO - 127.0.0.1 - - [07/Sep/2023 10:57:25] "GET /getTeamScript/6 HTTP/1.1" 200 -
2023-09-07 10:57:40,002 - INFO - 127.0.0.1 - - [07/Sep/2023 10:57:40] "OPTIONS /runTestEvents HTTP/1.1" 200 -
2023-09-07 10:57:40,320 - INFO - 127.0.0.1 - - [07/Sep/2023 10:57:40] "[31m[1mPOST /runTestEvents HTTP/1.1[0m" 400 -
2023-09-07 10:59:06,821 - INFO -  * Detected change in 'D:\\final project\\dissertation-UI-test-platform\\backend\\app\\models.py', reloading
2023-09-07 10:59:06,987 - INFO -  * Restarting with stat
2023-09-07 10:59:07,796 - WARNING -  * Debugger is active!
2023-09-07 10:59:07,798 - INFO -  * Debugger PIN: 643-615-311
2023-09-07 11:00:22,866 - INFO -  * Detected change in 'D:\\final project\\dissertation-UI-test-platform\\backend\\app\\models.py', reloading
2023-09-07 11:00:22,981 - INFO -  * Restarting with stat
2023-09-07 11:00:23,789 - WARNING -  * Debugger is active!
2023-09-07 11:00:23,791 - INFO -  * Debugger PIN: 643-615-311
2023-09-07 11:00:25,947 - INFO - 127.0.0.1 - - [07/Sep/2023 11:00:25] "OPTIONS /runTestEvents HTTP/1.1" 200 -
2023-09-07 11:00:26,286 - INFO - 127.0.0.1 - - [07/Sep/2023 11:00:26] "[31m[1mPOST /runTestEvents HTTP/1.1[0m" 400 -
2023-09-07 11:00:41,298 - INFO - [31m[1mWARNING: This is a development server. Do not use it in a production deployment. Use a production WSGI server instead.[0m
 * Running on all addresses (0.0.0.0)
 * Running on http://127.0.0.1:5000
 * Running on http://192.168.3.38:5000
2023-09-07 11:00:41,311 - INFO - [33mPress CTRL+C to quit[0m
2023-09-07 11:00:41,311 - INFO -  * Restarting with stat
2023-09-07 11:00:42,024 - WARNING -  * Debugger is active!
2023-09-07 11:00:42,027 - INFO -  * Debugger PIN: 643-615-311
2023-09-07 11:00:47,451 - INFO - 127.0.0.1 - - [07/Sep/2023 11:00:47] "OPTIONS /runTestEvents HTTP/1.1" 200 -
2023-09-07 11:00:47,784 - INFO - 127.0.0.1 - - [07/Sep/2023 11:00:47] "[31m[1mPOST /runTestEvents HTTP/1.1[0m" 400 -
2023-09-07 11:02:52,675 - INFO - 127.0.0.1 - - [07/Sep/2023 11:02:52] "OPTIONS /runTestEvents HTTP/1.1" 200 -
2023-09-07 11:02:52,991 - INFO - ====== WebDriver manager ======
2023-09-07 11:02:53,905 - INFO - Get LATEST chromedriver version for google-chrome
2023-09-07 11:02:53,913 - INFO - Get LATEST chromedriver version for google-chrome
2023-09-07 11:02:53,913 - INFO - There is no [win64] chromedriver "116.0.5845.179" for browser google-chrome "116.0.5845.179" in cache
2023-09-07 11:02:53,913 - INFO - Get LATEST chromedriver version for google-chrome
2023-09-07 11:02:54,988 - INFO - WebDriver version 116.0.5845.96 selected
2023-09-07 11:02:54,989 - INFO - Modern chrome version https://edgedl.me.gvt1.com/edgedl/chrome/chrome-for-testing/116.0.5845.96/win32/chromedriver-win32.zip
2023-09-07 11:02:54,989 - INFO - About to download new driver from https://edgedl.me.gvt1.com/edgedl/chrome/chrome-for-testing/116.0.5845.96/win32/chromedriver-win32.zip
2023-09-07 11:02:56,227 - INFO - Driver downloading response is 200
2023-09-07 11:02:58,546 - INFO - Get LATEST chromedriver version for google-chrome
2023-09-07 11:02:58,625 - INFO - Driver has been saved in cache [C:\Users\hongj\.wdm\drivers\chromedriver\win64\116.0.5845.179]
2023-09-07 11:03:07,371 - INFO - 127.0.0.1 - - [07/Sep/2023 11:03:07] "[35m[1mPOST /runTestEvents HTTP/1.1[0m" 201 -
2023-09-07 11:03:07,440 - INFO - 127.0.0.1 - - [07/Sep/2023 11:03:07] "GET /test-report/167 HTTP/1.1" 200 -
2023-09-07 11:03:07,756 - INFO - 127.0.0.1 - - [07/Sep/2023 11:03:07] "GET /test-report/167 HTTP/1.1" 200 -
2023-09-07 11:03:07,801 - INFO - 127.0.0.1 - - [07/Sep/2023 11:03:07] "GET /getTeamMembers/6 HTTP/1.1" 200 -
2023-09-07 11:03:08,120 - INFO - 127.0.0.1 - - [07/Sep/2023 11:03:08] "GET /getTeamMembers/6 HTTP/1.1" 200 -
2023-09-07 11:03:14,590 - INFO - 127.0.0.1 - - [07/Sep/2023 11:03:14] "GET /getTeamScript/6 HTTP/1.1" 200 -
2023-09-07 11:03:14,845 - INFO - 127.0.0.1 - - [07/Sep/2023 11:03:14] "GET /getTeamScript/6 HTTP/1.1" 200 -
2023-09-07 11:03:16,064 - INFO - 127.0.0.1 - - [07/Sep/2023 11:03:16] "OPTIONS /getUserTeams/24 HTTP/1.1" 200 -
2023-09-07 11:03:16,376 - INFO - 127.0.0.1 - - [07/Sep/2023 11:03:16] "OPTIONS /getUserTeams/24 HTTP/1.1" 200 -
2023-09-07 11:03:16,387 - INFO - 127.0.0.1 - - [07/Sep/2023 11:03:16] "GET /getUserTeams/24 HTTP/1.1" 200 -
2023-09-07 11:03:16,707 - INFO - 127.0.0.1 - - [07/Sep/2023 11:03:16] "GET /getUserTeams/24 HTTP/1.1" 200 -
2023-09-07 11:03:17,155 - INFO - 127.0.0.1 - - [07/Sep/2023 11:03:17] "[35m[1mGET /contributions/24 HTTP/1.1[0m" 500 -
2023-09-07 11:03:17,158 - INFO - 127.0.0.1 - - [07/Sep/2023 11:03:17] "GET /user/24 HTTP/1.1" 200 -
2023-09-07 11:03:17,406 - INFO - 127.0.0.1 - - [07/Sep/2023 11:03:17] "[35m[1mGET /contributions/24 HTTP/1.1[0m" 500 -
2023-09-07 11:03:17,464 - INFO - 127.0.0.1 - - [07/Sep/2023 11:03:17] "GET /user/24 HTTP/1.1" 200 -
2023-09-07 11:09:32,225 - INFO -  * Detected change in 'D:\\final project\\dissertation-UI-test-platform\\backend\\app\\routes.py', reloading
2023-09-07 11:09:32,332 - INFO -  * Restarting with stat
2023-09-07 11:09:33,045 - WARNING -  * Debugger is active!
2023-09-07 11:09:33,047 - INFO -  * Debugger PIN: 643-615-311
2023-09-07 11:09:37,908 - INFO - 127.0.0.1 - - [07/Sep/2023 11:09:37] "GET /contributions/24 HTTP/1.1" 200 -
2023-09-07 11:09:37,910 - INFO - 127.0.0.1 - - [07/Sep/2023 11:09:37] "GET /user/24 HTTP/1.1" 200 -
2023-09-07 11:09:38,136 - INFO - 127.0.0.1 - - [07/Sep/2023 11:09:38] "GET /contributions/24 HTTP/1.1" 200 -
2023-09-07 11:09:38,227 - INFO - 127.0.0.1 - - [07/Sep/2023 11:09:38] "GET /user/24 HTTP/1.1" 200 -
2023-09-07 11:10:58,189 - INFO - 127.0.0.1 - - [07/Sep/2023 11:10:58] "GET /user/24 HTTP/1.1" 200 -
2023-09-07 11:10:58,189 - INFO - 127.0.0.1 - - [07/Sep/2023 11:10:58] "GET /contributions/24 HTTP/1.1" 200 -
2023-09-07 11:10:58,436 - INFO - 127.0.0.1 - - [07/Sep/2023 11:10:58] "GET /user/24 HTTP/1.1" 200 -
2023-09-07 11:10:58,508 - INFO - 127.0.0.1 - - [07/Sep/2023 11:10:58] "GET /contributions/24 HTTP/1.1" 200 -
2023-09-07 11:12:54,366 - INFO - 127.0.0.1 - - [07/Sep/2023 11:12:54] "GET /user/24 HTTP/1.1" 200 -
2023-09-07 11:12:54,366 - INFO - 127.0.0.1 - - [07/Sep/2023 11:12:54] "GET /contributions/24 HTTP/1.1" 200 -
2023-09-07 11:12:57,528 - INFO - 127.0.0.1 - - [07/Sep/2023 11:12:57] "GET /contributions/24 HTTP/1.1" 200 -
2023-09-07 11:12:57,861 - INFO - 127.0.0.1 - - [07/Sep/2023 11:12:57] "GET /user/24 HTTP/1.1" 200 -
2023-09-07 11:12:57,863 - INFO - 127.0.0.1 - - [07/Sep/2023 11:12:57] "GET /contributions/24 HTTP/1.1" 200 -
2023-09-07 11:12:58,171 - INFO - 127.0.0.1 - - [07/Sep/2023 11:12:58] "GET /user/24 HTTP/1.1" 200 -
2023-09-07 11:13:21,599 - INFO - 127.0.0.1 - - [07/Sep/2023 11:13:21] "OPTIONS /getUserTeams/24 HTTP/1.1" 200 -
2023-09-07 11:13:21,600 - INFO - 127.0.0.1 - - [07/Sep/2023 11:13:21] "OPTIONS /getUserTeams/24 HTTP/1.1" 200 -
2023-09-07 11:13:21,856 - INFO - 127.0.0.1 - - [07/Sep/2023 11:13:21] "GET /getUserTeams/24 HTTP/1.1" 200 -
2023-09-07 11:13:21,931 - INFO - 127.0.0.1 - - [07/Sep/2023 11:13:21] "GET /getUserTeams/24 HTTP/1.1" 200 -
2023-09-07 11:13:35,034 - INFO - 127.0.0.1 - - [07/Sep/2023 11:13:35] "OPTIONS /getUserTeams/24 HTTP/1.1" 200 -
2023-09-07 11:13:35,361 - INFO - 127.0.0.1 - - [07/Sep/2023 11:13:35] "GET /getUserTeams/24 HTTP/1.1" 200 -
2023-09-07 11:16:09,014 - INFO - 127.0.0.1 - - [07/Sep/2023 11:16:09] "OPTIONS /getUserTeams/11 HTTP/1.1" 200 -
2023-09-07 11:16:09,272 - INFO - 127.0.0.1 - - [07/Sep/2023 11:16:09] "[33mGET /getUserTeams/11 HTTP/1.1[0m" 404 -
2023-09-07 11:16:15,044 - INFO - 127.0.0.1 - - [07/Sep/2023 11:16:15] "OPTIONS /login HTTP/1.1" 200 -
2023-09-07 11:16:15,364 - INFO - 127.0.0.1 - - [07/Sep/2023 11:16:15] "POST /login HTTP/1.1" 200 -
2023-09-07 11:16:18,202 - INFO - 127.0.0.1 - - [07/Sep/2023 11:16:18] "POST /login HTTP/1.1" 200 -
2023-09-07 11:19:06,003 - INFO - 127.0.0.1 - - [07/Sep/2023 11:19:06] "OPTIONS /login HTTP/1.1" 200 -
2023-09-07 11:19:06,318 - INFO - 127.0.0.1 - - [07/Sep/2023 11:19:06] "POST /login HTTP/1.1" 200 -
2023-09-07 11:21:28,721 - INFO - 127.0.0.1 - - [07/Sep/2023 11:21:28] "GET /user/24 HTTP/1.1" 200 -
2023-09-07 11:21:28,722 - INFO - 127.0.0.1 - - [07/Sep/2023 11:21:28] "GET /contributions/24 HTTP/1.1" 200 -
2023-09-07 11:21:28,971 - INFO - 127.0.0.1 - - [07/Sep/2023 11:21:28] "GET /user/24 HTTP/1.1" 200 -
2023-09-07 11:21:29,039 - INFO - 127.0.0.1 - - [07/Sep/2023 11:21:29] "GET /contributions/24 HTTP/1.1" 200 -
2023-09-07 11:28:56,899 - INFO - 127.0.0.1 - - [07/Sep/2023 11:28:56] "OPTIONS /getUserTeams/24 HTTP/1.1" 200 -
2023-09-07 11:28:56,899 - INFO - 127.0.0.1 - - [07/Sep/2023 11:28:56] "OPTIONS /getUserTeams/24 HTTP/1.1" 200 -
2023-09-07 11:28:57,166 - INFO - 127.0.0.1 - - [07/Sep/2023 11:28:57] "GET /getUserTeams/24 HTTP/1.1" 200 -
2023-09-07 11:28:57,217 - INFO - 127.0.0.1 - - [07/Sep/2023 11:28:57] "GET /getUserTeams/24 HTTP/1.1" 200 -
2023-09-07 11:28:58,257 - INFO - 127.0.0.1 - - [07/Sep/2023 11:28:58] "GET /getTeamMembers/6 HTTP/1.1" 200 -
2023-09-07 11:28:58,574 - INFO - 127.0.0.1 - - [07/Sep/2023 11:28:58] "GET /getTeamMembers/6 HTTP/1.1" 200 -
2023-09-07 11:28:58,596 - INFO - 127.0.0.1 - - [07/Sep/2023 11:28:58] "GET /tasklists/6 HTTP/1.1" 200 -
2023-09-07 11:28:58,902 - INFO - 127.0.0.1 - - [07/Sep/2023 11:28:58] "GET /tasklists/6 HTTP/1.1" 200 -
2023-09-07 11:28:59,627 - INFO - 127.0.0.1 - - [07/Sep/2023 11:28:59] "GET /tasklists/6 HTTP/1.1" 200 -
2023-09-07 11:28:59,882 - INFO - 127.0.0.1 - - [07/Sep/2023 11:28:59] "GET /tasklists/6 HTTP/1.1" 200 -
2023-09-07 11:29:00,480 - INFO - 127.0.0.1 - - [07/Sep/2023 11:29:00] "GET /getTeamScript/6 HTTP/1.1" 200 -
2023-09-07 11:29:00,800 - INFO - 127.0.0.1 - - [07/Sep/2023 11:29:00] "GET /getTeamScript/6 HTTP/1.1" 200 -
2023-09-07 11:29:17,985 - INFO - 127.0.0.1 - - [07/Sep/2023 11:29:17] "OPTIONS /runTestEvents HTTP/1.1" 200 -
2023-09-07 11:29:18,308 - INFO - ====== WebDriver manager ======
2023-09-07 11:29:19,005 - INFO - Get LATEST chromedriver version for google-chrome
2023-09-07 11:29:19,006 - INFO - Get LATEST chromedriver version for google-chrome
2023-09-07 11:29:19,006 - INFO - There is no [win64] chromedriver "116.0.5845.179" for browser google-chrome "116.0.5845.179" in cache
2023-09-07 11:29:19,006 - INFO - Get LATEST chromedriver version for google-chrome
2023-09-07 11:29:20,171 - INFO - WebDriver version 116.0.5845.96 selected
2023-09-07 11:29:20,171 - INFO - Modern chrome version https://edgedl.me.gvt1.com/edgedl/chrome/chrome-for-testing/116.0.5845.96/win32/chromedriver-win32.zip
2023-09-07 11:29:20,171 - INFO - About to download new driver from https://edgedl.me.gvt1.com/edgedl/chrome/chrome-for-testing/116.0.5845.96/win32/chromedriver-win32.zip
2023-09-07 11:29:21,377 - INFO - Driver downloading response is 200
2023-09-07 11:29:23,379 - INFO - Get LATEST chromedriver version for google-chrome
2023-09-07 11:29:23,455 - INFO - Driver has been saved in cache [C:\Users\hongj\.wdm\drivers\chromedriver\win64\116.0.5845.179]
2023-09-07 11:29:33,873 - INFO - ====== WebDriver manager ======
2023-09-07 11:29:34,681 - INFO - Get LATEST edgedriver version for Edge 116.0.1938
2023-09-07 11:29:35,040 - INFO - Get LATEST edgedriver version for Edge 116.0.1938
2023-09-07 11:29:35,536 - INFO - There is no [win64] edgedriver "116.0.1938.69" for browser edge "116.0.1938" in cache
2023-09-07 11:29:35,536 - INFO - Get LATEST edgedriver version for Edge 116.0.1938
2023-09-07 11:29:35,795 - INFO - About to download new driver from https://msedgedriver.azureedge.net/116.0.1938.69/edgedriver_win64.zip
2023-09-07 11:29:36,279 - INFO - Driver downloading response is 200
2023-09-07 11:29:37,381 - INFO - Get LATEST edgedriver version for Edge 116.0.1938
2023-09-07 11:29:37,745 - INFO - Driver has been saved in cache [C:\Users\hongj\.wdm\drivers\edgedriver\win64\116.0.1938.69]
2023-09-07 11:29:48,477 - INFO - 127.0.0.1 - - [07/Sep/2023 11:29:48] "[35m[1mPOST /runTestEvents HTTP/1.1[0m" 201 -
2023-09-07 11:29:48,543 - INFO - 127.0.0.1 - - [07/Sep/2023 11:29:48] "GET /test-report/168 HTTP/1.1" 200 -
2023-09-07 11:29:48,858 - INFO - 127.0.0.1 - - [07/Sep/2023 11:29:48] "GET /test-report/168 HTTP/1.1" 200 -
2023-09-07 11:29:48,897 - INFO - 127.0.0.1 - - [07/Sep/2023 11:29:48] "GET /getTeamMembers/6 HTTP/1.1" 200 -
2023-09-07 11:29:49,206 - INFO - 127.0.0.1 - - [07/Sep/2023 11:29:49] "GET /getTeamMembers/6 HTTP/1.1" 200 -
2023-09-07 11:32:35,760 - INFO - 127.0.0.1 - - [07/Sep/2023 11:32:35] "GET /getTeamScript/6 HTTP/1.1" 200 -
2023-09-07 11:32:36,007 - INFO - 127.0.0.1 - - [07/Sep/2023 11:32:36] "GET /getTeamScript/6 HTTP/1.1" 200 -
2023-09-07 12:32:57,200 - INFO - [31m[1mWARNING: This is a development server. Do not use it in a production deployment. Use a production WSGI server instead.[0m
 * Running on all addresses (0.0.0.0)
 * Running on http://127.0.0.1:5000
 * Running on http://192.168.3.38:5000
2023-09-07 12:32:57,200 - INFO - [33mPress CTRL+C to quit[0m
2023-09-07 12:32:57,202 - INFO -  * Restarting with stat
2023-09-07 12:32:57,883 - WARNING -  * Debugger is active!
2023-09-07 12:32:57,883 - INFO -  * Debugger PIN: 643-615-311
2023-09-07 18:31:38,116 - INFO - [31m[1mWARNING: This is a development server. Do not use it in a production deployment. Use a production WSGI server instead.[0m
 * Running on all addresses (0.0.0.0)
 * Running on http://127.0.0.1:5000
 * Running on http://192.168.3.38:5000
2023-09-07 18:31:38,117 - INFO - [33mPress CTRL+C to quit[0m
2023-09-07 18:31:38,119 - INFO -  * Restarting with stat
2023-09-07 18:31:39,550 - WARNING -  * Debugger is active!
2023-09-07 18:31:39,555 - INFO -  * Debugger PIN: 643-615-311
2023-09-07 18:36:13,413 - INFO - 127.0.0.1 - - [07/Sep/2023 18:36:13] "OPTIONS /getUserTeams/13 HTTP/1.1" 200 -
2023-09-07 18:36:13,700 - INFO - 127.0.0.1 - - [07/Sep/2023 18:36:13] "[33mGET /getUserTeams/13 HTTP/1.1[0m" 404 -
2023-09-07 18:36:14,950 - INFO - 127.0.0.1 - - [07/Sep/2023 18:36:14] "[33mGET /getUserTeams/13 HTTP/1.1[0m" 404 -
2023-09-07 18:36:15,256 - INFO - 127.0.0.1 - - [07/Sep/2023 18:36:15] "[33mGET /getUserTeams/13 HTTP/1.1[0m" 404 -
2023-09-07 18:36:20,834 - INFO - 127.0.0.1 - - [07/Sep/2023 18:36:20] "OPTIONS /login HTTP/1.1" 200 -
2023-09-07 18:36:21,245 - INFO - 127.0.0.1 - - [07/Sep/2023 18:36:21] "POST /login HTTP/1.1" 200 -
2023-09-07 18:36:21,289 - INFO - 127.0.0.1 - - [07/Sep/2023 18:36:21] "OPTIONS /getUserTeams/24 HTTP/1.1" 200 -
2023-09-07 18:36:21,593 - INFO - 127.0.0.1 - - [07/Sep/2023 18:36:21] "OPTIONS /getUserTeams/24 HTTP/1.1" 200 -
2023-09-07 18:36:21,607 - INFO - 127.0.0.1 - - [07/Sep/2023 18:36:21] "GET /getUserTeams/24 HTTP/1.1" 200 -
2023-09-07 18:36:21,931 - INFO - 127.0.0.1 - - [07/Sep/2023 18:36:21] "GET /getUserTeams/24 HTTP/1.1" 200 -
2023-09-07 18:36:23,428 - INFO - 127.0.0.1 - - [07/Sep/2023 18:36:23] "GET /getUserTeams/24 HTTP/1.1" 200 -
2023-09-07 18:36:25,713 - INFO - 127.0.0.1 - - [07/Sep/2023 18:36:25] "GET /searchUsers?searchTerm=1 HTTP/1.1" 200 -
2023-09-07 18:36:27,975 - INFO - 127.0.0.1 - - [07/Sep/2023 18:36:27] "OPTIONS /createTeam HTTP/1.1" 200 -
2023-09-07 18:36:28,246 - INFO - 127.0.0.1 - - [07/Sep/2023 18:36:28] "POST /createTeam HTTP/1.1" 200 -
2023-09-07 18:36:30,742 - INFO - 127.0.0.1 - - [07/Sep/2023 18:36:30] "OPTIONS /getUserTeams/24 HTTP/1.1" 200 -
2023-09-07 18:36:31,207 - INFO - 127.0.0.1 - - [07/Sep/2023 18:36:31] "GET /getUserTeams/24 HTTP/1.1" 200 -
2023-09-07 18:36:31,471 - INFO - 127.0.0.1 - - [07/Sep/2023 18:36:31] "GET /getUserTeams/24 HTTP/1.1" 200 -
2023-09-07 18:36:34,116 - INFO - 127.0.0.1 - - [07/Sep/2023 18:36:34] "GET /getTeamMembers/21 HTTP/1.1" 200 -
2023-09-07 18:36:34,427 - INFO - 127.0.0.1 - - [07/Sep/2023 18:36:34] "GET /getTeamMembers/21 HTTP/1.1" 200 -
2023-09-07 18:36:34,450 - INFO - 127.0.0.1 - - [07/Sep/2023 18:36:34] "GET /tasklists/21 HTTP/1.1" 200 -
2023-09-07 18:36:34,753 - INFO - 127.0.0.1 - - [07/Sep/2023 18:36:34] "GET /tasklists/21 HTTP/1.1" 200 -
2023-09-07 18:37:30,016 - INFO -  * Detected change in 'D:\\final project\\dissertation-UI-test-platform\\backend\\app\\routes.py', reloading
2023-09-07 18:37:30,111 - INFO -  * Restarting with stat
2023-09-07 18:37:30,899 - WARNING -  * Debugger is active!
2023-09-07 18:37:30,900 - INFO -  * Debugger PIN: 643-615-311
2023-09-07 18:37:35,045 - INFO -  * Detected change in 'D:\\final project\\dissertation-UI-test-platform\\backend\\app\\routes.py', reloading
2023-09-07 18:37:35,201 - INFO -  * Restarting with stat
2023-09-07 18:37:36,010 - WARNING -  * Debugger is active!
2023-09-07 18:37:36,012 - INFO -  * Debugger PIN: 643-615-311
2023-09-07 18:37:39,011 - INFO - 127.0.0.1 - - [07/Sep/2023 18:37:39] "OPTIONS /getUserTeams/24 HTTP/1.1" 200 -
2023-09-07 18:37:39,012 - INFO - 127.0.0.1 - - [07/Sep/2023 18:37:39] "OPTIONS /getUserTeams/24 HTTP/1.1" 200 -
2023-09-07 18:37:39,301 - INFO - 127.0.0.1 - - [07/Sep/2023 18:37:39] "GET /getUserTeams/24 HTTP/1.1" 200 -
2023-09-07 18:37:39,328 - INFO - 127.0.0.1 - - [07/Sep/2023 18:37:39] "GET /getUserTeams/24 HTTP/1.1" 200 -
2023-09-07 18:37:40,132 - INFO - 127.0.0.1 - - [07/Sep/2023 18:37:40] "GET /getUserTeams/24 HTTP/1.1" 200 -
2023-09-07 18:37:42,953 - INFO - 127.0.0.1 - - [07/Sep/2023 18:37:42] "GET /searchUsers?searchTerm=1 HTTP/1.1" 200 -
2023-09-07 18:37:44,473 - INFO - 127.0.0.1 - - [07/Sep/2023 18:37:44] "OPTIONS /createTeam HTTP/1.1" 200 -
2023-09-07 18:37:44,800 - INFO - 127.0.0.1 - - [07/Sep/2023 18:37:44] "POST /createTeam HTTP/1.1" 200 -
2023-09-07 18:37:47,383 - INFO - 127.0.0.1 - - [07/Sep/2023 18:37:47] "OPTIONS /getUserTeams/24 HTTP/1.1" 200 -
2023-09-07 18:37:47,698 - INFO - 127.0.0.1 - - [07/Sep/2023 18:37:47] "GET /getUserTeams/24 HTTP/1.1" 200 -
2023-09-07 18:37:48,107 - INFO - 127.0.0.1 - - [07/Sep/2023 18:37:48] "GET /getUserTeams/24 HTTP/1.1" 200 -
2023-09-07 18:37:48,420 - INFO - 127.0.0.1 - - [07/Sep/2023 18:37:48] "GET /getUserTeams/24 HTTP/1.1" 200 -
2023-09-07 18:37:49,923 - INFO - 127.0.0.1 - - [07/Sep/2023 18:37:49] "GET /getTeamMembers/22 HTTP/1.1" 200 -
2023-09-07 18:37:50,186 - INFO - 127.0.0.1 - - [07/Sep/2023 18:37:50] "GET /getTeamMembers/22 HTTP/1.1" 200 -
2023-09-07 18:37:50,231 - INFO - 127.0.0.1 - - [07/Sep/2023 18:37:50] "GET /tasklists/22 HTTP/1.1" 200 -
2023-09-07 18:37:50,262 - INFO - 127.0.0.1 - - [07/Sep/2023 18:37:50] "GET /tasklists/22 HTTP/1.1" 200 -
2023-09-07 18:37:51,179 - INFO - 127.0.0.1 - - [07/Sep/2023 18:37:51] "GET /team/22 HTTP/1.1" 200 -
2023-09-07 18:37:51,488 - INFO - 127.0.0.1 - - [07/Sep/2023 18:37:51] "GET /team/22 HTTP/1.1" 200 -
2023-09-07 18:37:54,273 - INFO - 127.0.0.1 - - [07/Sep/2023 18:37:54] "GET /searchUsers?searchTerm=1 HTTP/1.1" 200 -
2023-09-07 18:38:00,332 - INFO - 127.0.0.1 - - [07/Sep/2023 18:38:00] "[33mGET /searchUsers?searchTerm=2 HTTP/1.1[0m" 404 -
2023-09-07 18:38:06,469 - INFO - 127.0.0.1 - - [07/Sep/2023 18:38:06] "GET /searchUsers?searchTerm=hong HTTP/1.1" 200 -
2023-09-07 18:38:10,149 - INFO - 127.0.0.1 - - [07/Sep/2023 18:38:10] "OPTIONS /team/22/add_member HTTP/1.1" 200 -
2023-09-07 18:38:10,470 - INFO - 127.0.0.1 - - [07/Sep/2023 18:38:10] "[31m[1mPOST /team/22/add_member HTTP/1.1[0m" 400 -
2023-09-07 18:38:16,202 - INFO - 127.0.0.1 - - [07/Sep/2023 18:38:16] "OPTIONS /getUserTeams/24 HTTP/1.1" 200 -
2023-09-07 18:38:16,509 - INFO - 127.0.0.1 - - [07/Sep/2023 18:38:16] "OPTIONS /getUserTeams/24 HTTP/1.1" 200 -
2023-09-07 18:38:16,522 - INFO - 127.0.0.1 - - [07/Sep/2023 18:38:16] "GET /getUserTeams/24 HTTP/1.1" 200 -
2023-09-07 18:38:16,841 - INFO - 127.0.0.1 - - [07/Sep/2023 18:38:16] "GET /getUserTeams/24 HTTP/1.1" 200 -
2023-09-07 18:38:19,588 - INFO - 127.0.0.1 - - [07/Sep/2023 18:38:19] "GET /getTeamMembers/22 HTTP/1.1" 200 -
2023-09-07 18:38:19,838 - INFO - 127.0.0.1 - - [07/Sep/2023 18:38:19] "GET /getTeamMembers/22 HTTP/1.1" 200 -
2023-09-07 18:38:19,897 - INFO - 127.0.0.1 - - [07/Sep/2023 18:38:19] "GET /tasklists/22 HTTP/1.1" 200 -
2023-09-07 18:38:19,927 - INFO - 127.0.0.1 - - [07/Sep/2023 18:38:19] "GET /tasklists/22 HTTP/1.1" 200 -
2023-09-07 18:38:20,208 - INFO - 127.0.0.1 - - [07/Sep/2023 18:38:20] "GET /team/22 HTTP/1.1" 200 -
2023-09-07 18:38:20,412 - INFO - 127.0.0.1 - - [07/Sep/2023 18:38:20] "GET /team/22 HTTP/1.1" 200 -
2023-09-07 18:38:23,196 - INFO - 127.0.0.1 - - [07/Sep/2023 18:38:23] "[31m[1mGET /searchUsers?searchTerm= HTTP/1.1[0m" 400 -
2023-09-07 18:38:25,563 - INFO - 127.0.0.1 - - [07/Sep/2023 18:38:25] "GET /searchUsers?searchTerm=1 HTTP/1.1" 200 -
2023-09-07 18:38:26,637 - INFO - 127.0.0.1 - - [07/Sep/2023 18:38:26] "OPTIONS /team/22/add_member HTTP/1.1" 200 -
2023-09-07 18:38:26,950 - INFO - 127.0.0.1 - - [07/Sep/2023 18:38:26] "[31m[1mPOST /team/22/add_member HTTP/1.1[0m" 400 -
2023-09-07 18:40:56,093 - INFO - 127.0.0.1 - - [07/Sep/2023 18:40:56] "GET /team/22 HTTP/1.1" 200 -
2023-09-07 18:41:06,374 - INFO - 127.0.0.1 - - [07/Sep/2023 18:41:06] "OPTIONS /team/22/add_member HTTP/1.1" 200 -
2023-09-07 18:41:06,698 - INFO - 127.0.0.1 - - [07/Sep/2023 18:41:06] "[31m[1mPOST /team/22/add_member HTTP/1.1[0m" 400 -
2023-09-07 18:41:19,956 - INFO - 127.0.0.1 - - [07/Sep/2023 18:41:19] "GET /searchUsers?searchTerm=H HTTP/1.1" 200 -
2023-09-07 18:41:26,321 - INFO - 127.0.0.1 - - [07/Sep/2023 18:41:26] "OPTIONS /team/22/add_member HTTP/1.1" 200 -
2023-09-07 18:41:26,581 - INFO - 127.0.0.1 - - [07/Sep/2023 18:41:26] "POST /team/22/add_member HTTP/1.1" 200 -
2023-09-07 18:41:27,262 - INFO - 127.0.0.1 - - [07/Sep/2023 18:41:27] "GET /team/22 HTTP/1.1" 200 -
2023-09-07 18:41:27,578 - INFO - 127.0.0.1 - - [07/Sep/2023 18:41:27] "GET /team/22 HTTP/1.1" 200 -
2023-09-07 18:41:36,525 - INFO - 127.0.0.1 - - [07/Sep/2023 18:41:36] "GET /tasklists/22 HTTP/1.1" 200 -
2023-09-07 18:41:36,787 - INFO - 127.0.0.1 - - [07/Sep/2023 18:41:36] "GET /tasklists/22 HTTP/1.1" 200 -
2023-09-07 18:41:38,714 - INFO - 127.0.0.1 - - [07/Sep/2023 18:41:38] "[33mGET /getTeamScript/22 HTTP/1.1[0m" 404 -
2023-09-07 18:41:39,019 - INFO - 127.0.0.1 - - [07/Sep/2023 18:41:39] "[33mGET /getTeamScript/22 HTTP/1.1[0m" 404 -
2023-09-07 18:41:39,644 - INFO - 127.0.0.1 - - [07/Sep/2023 18:41:39] "GET /getTeamMembers/22 HTTP/1.1" 200 -
2023-09-07 18:41:39,907 - INFO - 127.0.0.1 - - [07/Sep/2023 18:41:39] "GET /getTeamMembers/22 HTTP/1.1" 200 -
2023-09-07 18:41:39,951 - INFO - 127.0.0.1 - - [07/Sep/2023 18:41:39] "GET /tasklists/22 HTTP/1.1" 200 -
2023-09-07 18:41:39,982 - INFO - 127.0.0.1 - - [07/Sep/2023 18:41:39] "GET /tasklists/22 HTTP/1.1" 200 -
2023-09-07 18:41:40,270 - INFO - 127.0.0.1 - - [07/Sep/2023 18:41:40] "OPTIONS /getUserTeams/24 HTTP/1.1" 200 -
2023-09-07 18:41:40,585 - INFO - 127.0.0.1 - - [07/Sep/2023 18:41:40] "OPTIONS /getUserTeams/24 HTTP/1.1" 200 -
2023-09-07 18:41:40,598 - INFO - 127.0.0.1 - - [07/Sep/2023 18:41:40] "GET /getUserTeams/24 HTTP/1.1" 200 -
2023-09-07 18:41:40,919 - INFO - 127.0.0.1 - - [07/Sep/2023 18:41:40] "GET /getUserTeams/24 HTTP/1.1" 200 -
2023-09-07 18:41:43,801 - INFO - 127.0.0.1 - - [07/Sep/2023 18:41:43] "GET /getUserTeams/24 HTTP/1.1" 200 -
2023-09-07 18:41:44,051 - INFO - 127.0.0.1 - - [07/Sep/2023 18:41:44] "GET /getUserTeams/24 HTTP/1.1" 200 -
2023-09-07 18:41:50,268 - INFO - 127.0.0.1 - - [07/Sep/2023 18:41:50] "OPTIONS /getUserTeams/24 HTTP/1.1" 200 -
2023-09-07 18:41:50,583 - INFO - 127.0.0.1 - - [07/Sep/2023 18:41:50] "OPTIONS /getUserTeams/24 HTTP/1.1" 200 -
2023-09-07 18:41:50,592 - INFO - 127.0.0.1 - - [07/Sep/2023 18:41:50] "GET /getUserTeams/24 HTTP/1.1" 200 -
2023-09-07 18:41:50,917 - INFO - 127.0.0.1 - - [07/Sep/2023 18:41:50] "GET /getUserTeams/24 HTTP/1.1" 200 -
2023-09-07 18:41:53,309 - INFO - 127.0.0.1 - - [07/Sep/2023 18:41:53] "GET /getUserTeams/24 HTTP/1.1" 200 -
2023-09-07 18:41:53,574 - INFO - 127.0.0.1 - - [07/Sep/2023 18:41:53] "GET /getUserTeams/24 HTTP/1.1" 200 -
2023-09-07 18:41:55,571 - INFO - 127.0.0.1 - - [07/Sep/2023 18:41:55] "GET /getUserTeams/24 HTTP/1.1" 200 -
2023-09-07 18:41:55,896 - INFO - 127.0.0.1 - - [07/Sep/2023 18:41:55] "GET /getUserTeams/24 HTTP/1.1" 200 -
2023-09-07 18:41:59,219 - INFO - 127.0.0.1 - - [07/Sep/2023 18:41:59] "OPTIONS /getUserTeams/24 HTTP/1.1" 200 -
2023-09-07 18:41:59,220 - INFO - 127.0.0.1 - - [07/Sep/2023 18:41:59] "OPTIONS /getUserTeams/24 HTTP/1.1" 200 -
2023-09-07 18:41:59,495 - INFO - 127.0.0.1 - - [07/Sep/2023 18:41:59] "GET /getUserTeams/24 HTTP/1.1" 200 -
2023-09-07 18:41:59,541 - INFO - 127.0.0.1 - - [07/Sep/2023 18:41:59] "GET /getUserTeams/24 HTTP/1.1" 200 -
2023-09-07 18:42:00,720 - INFO - 127.0.0.1 - - [07/Sep/2023 18:42:00] "GET /getTeamMembers/6 HTTP/1.1" 200 -
2023-09-07 18:42:01,031 - INFO - 127.0.0.1 - - [07/Sep/2023 18:42:01] "GET /getTeamMembers/6 HTTP/1.1" 200 -
2023-09-07 18:42:01,064 - INFO - 127.0.0.1 - - [07/Sep/2023 18:42:01] "GET /tasklists/6 HTTP/1.1" 200 -
2023-09-07 18:42:01,376 - INFO - 127.0.0.1 - - [07/Sep/2023 18:42:01] "GET /tasklists/6 HTTP/1.1" 200 -
2023-09-07 18:42:03,079 - INFO - 127.0.0.1 - - [07/Sep/2023 18:42:03] "GET /getTeamScript/6 HTTP/1.1" 200 -
2023-09-07 18:42:03,326 - INFO - 127.0.0.1 - - [07/Sep/2023 18:42:03] "GET /getTeamScript/6 HTTP/1.1" 200 -
2023-09-07 18:42:04,079 - INFO - 127.0.0.1 - - [07/Sep/2023 18:42:04] "GET /tasklists/6 HTTP/1.1" 200 -
2023-09-07 18:42:04,395 - INFO - 127.0.0.1 - - [07/Sep/2023 18:42:04] "GET /tasklists/6 HTTP/1.1" 200 -
2023-09-07 18:42:05,032 - INFO - 127.0.0.1 - - [07/Sep/2023 18:42:05] "GET /team/6 HTTP/1.1" 200 -
2023-09-07 18:42:05,294 - INFO - 127.0.0.1 - - [07/Sep/2023 18:42:05] "GET /team/6 HTTP/1.1" 200 -
2023-09-07 18:42:07,392 - INFO - 127.0.0.1 - - [07/Sep/2023 18:42:07] "GET /tasklists/6 HTTP/1.1" 200 -
2023-09-07 18:42:07,714 - INFO - 127.0.0.1 - - [07/Sep/2023 18:42:07] "GET /tasklists/6 HTTP/1.1" 200 -
2023-11-22 12:52:24,322 - INFO - [31m[1mWARNING: This is a development server. Do not use it in a production deployment. Use a production WSGI server instead.[0m
 * Running on all addresses (0.0.0.0)
 * Running on http://127.0.0.1:5000
 * Running on http://192.168.3.38:5000
2023-11-22 12:52:24,323 - INFO - [33mPress CTRL+C to quit[0m
2023-11-22 12:52:24,324 - INFO -  * Restarting with stat
2023-11-22 12:52:25,036 - WARNING -  * Debugger is active!
2023-11-22 12:52:25,040 - INFO -  * Debugger PIN: 325-182-260
2023-11-22 12:52:47,696 - INFO -  * Detected change in 'D:\\ÍùÆÚÑ§Ï°×ÊÁÏ+±Ê¼Ç\\final project\\final\\dissertation-UI-test-platform\\backend\\app\\test_cases.py', reloading
2023-11-22 12:52:47,787 - INFO -  * Restarting with stat
2023-11-22 12:52:48,474 - WARNING -  * Debugger is active!
2023-11-22 12:52:48,476 - INFO -  * Debugger PIN: 325-182-260
2023-11-22 12:53:03,018 - INFO - 127.0.0.1 - - [22/Nov/2023 12:53:03] "OPTIONS /login HTTP/1.1" 200 -
2023-11-22 12:53:03,454 - INFO - 127.0.0.1 - - [22/Nov/2023 12:53:03] "POST /login HTTP/1.1" 200 -
2023-11-22 12:53:03,490 - INFO - 127.0.0.1 - - [22/Nov/2023 12:53:03] "OPTIONS /getUserTeams/24 HTTP/1.1" 200 -
2023-11-22 12:53:03,795 - INFO - 127.0.0.1 - - [22/Nov/2023 12:53:03] "OPTIONS /getUserTeams/24 HTTP/1.1" 200 -
2023-11-22 12:53:03,826 - INFO - 127.0.0.1 - - [22/Nov/2023 12:53:03] "GET /getUserTeams/24 HTTP/1.1" 200 -
2023-11-22 12:53:04,140 - INFO - 127.0.0.1 - - [22/Nov/2023 12:53:04] "GET /getUserTeams/24 HTTP/1.1" 200 -
2023-11-22 12:53:07,672 - INFO - 127.0.0.1 - - [22/Nov/2023 12:53:07] "GET /getUserTeams/24 HTTP/1.1" 200 -
2023-11-22 12:53:10,108 - INFO - 127.0.0.1 - - [22/Nov/2023 12:53:10] "OPTIONS /createTeam HTTP/1.1" 200 -
2023-11-22 12:53:10,439 - INFO - 127.0.0.1 - - [22/Nov/2023 12:53:10] "POST /createTeam HTTP/1.1" 200 -
2023-11-22 12:53:13,839 - INFO - 127.0.0.1 - - [22/Nov/2023 12:53:13] "OPTIONS /getUserTeams/24 HTTP/1.1" 200 -
2023-11-22 12:53:14,155 - INFO - 127.0.0.1 - - [22/Nov/2023 12:53:14] "GET /getUserTeams/24 HTTP/1.1" 200 -
2023-11-22 12:53:14,715 - INFO - 127.0.0.1 - - [22/Nov/2023 12:53:14] "GET /getUserTeams/24 HTTP/1.1" 200 -
2023-11-22 12:53:15,026 - INFO - 127.0.0.1 - - [22/Nov/2023 12:53:15] "GET /getUserTeams/24 HTTP/1.1" 200 -
2023-11-22 12:53:22,156 - INFO - 127.0.0.1 - - [22/Nov/2023 12:53:22] "GET /getTeamMembers/23 HTTP/1.1" 200 -
2023-11-22 12:53:22,411 - INFO - 127.0.0.1 - - [22/Nov/2023 12:53:22] "GET /getTeamMembers/23 HTTP/1.1" 200 -
2023-11-22 12:53:22,476 - INFO - 127.0.0.1 - - [22/Nov/2023 12:53:22] "GET /tasklists/23 HTTP/1.1" 200 -
2023-11-22 12:53:22,479 - INFO - 127.0.0.1 - - [22/Nov/2023 12:53:22] "GET /tasklists/23 HTTP/1.1" 200 -
2023-11-22 12:53:24,224 - INFO - 127.0.0.1 - - [22/Nov/2023 12:53:24] "[33mGET /getTeamScript/23 HTTP/1.1[0m" 404 -
2023-11-22 12:53:24,530 - INFO - 127.0.0.1 - - [22/Nov/2023 12:53:24] "[33mGET /getTeamScript/23 HTTP/1.1[0m" 404 -
2023-11-22 12:53:25,937 - INFO - 127.0.0.1 - - [22/Nov/2023 12:53:25] "GET /team/23 HTTP/1.1" 200 -
2023-11-22 12:53:26,192 - INFO - 127.0.0.1 - - [22/Nov/2023 12:53:26] "GET /team/23 HTTP/1.1" 200 -
2023-11-22 12:53:26,657 - INFO - 127.0.0.1 - - [22/Nov/2023 12:53:26] "GET /tasklists/23 HTTP/1.1" 200 -
2023-11-22 12:53:26,962 - INFO - 127.0.0.1 - - [22/Nov/2023 12:53:26] "GET /tasklists/23 HTTP/1.1" 200 -
2023-11-22 12:53:27,773 - INFO - 127.0.0.1 - - [22/Nov/2023 12:53:27] "[33mGET /getTeamScript/23 HTTP/1.1[0m" 404 -
2023-11-22 12:53:28,027 - INFO - 127.0.0.1 - - [22/Nov/2023 12:53:28] "[33mGET /getTeamScript/23 HTTP/1.1[0m" 404 -
2023-11-22 12:53:44,919 - INFO - 127.0.0.1 - - [22/Nov/2023 12:53:44] "OPTIONS /runTestEvents HTTP/1.1" 200 -
2023-11-22 12:53:44,948 - INFO - ====== WebDriver manager ======
2023-11-22 12:53:45,713 - INFO - Get LATEST chromedriver version for google-chrome
2023-11-22 12:53:45,713 - INFO - Get LATEST chromedriver version for google-chrome
2023-11-22 12:53:45,713 - INFO - There is no [win64] chromedriver "119.0.6045.160" for browser google-chrome "119.0.6045.160" in cache
2023-11-22 12:53:45,713 - INFO - Get LATEST chromedriver version for google-chrome
2023-11-22 12:53:46,182 - INFO - WebDriver version 119.0.6045.105 selected
2023-11-22 12:53:46,182 - INFO - Modern chrome version https://edgedl.me.gvt1.com/edgedl/chrome/chrome-for-testing/119.0.6045.105/win32/chromedriver-win32.zip
2023-11-22 12:53:46,182 - INFO - About to download new driver from https://edgedl.me.gvt1.com/edgedl/chrome/chrome-for-testing/119.0.6045.105/win32/chromedriver-win32.zip
2023-11-22 12:53:46,643 - INFO - Driver downloading response is 200
2023-11-22 12:53:50,438 - INFO - Get LATEST chromedriver version for google-chrome
2023-11-22 12:53:50,530 - INFO - Driver has been saved in cache [C:\Users\hongj\.wdm\drivers\chromedriver\win64\119.0.6045.160]
2023-11-22 12:53:59,780 - INFO - 127.0.0.1 - - [22/Nov/2023 12:53:59] "[35m[1mPOST /runTestEvents HTTP/1.1[0m" 201 -
2023-11-22 12:54:00,174 - INFO - 127.0.0.1 - - [22/Nov/2023 12:54:00] "GET /test-report/169 HTTP/1.1" 200 -
2023-11-22 12:54:00,400 - INFO - 127.0.0.1 - - [22/Nov/2023 12:54:00] "GET /test-report/169 HTTP/1.1" 200 -
2023-11-22 12:54:00,480 - INFO - 127.0.0.1 - - [22/Nov/2023 12:54:00] "GET /getTeamMembers/23 HTTP/1.1" 200 -
2023-11-22 12:54:00,516 - INFO - 127.0.0.1 - - [22/Nov/2023 12:54:00] "GET /getTeamMembers/23 HTTP/1.1" 200 -
2023-11-22 12:54:53,976 - INFO - 127.0.0.1 - - [22/Nov/2023 12:54:53] "OPTIONS /runTestEvents HTTP/1.1" 200 -
2023-11-22 12:54:54,298 - INFO - ====== WebDriver manager ======
2023-11-22 12:54:54,973 - INFO - Get LATEST chromedriver version for google-chrome
2023-11-22 12:54:54,973 - INFO - Get LATEST chromedriver version for google-chrome
2023-11-22 12:54:54,973 - INFO - There is no [win64] chromedriver "119.0.6045.160" for browser google-chrome "119.0.6045.160" in cache
2023-11-22 12:54:54,973 - INFO - Get LATEST chromedriver version for google-chrome
2023-11-22 12:54:55,421 - INFO - WebDriver version 119.0.6045.105 selected
2023-11-22 12:54:55,421 - INFO - Modern chrome version https://edgedl.me.gvt1.com/edgedl/chrome/chrome-for-testing/119.0.6045.105/win32/chromedriver-win32.zip
2023-11-22 12:54:55,421 - INFO - About to download new driver from https://edgedl.me.gvt1.com/edgedl/chrome/chrome-for-testing/119.0.6045.105/win32/chromedriver-win32.zip
2023-11-22 12:54:55,934 - INFO - Driver downloading response is 200
2023-11-22 12:54:59,607 - INFO - Get LATEST chromedriver version for google-chrome
2023-11-22 12:54:59,696 - INFO - Driver has been saved in cache [C:\Users\hongj\.wdm\drivers\chromedriver\win64\119.0.6045.160]
2023-11-22 12:55:08,324 - INFO - 127.0.0.1 - - [22/Nov/2023 12:55:08] "[35m[1mPOST /runTestEvents HTTP/1.1[0m" 201 -
2023-11-22 12:55:08,709 - INFO - 127.0.0.1 - - [22/Nov/2023 12:55:08] "GET /test-report/170 HTTP/1.1" 200 -
2023-11-22 12:55:08,940 - INFO - 127.0.0.1 - - [22/Nov/2023 12:55:08] "GET /test-report/170 HTTP/1.1" 200 -
2023-11-22 12:55:09,020 - INFO - 127.0.0.1 - - [22/Nov/2023 12:55:09] "GET /getTeamMembers/23 HTTP/1.1" 200 -
2023-11-22 12:55:09,042 - INFO - 127.0.0.1 - - [22/Nov/2023 12:55:09] "GET /getTeamMembers/23 HTTP/1.1" 200 -
2023-11-22 12:55:13,698 - INFO - 127.0.0.1 - - [22/Nov/2023 12:55:13] "GET /getTeamScript/23 HTTP/1.1" 200 -
2023-11-22 12:55:14,018 - INFO - 127.0.0.1 - - [22/Nov/2023 12:55:14] "GET /getTeamScript/23 HTTP/1.1" 200 -
2023-11-22 12:55:16,912 - INFO - 127.0.0.1 - - [22/Nov/2023 12:55:16] "OPTIONS /getUserTeams/24 HTTP/1.1" 200 -
2023-11-22 12:55:16,912 - INFO - 127.0.0.1 - - [22/Nov/2023 12:55:16] "OPTIONS /getUserTeams/24 HTTP/1.1" 200 -
2023-11-22 12:55:17,177 - INFO - 127.0.0.1 - - [22/Nov/2023 12:55:17] "GET /getUserTeams/24 HTTP/1.1" 200 -
2023-11-22 12:55:17,229 - INFO - 127.0.0.1 - - [22/Nov/2023 12:55:17] "GET /getUserTeams/24 HTTP/1.1" 200 -
2023-11-22 12:57:05,373 - INFO - [31m[1mWARNING: This is a development server. Do not use it in a production deployment. Use a production WSGI server instead.[0m
 * Running on all addresses (0.0.0.0)
 * Running on http://127.0.0.1:5000
 * Running on http://192.168.3.38:5000
2023-11-22 12:57:05,373 - INFO - [33mPress CTRL+C to quit[0m
2023-11-22 12:57:05,374 - INFO -  * Restarting with stat
2023-11-22 12:57:06,129 - WARNING -  * Debugger is active!
2023-11-22 12:57:06,132 - INFO -  * Debugger PIN: 325-182-260
2023-11-22 12:57:24,423 - INFO - 127.0.0.1 - - [22/Nov/2023 12:57:24] "OPTIONS /login HTTP/1.1" 200 -
2023-11-22 12:57:24,827 - INFO - 127.0.0.1 - - [22/Nov/2023 12:57:24] "POST /login HTTP/1.1" 200 -
2023-11-22 12:57:24,867 - INFO - 127.0.0.1 - - [22/Nov/2023 12:57:24] "OPTIONS /getUserTeams/24 HTTP/1.1" 200 -
2023-11-22 12:57:25,180 - INFO - 127.0.0.1 - - [22/Nov/2023 12:57:25] "OPTIONS /getUserTeams/24 HTTP/1.1" 200 -
2023-11-22 12:57:25,198 - INFO - 127.0.0.1 - - [22/Nov/2023 12:57:25] "GET /getUserTeams/24 HTTP/1.1" 200 -
2023-11-22 12:57:25,513 - INFO - 127.0.0.1 - - [22/Nov/2023 12:57:25] "GET /getUserTeams/24 HTTP/1.1" 200 -
2023-11-22 12:57:27,536 - INFO - 127.0.0.1 - - [22/Nov/2023 12:57:27] "GET /getUserTeams/24 HTTP/1.1" 200 -
2023-11-22 12:57:36,897 - INFO - 127.0.0.1 - - [22/Nov/2023 12:57:36] "GET /searchUsers?searchTerm=chen HTTP/1.1" 200 -
2023-11-22 12:57:45,162 - INFO - 127.0.0.1 - - [22/Nov/2023 12:57:45] "GET /searchUsers?searchTerm=1 HTTP/1.1" 200 -
2023-11-22 12:57:50,876 - INFO - 127.0.0.1 - - [22/Nov/2023 12:57:50] "OPTIONS /createTeam HTTP/1.1" 200 -
2023-11-22 12:57:51,204 - INFO - 127.0.0.1 - - [22/Nov/2023 12:57:51] "POST /createTeam HTTP/1.1" 200 -
2023-11-22 12:57:52,511 - INFO - 127.0.0.1 - - [22/Nov/2023 12:57:52] "OPTIONS /getUserTeams/24 HTTP/1.1" 200 -
2023-11-22 12:57:53,292 - INFO - 127.0.0.1 - - [22/Nov/2023 12:57:53] "GET /getUserTeams/24 HTTP/1.1" 200 -
2023-11-22 12:57:53,305 - INFO - 127.0.0.1 - - [22/Nov/2023 12:57:53] "GET /getUserTeams/24 HTTP/1.1" 200 -
2023-11-22 12:57:55,646 - INFO - 127.0.0.1 - - [22/Nov/2023 12:57:55] "GET /getTeamMembers/24 HTTP/1.1" 200 -
2023-11-22 12:57:55,906 - INFO - 127.0.0.1 - - [22/Nov/2023 12:57:55] "GET /getTeamMembers/24 HTTP/1.1" 200 -
2023-11-22 12:57:55,953 - INFO - 127.0.0.1 - - [22/Nov/2023 12:57:55] "GET /tasklists/24 HTTP/1.1" 200 -
2023-11-22 12:57:55,983 - INFO - 127.0.0.1 - - [22/Nov/2023 12:57:55] "GET /tasklists/24 HTTP/1.1" 200 -
2023-11-22 12:58:00,289 - INFO - 127.0.0.1 - - [22/Nov/2023 12:58:00] "GET /contributions/24 HTTP/1.1" 200 -
2023-11-22 12:58:00,595 - INFO - 127.0.0.1 - - [22/Nov/2023 12:58:00] "GET /user/24 HTTP/1.1" 200 -
2023-11-22 12:58:00,599 - INFO - 127.0.0.1 - - [22/Nov/2023 12:58:00] "GET /contributions/24 HTTP/1.1" 200 -
2023-11-22 12:58:00,906 - INFO - 127.0.0.1 - - [22/Nov/2023 12:58:00] "GET /user/24 HTTP/1.1" 200 -
2023-11-22 12:58:02,290 - INFO - 127.0.0.1 - - [22/Nov/2023 12:58:02] "GET /getTeamMembers/24 HTTP/1.1" 200 -
2023-11-22 12:58:02,552 - INFO - 127.0.0.1 - - [22/Nov/2023 12:58:02] "GET /getTeamMembers/24 HTTP/1.1" 200 -
2023-11-22 12:58:02,595 - INFO - 127.0.0.1 - - [22/Nov/2023 12:58:02] "GET /tasklists/24 HTTP/1.1" 200 -
2023-11-22 12:58:02,627 - INFO - 127.0.0.1 - - [22/Nov/2023 12:58:02] "GET /tasklists/24 HTTP/1.1" 200 -
2023-11-22 12:58:03,174 - INFO - 127.0.0.1 - - [22/Nov/2023 12:58:03] "GET /contributions/25 HTTP/1.1" 200 -
2023-11-22 12:58:03,479 - INFO - 127.0.0.1 - - [22/Nov/2023 12:58:03] "GET /user/25 HTTP/1.1" 200 -
2023-11-22 12:58:03,479 - INFO - 127.0.0.1 - - [22/Nov/2023 12:58:03] "GET /contributions/25 HTTP/1.1" 200 -
2023-11-22 12:58:03,789 - INFO - 127.0.0.1 - - [22/Nov/2023 12:58:03] "GET /user/25 HTTP/1.1" 200 -
2023-11-22 12:58:04,761 - INFO - 127.0.0.1 - - [22/Nov/2023 12:58:04] "GET /getTeamMembers/24 HTTP/1.1" 200 -
2023-11-22 12:58:05,021 - INFO - 127.0.0.1 - - [22/Nov/2023 12:58:05] "GET /getTeamMembers/24 HTTP/1.1" 200 -
2023-11-22 12:58:05,080 - INFO - 127.0.0.1 - - [22/Nov/2023 12:58:05] "GET /tasklists/24 HTTP/1.1" 200 -
2023-11-22 12:58:05,094 - INFO - 127.0.0.1 - - [22/Nov/2023 12:58:05] "GET /tasklists/24 HTTP/1.1" 200 -
2023-11-22 12:58:06,110 - INFO - 127.0.0.1 - - [22/Nov/2023 12:58:06] "GET /tasklists/24 HTTP/1.1" 200 -
2023-11-22 12:58:06,428 - INFO - 127.0.0.1 - - [22/Nov/2023 12:58:06] "GET /tasklists/24 HTTP/1.1" 200 -
2023-11-22 12:58:10,100 - INFO - 127.0.0.1 - - [22/Nov/2023 12:58:10] "OPTIONS /saveTask HTTP/1.1" 200 -
2023-11-22 12:58:10,369 - INFO - 127.0.0.1 - - [22/Nov/2023 12:58:10] "POST /saveTask HTTP/1.1" 200 -
2023-11-22 12:58:18,822 - INFO - 127.0.0.1 - - [22/Nov/2023 12:58:18] "OPTIONS /searchTestCase HTTP/1.1" 200 -
2023-11-22 12:58:18,831 - INFO - 127.0.0.1 - - [22/Nov/2023 12:58:18] "[33mPOST /searchTestCase HTTP/1.1[0m" 404 -
2023-11-22 12:58:22,565 - INFO - 127.0.0.1 - - [22/Nov/2023 12:58:22] "[33mPOST /searchTestCase HTTP/1.1[0m" 404 -
2023-11-22 12:58:22,827 - INFO - 127.0.0.1 - - [22/Nov/2023 12:58:22] "[33mPOST /searchTestCase HTTP/1.1[0m" 404 -
2023-11-22 12:58:22,924 - INFO - 127.0.0.1 - - [22/Nov/2023 12:58:22] "POST /searchTestCase HTTP/1.1" 200 -
2023-11-22 12:58:26,685 - INFO - 127.0.0.1 - - [22/Nov/2023 12:58:26] "OPTIONS /saveTask HTTP/1.1" 200 -
2023-11-22 12:58:26,953 - INFO - 127.0.0.1 - - [22/Nov/2023 12:58:26] "POST /saveTask HTTP/1.1" 200 -
2023-11-22 12:58:36,650 - INFO - 127.0.0.1 - - [22/Nov/2023 12:58:36] "OPTIONS /searchTestCase HTTP/1.1" 200 -
2023-11-22 12:58:36,666 - INFO - 127.0.0.1 - - [22/Nov/2023 12:58:36] "[33mPOST /searchTestCase HTTP/1.1[0m" 404 -
2023-11-22 12:58:37,589 - INFO - 127.0.0.1 - - [22/Nov/2023 12:58:37] "[33mPOST /searchTestCase HTTP/1.1[0m" 404 -
2023-11-22 12:58:37,854 - INFO - 127.0.0.1 - - [22/Nov/2023 12:58:37] "POST /searchTestCase HTTP/1.1" 200 -
2023-11-22 12:58:39,835 - INFO - 127.0.0.1 - - [22/Nov/2023 12:58:39] "OPTIONS /saveTask HTTP/1.1" 200 -
2023-11-22 12:58:40,110 - INFO - 127.0.0.1 - - [22/Nov/2023 12:58:40] "POST /saveTask HTTP/1.1" 200 -
2023-11-22 12:58:45,315 - INFO - 127.0.0.1 - - [22/Nov/2023 12:58:45] "OPTIONS /searchTestCase HTTP/1.1" 200 -
2023-11-22 12:58:45,334 - INFO - 127.0.0.1 - - [22/Nov/2023 12:58:45] "[33mPOST /searchTestCase HTTP/1.1[0m" 404 -
2023-11-22 12:58:46,020 - INFO - 127.0.0.1 - - [22/Nov/2023 12:58:46] "[33mPOST /searchTestCase HTTP/1.1[0m" 404 -
2023-11-22 12:58:46,254 - INFO - 127.0.0.1 - - [22/Nov/2023 12:58:46] "POST /searchTestCase HTTP/1.1" 200 -
2023-11-22 12:58:47,666 - INFO - 127.0.0.1 - - [22/Nov/2023 12:58:47] "OPTIONS /saveTask HTTP/1.1" 200 -
2023-11-22 12:58:47,937 - INFO - 127.0.0.1 - - [22/Nov/2023 12:58:47] "POST /saveTask HTTP/1.1" 200 -
2023-11-22 12:58:55,438 - INFO - 127.0.0.1 - - [22/Nov/2023 12:58:55] "OPTIONS /searchTestCase HTTP/1.1" 200 -
2023-11-22 12:58:55,449 - INFO - 127.0.0.1 - - [22/Nov/2023 12:58:55] "[33mPOST /searchTestCase HTTP/1.1[0m" 404 -
2023-11-22 12:58:56,481 - INFO - 127.0.0.1 - - [22/Nov/2023 12:58:56] "[33mPOST /searchTestCase HTTP/1.1[0m" 404 -
2023-11-22 12:58:56,699 - INFO - 127.0.0.1 - - [22/Nov/2023 12:58:56] "POST /searchTestCase HTTP/1.1" 200 -
2023-11-22 12:58:58,372 - INFO - 127.0.0.1 - - [22/Nov/2023 12:58:58] "OPTIONS /saveTask HTTP/1.1" 200 -
2023-11-22 12:58:58,643 - INFO - 127.0.0.1 - - [22/Nov/2023 12:58:58] "POST /saveTask HTTP/1.1" 200 -
2023-11-22 12:59:06,793 - INFO - 127.0.0.1 - - [22/Nov/2023 12:59:06] "OPTIONS /saveTask HTTP/1.1" 200 -
2023-11-22 12:59:07,122 - INFO - 127.0.0.1 - - [22/Nov/2023 12:59:07] "POST /saveTask HTTP/1.1" 200 -
2023-11-22 12:59:08,439 - INFO - 127.0.0.1 - - [22/Nov/2023 12:59:08] "POST /saveTask HTTP/1.1" 200 -
2023-11-22 12:59:09,703 - INFO - 127.0.0.1 - - [22/Nov/2023 12:59:09] "POST /saveTask HTTP/1.1" 200 -
2023-11-22 12:59:16,069 - INFO - 127.0.0.1 - - [22/Nov/2023 12:59:16] "GET /team/24 HTTP/1.1" 200 -
2023-11-22 12:59:16,379 - INFO - 127.0.0.1 - - [22/Nov/2023 12:59:16] "GET /team/24 HTTP/1.1" 200 -
2023-11-22 12:59:23,513 - INFO - 127.0.0.1 - - [22/Nov/2023 12:59:23] "GET /tasklists/24 HTTP/1.1" 200 -
2023-11-22 12:59:23,773 - INFO - 127.0.0.1 - - [22/Nov/2023 12:59:23] "GET /tasklists/24 HTTP/1.1" 200 -
2023-11-22 12:59:24,907 - INFO - 127.0.0.1 - - [22/Nov/2023 12:59:24] "[33mGET /getTeamScript/24 HTTP/1.1[0m" 404 -
2023-11-22 12:59:25,215 - INFO - 127.0.0.1 - - [22/Nov/2023 12:59:25] "[33mGET /getTeamScript/24 HTTP/1.1[0m" 404 -
2023-11-22 12:59:26,259 - INFO - 127.0.0.1 - - [22/Nov/2023 12:59:26] "GET /getTeamMembers/24 HTTP/1.1" 200 -
2023-11-22 12:59:26,523 - INFO - 127.0.0.1 - - [22/Nov/2023 12:59:26] "GET /getTeamMembers/24 HTTP/1.1" 200 -
2023-11-22 12:59:26,568 - INFO - 127.0.0.1 - - [22/Nov/2023 12:59:26] "GET /tasklists/24 HTTP/1.1" 200 -
2023-11-22 12:59:26,585 - INFO - 127.0.0.1 - - [22/Nov/2023 12:59:26] "GET /tasklists/24 HTTP/1.1" 200 -
2023-11-22 12:59:27,217 - INFO - 127.0.0.1 - - [22/Nov/2023 12:59:27] "[33mGET /getTeamScript/24 HTTP/1.1[0m" 404 -
2023-11-22 12:59:27,528 - INFO - 127.0.0.1 - - [22/Nov/2023 12:59:27] "[33mGET /getTeamScript/24 HTTP/1.1[0m" 404 -
2023-11-22 12:59:29,002 - INFO - 127.0.0.1 - - [22/Nov/2023 12:59:29] "GET /getTeamMembers/24 HTTP/1.1" 200 -
2023-11-22 12:59:29,248 - INFO - 127.0.0.1 - - [22/Nov/2023 12:59:29] "GET /getTeamMembers/24 HTTP/1.1" 200 -
2023-11-22 12:59:29,321 - INFO - 127.0.0.1 - - [22/Nov/2023 12:59:29] "GET /tasklists/24 HTTP/1.1" 200 -
2023-11-22 12:59:29,336 - INFO - 127.0.0.1 - - [22/Nov/2023 12:59:29] "GET /tasklists/24 HTTP/1.1" 200 -
2023-11-22 12:59:30,492 - INFO - 127.0.0.1 - - [22/Nov/2023 12:59:30] "[33mGET /getTeamScript/24 HTTP/1.1[0m" 404 -
2023-11-22 12:59:30,809 - INFO - 127.0.0.1 - - [22/Nov/2023 12:59:30] "[33mGET /getTeamScript/24 HTTP/1.1[0m" 404 -
2023-11-22 13:00:50,805 - INFO - 127.0.0.1 - - [22/Nov/2023 13:00:50] "OPTIONS /runTestEvents HTTP/1.1" 200 -
2023-11-22 13:00:51,131 - INFO - ====== WebDriver manager ======
2023-11-22 13:00:51,911 - INFO - Get LATEST chromedriver version for google-chrome
2023-11-22 13:00:51,912 - INFO - Get LATEST chromedriver version for google-chrome
2023-11-22 13:00:51,912 - INFO - There is no [win64] chromedriver "119.0.6045.160" for browser google-chrome "119.0.6045.160" in cache
2023-11-22 13:00:51,912 - INFO - Get LATEST chromedriver version for google-chrome
2023-11-22 13:01:00,867 - INFO - WebDriver version 119.0.6045.105 selected
2023-11-22 13:01:00,868 - INFO - Modern chrome version https://edgedl.me.gvt1.com/edgedl/chrome/chrome-for-testing/119.0.6045.105/win32/chromedriver-win32.zip
2023-11-22 13:01:00,868 - INFO - About to download new driver from https://edgedl.me.gvt1.com/edgedl/chrome/chrome-for-testing/119.0.6045.105/win32/chromedriver-win32.zip
2023-11-22 13:01:01,675 - INFO - Driver downloading response is 200
2023-11-22 13:01:15,207 - INFO - Get LATEST chromedriver version for google-chrome
2023-11-22 13:01:15,307 - INFO - Driver has been saved in cache [C:\Users\hongj\.wdm\drivers\chromedriver\win64\119.0.6045.160]
2023-11-22 13:01:24,098 - INFO - 127.0.0.1 - - [22/Nov/2023 13:01:24] "[35m[1mPOST /runTestEvents HTTP/1.1[0m" 201 -
2023-11-22 13:01:24,199 - INFO - 127.0.0.1 - - [22/Nov/2023 13:01:24] "GET /test-report/171 HTTP/1.1" 200 -
2023-11-22 13:01:24,506 - INFO - 127.0.0.1 - - [22/Nov/2023 13:01:24] "GET /test-report/171 HTTP/1.1" 200 -
2023-11-22 13:01:24,538 - INFO - 127.0.0.1 - - [22/Nov/2023 13:01:24] "GET /getTeamMembers/24 HTTP/1.1" 200 -
2023-11-22 13:01:24,851 - INFO - 127.0.0.1 - - [22/Nov/2023 13:01:24] "GET /getTeamMembers/24 HTTP/1.1" 200 -
2023-11-22 13:01:33,103 - INFO - 127.0.0.1 - - [22/Nov/2023 13:01:33] "OPTIONS /send-report HTTP/1.1" 200 -
2023-11-22 13:01:34,315 - INFO - 127.0.0.1 - - [22/Nov/2023 13:01:34] "POST /send-report HTTP/1.1" 200 -
2023-11-22 13:01:54,397 - INFO - 127.0.0.1 - - [22/Nov/2023 13:01:54] "GET /getTestCases?testeventID=258 HTTP/1.1" 200 -
2023-11-22 13:01:54,704 - INFO - 127.0.0.1 - - [22/Nov/2023 13:01:54] "GET /testEventName?testeventID=258 HTTP/1.1" 200 -
2023-11-22 13:01:54,707 - INFO - 127.0.0.1 - - [22/Nov/2023 13:01:54] "GET /getTestCases?testeventID=258 HTTP/1.1" 200 -
2023-11-22 13:01:55,011 - INFO - 127.0.0.1 - - [22/Nov/2023 13:01:55] "GET /testEventName?testeventID=258 HTTP/1.1" 200 -
2023-11-22 13:01:57,111 - INFO - 127.0.0.1 - - [22/Nov/2023 13:01:57] "GET /test-report/171 HTTP/1.1" 200 -
2023-11-22 13:01:57,377 - INFO - 127.0.0.1 - - [22/Nov/2023 13:01:57] "GET /test-report/171 HTTP/1.1" 200 -
2023-11-22 13:01:57,426 - INFO - 127.0.0.1 - - [22/Nov/2023 13:01:57] "GET /getTeamMembers/24 HTTP/1.1" 200 -
2023-11-22 13:01:57,431 - INFO - 127.0.0.1 - - [22/Nov/2023 13:01:57] "GET /getTeamMembers/24 HTTP/1.1" 200 -
2023-11-22 13:02:01,259 - INFO - 127.0.0.1 - - [22/Nov/2023 13:02:01] "GET /getTeamScript/24 HTTP/1.1" 200 -
2023-11-22 13:02:01,509 - INFO - 127.0.0.1 - - [22/Nov/2023 13:02:01] "GET /getTeamScript/24 HTTP/1.1" 200 -
2023-11-22 13:02:03,165 - INFO - 127.0.0.1 - - [22/Nov/2023 13:02:03] "OPTIONS /searchTestReport HTTP/1.1" 200 -
2023-11-22 13:02:03,473 - INFO - 127.0.0.1 - - [22/Nov/2023 13:02:03] "OPTIONS /searchTestReport HTTP/1.1" 200 -
2023-11-22 13:02:03,476 - INFO - 127.0.0.1 - - [22/Nov/2023 13:02:03] "POST /searchTestReport HTTP/1.1" 200 -
2023-11-22 13:02:03,741 - INFO - 127.0.0.1 - - [22/Nov/2023 13:02:03] "POST /searchTestReport HTTP/1.1" 200 -
2023-11-22 13:02:04,762 - INFO - 127.0.0.1 - - [22/Nov/2023 13:02:04] "GET /test-report/171 HTTP/1.1" 200 -
2023-11-22 13:02:05,010 - INFO - 127.0.0.1 - - [22/Nov/2023 13:02:05] "GET /test-report/171 HTTP/1.1" 200 -
2023-11-22 13:02:05,073 - INFO - 127.0.0.1 - - [22/Nov/2023 13:02:05] "GET /getTeamMembers/24 HTTP/1.1" 200 -
2023-11-22 13:02:05,088 - INFO - 127.0.0.1 - - [22/Nov/2023 13:02:05] "GET /getTeamMembers/24 HTTP/1.1" 200 -
2023-11-22 13:02:06,327 - INFO - 127.0.0.1 - - [22/Nov/2023 13:02:06] "POST /searchTestReport HTTP/1.1" 200 -
2023-11-22 13:02:06,628 - INFO - 127.0.0.1 - - [22/Nov/2023 13:02:06] "POST /searchTestReport HTTP/1.1" 200 -
2023-11-22 13:02:06,904 - INFO - 127.0.0.1 - - [22/Nov/2023 13:02:06] "GET /getTeamScript/24 HTTP/1.1" 200 -
2023-11-22 13:02:07,216 - INFO - 127.0.0.1 - - [22/Nov/2023 13:02:07] "GET /getTeamScript/24 HTTP/1.1" 200 -
2023-11-22 13:02:08,139 - INFO - 127.0.0.1 - - [22/Nov/2023 13:02:08] "GET /testEventName?testeventID=258 HTTP/1.1" 200 -
2023-11-22 13:02:08,141 - INFO - 127.0.0.1 - - [22/Nov/2023 13:02:08] "GET /getTestCases?testeventID=258 HTTP/1.1" 200 -
2023-11-22 13:02:08,405 - INFO - 127.0.0.1 - - [22/Nov/2023 13:02:08] "GET /testEventName?testeventID=258 HTTP/1.1" 200 -
2023-11-22 13:02:08,453 - INFO - 127.0.0.1 - - [22/Nov/2023 13:02:08] "GET /getTestCases?testeventID=258 HTTP/1.1" 200 -
2023-11-22 13:02:09,796 - INFO - 127.0.0.1 - - [22/Nov/2023 13:02:09] "GET /getTeamScript/24 HTTP/1.1" 200 -
2023-11-22 13:02:10,107 - INFO - 127.0.0.1 - - [22/Nov/2023 13:02:10] "GET /getTeamScript/24 HTTP/1.1" 200 -
2023-11-22 13:02:11,500 - INFO - 127.0.0.1 - - [22/Nov/2023 13:02:11] "GET /getTeamMembers/24 HTTP/1.1" 200 -
2023-11-22 13:02:11,751 - INFO - 127.0.0.1 - - [22/Nov/2023 13:02:11] "GET /getTeamMembers/24 HTTP/1.1" 200 -
2023-11-22 13:02:11,809 - INFO - 127.0.0.1 - - [22/Nov/2023 13:02:11] "GET /tasklists/24 HTTP/1.1" 200 -
2023-11-22 13:02:11,841 - INFO - 127.0.0.1 - - [22/Nov/2023 13:02:11] "GET /tasklists/24 HTTP/1.1" 200 -
2023-11-22 13:02:12,737 - INFO - 127.0.0.1 - - [22/Nov/2023 13:02:12] "GET /contributions/25 HTTP/1.1" 200 -
2023-11-22 13:02:13,045 - INFO - 127.0.0.1 - - [22/Nov/2023 13:02:13] "GET /user/25 HTTP/1.1" 200 -
2023-11-22 13:02:13,046 - INFO - 127.0.0.1 - - [22/Nov/2023 13:02:13] "GET /contributions/25 HTTP/1.1" 200 -
2023-11-22 13:02:13,355 - INFO - 127.0.0.1 - - [22/Nov/2023 13:02:13] "GET /user/25 HTTP/1.1" 200 -
2023-11-22 13:02:14,632 - INFO - 127.0.0.1 - - [22/Nov/2023 13:02:14] "GET /getTeamMembers/24 HTTP/1.1" 200 -
2023-11-22 13:02:14,892 - INFO - 127.0.0.1 - - [22/Nov/2023 13:02:14] "GET /getTeamMembers/24 HTTP/1.1" 200 -
2023-11-22 13:02:14,938 - INFO - 127.0.0.1 - - [22/Nov/2023 13:02:14] "GET /tasklists/24 HTTP/1.1" 200 -
2023-11-22 13:02:14,970 - INFO - 127.0.0.1 - - [22/Nov/2023 13:02:14] "GET /tasklists/24 HTTP/1.1" 200 -
2023-11-22 13:02:15,248 - INFO - 127.0.0.1 - - [22/Nov/2023 13:02:15] "OPTIONS /getUserTeams/24 HTTP/1.1" 200 -
2023-11-22 13:02:15,354 - INFO - 127.0.0.1 - - [22/Nov/2023 13:02:15] "OPTIONS /getUserTeams/24 HTTP/1.1" 200 -
2023-11-22 13:02:15,365 - INFO - 127.0.0.1 - - [22/Nov/2023 13:02:15] "GET /getUserTeams/24 HTTP/1.1" 200 -
2023-11-22 13:02:15,565 - INFO - 127.0.0.1 - - [22/Nov/2023 13:02:15] "GET /getUserTeams/24 HTTP/1.1" 200 -
2023-11-22 13:02:19,755 - INFO - 127.0.0.1 - - [22/Nov/2023 13:02:19] "GET /getUserTeams/24 HTTP/1.1" 200 -
2023-11-22 13:02:20,072 - INFO - 127.0.0.1 - - [22/Nov/2023 13:02:20] "GET /getUserTeams/24 HTTP/1.1" 200 -
2023-11-22 13:02:23,845 - INFO - 127.0.0.1 - - [22/Nov/2023 13:02:23] "OPTIONS /getUserTeams/24 HTTP/1.1" 200 -
2023-11-22 13:02:23,846 - INFO - 127.0.0.1 - - [22/Nov/2023 13:02:23] "OPTIONS /getUserTeams/24 HTTP/1.1" 200 -
2023-11-22 13:02:24,119 - INFO - 127.0.0.1 - - [22/Nov/2023 13:02:24] "GET /getUserTeams/24 HTTP/1.1" 200 -
2023-11-22 13:02:24,165 - INFO - 127.0.0.1 - - [22/Nov/2023 13:02:24] "GET /getUserTeams/24 HTTP/1.1" 200 -
2023-11-22 13:02:26,172 - INFO - 127.0.0.1 - - [22/Nov/2023 13:02:26] "GET /getUserTeams/24 HTTP/1.1" 200 -
2023-11-22 13:02:26,495 - INFO - 127.0.0.1 - - [22/Nov/2023 13:02:26] "GET /getUserTeams/24 HTTP/1.1" 200 -
2023-11-22 13:02:27,605 - INFO - 127.0.0.1 - - [22/Nov/2023 13:02:27] "GET /user/24 HTTP/1.1" 200 -
2023-11-22 13:02:27,605 - INFO - 127.0.0.1 - - [22/Nov/2023 13:02:27] "GET /contributions/24 HTTP/1.1" 200 -
2023-11-22 13:02:27,864 - INFO - 127.0.0.1 - - [22/Nov/2023 13:02:27] "GET /user/24 HTTP/1.1" 200 -
2023-11-22 13:02:27,911 - INFO - 127.0.0.1 - - [22/Nov/2023 13:02:27] "GET /contributions/24 HTTP/1.1" 200 -
2023-11-23 10:31:43,262 - INFO - [31m[1mWARNING: This is a development server. Do not use it in a production deployment. Use a production WSGI server instead.[0m
 * Running on all addresses (0.0.0.0)
 * Running on http://127.0.0.1:5000
 * Running on http://192.168.3.38:5000
2023-11-23 10:31:43,262 - INFO - [33mPress CTRL+C to quit[0m
2023-11-23 10:31:43,264 - INFO -  * Restarting with stat
2023-11-23 10:31:44,052 - WARNING -  * Debugger is active!
2023-11-23 10:31:44,057 - INFO -  * Debugger PIN: 325-182-260
2023-11-23 10:32:12,939 - INFO - 127.0.0.1 - - [23/Nov/2023 10:32:12] "OPTIONS /login HTTP/1.1" 200 -
2023-11-23 10:32:13,357 - INFO - 127.0.0.1 - - [23/Nov/2023 10:32:13] "POST /login HTTP/1.1" 200 -
2023-11-23 10:32:13,395 - INFO - 127.0.0.1 - - [23/Nov/2023 10:32:13] "OPTIONS /getUserTeams/24 HTTP/1.1" 200 -
2023-11-23 10:32:13,702 - INFO - 127.0.0.1 - - [23/Nov/2023 10:32:13] "OPTIONS /getUserTeams/24 HTTP/1.1" 200 -
2023-11-23 10:32:13,724 - INFO - 127.0.0.1 - - [23/Nov/2023 10:32:13] "GET /getUserTeams/24 HTTP/1.1" 200 -
2023-11-23 10:32:14,051 - INFO - 127.0.0.1 - - [23/Nov/2023 10:32:14] "GET /getUserTeams/24 HTTP/1.1" 200 -
2023-11-23 10:32:16,055 - INFO - 127.0.0.1 - - [23/Nov/2023 10:32:16] "GET /getTeamMembers/24 HTTP/1.1" 200 -
2023-11-23 10:32:16,304 - INFO - 127.0.0.1 - - [23/Nov/2023 10:32:16] "GET /getTeamMembers/24 HTTP/1.1" 200 -
2023-11-23 10:32:16,382 - INFO - 127.0.0.1 - - [23/Nov/2023 10:32:16] "GET /tasklists/24 HTTP/1.1" 200 -
2023-11-23 10:32:16,394 - INFO - 127.0.0.1 - - [23/Nov/2023 10:32:16] "GET /tasklists/24 HTTP/1.1" 200 -
2023-11-23 10:32:18,221 - INFO - 127.0.0.1 - - [23/Nov/2023 10:32:18] "GET /getTeamScript/24 HTTP/1.1" 200 -
2023-11-23 10:32:18,536 - INFO - 127.0.0.1 - - [23/Nov/2023 10:32:18] "GET /getTeamScript/24 HTTP/1.1" 200 -
2023-11-23 10:33:54,904 - INFO - 127.0.0.1 - - [23/Nov/2023 10:33:54] "OPTIONS /runTestEvents HTTP/1.1" 200 -
2023-11-23 10:33:55,245 - INFO - ====== WebDriver manager ======
2023-11-23 10:33:56,108 - INFO - Get LATEST chromedriver version for google-chrome
2023-11-23 10:33:56,114 - INFO - Get LATEST chromedriver version for google-chrome
2023-11-23 10:33:56,115 - INFO - There is no [win64] chromedriver "119.0.6045.160" for browser google-chrome "119.0.6045.160" in cache
2023-11-23 10:33:56,115 - INFO - Get LATEST chromedriver version for google-chrome
2023-11-23 10:34:12,707 - INFO - WebDriver version 119.0.6045.105 selected
2023-11-23 10:34:12,709 - INFO - Modern chrome version https://edgedl.me.gvt1.com/edgedl/chrome/chrome-for-testing/119.0.6045.105/win32/chromedriver-win32.zip
2023-11-23 10:34:12,709 - INFO - About to download new driver from https://edgedl.me.gvt1.com/edgedl/chrome/chrome-for-testing/119.0.6045.105/win32/chromedriver-win32.zip
2023-11-23 10:34:13,445 - INFO - Driver downloading response is 200
2023-11-23 10:34:31,184 - INFO - Get LATEST chromedriver version for google-chrome
2023-11-23 10:34:31,298 - INFO - Driver has been saved in cache [C:\Users\hongj\.wdm\drivers\chromedriver\win64\119.0.6045.160]
2023-11-23 10:34:40,639 - INFO - 127.0.0.1 - - [23/Nov/2023 10:34:40] "[35m[1mPOST /runTestEvents HTTP/1.1[0m" 201 -
2023-11-23 10:34:40,712 - INFO - 127.0.0.1 - - [23/Nov/2023 10:34:40] "GET /test-report/172 HTTP/1.1" 200 -
2023-11-23 10:34:41,022 - INFO - 127.0.0.1 - - [23/Nov/2023 10:34:41] "GET /test-report/172 HTTP/1.1" 200 -
2023-11-23 10:34:41,056 - INFO - 127.0.0.1 - - [23/Nov/2023 10:34:41] "GET /getTeamMembers/24 HTTP/1.1" 200 -
2023-11-23 10:34:41,377 - INFO - 127.0.0.1 - - [23/Nov/2023 10:34:41] "GET /getTeamMembers/24 HTTP/1.1" 200 -
2023-11-23 14:10:46,195 - INFO - [31m[1mWARNING: This is a development server. Do not use it in a production deployment. Use a production WSGI server instead.[0m
 * Running on all addresses (0.0.0.0)
 * Running on http://127.0.0.1:5000
 * Running on http://192.168.3.38:5000
2023-11-23 14:10:46,195 - INFO - [33mPress CTRL+C to quit[0m
2023-11-23 14:10:46,197 - INFO -  * Restarting with stat
2023-11-23 14:10:47,081 - WARNING -  * Debugger is active!
2023-11-23 14:10:47,085 - INFO -  * Debugger PIN: 325-182-260
2023-11-23 14:10:54,202 - INFO - 127.0.0.1 - - [23/Nov/2023 14:10:54] "OPTIONS /login HTTP/1.1" 200 -
2023-11-23 14:10:54,611 - INFO - 127.0.0.1 - - [23/Nov/2023 14:10:54] "POST /login HTTP/1.1" 200 -
2023-11-23 14:10:54,656 - INFO - 127.0.0.1 - - [23/Nov/2023 14:10:54] "OPTIONS /getUserTeams/24 HTTP/1.1" 200 -
2023-11-23 14:10:54,961 - INFO - 127.0.0.1 - - [23/Nov/2023 14:10:54] "OPTIONS /getUserTeams/24 HTTP/1.1" 200 -
2023-11-23 14:10:54,977 - INFO - 127.0.0.1 - - [23/Nov/2023 14:10:54] "GET /getUserTeams/24 HTTP/1.1" 200 -
2023-11-23 14:10:55,295 - INFO - 127.0.0.1 - - [23/Nov/2023 14:10:55] "GET /getUserTeams/24 HTTP/1.1" 200 -
2023-11-23 14:10:57,547 - INFO - 127.0.0.1 - - [23/Nov/2023 14:10:57] "GET /getTeamMembers/24 HTTP/1.1" 200 -
2023-11-23 14:10:57,791 - INFO - 127.0.0.1 - - [23/Nov/2023 14:10:57] "GET /getTeamMembers/24 HTTP/1.1" 200 -
2023-11-23 14:10:57,868 - INFO - 127.0.0.1 - - [23/Nov/2023 14:10:57] "GET /tasklists/24 HTTP/1.1" 200 -
2023-11-23 14:10:57,880 - INFO - 127.0.0.1 - - [23/Nov/2023 14:10:57] "GET /tasklists/24 HTTP/1.1" 200 -
2023-11-23 14:10:58,549 - INFO - 127.0.0.1 - - [23/Nov/2023 14:10:58] "GET /tasklists/24 HTTP/1.1" 200 -
2023-11-23 14:10:58,859 - INFO - 127.0.0.1 - - [23/Nov/2023 14:10:58] "GET /tasklists/24 HTTP/1.1" 200 -
2023-11-23 14:11:00,205 - INFO - 127.0.0.1 - - [23/Nov/2023 14:11:00] "GET /getTeamScript/24 HTTP/1.1" 200 -
2023-11-23 14:11:00,454 - INFO - 127.0.0.1 - - [23/Nov/2023 14:11:00] "GET /getTeamScript/24 HTTP/1.1" 200 -
2023-11-23 14:11:51,416 - INFO - 127.0.0.1 - - [23/Nov/2023 14:11:51] "OPTIONS /runTestEvents HTTP/1.1" 200 -
2023-11-23 14:11:51,447 - INFO - ====== WebDriver manager ======
2023-11-23 14:11:52,298 - INFO - Get LATEST chromedriver version for google-chrome
2023-11-23 14:11:52,306 - INFO - Get LATEST chromedriver version for google-chrome
2023-11-23 14:11:52,306 - INFO - There is no [win64] chromedriver "119.0.6045.160" for browser google-chrome "119.0.6045.160" in cache
2023-11-23 14:11:52,306 - INFO - Get LATEST chromedriver version for google-chrome
2023-11-23 14:11:54,500 - INFO - WebDriver version 119.0.6045.105 selected
2023-11-23 14:11:54,501 - INFO - Modern chrome version https://edgedl.me.gvt1.com/edgedl/chrome/chrome-for-testing/119.0.6045.105/win32/chromedriver-win32.zip
2023-11-23 14:11:54,502 - INFO - About to download new driver from https://edgedl.me.gvt1.com/edgedl/chrome/chrome-for-testing/119.0.6045.105/win32/chromedriver-win32.zip
2023-11-23 14:11:55,134 - INFO - Driver downloading response is 200
2023-11-23 14:11:58,170 - INFO - Get LATEST chromedriver version for google-chrome
2023-11-23 14:11:58,274 - INFO - Driver has been saved in cache [C:\Users\hongj\.wdm\drivers\chromedriver\win64\119.0.6045.160]
2023-11-23 14:12:07,235 - INFO - 127.0.0.1 - - [23/Nov/2023 14:12:07] "[35m[1mPOST /runTestEvents HTTP/1.1[0m" 201 -
2023-11-23 14:12:07,623 - INFO - 127.0.0.1 - - [23/Nov/2023 14:12:07] "GET /test-report/173 HTTP/1.1" 200 -
2023-11-23 14:12:07,873 - INFO - 127.0.0.1 - - [23/Nov/2023 14:12:07] "GET /test-report/173 HTTP/1.1" 200 -
2023-11-23 14:12:07,938 - INFO - 127.0.0.1 - - [23/Nov/2023 14:12:07] "GET /getTeamMembers/24 HTTP/1.1" 200 -
2023-11-23 14:12:07,967 - INFO - 127.0.0.1 - - [23/Nov/2023 14:12:07] "GET /getTeamMembers/24 HTTP/1.1" 200 -
2023-11-23 14:12:27,337 - INFO - 127.0.0.1 - - [23/Nov/2023 14:12:27] "GET /getTestCases?testeventID=260 HTTP/1.1" 200 -
2023-11-23 14:12:27,641 - INFO - 127.0.0.1 - - [23/Nov/2023 14:12:27] "GET /testEventName?testeventID=260 HTTP/1.1" 200 -
2023-11-23 14:12:27,647 - INFO - 127.0.0.1 - - [23/Nov/2023 14:12:27] "GET /getTestCases?testeventID=260 HTTP/1.1" 200 -
2023-11-23 14:12:27,949 - INFO - 127.0.0.1 - - [23/Nov/2023 14:12:27] "GET /testEventName?testeventID=260 HTTP/1.1" 200 -
2023-12-21 17:07:26,419 - INFO - [31m[1mWARNING: This is a development server. Do not use it in a production deployment. Use a production WSGI server instead.[0m
 * Running on all addresses (0.0.0.0)
 * Running on http://127.0.0.1:5000
 * Running on http://192.168.3.38:5000
2023-12-21 17:07:26,420 - INFO - [33mPress CTRL+C to quit[0m
2023-12-21 17:07:26,424 - INFO -  * Restarting with stat
2023-12-21 17:07:28,659 - WARNING -  * Debugger is active!
2023-12-21 17:07:28,668 - INFO -  * Debugger PIN: 872-415-160
2023-12-21 17:07:37,989 - INFO - 127.0.0.1 - - [21/Dec/2023 17:07:37] "OPTIONS /login HTTP/1.1" 200 -
2023-12-21 17:07:38,754 - INFO - 127.0.0.1 - - [21/Dec/2023 17:07:38] "POST /login HTTP/1.1" 200 -
2023-12-21 17:07:38,856 - INFO - 127.0.0.1 - - [21/Dec/2023 17:07:38] "OPTIONS /getUserTeams/24 HTTP/1.1" 200 -
2023-12-21 17:07:39,166 - INFO - 127.0.0.1 - - [21/Dec/2023 17:07:39] "OPTIONS /getUserTeams/24 HTTP/1.1" 200 -
2023-12-21 17:07:39,254 - INFO - 127.0.0.1 - - [21/Dec/2023 17:07:39] "GET /getUserTeams/24 HTTP/1.1" 200 -
2023-12-21 17:07:39,596 - INFO - 127.0.0.1 - - [21/Dec/2023 17:07:39] "GET /getUserTeams/24 HTTP/1.1" 200 -
2023-12-21 17:07:41,905 - INFO - 127.0.0.1 - - [21/Dec/2023 17:07:41] "GET /getTeamMembers/24 HTTP/1.1" 200 -
2023-12-21 17:07:42,119 - INFO - 127.0.0.1 - - [21/Dec/2023 17:07:42] "GET /getTeamMembers/24 HTTP/1.1" 200 -
2023-12-21 17:07:42,260 - INFO - 127.0.0.1 - - [21/Dec/2023 17:07:42] "GET /tasklists/24 HTTP/1.1" 200 -
2023-12-21 17:07:42,292 - INFO - 127.0.0.1 - - [21/Dec/2023 17:07:42] "GET /tasklists/24 HTTP/1.1" 200 -
2023-12-21 17:07:44,053 - INFO - 127.0.0.1 - - [21/Dec/2023 17:07:44] "GET /getTeamScript/24 HTTP/1.1" 200 -
2023-12-21 17:07:44,371 - INFO - 127.0.0.1 - - [21/Dec/2023 17:07:44] "GET /getTeamScript/24 HTTP/1.1" 200 -
2023-12-21 17:08:55,524 - INFO - 127.0.0.1 - - [21/Dec/2023 17:08:55] "OPTIONS /runTestEvents HTTP/1.1" 200 -
2023-12-21 17:08:55,970 - INFO - ====== WebDriver manager ======
2023-12-21 17:08:57,686 - INFO - Get LATEST chromedriver version for google-chrome
2023-12-21 17:08:57,728 - INFO - Get LATEST chromedriver version for google-chrome
2023-12-21 17:08:57,728 - INFO - There is no [win64] chromedriver "120.0.6099.110" for browser google-chrome "120.0.6099.110" in cache
2023-12-21 17:08:57,728 - INFO - Get LATEST chromedriver version for google-chrome
2023-12-21 17:08:58,427 - INFO - WebDriver version 120.0.6099.109 selected
2023-12-21 17:08:58,429 - INFO - Modern chrome version https://edgedl.me.gvt1.com/edgedl/chrome/chrome-for-testing/120.0.6099.109/win32/chromedriver-win32.zip
2023-12-21 17:08:58,429 - INFO - About to download new driver from https://edgedl.me.gvt1.com/edgedl/chrome/chrome-for-testing/120.0.6099.109/win32/chromedriver-win32.zip
2023-12-21 17:08:59,042 - INFO - Driver downloading response is 200
2023-12-21 17:09:01,927 - INFO - Get LATEST chromedriver version for google-chrome
2023-12-21 17:09:02,163 - INFO - Driver has been saved in cache [C:\Users\hongj\.wdm\drivers\chromedriver\win64\120.0.6099.110]
2023-12-21 17:09:12,994 - INFO - 127.0.0.1 - - [21/Dec/2023 17:09:12] "[35m[1mPOST /runTestEvents HTTP/1.1[0m" 201 -
2023-12-21 17:09:13,194 - INFO - 127.0.0.1 - - [21/Dec/2023 17:09:13] "GET /test-report/174 HTTP/1.1" 200 -
2023-12-21 17:09:13,512 - INFO - 127.0.0.1 - - [21/Dec/2023 17:09:13] "GET /test-report/174 HTTP/1.1" 200 -
2023-12-21 17:09:13,608 - INFO - 127.0.0.1 - - [21/Dec/2023 17:09:13] "GET /getTeamMembers/24 HTTP/1.1" 200 -
2023-12-21 17:09:13,936 - INFO - 127.0.0.1 - - [21/Dec/2023 17:09:13] "GET /getTeamMembers/24 HTTP/1.1" 200 -
2023-12-21 17:09:28,104 - INFO - 127.0.0.1 - - [21/Dec/2023 17:09:28] "OPTIONS /send-report HTTP/1.1" 200 -
2023-12-21 17:09:29,413 - INFO - 127.0.0.1 - - [21/Dec/2023 17:09:29] "POST /send-report HTTP/1.1" 200 -
2023-12-21 17:09:35,330 - INFO - 127.0.0.1 - - [21/Dec/2023 17:09:35] "GET /getTestCases?testeventID=261 HTTP/1.1" 200 -
2023-12-21 17:09:35,634 - INFO - 127.0.0.1 - - [21/Dec/2023 17:09:35] "GET /testEventName?testeventID=261 HTTP/1.1" 200 -
2023-12-21 17:09:35,647 - INFO - 127.0.0.1 - - [21/Dec/2023 17:09:35] "GET /getTestCases?testeventID=261 HTTP/1.1" 200 -
2023-12-21 17:09:35,944 - INFO - 127.0.0.1 - - [21/Dec/2023 17:09:35] "GET /testEventName?testeventID=261 HTTP/1.1" 200 -
2024-02-05 17:55:25,821 - INFO - [31m[1mWARNING: This is a development server. Do not use it in a production deployment. Use a production WSGI server instead.[0m
 * Running on all addresses (0.0.0.0)
 * Running on http://127.0.0.1:5000
 * Running on http://192.168.3.38:5000
2024-02-05 17:55:25,821 - INFO - [33mPress CTRL+C to quit[0m
2024-02-05 17:55:25,823 - INFO -  * Restarting with stat
2024-02-05 17:55:26,545 - WARNING -  * Debugger is active!
2024-02-05 17:55:26,545 - INFO -  * Debugger PIN: 759-881-320
2024-02-05 17:55:32,227 - INFO - 127.0.0.1 - - [05/Feb/2024 17:55:32] "OPTIONS /login HTTP/1.1" 200 -
2024-02-05 17:55:32,667 - INFO - 127.0.0.1 - - [05/Feb/2024 17:55:32] "POST /login HTTP/1.1" 200 -
2024-02-05 17:55:32,705 - INFO - 127.0.0.1 - - [05/Feb/2024 17:55:32] "OPTIONS /getUserTeams/24 HTTP/1.1" 200 -
2024-02-05 17:55:33,011 - INFO - 127.0.0.1 - - [05/Feb/2024 17:55:33] "OPTIONS /getUserTeams/24 HTTP/1.1" 200 -
2024-02-05 17:55:33,040 - INFO - 127.0.0.1 - - [05/Feb/2024 17:55:33] "GET /getUserTeams/24 HTTP/1.1" 200 -
2024-02-05 17:55:33,356 - INFO - 127.0.0.1 - - [05/Feb/2024 17:55:33] "GET /getUserTeams/24 HTTP/1.1" 200 -
2024-02-05 17:55:34,276 - INFO - 127.0.0.1 - - [05/Feb/2024 17:55:34] "GET /getTeamMembers/6 HTTP/1.1" 200 -
2024-02-05 17:55:34,526 - INFO - 127.0.0.1 - - [05/Feb/2024 17:55:34] "GET /getTeamMembers/6 HTTP/1.1" 200 -
2024-02-05 17:55:34,600 - INFO - 127.0.0.1 - - [05/Feb/2024 17:55:34] "GET /tasklists/6 HTTP/1.1" 200 -
2024-02-05 17:55:34,607 - INFO - 127.0.0.1 - - [05/Feb/2024 17:55:34] "GET /tasklists/6 HTTP/1.1" 200 -
2024-02-05 17:55:35,620 - INFO - 127.0.0.1 - - [05/Feb/2024 17:55:35] "GET /team/6 HTTP/1.1" 200 -
2024-02-05 17:55:35,875 - INFO - 127.0.0.1 - - [05/Feb/2024 17:55:35] "GET /team/6 HTTP/1.1" 200 -
2024-02-05 17:55:36,242 - INFO - 127.0.0.1 - - [05/Feb/2024 17:55:36] "GET /tasklists/6 HTTP/1.1" 200 -
2024-02-05 17:55:36,548 - INFO - 127.0.0.1 - - [05/Feb/2024 17:55:36] "GET /tasklists/6 HTTP/1.1" 200 -
2024-02-05 17:55:37,636 - INFO - 127.0.0.1 - - [05/Feb/2024 17:55:37] "GET /getTeamScript/6 HTTP/1.1" 200 -
2024-02-05 17:55:37,879 - INFO - 127.0.0.1 - - [05/Feb/2024 17:55:37] "GET /getTeamScript/6 HTTP/1.1" 200 -
2024-02-05 17:55:43,103 - INFO -  * Detected change in 'D:\\ÍùÆÚÑ§Ï°×ÊÁÏ+±Ê¼Ç\\final project\\final\\dissertation-UI-test-platform\\backend\\app\\routes.py', reloading
2024-02-05 17:55:43,195 - INFO -  * Restarting with stat
2024-02-05 17:55:43,955 - WARNING -  * Debugger is active!
2024-02-05 17:55:43,955 - INFO -  * Debugger PIN: 759-881-320
2024-02-28 00:58:04,567 - INFO - [31m[1mWARNING: This is a development server. Do not use it in a production deployment. Use a production WSGI server instead.[0m
 * Running on all addresses (0.0.0.0)
 * Running on http://127.0.0.1:5000
 * Running on http://192.168.10.5:5000
2024-02-28 00:58:04,567 - INFO - [33mPress CTRL+C to quit[0m
2024-02-28 00:58:04,570 - INFO -  * Restarting with stat
2024-02-28 00:58:05,291 - WARNING -  * Debugger is active!
2024-02-28 00:58:05,291 - INFO -  * Debugger PIN: 876-478-722
2024-02-28 01:11:45,001 - INFO -  * Detected change in 'D:\\ÍùÆÚÑ§Ï°×ÊÁÏ+±Ê¼Ç\\final project\\final\\dissertation-UI-test-platform\\backend\\app\\routes.py', reloading
2024-02-28 01:11:45,103 - INFO -  * Restarting with stat
2024-02-28 01:11:45,860 - WARNING -  * Debugger is active!
2024-02-28 01:11:45,861 - INFO -  * Debugger PIN: 876-478-722
2024-02-28 01:19:18,345 - INFO -  * Detected change in 'D:\\ÍùÆÚÑ§Ï°×ÊÁÏ+±Ê¼Ç\\final project\\final\\dissertation-UI-test-platform\\backend\\app\\routes.py', reloading
2024-02-28 01:19:18,426 - INFO -  * Restarting with stat
2024-02-28 01:19:19,146 - WARNING -  * Debugger is active!
2024-02-28 01:19:19,148 - INFO -  * Debugger PIN: 876-478-722
2024-02-28 01:19:23,908 - INFO -  * Detected change in 'D:\\ÍùÆÚÑ§Ï°×ÊÁÏ+±Ê¼Ç\\final project\\final\\dissertation-UI-test-platform\\backend\\app\\routes.py', reloading
2024-02-28 01:19:23,987 - INFO -  * Restarting with stat
2024-02-28 01:19:24,746 - WARNING -  * Debugger is active!
2024-02-28 01:19:24,748 - INFO -  * Debugger PIN: 876-478-722
2024-02-28 01:25:39,256 - INFO -  * Detected change in 'D:\\ÍùÆÚÑ§Ï°×ÊÁÏ+±Ê¼Ç\\final project\\final\\dissertation-UI-test-platform\\backend\\app\\routes.py', reloading
2024-02-28 01:25:39,351 - INFO -  * Restarting with stat
2024-02-28 01:25:40,120 - WARNING -  * Debugger is active!
2024-02-28 01:25:40,120 - INFO -  * Debugger PIN: 876-478-722
2024-02-28 01:30:17,921 - INFO - 127.0.0.1 - - [28/Feb/2024 01:30:17] "OPTIONS /check-email HTTP/1.1" 200 -
2024-02-28 01:30:19,804 - INFO - 127.0.0.1 - - [28/Feb/2024 01:30:19] "POST /check-email HTTP/1.1" 200 -
2024-02-28 01:30:37,812 - INFO - 127.0.0.1 - - [28/Feb/2024 01:30:37] "OPTIONS /verify-code HTTP/1.1" 200 -
2024-02-28 01:30:37,844 - INFO - 127.0.0.1 - - [28/Feb/2024 01:30:37] "[35m[1mPOST /verify-code HTTP/1.1[0m" 500 -
2024-02-28 01:30:46,558 - INFO - 127.0.0.1 - - [28/Feb/2024 01:30:46] "OPTIONS /verify-code HTTP/1.1" 200 -
2024-02-28 01:30:46,886 - INFO - 127.0.0.1 - - [28/Feb/2024 01:30:46] "[35m[1mPOST /verify-code HTTP/1.1[0m" 500 -
2024-02-28 01:39:28,178 - INFO -  * Detected change in 'D:\\ÍùÆÚÑ§Ï°×ÊÁÏ+±Ê¼Ç\\final project\\final\\dissertation-UI-test-platform\\backend\\app\\routes.py', reloading
2024-02-28 01:39:28,294 - INFO -  * Restarting with stat
2024-02-28 01:39:29,038 - WARNING -  * Debugger is active!
2024-02-28 01:39:29,038 - INFO -  * Debugger PIN: 876-478-722
2024-02-28 01:41:23,862 - INFO -  * Detected change in 'D:\\ÍùÆÚÑ§Ï°×ÊÁÏ+±Ê¼Ç\\final project\\final\\dissertation-UI-test-platform\\backend\\app\\routes.py', reloading
2024-02-28 01:41:23,959 - INFO -  * Restarting with stat
2024-02-28 01:41:24,689 - WARNING -  * Debugger is active!
2024-02-28 01:41:24,689 - INFO -  * Debugger PIN: 876-478-722
2024-02-28 01:45:41,159 - INFO -  * Detected change in 'D:\\ÍùÆÚÑ§Ï°×ÊÁÏ+±Ê¼Ç\\final project\\final\\dissertation-UI-test-platform\\backend\\app\\routes.py', reloading
2024-02-28 01:45:41,243 - INFO -  * Restarting with stat
2024-02-28 01:45:42,023 - WARNING -  * Debugger is active!
2024-02-28 01:45:42,025 - INFO -  * Debugger PIN: 876-478-722
2024-02-28 01:45:59,359 - INFO -  * Detected change in 'D:\\ÍùÆÚÑ§Ï°×ÊÁÏ+±Ê¼Ç\\final project\\final\\dissertation-UI-test-platform\\backend\\app\\routes.py', reloading
2024-02-28 01:45:59,459 - INFO -  * Restarting with stat
2024-02-28 01:46:00,217 - WARNING -  * Debugger is active!
2024-02-28 01:46:00,217 - INFO -  * Debugger PIN: 876-478-722
2024-02-28 01:46:08,870 - INFO - 127.0.0.1 - - [28/Feb/2024 01:46:08] "OPTIONS /check-email HTTP/1.1" 200 -
2024-02-28 01:46:13,234 - INFO - 127.0.0.1 - - [28/Feb/2024 01:46:13] "[35m[1mPOST /check-email HTTP/1.1[0m" 500 -
2024-02-28 01:46:16,328 - INFO - 127.0.0.1 - - [28/Feb/2024 01:46:16] "OPTIONS /check-email HTTP/1.1" 200 -
2024-02-28 01:46:20,378 - INFO - 127.0.0.1 - - [28/Feb/2024 01:46:20] "[35m[1mPOST /check-email HTTP/1.1[0m" 500 -
2024-02-28 01:46:58,481 - INFO -  * Detected change in 'D:\\ÍùÆÚÑ§Ï°×ÊÁÏ+±Ê¼Ç\\final project\\final\\dissertation-UI-test-platform\\backend\\app\\routes.py', reloading
2024-02-28 01:46:58,580 - INFO -  * Restarting with stat
2024-02-28 01:46:59,342 - WARNING -  * Debugger is active!
2024-02-28 01:46:59,344 - INFO -  * Debugger PIN: 876-478-722
2024-02-28 01:47:29,094 - INFO -  * Detected change in 'D:\\ÍùÆÚÑ§Ï°×ÊÁÏ+±Ê¼Ç\\final project\\final\\dissertation-UI-test-platform\\backend\\app\\routes.py', reloading
2024-02-28 01:47:29,187 - INFO -  * Restarting with stat
2024-02-28 01:47:30,011 - WARNING -  * Debugger is active!
2024-02-28 01:47:30,013 - INFO -  * Debugger PIN: 876-478-722
2024-02-28 01:47:43,114 - INFO - [31m[1mWARNING: This is a development server. Do not use it in a production deployment. Use a production WSGI server instead.[0m
 * Running on all addresses (0.0.0.0)
 * Running on http://127.0.0.1:5000
 * Running on http://192.168.10.5:5000
2024-02-28 01:47:43,114 - INFO - [33mPress CTRL+C to quit[0m
2024-02-28 01:47:43,115 - INFO -  * Restarting with stat
2024-02-28 01:47:43,874 - WARNING -  * Debugger is active!
2024-02-28 01:47:43,876 - INFO -  * Debugger PIN: 876-478-722
2024-02-28 01:47:50,800 - INFO - 127.0.0.1 - - [28/Feb/2024 01:47:50] "OPTIONS /check-email HTTP/1.1" 200 -
2024-02-28 01:47:55,157 - INFO - 127.0.0.1 - - [28/Feb/2024 01:47:55] "[35m[1mPOST /check-email HTTP/1.1[0m" 500 -
2024-02-28 01:49:04,490 - INFO - 127.0.0.1 - - [28/Feb/2024 01:49:04] "OPTIONS /check-email HTTP/1.1" 200 -
2024-02-28 01:49:08,840 - INFO - 127.0.0.1 - - [28/Feb/2024 01:49:08] "[35m[1mPOST /check-email HTTP/1.1[0m" 500 -
2024-02-28 01:49:51,513 - INFO - [31m[1mWARNING: This is a development server. Do not use it in a production deployment. Use a production WSGI server instead.[0m
 * Running on all addresses (0.0.0.0)
 * Running on http://127.0.0.1:5000
 * Running on http://192.168.10.5:5000
2024-02-28 01:49:51,513 - INFO - [33mPress CTRL+C to quit[0m
2024-02-28 01:49:51,515 - INFO -  * Restarting with stat
2024-02-28 01:49:52,298 - WARNING -  * Debugger is active!
2024-02-28 01:49:52,302 - INFO -  * Debugger PIN: 876-478-722
2024-02-28 01:49:53,844 - INFO - 127.0.0.1 - - [28/Feb/2024 01:49:53] "OPTIONS /check-email HTTP/1.1" 200 -
2024-02-28 01:49:58,226 - INFO - 127.0.0.1 - - [28/Feb/2024 01:49:58] "[35m[1mPOST /check-email HTTP/1.1[0m" 500 -
2024-02-28 01:50:01,888 - INFO - 127.0.0.1 - - [28/Feb/2024 01:50:01] "[35m[1mPOST /check-email HTTP/1.1[0m" 500 -
2024-02-28 16:59:42,318 - INFO - [31m[1mWARNING: This is a development server. Do not use it in a production deployment. Use a production WSGI server instead.[0m
 * Running on all addresses (0.0.0.0)
 * Running on http://127.0.0.1:5000
 * Running on http://192.168.10.5:5000
2024-02-28 16:59:42,318 - INFO - [33mPress CTRL+C to quit[0m
2024-02-28 16:59:42,321 - INFO -  * Restarting with stat
2024-02-28 16:59:43,347 - WARNING -  * Debugger is active!
2024-02-28 16:59:43,351 - INFO -  * Debugger PIN: 876-478-722
2024-02-28 17:01:22,691 - INFO - 127.0.0.1 - - [28/Feb/2024 17:01:22] "OPTIONS /login HTTP/1.1" 200 -
2024-02-28 17:01:23,131 - INFO - 127.0.0.1 - - [28/Feb/2024 17:01:23] "POST /login HTTP/1.1" 200 -
2024-02-28 17:01:23,179 - INFO - 127.0.0.1 - - [28/Feb/2024 17:01:23] "OPTIONS /getUserTeams/24 HTTP/1.1" 200 -
2024-02-28 17:01:23,484 - INFO - 127.0.0.1 - - [28/Feb/2024 17:01:23] "OPTIONS /getUserTeams/24 HTTP/1.1" 200 -
2024-02-28 17:01:23,528 - INFO - 127.0.0.1 - - [28/Feb/2024 17:01:23] "GET /getUserTeams/24 HTTP/1.1" 200 -
2024-02-28 17:01:23,854 - INFO - 127.0.0.1 - - [28/Feb/2024 17:01:23] "GET /getUserTeams/24 HTTP/1.1" 200 -
2024-02-28 17:01:35,222 - INFO - 127.0.0.1 - - [28/Feb/2024 17:01:35] "GET /getTeamMembers/24 HTTP/1.1" 200 -
2024-02-28 17:01:35,478 - INFO - 127.0.0.1 - - [28/Feb/2024 17:01:35] "GET /getTeamMembers/24 HTTP/1.1" 200 -
2024-02-28 17:01:35,557 - INFO - 127.0.0.1 - - [28/Feb/2024 17:01:35] "GET /tasklists/24 HTTP/1.1" 200 -
2024-02-28 17:01:35,560 - INFO - 127.0.0.1 - - [28/Feb/2024 17:01:35] "GET /tasklists/24 HTTP/1.1" 200 -
2024-02-28 17:01:36,776 - INFO - 127.0.0.1 - - [28/Feb/2024 17:01:36] "GET /getTeamScript/24 HTTP/1.1" 200 -
2024-02-28 17:01:37,016 - INFO - 127.0.0.1 - - [28/Feb/2024 17:01:37] "GET /getTeamScript/24 HTTP/1.1" 200 -
2024-02-28 17:01:37,248 - INFO - 127.0.0.1 - - [28/Feb/2024 17:01:37] "GET /getTeamMembers/24 HTTP/1.1" 200 -
2024-02-28 17:01:37,566 - INFO - 127.0.0.1 - - [28/Feb/2024 17:01:37] "GET /getTeamMembers/24 HTTP/1.1" 200 -
2024-02-28 17:01:37,572 - INFO - 127.0.0.1 - - [28/Feb/2024 17:01:37] "GET /tasklists/24 HTTP/1.1" 200 -
2024-02-28 17:01:37,890 - INFO - 127.0.0.1 - - [28/Feb/2024 17:01:37] "GET /tasklists/24 HTTP/1.1" 200 -
2024-02-28 17:01:38,263 - INFO - 127.0.0.1 - - [28/Feb/2024 17:01:38] "GET /getTeamScript/24 HTTP/1.1" 200 -
2024-02-28 17:01:38,529 - INFO - 127.0.0.1 - - [28/Feb/2024 17:01:38] "GET /getTeamScript/24 HTTP/1.1" 200 -
2024-03-10 21:56:29,091 - INFO - [31m[1mWARNING: This is a development server. Do not use it in a production deployment. Use a production WSGI server instead.[0m
 * Running on all addresses (0.0.0.0)
 * Running on http://127.0.0.1:5000
 * Running on http://192.168.10.3:5000
2024-03-10 21:56:29,091 - INFO - [33mPress CTRL+C to quit[0m
2024-03-10 21:56:29,094 - INFO -  * Restarting with stat
2024-03-10 21:56:30,114 - WARNING -  * Debugger is active!
2024-03-10 21:56:30,119 - INFO -  * Debugger PIN: 144-773-824
2024-03-10 21:56:37,521 - INFO - 127.0.0.1 - - [10/Mar/2024 21:56:37] "OPTIONS /login HTTP/1.1" 200 -
2024-03-10 21:56:37,992 - INFO - 127.0.0.1 - - [10/Mar/2024 21:56:37] "POST /login HTTP/1.1" 200 -
2024-03-10 21:56:38,037 - INFO - 127.0.0.1 - - [10/Mar/2024 21:56:38] "OPTIONS /getUserTeams/24 HTTP/1.1" 200 -
2024-03-10 21:56:38,342 - INFO - 127.0.0.1 - - [10/Mar/2024 21:56:38] "OPTIONS /getUserTeams/24 HTTP/1.1" 200 -
2024-03-10 21:56:38,375 - INFO - 127.0.0.1 - - [10/Mar/2024 21:56:38] "GET /getUserTeams/24 HTTP/1.1" 200 -
2024-03-10 21:56:38,692 - INFO - 127.0.0.1 - - [10/Mar/2024 21:56:38] "GET /getUserTeams/24 HTTP/1.1" 200 -
2024-03-10 21:56:40,028 - INFO - 127.0.0.1 - - [10/Mar/2024 21:56:40] "GET /getTeamMembers/6 HTTP/1.1" 200 -
2024-03-10 21:56:40,280 - INFO - 127.0.0.1 - - [10/Mar/2024 21:56:40] "GET /getTeamMembers/6 HTTP/1.1" 200 -
2024-03-10 21:56:40,353 - INFO - 127.0.0.1 - - [10/Mar/2024 21:56:40] "GET /tasklists/6 HTTP/1.1" 200 -
2024-03-10 21:56:40,379 - INFO - 127.0.0.1 - - [10/Mar/2024 21:56:40] "GET /tasklists/6 HTTP/1.1" 200 -
2024-03-10 21:56:41,158 - INFO - 127.0.0.1 - - [10/Mar/2024 21:56:41] "GET /tasklists/6 HTTP/1.1" 200 -
2024-03-10 21:56:41,466 - INFO - 127.0.0.1 - - [10/Mar/2024 21:56:41] "GET /tasklists/6 HTTP/1.1" 200 -
2024-03-10 21:56:43,593 - INFO - 127.0.0.1 - - [10/Mar/2024 21:56:43] "GET /getTeamScript/6 HTTP/1.1" 200 -
2024-03-10 21:56:43,841 - INFO - 127.0.0.1 - - [10/Mar/2024 21:56:43] "GET /getTeamScript/6 HTTP/1.1" 200 -
2024-03-10 21:59:34,741 - INFO - 127.0.0.1 - - [10/Mar/2024 21:59:34] "OPTIONS /runTestEvents HTTP/1.1" 200 -
2024-03-10 21:59:35,099 - INFO - ====== WebDriver manager ======
2024-03-10 21:59:35,839 - INFO - Get LATEST chromedriver version for google-chrome
2024-03-10 21:59:35,847 - INFO - Get LATEST chromedriver version for google-chrome
2024-03-10 21:59:35,847 - INFO - There is no [win64] chromedriver "122.0.6261.112" for browser google-chrome "122.0.6261.112" in cache
2024-03-10 21:59:35,847 - INFO - Get LATEST chromedriver version for google-chrome
2024-03-10 21:59:37,991 - INFO - WebDriver version 122.0.6261.111 selected
2024-03-10 21:59:37,993 - INFO - Modern chrome version https://storage.googleapis.com/chrome-for-testing-public/122.0.6261.111/win32/chromedriver-win32.zip
2024-03-10 21:59:37,993 - INFO - About to download new driver from https://storage.googleapis.com/chrome-for-testing-public/122.0.6261.111/win32/chromedriver-win32.zip
2024-03-10 21:59:41,807 - INFO - Driver downloading response is 200
2024-03-10 21:59:54,171 - INFO - Get LATEST chromedriver version for google-chrome
2024-03-10 21:59:54,261 - INFO - Driver has been saved in cache [C:\Users\hongj\.wdm\drivers\chromedriver\win64\122.0.6261.112]
2024-03-10 21:59:59,073 - INFO - 127.0.0.1 - - [10/Mar/2024 21:59:59] "[31m[1mPOST /runTestEvents HTTP/1.1[0m" 400 -
2024-03-10 22:00:25,830 - INFO - 127.0.0.1 - - [10/Mar/2024 22:00:25] "OPTIONS /runTestEvents HTTP/1.1" 200 -
2024-03-10 22:00:25,852 - INFO - ====== WebDriver manager ======
2024-03-10 22:00:26,519 - INFO - Get LATEST chromedriver version for google-chrome
2024-03-10 22:00:26,528 - INFO - Get LATEST chromedriver version for google-chrome
2024-03-10 22:00:26,528 - INFO - There is no [win64] chromedriver "122.0.6261.112" for browser google-chrome "122.0.6261.112" in cache
2024-03-10 22:00:26,528 - INFO - Get LATEST chromedriver version for google-chrome
2024-03-10 22:00:29,874 - INFO - WebDriver version 122.0.6261.111 selected
2024-03-10 22:00:29,874 - INFO - Modern chrome version https://storage.googleapis.com/chrome-for-testing-public/122.0.6261.111/win32/chromedriver-win32.zip
2024-03-10 22:00:29,874 - INFO - About to download new driver from https://storage.googleapis.com/chrome-for-testing-public/122.0.6261.111/win32/chromedriver-win32.zip
2024-03-10 22:00:32,605 - INFO - Driver downloading response is 200
2024-03-10 22:00:45,479 - INFO - Get LATEST chromedriver version for google-chrome
2024-03-10 22:00:45,574 - INFO - Driver has been saved in cache [C:\Users\hongj\.wdm\drivers\chromedriver\win64\122.0.6261.112]
2024-03-10 22:00:48,568 - INFO - 127.0.0.1 - - [10/Mar/2024 22:00:48] "[31m[1mPOST /runTestEvents HTTP/1.1[0m" 400 -
2024-03-10 22:03:00,071 - INFO - 127.0.0.1 - - [10/Mar/2024 22:03:00] "OPTIONS /saveTestEvents HTTP/1.1" 200 -
2024-03-10 22:03:00,390 - INFO - 127.0.0.1 - - [10/Mar/2024 22:03:00] "[35m[1mPOST /saveTestEvents HTTP/1.1[0m" 201 -
2024-03-10 22:03:03,992 - INFO - 127.0.0.1 - - [10/Mar/2024 22:03:03] "GET /getTeamScript/6 HTTP/1.1" 200 -
2024-03-10 22:03:04,313 - INFO - 127.0.0.1 - - [10/Mar/2024 22:03:04] "GET /getTeamScript/6 HTTP/1.1" 200 -
2024-03-10 22:03:07,200 - INFO - 127.0.0.1 - - [10/Mar/2024 22:03:07] "OPTIONS /searchTestReport HTTP/1.1" 200 -
2024-03-10 22:03:07,202 - INFO - 127.0.0.1 - - [10/Mar/2024 22:03:07] "OPTIONS /searchTestReport HTTP/1.1" 200 -
2024-03-10 22:03:07,217 - INFO - 127.0.0.1 - - [10/Mar/2024 22:03:07] "POST /searchTestReport HTTP/1.1" 200 -
2024-03-10 22:03:07,509 - INFO - 127.0.0.1 - - [10/Mar/2024 22:03:07] "POST /searchTestReport HTTP/1.1" 200 -
2024-03-10 22:03:08,092 - INFO - 127.0.0.1 - - [10/Mar/2024 22:03:08] "[35m[1mGET /test-report/143 HTTP/1.1[0m" 500 -
2024-03-10 22:03:08,408 - INFO - 127.0.0.1 - - [10/Mar/2024 22:03:08] "[35m[1mGET /test-report/143 HTTP/1.1[0m" 500 -
2024-03-10 22:03:08,726 - INFO - 127.0.0.1 - - [10/Mar/2024 22:03:08] "[35m[1mGET /test-report/143 HTTP/1.1[0m" 500 -
2024-03-10 22:03:11,091 - INFO - 127.0.0.1 - - [10/Mar/2024 22:03:11] "POST /searchTestReport HTTP/1.1" 200 -
2024-03-10 22:03:11,097 - INFO - 127.0.0.1 - - [10/Mar/2024 22:03:11] "POST /searchTestReport HTTP/1.1" 200 -
2024-03-10 22:03:11,915 - INFO - 127.0.0.1 - - [10/Mar/2024 22:03:11] "GET /getTeamScript/6 HTTP/1.1" 200 -
2024-03-10 22:03:12,222 - INFO - 127.0.0.1 - - [10/Mar/2024 22:03:12] "GET /getTeamScript/6 HTTP/1.1" 200 -
2024-03-10 22:03:14,220 - INFO - 127.0.0.1 - - [10/Mar/2024 22:03:14] "GET /testEventName?testeventID=221 HTTP/1.1" 200 -
2024-03-10 22:03:14,220 - INFO - 127.0.0.1 - - [10/Mar/2024 22:03:14] "GET /getTestCases?testeventID=221 HTTP/1.1" 200 -
2024-03-10 22:03:14,479 - INFO - 127.0.0.1 - - [10/Mar/2024 22:03:14] "GET /testEventName?testeventID=221 HTTP/1.1" 200 -
2024-03-10 22:03:14,541 - INFO - 127.0.0.1 - - [10/Mar/2024 22:03:14] "GET /getTestCases?testeventID=221 HTTP/1.1" 200 -
2024-03-10 22:03:20,686 - INFO - 127.0.0.1 - - [10/Mar/2024 22:03:20] "GET /getTeamScript/6 HTTP/1.1" 200 -
2024-03-10 22:03:21,000 - INFO - 127.0.0.1 - - [10/Mar/2024 22:03:21] "GET /getTeamScript/6 HTTP/1.1" 200 -
2024-03-10 22:03:25,030 - INFO - 127.0.0.1 - - [10/Mar/2024 22:03:25] "OPTIONS /searchTestReport HTTP/1.1" 200 -
2024-03-10 22:03:25,031 - INFO - 127.0.0.1 - - [10/Mar/2024 22:03:25] "OPTIONS /searchTestReport HTTP/1.1" 200 -
2024-03-10 22:03:25,039 - INFO - 127.0.0.1 - - [10/Mar/2024 22:03:25] "POST /searchTestReport HTTP/1.1" 200 -
2024-03-10 22:03:25,352 - INFO - 127.0.0.1 - - [10/Mar/2024 22:03:25] "POST /searchTestReport HTTP/1.1" 200 -
2024-03-10 22:03:25,567 - INFO - 127.0.0.1 - - [10/Mar/2024 22:03:25] "[35m[1mGET /test-report/146 HTTP/1.1[0m" 500 -
2024-03-10 22:03:25,881 - INFO - 127.0.0.1 - - [10/Mar/2024 22:03:25] "[35m[1mGET /test-report/146 HTTP/1.1[0m" 500 -
2024-03-10 22:03:26,191 - INFO - 127.0.0.1 - - [10/Mar/2024 22:03:26] "[35m[1mGET /test-report/146 HTTP/1.1[0m" 500 -
2024-03-10 22:03:27,306 - INFO - 127.0.0.1 - - [10/Mar/2024 22:03:27] "POST /searchTestReport HTTP/1.1" 200 -
2024-03-10 22:03:27,312 - INFO - 127.0.0.1 - - [10/Mar/2024 22:03:27] "POST /searchTestReport HTTP/1.1" 200 -
2024-03-10 22:03:29,038 - INFO - 127.0.0.1 - - [10/Mar/2024 22:03:29] "GET /getTeamScript/6 HTTP/1.1" 200 -
2024-03-10 22:03:29,354 - INFO - 127.0.0.1 - - [10/Mar/2024 22:03:29] "GET /getTeamScript/6 HTTP/1.1" 200 -
2024-03-10 22:03:40,079 - INFO - 127.0.0.1 - - [10/Mar/2024 22:03:40] "OPTIONS /searchTestReport HTTP/1.1" 200 -
2024-03-10 22:03:40,080 - INFO - 127.0.0.1 - - [10/Mar/2024 22:03:40] "OPTIONS /searchTestReport HTTP/1.1" 200 -
2024-03-10 22:03:40,086 - INFO - 127.0.0.1 - - [10/Mar/2024 22:03:40] "POST /searchTestReport HTTP/1.1" 200 -
2024-03-10 22:03:40,397 - INFO - 127.0.0.1 - - [10/Mar/2024 22:03:40] "POST /searchTestReport HTTP/1.1" 200 -
2024-03-10 22:03:40,878 - INFO - 127.0.0.1 - - [10/Mar/2024 22:03:40] "[35m[1mGET /test-report/163 HTTP/1.1[0m" 500 -
2024-03-10 22:03:41,193 - INFO - 127.0.0.1 - - [10/Mar/2024 22:03:41] "[35m[1mGET /test-report/163 HTTP/1.1[0m" 500 -
2024-03-10 22:03:41,500 - INFO - 127.0.0.1 - - [10/Mar/2024 22:03:41] "[35m[1mGET /test-report/163 HTTP/1.1[0m" 500 -
2024-03-10 22:03:42,489 - INFO - 127.0.0.1 - - [10/Mar/2024 22:03:42] "POST /searchTestReport HTTP/1.1" 200 -
2024-03-10 22:03:42,489 - INFO - 127.0.0.1 - - [10/Mar/2024 22:03:42] "POST /searchTestReport HTTP/1.1" 200 -
2024-03-10 22:03:43,058 - INFO - 127.0.0.1 - - [10/Mar/2024 22:03:43] "GET /getTeamScript/6 HTTP/1.1" 200 -
2024-03-10 22:03:43,400 - INFO - 127.0.0.1 - - [10/Mar/2024 22:03:43] "GET /getTeamScript/6 HTTP/1.1" 200 -
2024-03-10 22:03:53,745 - INFO - 127.0.0.1 - - [10/Mar/2024 22:03:53] "OPTIONS /searchTestReport HTTP/1.1" 200 -
2024-03-10 22:03:53,748 - INFO - 127.0.0.1 - - [10/Mar/2024 22:03:53] "OPTIONS /searchTestReport HTTP/1.1" 200 -
2024-03-10 22:03:53,753 - INFO - 127.0.0.1 - - [10/Mar/2024 22:03:53] "POST /searchTestReport HTTP/1.1" 200 -
2024-03-10 22:03:54,066 - INFO - 127.0.0.1 - - [10/Mar/2024 22:03:54] "POST /searchTestReport HTTP/1.1" 200 -
2024-03-10 22:03:56,189 - INFO - 127.0.0.1 - - [10/Mar/2024 22:03:56] "GET /getTeamScript/6 HTTP/1.1" 200 -
2024-03-10 22:03:56,497 - INFO - 127.0.0.1 - - [10/Mar/2024 22:03:56] "GET /getTeamScript/6 HTTP/1.1" 200 -
2024-03-10 22:03:58,429 - INFO - 127.0.0.1 - - [10/Mar/2024 22:03:58] "POST /searchTestReport HTTP/1.1" 200 -
2024-03-10 22:03:58,430 - INFO - 127.0.0.1 - - [10/Mar/2024 22:03:58] "POST /searchTestReport HTTP/1.1" 200 -
2024-03-10 22:03:59,599 - INFO - 127.0.0.1 - - [10/Mar/2024 22:03:59] "[35m[1mGET /test-report/146 HTTP/1.1[0m" 500 -
2024-03-10 22:03:59,866 - INFO - 127.0.0.1 - - [10/Mar/2024 22:03:59] "[35m[1mGET /test-report/146 HTTP/1.1[0m" 500 -
2024-03-10 22:03:59,909 - INFO - 127.0.0.1 - - [10/Mar/2024 22:03:59] "[35m[1mGET /test-report/146 HTTP/1.1[0m" 500 -
2024-03-10 22:04:06,287 - INFO - 127.0.0.1 - - [10/Mar/2024 22:04:06] "OPTIONS /searchTestReport HTTP/1.1" 200 -
2024-03-10 22:04:06,292 - INFO - 127.0.0.1 - - [10/Mar/2024 22:04:06] "POST /searchTestReport HTTP/1.1" 200 -
2024-03-10 22:04:06,595 - INFO - 127.0.0.1 - - [10/Mar/2024 22:04:06] "OPTIONS /searchTestReport HTTP/1.1" 200 -
2024-03-10 22:04:06,913 - INFO - 127.0.0.1 - - [10/Mar/2024 22:04:06] "POST /searchTestReport HTTP/1.1" 200 -
2024-03-10 22:04:07,542 - INFO - 127.0.0.1 - - [10/Mar/2024 22:04:07] "GET /getTeamScript/6 HTTP/1.1" 200 -
2024-03-10 22:04:07,810 - INFO - 127.0.0.1 - - [10/Mar/2024 22:04:07] "GET /getTeamScript/6 HTTP/1.1" 200 -
2024-03-10 22:04:09,632 - INFO - 127.0.0.1 - - [10/Mar/2024 22:04:09] "GET /getTestCases?testeventID=212 HTTP/1.1" 200 -
2024-03-10 22:04:09,933 - INFO - 127.0.0.1 - - [10/Mar/2024 22:04:09] "GET /testEventName?testeventID=212 HTTP/1.1" 200 -
2024-03-10 22:04:09,939 - INFO - 127.0.0.1 - - [10/Mar/2024 22:04:09] "GET /getTestCases?testeventID=212 HTTP/1.1" 200 -
2024-03-10 22:04:10,245 - INFO - 127.0.0.1 - - [10/Mar/2024 22:04:10] "GET /testEventName?testeventID=212 HTTP/1.1" 200 -
2024-03-10 22:04:39,021 - INFO - 127.0.0.1 - - [10/Mar/2024 22:04:39] "OPTIONS /runTestEvents HTTP/1.1" 200 -
2024-03-10 22:04:39,032 - INFO - 127.0.0.1 - - [10/Mar/2024 22:04:39] "[31m[1mPOST /runTestEvents HTTP/1.1[0m" 400 -
2024-03-10 22:04:56,110 - INFO - [31m[1mWARNING: This is a development server. Do not use it in a production deployment. Use a production WSGI server instead.[0m
 * Running on all addresses (0.0.0.0)
 * Running on http://127.0.0.1:5000
 * Running on http://192.168.10.3:5000
2024-03-10 22:04:56,110 - INFO - [33mPress CTRL+C to quit[0m
2024-03-10 22:04:56,111 - INFO -  * Restarting with stat
2024-03-10 22:04:56,860 - WARNING -  * Debugger is active!
2024-03-10 22:04:56,861 - INFO -  * Debugger PIN: 144-773-824
2024-03-10 22:05:00,366 - INFO - 127.0.0.1 - - [10/Mar/2024 22:05:00] "OPTIONS /runTestEvents HTTP/1.1" 200 -
2024-03-10 22:05:00,716 - INFO - 127.0.0.1 - - [10/Mar/2024 22:05:00] "[31m[1mPOST /runTestEvents HTTP/1.1[0m" 400 -
2024-03-10 22:05:22,397 - INFO - 127.0.0.1 - - [10/Mar/2024 22:05:22] "OPTIONS /runTestEvents HTTP/1.1" 200 -
2024-03-10 22:05:22,405 - INFO - 127.0.0.1 - - [10/Mar/2024 22:05:22] "[31m[1mPOST /runTestEvents HTTP/1.1[0m" 400 -
2024-03-10 22:05:31,465 - INFO - 127.0.0.1 - - [10/Mar/2024 22:05:31] "OPTIONS /runTestEvents HTTP/1.1" 200 -
2024-03-10 22:05:31,778 - INFO - 127.0.0.1 - - [10/Mar/2024 22:05:31] "[31m[1mPOST /runTestEvents HTTP/1.1[0m" 400 -
2024-03-10 22:06:21,622 - INFO -  * Detected change in 'D:\\ÍùÆÚÑ§Ï°×ÊÁÏ+±Ê¼Ç\\final project\\final\\dissertation-UI-test-platform\\backend\\app\\routes.py', reloading
2024-03-10 22:06:21,740 - INFO -  * Restarting with stat
2024-03-10 22:06:22,524 - WARNING -  * Debugger is active!
2024-03-10 22:06:22,526 - INFO -  * Debugger PIN: 144-773-824
2024-03-10 22:06:36,526 - INFO - 127.0.0.1 - - [10/Mar/2024 22:06:36] "OPTIONS /runTestEvents HTTP/1.1" 200 -
2024-03-10 22:06:36,866 - INFO - 127.0.0.1 - - [10/Mar/2024 22:06:36] "[31m[1mPOST /runTestEvents HTTP/1.1[0m" 400 -
2024-03-10 22:09:50,046 - INFO - 127.0.0.1 - - [10/Mar/2024 22:09:50] "OPTIONS /getUserTeams/24 HTTP/1.1" 200 -
2024-03-10 22:09:50,046 - INFO - 127.0.0.1 - - [10/Mar/2024 22:09:50] "OPTIONS /getUserTeams/24 HTTP/1.1" 200 -
2024-03-10 22:09:50,315 - INFO - 127.0.0.1 - - [10/Mar/2024 22:09:50] "GET /getUserTeams/24 HTTP/1.1" 200 -
2024-03-10 22:09:50,362 - INFO - 127.0.0.1 - - [10/Mar/2024 22:09:50] "GET /getUserTeams/24 HTTP/1.1" 200 -
2024-03-10 22:09:53,193 - INFO - 127.0.0.1 - - [10/Mar/2024 22:09:53] "GET /getTeamMembers/6 HTTP/1.1" 200 -
2024-03-10 22:09:53,503 - INFO - 127.0.0.1 - - [10/Mar/2024 22:09:53] "GET /getTeamMembers/6 HTTP/1.1" 200 -
2024-03-10 22:09:53,524 - INFO - 127.0.0.1 - - [10/Mar/2024 22:09:53] "GET /tasklists/6 HTTP/1.1" 200 -
2024-03-10 22:09:53,834 - INFO - 127.0.0.1 - - [10/Mar/2024 22:09:53] "GET /tasklists/6 HTTP/1.1" 200 -
2024-03-10 22:09:55,610 - INFO - 127.0.0.1 - - [10/Mar/2024 22:09:55] "GET /getTeamScript/6 HTTP/1.1" 200 -
2024-03-10 22:09:55,854 - INFO - 127.0.0.1 - - [10/Mar/2024 22:09:55] "GET /getTeamScript/6 HTTP/1.1" 200 -
2024-03-10 22:09:56,838 - INFO - 127.0.0.1 - - [10/Mar/2024 22:09:56] "GET /tasklists/6 HTTP/1.1" 200 -
2024-03-10 22:09:57,141 - INFO - 127.0.0.1 - - [10/Mar/2024 22:09:57] "GET /tasklists/6 HTTP/1.1" 200 -
2024-03-10 22:09:57,798 - INFO - 127.0.0.1 - - [10/Mar/2024 22:09:57] "GET /getTeamScript/6 HTTP/1.1" 200 -
2024-03-10 22:09:58,051 - INFO - 127.0.0.1 - - [10/Mar/2024 22:09:58] "GET /getTeamScript/6 HTTP/1.1" 200 -
2024-03-10 22:10:00,030 - INFO - 127.0.0.1 - - [10/Mar/2024 22:10:00] "OPTIONS /searchTestReport HTTP/1.1" 200 -
2024-03-10 22:10:00,331 - INFO - 127.0.0.1 - - [10/Mar/2024 22:10:00] "OPTIONS /searchTestReport HTTP/1.1" 200 -
2024-03-10 22:10:00,338 - INFO - 127.0.0.1 - - [10/Mar/2024 22:10:00] "POST /searchTestReport HTTP/1.1" 200 -
2024-03-10 22:10:00,616 - INFO - 127.0.0.1 - - [10/Mar/2024 22:10:00] "POST /searchTestReport HTTP/1.1" 200 -
2024-03-10 22:10:01,540 - INFO - 127.0.0.1 - - [10/Mar/2024 22:10:01] "[35m[1mGET /test-report/143 HTTP/1.1[0m" 500 -
2024-03-10 22:10:01,800 - INFO - 127.0.0.1 - - [10/Mar/2024 22:10:01] "[35m[1mGET /test-report/143 HTTP/1.1[0m" 500 -
2024-03-10 22:10:01,861 - INFO - 127.0.0.1 - - [10/Mar/2024 22:10:01] "[35m[1mGET /test-report/143 HTTP/1.1[0m" 500 -
2024-03-10 22:10:07,029 - INFO - 127.0.0.1 - - [10/Mar/2024 22:10:07] "OPTIONS /searchTestReport HTTP/1.1" 200 -
2024-03-10 22:10:07,035 - INFO - 127.0.0.1 - - [10/Mar/2024 22:10:07] "POST /searchTestReport HTTP/1.1" 200 -
2024-03-10 22:10:07,334 - INFO - 127.0.0.1 - - [10/Mar/2024 22:10:07] "OPTIONS /searchTestReport HTTP/1.1" 200 -
2024-03-10 22:10:07,645 - INFO - 127.0.0.1 - - [10/Mar/2024 22:10:07] "POST /searchTestReport HTTP/1.1" 200 -
2024-03-10 22:10:08,732 - INFO - 127.0.0.1 - - [10/Mar/2024 22:10:08] "[35m[1mGET /test-report/143 HTTP/1.1[0m" 500 -
2024-03-10 22:10:08,990 - INFO - 127.0.0.1 - - [10/Mar/2024 22:10:08] "[35m[1mGET /test-report/143 HTTP/1.1[0m" 500 -
2024-03-10 22:10:09,035 - INFO - 127.0.0.1 - - [10/Mar/2024 22:10:09] "[35m[1mGET /test-report/143 HTTP/1.1[0m" 500 -
2024-03-10 22:10:09,559 - INFO - 127.0.0.1 - - [10/Mar/2024 22:10:09] "POST /searchTestReport HTTP/1.1" 200 -
2024-03-10 22:10:09,872 - INFO - 127.0.0.1 - - [10/Mar/2024 22:10:09] "POST /searchTestReport HTTP/1.1" 200 -
2024-03-10 22:10:20,529 - INFO - 127.0.0.1 - - [10/Mar/2024 22:10:20] "GET /getTeamScript/6 HTTP/1.1" 200 -
2024-03-10 22:10:20,838 - INFO - 127.0.0.1 - - [10/Mar/2024 22:10:20] "GET /getTeamScript/6 HTTP/1.1" 200 -
2024-03-10 22:10:28,233 - INFO - 127.0.0.1 - - [10/Mar/2024 22:10:28] "OPTIONS /searchTestReport HTTP/1.1" 200 -
2024-03-10 22:10:28,234 - INFO - 127.0.0.1 - - [10/Mar/2024 22:10:28] "OPTIONS /searchTestReport HTTP/1.1" 200 -
2024-03-10 22:10:28,543 - INFO - 127.0.0.1 - - [10/Mar/2024 22:10:28] "POST /searchTestReport HTTP/1.1" 200 -
2024-03-10 22:10:28,548 - INFO - 127.0.0.1 - - [10/Mar/2024 22:10:28] "POST /searchTestReport HTTP/1.1" 200 -
2024-03-10 22:10:29,077 - INFO - 127.0.0.1 - - [10/Mar/2024 22:10:29] "[35m[1mGET /test-report/168 HTTP/1.1[0m" 500 -
2024-03-10 22:10:29,388 - INFO - 127.0.0.1 - - [10/Mar/2024 22:10:29] "[35m[1mGET /test-report/168 HTTP/1.1[0m" 500 -
2024-03-10 22:10:29,706 - INFO - 127.0.0.1 - - [10/Mar/2024 22:10:29] "[35m[1mGET /test-report/168 HTTP/1.1[0m" 500 -
2024-03-10 22:11:33,164 - INFO - 127.0.0.1 - - [10/Mar/2024 22:11:33] "OPTIONS /searchTestReport HTTP/1.1" 200 -
2024-03-10 22:11:33,164 - INFO - 127.0.0.1 - - [10/Mar/2024 22:11:33] "OPTIONS /searchTestReport HTTP/1.1" 200 -
2024-03-10 22:11:33,486 - INFO - 127.0.0.1 - - [10/Mar/2024 22:11:33] "POST /searchTestReport HTTP/1.1" 200 -
2024-03-10 22:11:33,486 - INFO - 127.0.0.1 - - [10/Mar/2024 22:11:33] "POST /searchTestReport HTTP/1.1" 200 -
2024-03-10 22:11:35,759 - INFO - 127.0.0.1 - - [10/Mar/2024 22:11:35] "GET /getTeamScript/6 HTTP/1.1" 200 -
2024-03-10 22:11:36,065 - INFO - 127.0.0.1 - - [10/Mar/2024 22:11:36] "GET /getTeamScript/6 HTTP/1.1" 200 -
2024-03-10 22:11:46,191 - INFO - 127.0.0.1 - - [10/Mar/2024 22:11:46] "OPTIONS /searchTestReport HTTP/1.1" 200 -
2024-03-10 22:11:46,192 - INFO - 127.0.0.1 - - [10/Mar/2024 22:11:46] "OPTIONS /searchTestReport HTTP/1.1" 200 -
2024-03-10 22:11:46,198 - INFO - 127.0.0.1 - - [10/Mar/2024 22:11:46] "POST /searchTestReport HTTP/1.1" 200 -
2024-03-10 22:11:46,500 - INFO - 127.0.0.1 - - [10/Mar/2024 22:11:46] "POST /searchTestReport HTTP/1.1" 200 -
2024-03-10 22:11:46,720 - INFO - 127.0.0.1 - - [10/Mar/2024 22:11:46] "[35m[1mGET /test-report/166 HTTP/1.1[0m" 500 -
2024-03-10 22:11:47,038 - INFO - 127.0.0.1 - - [10/Mar/2024 22:11:47] "[35m[1mGET /test-report/166 HTTP/1.1[0m" 500 -
2024-03-10 22:11:47,356 - INFO - 127.0.0.1 - - [10/Mar/2024 22:11:47] "[35m[1mGET /test-report/166 HTTP/1.1[0m" 500 -
2024-03-10 22:11:48,351 - INFO - 127.0.0.1 - - [10/Mar/2024 22:11:48] "POST /searchTestReport HTTP/1.1" 200 -
2024-03-10 22:11:48,352 - INFO - 127.0.0.1 - - [10/Mar/2024 22:11:48] "POST /searchTestReport HTTP/1.1" 200 -
2024-03-10 22:11:49,375 - INFO - 127.0.0.1 - - [10/Mar/2024 22:11:49] "GET /getTeamScript/6 HTTP/1.1" 200 -
2024-03-10 22:11:49,684 - INFO - 127.0.0.1 - - [10/Mar/2024 22:11:49] "GET /getTeamScript/6 HTTP/1.1" 200 -
2024-03-10 22:11:50,307 - INFO - 127.0.0.1 - - [10/Mar/2024 22:11:50] "POST /searchTestReport HTTP/1.1" 200 -
2024-03-10 22:11:50,606 - INFO - 127.0.0.1 - - [10/Mar/2024 22:11:50] "POST /searchTestReport HTTP/1.1" 200 -
2024-03-10 22:11:51,227 - INFO - 127.0.0.1 - - [10/Mar/2024 22:11:51] "[35m[1mGET /test-report/143 HTTP/1.1[0m" 500 -
2024-03-10 22:11:51,485 - INFO - 127.0.0.1 - - [10/Mar/2024 22:11:51] "[35m[1mGET /test-report/143 HTTP/1.1[0m" 500 -
2024-03-10 22:11:51,530 - INFO - 127.0.0.1 - - [10/Mar/2024 22:11:51] "[35m[1mGET /test-report/143 HTTP/1.1[0m" 500 -
2024-03-10 22:11:52,108 - INFO - 127.0.0.1 - - [10/Mar/2024 22:11:52] "OPTIONS /searchTestReport HTTP/1.1" 200 -
2024-03-10 22:11:52,420 - INFO - 127.0.0.1 - - [10/Mar/2024 22:11:52] "OPTIONS /searchTestReport HTTP/1.1" 200 -
2024-03-10 22:11:52,424 - INFO - 127.0.0.1 - - [10/Mar/2024 22:11:52] "POST /searchTestReport HTTP/1.1" 200 -
2024-03-10 22:11:52,672 - INFO - 127.0.0.1 - - [10/Mar/2024 22:11:52] "POST /searchTestReport HTTP/1.1" 200 -
2024-03-10 22:11:53,385 - INFO - 127.0.0.1 - - [10/Mar/2024 22:11:53] "GET /getTeamScript/6 HTTP/1.1" 200 -
2024-03-10 22:11:53,647 - INFO - 127.0.0.1 - - [10/Mar/2024 22:11:53] "GET /getTeamScript/6 HTTP/1.1" 200 -
2024-03-10 22:11:55,822 - INFO - 127.0.0.1 - - [10/Mar/2024 22:11:55] "POST /searchTestReport HTTP/1.1" 200 -
2024-03-10 22:11:56,121 - INFO - 127.0.0.1 - - [10/Mar/2024 22:11:56] "POST /searchTestReport HTTP/1.1" 200 -
2024-03-10 22:11:57,001 - INFO - 127.0.0.1 - - [10/Mar/2024 22:11:57] "[35m[1mGET /test-report/147 HTTP/1.1[0m" 500 -
2024-03-10 22:11:57,318 - INFO - 127.0.0.1 - - [10/Mar/2024 22:11:57] "[35m[1mGET /test-report/147 HTTP/1.1[0m" 500 -
2024-03-10 22:11:57,633 - INFO - 127.0.0.1 - - [10/Mar/2024 22:11:57] "[35m[1mGET /test-report/147 HTTP/1.1[0m" 500 -
2024-03-10 22:11:58,030 - INFO - 127.0.0.1 - - [10/Mar/2024 22:11:58] "OPTIONS /searchTestReport HTTP/1.1" 200 -
2024-03-10 22:11:58,332 - INFO - 127.0.0.1 - - [10/Mar/2024 22:11:58] "OPTIONS /searchTestReport HTTP/1.1" 200 -
2024-03-10 22:11:58,332 - INFO - 127.0.0.1 - - [10/Mar/2024 22:11:58] "POST /searchTestReport HTTP/1.1" 200 -
2024-03-10 22:11:58,591 - INFO - 127.0.0.1 - - [10/Mar/2024 22:11:58] "POST /searchTestReport HTTP/1.1" 200 -
2024-03-10 22:12:00,942 - INFO - 127.0.0.1 - - [10/Mar/2024 22:12:00] "GET /getTeamScript/6 HTTP/1.1" 200 -
2024-03-10 22:12:01,192 - INFO - 127.0.0.1 - - [10/Mar/2024 22:12:01] "GET /getTeamScript/6 HTTP/1.1" 200 -
2024-03-10 22:12:47,367 - INFO - 127.0.0.1 - - [10/Mar/2024 22:12:47] "OPTIONS /getUserTeams/24 HTTP/1.1" 200 -
2024-03-10 22:12:47,674 - INFO - 127.0.0.1 - - [10/Mar/2024 22:12:47] "OPTIONS /getUserTeams/24 HTTP/1.1" 200 -
2024-03-10 22:12:47,684 - INFO - 127.0.0.1 - - [10/Mar/2024 22:12:47] "GET /getUserTeams/24 HTTP/1.1" 200 -
2024-03-10 22:12:47,999 - INFO - 127.0.0.1 - - [10/Mar/2024 22:12:47] "GET /getUserTeams/24 HTTP/1.1" 200 -
2024-03-10 22:12:53,004 - INFO - 127.0.0.1 - - [10/Mar/2024 22:12:53] "GET /getTeamMembers/24 HTTP/1.1" 200 -
2024-03-10 22:12:53,246 - INFO - 127.0.0.1 - - [10/Mar/2024 22:12:53] "GET /getTeamMembers/24 HTTP/1.1" 200 -
2024-03-10 22:12:53,306 - INFO - 127.0.0.1 - - [10/Mar/2024 22:12:53] "GET /tasklists/24 HTTP/1.1" 200 -
2024-03-10 22:12:53,335 - INFO - 127.0.0.1 - - [10/Mar/2024 22:12:53] "GET /tasklists/24 HTTP/1.1" 200 -
2024-03-10 22:12:55,032 - INFO - 127.0.0.1 - - [10/Mar/2024 22:12:55] "GET /getTeamScript/24 HTTP/1.1" 200 -
2024-03-10 22:12:55,342 - INFO - 127.0.0.1 - - [10/Mar/2024 22:12:55] "GET /getTeamScript/24 HTTP/1.1" 200 -
2024-03-10 22:12:58,143 - INFO - 127.0.0.1 - - [10/Mar/2024 22:12:58] "OPTIONS /searchTestReport HTTP/1.1" 200 -
2024-03-10 22:12:58,145 - INFO - 127.0.0.1 - - [10/Mar/2024 22:12:58] "OPTIONS /searchTestReport HTTP/1.1" 200 -
2024-03-10 22:12:58,150 - INFO - 127.0.0.1 - - [10/Mar/2024 22:12:58] "POST /searchTestReport HTTP/1.1" 200 -
2024-03-10 22:12:58,456 - INFO - 127.0.0.1 - - [10/Mar/2024 22:12:58] "POST /searchTestReport HTTP/1.1" 200 -
2024-03-10 22:12:59,215 - INFO - 127.0.0.1 - - [10/Mar/2024 22:12:59] "GET /test-report/171 HTTP/1.1" 200 -
2024-03-10 22:12:59,527 - INFO - 127.0.0.1 - - [10/Mar/2024 22:12:59] "GET /test-report/171 HTTP/1.1" 200 -
2024-03-10 22:12:59,564 - INFO - 127.0.0.1 - - [10/Mar/2024 22:12:59] "GET /getTeamMembers/24 HTTP/1.1" 200 -
2024-03-10 22:12:59,869 - INFO - 127.0.0.1 - - [10/Mar/2024 22:12:59] "GET /getTeamMembers/24 HTTP/1.1" 200 -
2024-03-10 22:13:09,187 - INFO - 127.0.0.1 - - [10/Mar/2024 22:13:09] "OPTIONS /searchTestReport HTTP/1.1" 200 -
2024-03-10 22:13:09,189 - INFO - 127.0.0.1 - - [10/Mar/2024 22:13:09] "OPTIONS /searchTestReport HTTP/1.1" 200 -
2024-03-10 22:13:09,503 - INFO - 127.0.0.1 - - [10/Mar/2024 22:13:09] "POST /searchTestReport HTTP/1.1" 200 -
2024-03-10 22:13:09,503 - INFO - 127.0.0.1 - - [10/Mar/2024 22:13:09] "POST /searchTestReport HTTP/1.1" 200 -
2024-03-10 22:13:10,381 - INFO - 127.0.0.1 - - [10/Mar/2024 22:13:10] "GET /getTeamScript/24 HTTP/1.1" 200 -
2024-03-10 22:13:10,690 - INFO - 127.0.0.1 - - [10/Mar/2024 22:13:10] "GET /getTeamScript/24 HTTP/1.1" 200 -
2024-03-10 22:13:26,884 - INFO - 127.0.0.1 - - [10/Mar/2024 22:13:26] "OPTIONS /searchTestReport HTTP/1.1" 200 -
2024-03-10 22:13:26,885 - INFO - 127.0.0.1 - - [10/Mar/2024 22:13:26] "OPTIONS /searchTestReport HTTP/1.1" 200 -
2024-03-10 22:13:26,891 - INFO - 127.0.0.1 - - [10/Mar/2024 22:13:26] "POST /searchTestReport HTTP/1.1" 200 -
2024-03-10 22:13:27,199 - INFO - 127.0.0.1 - - [10/Mar/2024 22:13:27] "POST /searchTestReport HTTP/1.1" 200 -
2024-03-10 22:13:27,667 - INFO - 127.0.0.1 - - [10/Mar/2024 22:13:27] "GET /test-report/174 HTTP/1.1" 200 -
2024-03-10 22:13:27,973 - INFO - 127.0.0.1 - - [10/Mar/2024 22:13:27] "GET /test-report/174 HTTP/1.1" 200 -
2024-03-10 22:13:28,027 - INFO - 127.0.0.1 - - [10/Mar/2024 22:13:28] "GET /getTeamMembers/24 HTTP/1.1" 200 -
2024-03-10 22:13:28,335 - INFO - 127.0.0.1 - - [10/Mar/2024 22:13:28] "GET /getTeamMembers/24 HTTP/1.1" 200 -
2024-03-10 22:46:22,679 - INFO - 127.0.0.1 - - [10/Mar/2024 22:46:22] "GET /testEventName?testeventID=261 HTTP/1.1" 200 -
2024-03-10 22:46:22,681 - INFO - 127.0.0.1 - - [10/Mar/2024 22:46:22] "GET /getTestCases?testeventID=261 HTTP/1.1" 200 -
2024-03-10 22:46:22,924 - INFO - 127.0.0.1 - - [10/Mar/2024 22:46:22] "GET /testEventName?testeventID=261 HTTP/1.1" 200 -
2024-03-10 22:46:22,993 - INFO - 127.0.0.1 - - [10/Mar/2024 22:46:22] "GET /getTestCases?testeventID=261 HTTP/1.1" 200 -
2024-03-10 22:48:28,863 - INFO - 127.0.0.1 - - [10/Mar/2024 22:48:28] "GET /test-report/174 HTTP/1.1" 200 -
2024-03-10 22:48:29,122 - INFO - 127.0.0.1 - - [10/Mar/2024 22:48:29] "GET /test-report/174 HTTP/1.1" 200 -
2024-03-10 22:48:29,187 - INFO - 127.0.0.1 - - [10/Mar/2024 22:48:29] "GET /getTeamMembers/24 HTTP/1.1" 200 -
2024-03-10 22:48:29,194 - INFO - 127.0.0.1 - - [10/Mar/2024 22:48:29] "GET /getTeamMembers/24 HTTP/1.1" 200 -
2024-03-10 22:48:30,218 - INFO - 127.0.0.1 - - [10/Mar/2024 22:48:30] "OPTIONS /searchTestReport HTTP/1.1" 200 -
2024-03-10 22:48:30,221 - INFO - 127.0.0.1 - - [10/Mar/2024 22:48:30] "OPTIONS /searchTestReport HTTP/1.1" 200 -
2024-03-10 22:48:30,538 - INFO - 127.0.0.1 - - [10/Mar/2024 22:48:30] "POST /searchTestReport HTTP/1.1" 200 -
2024-03-10 22:48:30,538 - INFO - 127.0.0.1 - - [10/Mar/2024 22:48:30] "POST /searchTestReport HTTP/1.1" 200 -
2024-03-10 22:48:30,683 - INFO - 127.0.0.1 - - [10/Mar/2024 22:48:30] "GET /getTeamScript/24 HTTP/1.1" 200 -
2024-03-10 22:48:30,994 - INFO - 127.0.0.1 - - [10/Mar/2024 22:48:30] "GET /getTeamScript/24 HTTP/1.1" 200 -
2024-03-10 22:48:33,180 - INFO - 127.0.0.1 - - [10/Mar/2024 22:48:33] "POST /searchTestReport HTTP/1.1" 200 -
2024-03-10 22:48:33,484 - INFO - 127.0.0.1 - - [10/Mar/2024 22:48:33] "POST /searchTestReport HTTP/1.1" 200 -
2024-03-10 22:48:34,251 - INFO - 127.0.0.1 - - [10/Mar/2024 22:48:34] "GET /test-report/171 HTTP/1.1" 200 -
2024-03-10 22:48:34,506 - INFO - 127.0.0.1 - - [10/Mar/2024 22:48:34] "GET /test-report/171 HTTP/1.1" 200 -
2024-03-10 22:48:34,568 - INFO - 127.0.0.1 - - [10/Mar/2024 22:48:34] "GET /getTeamMembers/24 HTTP/1.1" 200 -
2024-03-10 22:48:34,576 - INFO - 127.0.0.1 - - [10/Mar/2024 22:48:34] "GET /getTeamMembers/24 HTTP/1.1" 200 -
2024-03-10 22:48:36,076 - INFO - 127.0.0.1 - - [10/Mar/2024 22:48:36] "OPTIONS /searchTestReport HTTP/1.1" 200 -
2024-03-10 22:48:36,076 - INFO - 127.0.0.1 - - [10/Mar/2024 22:48:36] "OPTIONS /searchTestReport HTTP/1.1" 200 -
2024-03-10 22:48:36,338 - INFO - 127.0.0.1 - - [10/Mar/2024 22:48:36] "GET /getTeamScript/24 HTTP/1.1" 200 -
2024-03-10 22:48:36,398 - INFO - 127.0.0.1 - - [10/Mar/2024 22:48:36] "POST /searchTestReport HTTP/1.1" 200 -
2024-03-10 22:48:36,398 - INFO - 127.0.0.1 - - [10/Mar/2024 22:48:36] "POST /searchTestReport HTTP/1.1" 200 -
2024-03-10 22:48:36,648 - INFO - 127.0.0.1 - - [10/Mar/2024 22:48:36] "GET /getTeamScript/24 HTTP/1.1" 200 -
2024-03-10 22:48:37,044 - INFO - 127.0.0.1 - - [10/Mar/2024 22:48:37] "POST /searchTestReport HTTP/1.1" 200 -
2024-03-10 22:48:37,349 - INFO - 127.0.0.1 - - [10/Mar/2024 22:48:37] "POST /searchTestReport HTTP/1.1" 200 -
2024-03-10 22:48:38,259 - INFO - 127.0.0.1 - - [10/Mar/2024 22:48:38] "GET /test-report/173 HTTP/1.1" 200 -
2024-03-10 22:48:38,495 - INFO - 127.0.0.1 - - [10/Mar/2024 22:48:38] "GET /test-report/173 HTTP/1.1" 200 -
2024-03-10 22:48:38,572 - INFO - 127.0.0.1 - - [10/Mar/2024 22:48:38] "GET /getTeamMembers/24 HTTP/1.1" 200 -
2024-03-10 22:48:38,578 - INFO - 127.0.0.1 - - [10/Mar/2024 22:48:38] "GET /getTeamMembers/24 HTTP/1.1" 200 -
2024-03-10 22:48:39,901 - INFO - 127.0.0.1 - - [10/Mar/2024 22:48:39] "POST /searchTestReport HTTP/1.1" 200 -
2024-03-10 22:48:39,901 - INFO - 127.0.0.1 - - [10/Mar/2024 22:48:39] "POST /searchTestReport HTTP/1.1" 200 -
2024-03-10 22:48:40,383 - INFO - 127.0.0.1 - - [10/Mar/2024 22:48:40] "GET /getTeamScript/24 HTTP/1.1" 200 -
2024-03-10 22:48:40,638 - INFO - 127.0.0.1 - - [10/Mar/2024 22:48:40] "GET /getTeamScript/24 HTTP/1.1" 200 -
2024-03-10 22:48:41,535 - INFO - 127.0.0.1 - - [10/Mar/2024 22:48:41] "OPTIONS /searchTestReport HTTP/1.1" 200 -
2024-03-10 22:48:41,539 - INFO - 127.0.0.1 - - [10/Mar/2024 22:48:41] "POST /searchTestReport HTTP/1.1" 200 -
2024-03-10 22:48:41,838 - INFO - 127.0.0.1 - - [10/Mar/2024 22:48:41] "OPTIONS /searchTestReport HTTP/1.1" 200 -
2024-03-10 22:48:42,147 - INFO - 127.0.0.1 - - [10/Mar/2024 22:48:42] "POST /searchTestReport HTTP/1.1" 200 -
2024-03-10 22:48:42,497 - INFO - 127.0.0.1 - - [10/Mar/2024 22:48:42] "GET /test-report/174 HTTP/1.1" 200 -
2024-03-10 22:48:42,739 - INFO - 127.0.0.1 - - [10/Mar/2024 22:48:42] "GET /test-report/174 HTTP/1.1" 200 -
2024-03-10 22:48:42,814 - INFO - 127.0.0.1 - - [10/Mar/2024 22:48:42] "GET /getTeamMembers/24 HTTP/1.1" 200 -
2024-03-10 22:48:42,820 - INFO - 127.0.0.1 - - [10/Mar/2024 22:48:42] "GET /getTeamMembers/24 HTTP/1.1" 200 -
2024-03-10 22:48:43,673 - INFO - 127.0.0.1 - - [10/Mar/2024 22:48:43] "POST /searchTestReport HTTP/1.1" 200 -
2024-03-10 22:48:43,983 - INFO - 127.0.0.1 - - [10/Mar/2024 22:48:43] "POST /searchTestReport HTTP/1.1" 200 -
2024-03-10 22:48:44,504 - INFO - 127.0.0.1 - - [10/Mar/2024 22:48:44] "GET /getTeamScript/24 HTTP/1.1" 200 -
2024-03-10 22:48:44,761 - INFO - 127.0.0.1 - - [10/Mar/2024 22:48:44] "GET /getTeamScript/24 HTTP/1.1" 200 -
2024-03-10 22:48:45,979 - INFO - 127.0.0.1 - - [10/Mar/2024 22:48:45] "OPTIONS /getUserTeams/24 HTTP/1.1" 200 -
2024-03-10 22:48:46,288 - INFO - 127.0.0.1 - - [10/Mar/2024 22:48:46] "OPTIONS /getUserTeams/24 HTTP/1.1" 200 -
2024-03-10 22:48:46,297 - INFO - 127.0.0.1 - - [10/Mar/2024 22:48:46] "GET /getUserTeams/24 HTTP/1.1" 200 -
2024-03-10 22:48:46,615 - INFO - 127.0.0.1 - - [10/Mar/2024 22:48:46] "GET /getUserTeams/24 HTTP/1.1" 200 -
2024-03-10 22:48:49,241 - INFO - 127.0.0.1 - - [10/Mar/2024 22:48:49] "GET /getTeamMembers/23 HTTP/1.1" 200 -
2024-03-10 22:48:49,496 - INFO - 127.0.0.1 - - [10/Mar/2024 22:48:49] "GET /getTeamMembers/23 HTTP/1.1" 200 -
2024-03-10 22:48:49,554 - INFO - 127.0.0.1 - - [10/Mar/2024 22:48:49] "GET /tasklists/23 HTTP/1.1" 200 -
2024-03-10 22:48:49,554 - INFO - 127.0.0.1 - - [10/Mar/2024 22:48:49] "GET /tasklists/23 HTTP/1.1" 200 -
2024-03-10 22:48:50,432 - INFO - 127.0.0.1 - - [10/Mar/2024 22:48:50] "GET /getTeamScript/23 HTTP/1.1" 200 -
2024-03-10 22:48:50,740 - INFO - 127.0.0.1 - - [10/Mar/2024 22:48:50] "GET /getTeamScript/23 HTTP/1.1" 200 -
2024-03-10 22:48:52,137 - INFO - 127.0.0.1 - - [10/Mar/2024 22:48:52] "OPTIONS /searchTestReport HTTP/1.1" 200 -
2024-03-10 22:48:52,137 - INFO - 127.0.0.1 - - [10/Mar/2024 22:48:52] "OPTIONS /searchTestReport HTTP/1.1" 200 -
2024-03-10 22:48:52,448 - INFO - 127.0.0.1 - - [10/Mar/2024 22:48:52] "POST /searchTestReport HTTP/1.1" 200 -
2024-03-10 22:48:52,451 - INFO - 127.0.0.1 - - [10/Mar/2024 22:48:52] "POST /searchTestReport HTTP/1.1" 200 -
2024-03-10 22:48:52,949 - INFO - 127.0.0.1 - - [10/Mar/2024 22:48:52] "GET /test-report/169 HTTP/1.1" 200 -
2024-03-10 22:48:53,256 - INFO - 127.0.0.1 - - [10/Mar/2024 22:48:53] "GET /test-report/169 HTTP/1.1" 200 -
2024-03-10 22:48:53,256 - INFO - 127.0.0.1 - - [10/Mar/2024 22:48:53] "GET /getTeamMembers/23 HTTP/1.1" 200 -
2024-03-10 22:48:53,573 - INFO - 127.0.0.1 - - [10/Mar/2024 22:48:53] "GET /getTeamMembers/23 HTTP/1.1" 200 -
2024-03-10 22:48:53,987 - INFO - 127.0.0.1 - - [10/Mar/2024 22:48:53] "POST /searchTestReport HTTP/1.1" 200 -
2024-03-10 22:48:54,299 - INFO - 127.0.0.1 - - [10/Mar/2024 22:48:54] "POST /searchTestReport HTTP/1.1" 200 -
2024-03-10 22:48:54,548 - INFO - 127.0.0.1 - - [10/Mar/2024 22:48:54] "GET /getTeamScript/23 HTTP/1.1" 200 -
2024-03-10 22:48:54,857 - INFO - 127.0.0.1 - - [10/Mar/2024 22:48:54] "GET /getTeamScript/23 HTTP/1.1" 200 -
2024-03-10 22:48:55,591 - INFO - 127.0.0.1 - - [10/Mar/2024 22:48:55] "POST /searchTestReport HTTP/1.1" 200 -
2024-03-10 22:48:55,592 - INFO - 127.0.0.1 - - [10/Mar/2024 22:48:55] "POST /searchTestReport HTTP/1.1" 200 -
2024-03-10 22:48:56,308 - INFO - 127.0.0.1 - - [10/Mar/2024 22:48:56] "GET /test-report/170 HTTP/1.1" 200 -
2024-03-10 22:48:56,542 - INFO - 127.0.0.1 - - [10/Mar/2024 22:48:56] "GET /test-report/170 HTTP/1.1" 200 -
2024-03-10 22:48:56,611 - INFO - 127.0.0.1 - - [10/Mar/2024 22:48:56] "GET /getTeamMembers/23 HTTP/1.1" 200 -
2024-03-10 22:48:56,627 - INFO - 127.0.0.1 - - [10/Mar/2024 22:48:56] "GET /getTeamMembers/23 HTTP/1.1" 200 -
2024-03-10 22:48:57,709 - INFO - 127.0.0.1 - - [10/Mar/2024 22:48:57] "OPTIONS /searchTestReport HTTP/1.1" 200 -
2024-03-10 22:48:57,716 - INFO - 127.0.0.1 - - [10/Mar/2024 22:48:57] "POST /searchTestReport HTTP/1.1" 200 -
2024-03-10 22:48:58,022 - INFO - 127.0.0.1 - - [10/Mar/2024 22:48:58] "OPTIONS /searchTestReport HTTP/1.1" 200 -
2024-03-10 22:48:58,332 - INFO - 127.0.0.1 - - [10/Mar/2024 22:48:58] "POST /searchTestReport HTTP/1.1" 200 -
2024-03-10 22:48:58,554 - INFO - 127.0.0.1 - - [10/Mar/2024 22:48:58] "GET /getTeamScript/23 HTTP/1.1" 200 -
2024-03-10 22:48:58,817 - INFO - 127.0.0.1 - - [10/Mar/2024 22:48:58] "GET /getTeamScript/23 HTTP/1.1" 200 -
2024-03-10 22:48:59,782 - INFO - 127.0.0.1 - - [10/Mar/2024 22:48:59] "GET /getTeamMembers/23 HTTP/1.1" 200 -
2024-03-10 22:49:00,089 - INFO - 127.0.0.1 - - [10/Mar/2024 22:49:00] "GET /getTeamMembers/23 HTTP/1.1" 200 -
2024-03-10 22:49:00,103 - INFO - 127.0.0.1 - - [10/Mar/2024 22:49:00] "GET /tasklists/23 HTTP/1.1" 200 -
2024-03-10 22:49:00,412 - INFO - 127.0.0.1 - - [10/Mar/2024 22:49:00] "GET /tasklists/23 HTTP/1.1" 200 -
2024-03-10 22:49:01,729 - INFO - 127.0.0.1 - - [10/Mar/2024 22:49:01] "OPTIONS /getUserTeams/24 HTTP/1.1" 200 -
2024-03-10 22:49:01,729 - INFO - 127.0.0.1 - - [10/Mar/2024 22:49:01] "OPTIONS /getUserTeams/24 HTTP/1.1" 200 -
2024-03-10 22:49:02,004 - INFO - 127.0.0.1 - - [10/Mar/2024 22:49:02] "GET /getUserTeams/24 HTTP/1.1" 200 -
2024-03-10 22:49:02,053 - INFO - 127.0.0.1 - - [10/Mar/2024 22:49:02] "GET /getUserTeams/24 HTTP/1.1" 200 -
2024-03-10 22:49:04,269 - INFO - 127.0.0.1 - - [10/Mar/2024 22:49:04] "GET /getTeamMembers/22 HTTP/1.1" 200 -
2024-03-10 22:49:04,574 - INFO - 127.0.0.1 - - [10/Mar/2024 22:49:04] "GET /getTeamMembers/22 HTTP/1.1" 200 -
2024-03-10 22:49:04,608 - INFO - 127.0.0.1 - - [10/Mar/2024 22:49:04] "GET /tasklists/22 HTTP/1.1" 200 -
2024-03-10 22:49:04,911 - INFO - 127.0.0.1 - - [10/Mar/2024 22:49:04] "GET /tasklists/22 HTTP/1.1" 200 -
2024-03-10 22:49:07,904 - INFO - 127.0.0.1 - - [10/Mar/2024 22:49:07] "[33mGET /getTeamScript/22 HTTP/1.1[0m" 404 -
2024-03-10 22:49:08,163 - INFO - 127.0.0.1 - - [10/Mar/2024 22:49:08] "[33mGET /getTeamScript/22 HTTP/1.1[0m" 404 -
2024-03-10 22:49:09,615 - INFO - 127.0.0.1 - - [10/Mar/2024 22:49:09] "GET /getTeamMembers/22 HTTP/1.1" 200 -
2024-03-10 22:49:09,924 - INFO - 127.0.0.1 - - [10/Mar/2024 22:49:09] "GET /getTeamMembers/22 HTTP/1.1" 200 -
2024-03-10 22:49:09,938 - INFO - 127.0.0.1 - - [10/Mar/2024 22:49:09] "GET /tasklists/22 HTTP/1.1" 200 -
2024-03-10 22:49:10,254 - INFO - 127.0.0.1 - - [10/Mar/2024 22:49:10] "GET /tasklists/22 HTTP/1.1" 200 -
2024-03-10 22:49:11,168 - INFO - 127.0.0.1 - - [10/Mar/2024 22:49:11] "GET /team/22 HTTP/1.1" 200 -
2024-03-10 22:49:11,439 - INFO - 127.0.0.1 - - [10/Mar/2024 22:49:11] "GET /team/22 HTTP/1.1" 200 -
2024-03-10 22:49:14,290 - INFO - 127.0.0.1 - - [10/Mar/2024 22:49:14] "OPTIONS /team/22 HTTP/1.1" 200 -
2024-03-10 22:49:14,621 - INFO - 127.0.0.1 - - [10/Mar/2024 22:49:14] "DELETE /team/22 HTTP/1.1" 200 -
2024-03-10 22:49:18,386 - INFO - 127.0.0.1 - - [10/Mar/2024 22:49:18] "OPTIONS /getUserTeams/24 HTTP/1.1" 200 -
2024-03-10 22:49:18,701 - INFO - 127.0.0.1 - - [10/Mar/2024 22:49:18] "OPTIONS /getUserTeams/24 HTTP/1.1" 200 -
2024-03-10 22:49:18,717 - INFO - 127.0.0.1 - - [10/Mar/2024 22:49:18] "[35m[1mGET /getUserTeams/24 HTTP/1.1[0m" 500 -
2024-03-10 22:49:19,038 - INFO - 127.0.0.1 - - [10/Mar/2024 22:49:19] "[35m[1mGET /getUserTeams/24 HTTP/1.1[0m" 500 -
2024-03-10 22:49:19,353 - INFO - 127.0.0.1 - - [10/Mar/2024 22:49:19] "[35m[1mGET /getUserTeams/24 HTTP/1.1[0m" 500 -
2024-03-10 22:49:21,317 - INFO - 127.0.0.1 - - [10/Mar/2024 22:49:21] "[35m[1mGET /getUserTeams/24 HTTP/1.1[0m" 500 -
2024-03-10 22:49:21,634 - INFO - 127.0.0.1 - - [10/Mar/2024 22:49:21] "[35m[1mGET /getUserTeams/24 HTTP/1.1[0m" 500 -
2024-03-10 22:49:21,951 - INFO - 127.0.0.1 - - [10/Mar/2024 22:49:21] "[35m[1mGET /getUserTeams/24 HTTP/1.1[0m" 500 -
2024-03-10 22:49:23,862 - INFO - 127.0.0.1 - - [10/Mar/2024 22:49:23] "OPTIONS /getUserTeams/24 HTTP/1.1" 200 -
2024-03-10 22:49:24,179 - INFO - 127.0.0.1 - - [10/Mar/2024 22:49:24] "[35m[1mGET /getUserTeams/24 HTTP/1.1[0m" 500 -
2024-03-10 22:49:32,026 - INFO - 127.0.0.1 - - [10/Mar/2024 22:49:32] "OPTIONS /getUserTeams/24 HTTP/1.1" 200 -
2024-03-10 22:49:32,342 - INFO - 127.0.0.1 - - [10/Mar/2024 22:49:32] "[35m[1mGET /getUserTeams/24 HTTP/1.1[0m" 500 -
2024-03-10 23:14:02,724 - INFO - [31m[1mWARNING: This is a development server. Do not use it in a production deployment. Use a production WSGI server instead.[0m
 * Running on all addresses (0.0.0.0)
 * Running on http://127.0.0.1:5000
 * Running on http://192.168.10.3:5000
2024-03-10 23:14:02,724 - INFO - [33mPress CTRL+C to quit[0m
2024-03-10 23:14:02,726 - INFO -  * Restarting with stat
2024-03-10 23:14:03,610 - WARNING -  * Debugger is active!
2024-03-10 23:14:03,613 - INFO -  * Debugger PIN: 144-773-824
2024-03-10 23:14:06,533 - INFO - 127.0.0.1 - - [10/Mar/2024 23:14:06] "OPTIONS /getUserTeams/24 HTTP/1.1" 200 -
2024-03-10 23:14:06,536 - INFO - 127.0.0.1 - - [10/Mar/2024 23:14:06] "OPTIONS /getUserTeams/24 HTTP/1.1" 200 -
2024-03-10 23:14:06,819 - INFO - 127.0.0.1 - - [10/Mar/2024 23:14:06] "[35m[1mGET /getUserTeams/24 HTTP/1.1[0m" 500 -
2024-03-10 23:14:06,863 - INFO - 127.0.0.1 - - [10/Mar/2024 23:14:06] "[35m[1mGET /getUserTeams/24 HTTP/1.1[0m" 500 -
2024-03-10 23:14:07,134 - INFO - 127.0.0.1 - - [10/Mar/2024 23:14:07] "[35m[1mGET /getUserTeams/24 HTTP/1.1[0m" 500 -
2024-03-10 23:14:35,376 - INFO - 127.0.0.1 - - [10/Mar/2024 23:14:35] "OPTIONS /register HTTP/1.1" 200 -
2024-03-10 23:14:35,775 - INFO - 127.0.0.1 - - [10/Mar/2024 23:14:35] "POST /register HTTP/1.1" 200 -
2024-03-10 23:14:39,911 - INFO - 127.0.0.1 - - [10/Mar/2024 23:14:39] "OPTIONS /login HTTP/1.1" 200 -
2024-03-10 23:14:39,911 - INFO - 127.0.0.1 - - [10/Mar/2024 23:14:39] "POST /login HTTP/1.1" 200 -
2024-03-10 23:14:45,037 - INFO - 127.0.0.1 - - [10/Mar/2024 23:14:45] "POST /login HTTP/1.1" 200 -
2024-03-10 23:14:51,993 - INFO - 127.0.0.1 - - [10/Mar/2024 23:14:51] "OPTIONS /login HTTP/1.1" 200 -
2024-03-10 23:14:51,998 - INFO - 127.0.0.1 - - [10/Mar/2024 23:14:51] "POST /login HTTP/1.1" 200 -
2024-03-10 23:14:57,951 - INFO - 127.0.0.1 - - [10/Mar/2024 23:14:57] "OPTIONS /login HTTP/1.1" 200 -
2024-03-10 23:14:58,342 - INFO - 127.0.0.1 - - [10/Mar/2024 23:14:58] "POST /login HTTP/1.1" 200 -
2024-03-10 23:14:58,379 - INFO - 127.0.0.1 - - [10/Mar/2024 23:14:58] "OPTIONS /getUserTeams/24 HTTP/1.1" 200 -
2024-03-10 23:14:58,686 - INFO - 127.0.0.1 - - [10/Mar/2024 23:14:58] "OPTIONS /getUserTeams/24 HTTP/1.1" 200 -
2024-03-10 23:14:58,700 - INFO - 127.0.0.1 - - [10/Mar/2024 23:14:58] "[35m[1mGET /getUserTeams/24 HTTP/1.1[0m" 500 -
2024-03-10 23:14:59,029 - INFO - 127.0.0.1 - - [10/Mar/2024 23:14:59] "[35m[1mGET /getUserTeams/24 HTTP/1.1[0m" 500 -
2024-03-10 23:14:59,345 - INFO - 127.0.0.1 - - [10/Mar/2024 23:14:59] "[35m[1mGET /getUserTeams/24 HTTP/1.1[0m" 500 -
2024-03-10 23:14:59,603 - INFO - 127.0.0.1 - - [10/Mar/2024 23:14:59] "[35m[1mGET /getUserTeams/24 HTTP/1.1[0m" 500 -
2024-03-10 23:15:02,471 - INFO - 127.0.0.1 - - [10/Mar/2024 23:15:02] "GET /searchUsers?searchTerm=1 HTTP/1.1" 200 -
2024-03-10 23:15:04,661 - INFO - 127.0.0.1 - - [10/Mar/2024 23:15:04] "OPTIONS /createTeam HTTP/1.1" 200 -
2024-03-10 23:15:04,978 - INFO - 127.0.0.1 - - [10/Mar/2024 23:15:04] "POST /createTeam HTTP/1.1" 200 -
2024-03-10 23:15:06,060 - INFO - 127.0.0.1 - - [10/Mar/2024 23:15:06] "OPTIONS /getUserTeams/24 HTTP/1.1" 200 -
2024-03-10 23:15:06,833 - INFO - 127.0.0.1 - - [10/Mar/2024 23:15:06] "[35m[1mGET /getUserTeams/24 HTTP/1.1[0m" 500 -
2024-03-10 23:15:06,844 - INFO - 127.0.0.1 - - [10/Mar/2024 23:15:06] "[35m[1mGET /getUserTeams/24 HTTP/1.1[0m" 500 -
2024-03-10 23:15:07,159 - INFO - 127.0.0.1 - - [10/Mar/2024 23:15:07] "[35m[1mGET /getUserTeams/24 HTTP/1.1[0m" 500 -
2024-03-10 23:15:08,514 - INFO - 127.0.0.1 - - [10/Mar/2024 23:15:08] "GET /contributions/24 HTTP/1.1" 200 -
2024-03-10 23:15:08,819 - INFO - 127.0.0.1 - - [10/Mar/2024 23:15:08] "GET /user/24 HTTP/1.1" 200 -
2024-03-10 23:15:08,839 - INFO - 127.0.0.1 - - [10/Mar/2024 23:15:08] "GET /contributions/24 HTTP/1.1" 200 -
2024-03-10 23:15:09,122 - INFO - 127.0.0.1 - - [10/Mar/2024 23:15:09] "GET /user/24 HTTP/1.1" 200 -
2024-03-10 23:15:09,559 - INFO - 127.0.0.1 - - [10/Mar/2024 23:15:09] "[35m[1mGET /getUserTeams/24 HTTP/1.1[0m" 500 -
2024-03-10 23:15:09,814 - INFO - 127.0.0.1 - - [10/Mar/2024 23:15:09] "[35m[1mGET /getUserTeams/24 HTTP/1.1[0m" 500 -
2024-03-10 23:15:09,877 - INFO - 127.0.0.1 - - [10/Mar/2024 23:15:09] "[35m[1mGET /getUserTeams/24 HTTP/1.1[0m" 500 -
2024-03-10 23:17:01,599 - INFO - 127.0.0.1 - - [10/Mar/2024 23:17:01] "GET /user/24 HTTP/1.1" 200 -
2024-03-10 23:17:01,599 - INFO - 127.0.0.1 - - [10/Mar/2024 23:17:01] "GET /contributions/24 HTTP/1.1" 200 -
2024-03-10 23:17:01,853 - INFO - 127.0.0.1 - - [10/Mar/2024 23:17:01] "GET /user/24 HTTP/1.1" 200 -
2024-03-10 23:17:01,905 - INFO - 127.0.0.1 - - [10/Mar/2024 23:17:01] "GET /contributions/24 HTTP/1.1" 200 -
2024-03-10 23:17:09,828 - INFO - 127.0.0.1 - - [10/Mar/2024 23:17:09] "OPTIONS /login HTTP/1.1" 200 -
2024-03-10 23:17:10,138 - INFO - 127.0.0.1 - - [10/Mar/2024 23:17:10] "POST /login HTTP/1.1" 200 -
2024-03-10 23:17:20,110 - INFO - 127.0.0.1 - - [10/Mar/2024 23:17:20] "OPTIONS /login HTTP/1.1" 200 -
2024-03-10 23:17:20,119 - INFO - 127.0.0.1 - - [10/Mar/2024 23:17:20] "POST /login HTTP/1.1" 200 -
2024-03-10 23:20:51,580 - INFO -  * Detected change in 'D:\\ÍùÆÚÑ§Ï°×ÊÁÏ+±Ê¼Ç\\final project\\final\\dissertation-UI-test-platform\\backend\\app\\routes.py', reloading
2024-03-10 23:20:51,762 - INFO -  * Restarting with stat
2024-03-10 23:20:52,635 - WARNING -  * Debugger is active!
2024-03-10 23:20:52,637 - INFO -  * Debugger PIN: 144-773-824
2024-03-10 23:24:14,374 - INFO - 127.0.0.1 - - [10/Mar/2024 23:24:14] "OPTIONS /login HTTP/1.1" 200 -
2024-03-10 23:24:14,697 - INFO - 127.0.0.1 - - [10/Mar/2024 23:24:14] "POST /login HTTP/1.1" 200 -
2024-03-10 23:24:44,199 - INFO - 127.0.0.1 - - [10/Mar/2024 23:24:44] "OPTIONS /register HTTP/1.1" 200 -
2024-03-10 23:24:44,299 - INFO - 127.0.0.1 - - [10/Mar/2024 23:24:44] "POST /register HTTP/1.1" 200 -
2024-03-10 23:24:49,818 - INFO - 127.0.0.1 - - [10/Mar/2024 23:24:49] "OPTIONS /login HTTP/1.1" 200 -
2024-03-10 23:24:50,126 - INFO - 127.0.0.1 - - [10/Mar/2024 23:24:50] "POST /login HTTP/1.1" 200 -
2024-03-10 23:25:35,488 - INFO -  * Detected change in 'D:\\ÍùÆÚÑ§Ï°×ÊÁÏ+±Ê¼Ç\\final project\\final\\dissertation-UI-test-platform\\backend\\app\\routes.py', reloading
2024-03-10 23:25:35,607 - INFO -  * Restarting with stat
2024-03-10 23:25:36,392 - WARNING -  * Debugger is active!
2024-03-10 23:25:36,395 - INFO -  * Debugger PIN: 144-773-824
2024-03-10 23:25:42,594 - INFO - 127.0.0.1 - - [10/Mar/2024 23:25:42] "OPTIONS /login HTTP/1.1" 200 -
2024-03-10 23:25:42,925 - INFO - 127.0.0.1 - - [10/Mar/2024 23:25:42] "POST /login HTTP/1.1" 200 -
2024-03-10 23:26:08,405 - INFO -  * Detected change in 'D:\\ÍùÆÚÑ§Ï°×ÊÁÏ+±Ê¼Ç\\final project\\final\\dissertation-UI-test-platform\\backend\\app\\routes.py', reloading
2024-03-10 23:26:08,556 - INFO -  * Restarting with stat
2024-03-10 23:26:09,511 - WARNING -  * Debugger is active!
2024-03-10 23:26:09,512 - INFO -  * Debugger PIN: 144-773-824
2024-03-10 23:26:10,411 - INFO - 127.0.0.1 - - [10/Mar/2024 23:26:10] "OPTIONS /login HTTP/1.1" 200 -
2024-03-10 23:26:10,736 - INFO - 127.0.0.1 - - [10/Mar/2024 23:26:10] "POST /login HTTP/1.1" 200 -
2024-03-10 23:26:40,418 - INFO - 127.0.0.1 - - [10/Mar/2024 23:26:40] "OPTIONS /login HTTP/1.1" 200 -
2024-03-10 23:26:40,424 - INFO - 127.0.0.1 - - [10/Mar/2024 23:26:40] "POST /login HTTP/1.1" 200 -
2024-03-10 23:26:53,631 - INFO - 127.0.0.1 - - [10/Mar/2024 23:26:53] "OPTIONS /login HTTP/1.1" 200 -
2024-03-10 23:26:53,937 - INFO - 127.0.0.1 - - [10/Mar/2024 23:26:53] "POST /login HTTP/1.1" 200 -
2024-03-10 23:27:14,850 - INFO - 127.0.0.1 - - [10/Mar/2024 23:27:14] "OPTIONS /register HTTP/1.1" 200 -
2024-03-10 23:27:14,943 - INFO - 127.0.0.1 - - [10/Mar/2024 23:27:14] "POST /register HTTP/1.1" 200 -
2024-03-10 23:27:18,325 - INFO - 127.0.0.1 - - [10/Mar/2024 23:27:18] "OPTIONS /login HTTP/1.1" 200 -
2024-03-10 23:27:18,717 - INFO - 127.0.0.1 - - [10/Mar/2024 23:27:18] "POST /login HTTP/1.1" 200 -
2024-03-10 23:27:18,771 - INFO - 127.0.0.1 - - [10/Mar/2024 23:27:18] "OPTIONS /getUserTeams/31 HTTP/1.1" 200 -
2024-03-10 23:27:19,075 - INFO - 127.0.0.1 - - [10/Mar/2024 23:27:19] "OPTIONS /getUserTeams/31 HTTP/1.1" 200 -
2024-03-10 23:27:19,085 - INFO - 127.0.0.1 - - [10/Mar/2024 23:27:19] "GET /getUserTeams/31 HTTP/1.1" 200 -
2024-03-10 23:27:19,396 - INFO - 127.0.0.1 - - [10/Mar/2024 23:27:19] "GET /getUserTeams/31 HTTP/1.1" 200 -
2024-03-10 23:27:21,595 - INFO - 127.0.0.1 - - [10/Mar/2024 23:27:21] "GET /getUserTeams/31 HTTP/1.1" 200 -
2024-03-10 23:27:28,944 - INFO - 127.0.0.1 - - [10/Mar/2024 23:27:28] "OPTIONS /getUserTeams/31 HTTP/1.1" 200 -
2024-03-10 23:27:29,257 - INFO - 127.0.0.1 - - [10/Mar/2024 23:27:29] "GET /getUserTeams/31 HTTP/1.1" 200 -
2024-03-10 23:27:29,655 - INFO - 127.0.0.1 - - [10/Mar/2024 23:27:29] "GET /getUserTeams/31 HTTP/1.1" 200 -
2024-03-10 23:27:41,461 - INFO - 127.0.0.1 - - [10/Mar/2024 23:27:41] "GET /searchUsers?searchTerm=shiqi HTTP/1.1" 200 -
2024-03-10 23:27:44,151 - INFO - 127.0.0.1 - - [10/Mar/2024 23:27:44] "GET /searchUsers?searchTerm=shi HTTP/1.1" 200 -
2024-03-10 23:27:49,198 - INFO - 127.0.0.1 - - [10/Mar/2024 23:27:49] "GET /searchUsers?searchTerm=shiqi HTTP/1.1" 200 -
2024-03-10 23:28:07,141 - INFO - 127.0.0.1 - - [10/Mar/2024 23:28:07] "OPTIONS /createTeam HTTP/1.1" 200 -
2024-03-10 23:28:07,460 - INFO - 127.0.0.1 - - [10/Mar/2024 23:28:07] "POST /createTeam HTTP/1.1" 200 -
2024-03-10 23:28:08,738 - INFO - 127.0.0.1 - - [10/Mar/2024 23:28:08] "OPTIONS /getUserTeams/31 HTTP/1.1" 200 -
2024-03-10 23:28:09,057 - INFO - 127.0.0.1 - - [10/Mar/2024 23:28:09] "GET /getUserTeams/31 HTTP/1.1" 200 -
2024-03-10 23:28:09,683 - INFO - 127.0.0.1 - - [10/Mar/2024 23:28:09] "GET /getUserTeams/31 HTTP/1.1" 200 -
2024-03-10 23:28:09,991 - INFO - 127.0.0.1 - - [10/Mar/2024 23:28:09] "GET /getUserTeams/31 HTTP/1.1" 200 -
2024-03-10 23:28:11,052 - INFO - 127.0.0.1 - - [10/Mar/2024 23:28:11] "GET /getTeamMembers/29 HTTP/1.1" 200 -
2024-03-10 23:28:11,306 - INFO - 127.0.0.1 - - [10/Mar/2024 23:28:11] "GET /getTeamMembers/29 HTTP/1.1" 200 -
2024-03-10 23:28:11,362 - INFO - 127.0.0.1 - - [10/Mar/2024 23:28:11] "GET /tasklists/29 HTTP/1.1" 200 -
2024-03-10 23:28:11,379 - INFO - 127.0.0.1 - - [10/Mar/2024 23:28:11] "GET /tasklists/29 HTTP/1.1" 200 -
2024-03-10 23:29:24,171 - INFO - 127.0.0.1 - - [10/Mar/2024 23:29:24] "GET /getTeamMembers/29 HTTP/1.1" 200 -
2024-03-10 23:29:34,266 - INFO - 127.0.0.1 - - [10/Mar/2024 23:29:34] "GET /getTeamMembers/29 HTTP/1.1" 200 -
2024-03-10 23:29:47,692 - INFO - 127.0.0.1 - - [10/Mar/2024 23:29:47] "GET /tasklists/29 HTTP/1.1" 200 -
2024-03-10 23:29:47,945 - INFO - 127.0.0.1 - - [10/Mar/2024 23:29:47] "GET /tasklists/29 HTTP/1.1" 200 -
2024-03-10 23:30:03,138 - INFO - 127.0.0.1 - - [10/Mar/2024 23:30:03] "OPTIONS /saveTask HTTP/1.1" 200 -
2024-03-10 23:30:03,454 - INFO - 127.0.0.1 - - [10/Mar/2024 23:30:03] "POST /saveTask HTTP/1.1" 200 -
2024-03-10 23:30:17,350 - INFO - 127.0.0.1 - - [10/Mar/2024 23:30:17] "OPTIONS /saveTask HTTP/1.1" 200 -
2024-03-10 23:30:17,663 - INFO - 127.0.0.1 - - [10/Mar/2024 23:30:17] "POST /saveTask HTTP/1.1" 200 -
2024-03-10 23:30:30,815 - INFO - 127.0.0.1 - - [10/Mar/2024 23:30:30] "OPTIONS /saveTask HTTP/1.1" 200 -
2024-03-10 23:30:31,125 - INFO - 127.0.0.1 - - [10/Mar/2024 23:30:31] "POST /saveTask HTTP/1.1" 200 -
2024-03-10 23:30:44,218 - INFO - 127.0.0.1 - - [10/Mar/2024 23:30:44] "GET /getTeamMembers/29 HTTP/1.1" 200 -
2024-03-10 23:30:44,532 - INFO - 127.0.0.1 - - [10/Mar/2024 23:30:44] "GET /getTeamMembers/29 HTTP/1.1" 200 -
2024-03-10 23:30:44,548 - INFO - 127.0.0.1 - - [10/Mar/2024 23:30:44] "GET /tasklists/29 HTTP/1.1" 200 -
2024-03-10 23:30:44,855 - INFO - 127.0.0.1 - - [10/Mar/2024 23:30:44] "GET /tasklists/29 HTTP/1.1" 200 -
2024-03-10 23:30:47,205 - INFO - 127.0.0.1 - - [10/Mar/2024 23:30:47] "[33mGET /getTeamScript/29 HTTP/1.1[0m" 404 -
2024-03-10 23:30:47,461 - INFO - 127.0.0.1 - - [10/Mar/2024 23:30:47] "[33mGET /getTeamScript/29 HTTP/1.1[0m" 404 -
2024-03-10 23:30:47,595 - INFO - 127.0.0.1 - - [10/Mar/2024 23:30:47] "GET /getTeamMembers/29 HTTP/1.1" 200 -
2024-03-10 23:30:47,902 - INFO - 127.0.0.1 - - [10/Mar/2024 23:30:47] "GET /getTeamMembers/29 HTTP/1.1" 200 -
2024-03-10 23:30:47,921 - INFO - 127.0.0.1 - - [10/Mar/2024 23:30:47] "GET /tasklists/29 HTTP/1.1" 200 -
2024-03-10 23:30:48,230 - INFO - 127.0.0.1 - - [10/Mar/2024 23:30:48] "GET /tasklists/29 HTTP/1.1" 200 -
2024-03-10 23:30:48,545 - INFO - 127.0.0.1 - - [10/Mar/2024 23:30:48] "GET /tasklists/29 HTTP/1.1" 200 -
2024-03-10 23:30:48,855 - INFO - 127.0.0.1 - - [10/Mar/2024 23:30:48] "GET /tasklists/29 HTTP/1.1" 200 -
2024-03-10 23:30:58,726 - INFO - 127.0.0.1 - - [10/Mar/2024 23:30:58] "OPTIONS /saveTask HTTP/1.1" 200 -
2024-03-10 23:30:58,994 - INFO - 127.0.0.1 - - [10/Mar/2024 23:30:58] "POST /saveTask HTTP/1.1" 200 -
2024-03-10 23:31:01,865 - INFO - 127.0.0.1 - - [10/Mar/2024 23:31:01] "OPTIONS /searchTestCase HTTP/1.1" 200 -
2024-03-10 23:31:02,183 - INFO - 127.0.0.1 - - [10/Mar/2024 23:31:02] "[33mPOST /searchTestCase HTTP/1.1[0m" 404 -
2024-03-10 23:31:02,849 - INFO - 127.0.0.1 - - [10/Mar/2024 23:31:02] "POST /saveTask HTTP/1.1" 200 -
2024-03-10 23:31:05,511 - INFO - 127.0.0.1 - - [10/Mar/2024 23:31:05] "GET /getTeamMembers/29 HTTP/1.1" 200 -
2024-03-10 23:31:05,830 - INFO - 127.0.0.1 - - [10/Mar/2024 23:31:05] "GET /getTeamMembers/29 HTTP/1.1" 200 -
2024-03-10 23:31:05,842 - INFO - 127.0.0.1 - - [10/Mar/2024 23:31:05] "GET /tasklists/29 HTTP/1.1" 200 -
2024-03-10 23:31:06,153 - INFO - 127.0.0.1 - - [10/Mar/2024 23:31:06] "GET /tasklists/29 HTTP/1.1" 200 -
2024-03-10 23:31:07,566 - INFO - 127.0.0.1 - - [10/Mar/2024 23:31:07] "GET /tasklists/29 HTTP/1.1" 200 -
2024-03-10 23:31:07,821 - INFO - 127.0.0.1 - - [10/Mar/2024 23:31:07] "GET /tasklists/29 HTTP/1.1" 200 -
2024-03-10 23:31:09,972 - INFO - 127.0.0.1 - - [10/Mar/2024 23:31:09] "GET /getTeamMembers/29 HTTP/1.1" 200 -
2024-03-10 23:31:10,287 - INFO - 127.0.0.1 - - [10/Mar/2024 23:31:10] "GET /getTeamMembers/29 HTTP/1.1" 200 -
2024-03-10 23:31:10,294 - INFO - 127.0.0.1 - - [10/Mar/2024 23:31:10] "GET /tasklists/29 HTTP/1.1" 200 -
2024-03-10 23:31:10,601 - INFO - 127.0.0.1 - - [10/Mar/2024 23:31:10] "GET /tasklists/29 HTTP/1.1" 200 -
2024-03-10 23:40:48,559 - INFO - 127.0.0.1 - - [10/Mar/2024 23:40:48] "OPTIONS /runTestEvents HTTP/1.1" 200 -
2024-03-10 23:40:48,877 - INFO - ====== WebDriver manager ======
2024-03-10 23:40:49,700 - INFO - Get LATEST chromedriver version for google-chrome
2024-03-10 23:40:49,709 - INFO - Get LATEST chromedriver version for google-chrome
2024-03-10 23:40:49,709 - INFO - There is no [win64] chromedriver "122.0.6261.112" for browser google-chrome "122.0.6261.112" in cache
2024-03-10 23:40:49,709 - INFO - Get LATEST chromedriver version for google-chrome
2024-03-10 23:40:51,683 - INFO - WebDriver version 122.0.6261.111 selected
2024-03-10 23:40:51,691 - INFO - Modern chrome version https://storage.googleapis.com/chrome-for-testing-public/122.0.6261.111/win32/chromedriver-win32.zip
2024-03-10 23:40:51,691 - INFO - About to download new driver from https://storage.googleapis.com/chrome-for-testing-public/122.0.6261.111/win32/chromedriver-win32.zip
2024-03-10 23:40:52,622 - INFO - Driver downloading response is 200
2024-03-10 23:41:10,786 - INFO - Get LATEST chromedriver version for google-chrome
2024-03-10 23:41:10,872 - INFO - Driver has been saved in cache [C:\Users\hongj\.wdm\drivers\chromedriver\win64\122.0.6261.112]
2024-03-10 23:41:14,314 - ERROR - Error occurred in function check_element_exists. Screenshot saved as check_element_exists_screenshot.png: Message: invalid selector: An invalid or illegal selector was specified
  (Session info: chrome=122.0.6261.112)
Stacktrace:
	GetHandleVerifier [0x011C8D33+51395]
	(No symbol) [0x01135F91]
	(No symbol) [0x00FEE13A]
	(No symbol) [0x00FF2480]
	(No symbol) [0x00FF3E69]
	(No symbol) [0x00FF3F00]
	(No symbol) [0x01026008]
	(No symbol) [0x010263EB]
	(No symbol) [0x0105C162]
	(No symbol) [0x01043ED4]
	(No symbol) [0x0105A570]
	(No symbol) [0x01043C26]
	(No symbol) [0x0101C629]
	(No symbol) [0x0101D40D]
	GetHandleVerifier [0x015464F3+3711107]
	GetHandleVerifier [0x015858DA+3970154]
	GetHandleVerifier [0x01580BC8+3950424]
	GetHandleVerifier [0x01279D39+776393]
	(No symbol) [0x01141764]
	(No symbol) [0x0113C648]
	(No symbol) [0x0113C7F9]
	(No symbol) [0x0112DE20]
	BaseThreadInitThunk [0x75F37BA9+25]
	RtlInitializeExceptionChain [0x77CDBD2B+107]
	RtlClearBits [0x77CDBCAF+191]

2024-03-10 23:41:16,460 - INFO - ====== WebDriver manager ======
2024-03-10 23:41:17,681 - INFO - Get LATEST edgedriver version for Edge 122.0.2365
2024-03-10 23:41:18,488 - INFO - Get LATEST edgedriver version for Edge 122.0.2365
2024-03-10 23:41:18,788 - INFO - There is no [win64] edgedriver "122.0.2365.80" for browser edge "122.0.2365" in cache
2024-03-10 23:41:18,788 - INFO - Get LATEST edgedriver version for Edge 122.0.2365
2024-03-10 23:41:19,141 - INFO - About to download new driver from https://msedgedriver.azureedge.net/122.0.2365.80/edgedriver_win64.zip
2024-03-10 23:41:19,518 - INFO - Driver downloading response is 200
2024-03-10 23:41:32,761 - INFO - Get LATEST edgedriver version for Edge 122.0.2365
2024-03-10 23:41:34,169 - INFO - Driver has been saved in cache [C:\Users\hongj\.wdm\drivers\edgedriver\win64\122.0.2365.80]
2024-03-10 23:41:39,012 - ERROR - Error occurred in function check_element_exists. Screenshot saved as check_element_exists_screenshot.png: Message: invalid selector: An invalid or illegal selector was specified
  (Session info: MicrosoftEdge=122.0.2365.80)
Stacktrace:
	GetHandleVerifier [0x00007FF615AEB7F2+63538]
	Microsoft::Applications::Events::ILogConfiguration::operator* [0x00007FF615A6F672+238306]
	(No symbol) [0x00007FF6158A3407]
	(No symbol) [0x00007FF6158A812F]
	(No symbol) [0x00007FF6158A9D57]
	(No symbol) [0x00007FF6158A9E20]
	(No symbol) [0x00007FF6158E94B9]
	(No symbol) [0x00007FF6158E98B0]
	(No symbol) [0x00007FF615924387]
	(No symbol) [0x00007FF615908E5F]
	(No symbol) [0x00007FF6158DF037]
	(No symbol) [0x00007FF615921F49]
	(No symbol) [0x00007FF615908A83]
	(No symbol) [0x00007FF6158DE55E]
	(No symbol) [0x00007FF6158DD71C]
	(No symbol) [0x00007FF6158DE111]
	Microsoft::Applications::Events::EventProperty::to_string [0x00007FF615CC1CDC+1102764]
	(No symbol) [0x00007FF6159525F6]
	(No symbol) [0x00007FF6159E3DAC]
	(No symbol) [0x00007FF6159DBDA8]
	Microsoft::Applications::Events::EventProperty::to_string [0x00007FF615CC0C25+1098485]
	Microsoft::Applications::Events::ILogConfiguration::operator* [0x00007FF615A79E31+281249]
	Microsoft::Applications::Events::ILogConfiguration::operator* [0x00007FF615A745B4+258596]
	Microsoft::Applications::Events::ILogConfiguration::operator* [0x00007FF615A746EF+258911]
	Microsoft::Applications::Events::ILogConfiguration::operator* [0x00007FF615A68EC1+211761]
	BaseThreadInitThunk [0x00007FFC7A7A257D+29]
	RtlUserThreadStart [0x00007FFC7BF6AA58+40]

2024-03-10 23:41:41,148 - INFO - 127.0.0.1 - - [10/Mar/2024 23:41:41] "[35m[1mPOST /runTestEvents HTTP/1.1[0m" 201 -
2024-03-10 23:41:41,223 - INFO - 127.0.0.1 - - [10/Mar/2024 23:41:41] "GET /test-report/175 HTTP/1.1" 200 -
2024-03-10 23:41:41,533 - INFO - 127.0.0.1 - - [10/Mar/2024 23:41:41] "GET /test-report/175 HTTP/1.1" 200 -
2024-03-10 23:41:41,564 - INFO - 127.0.0.1 - - [10/Mar/2024 23:41:41] "GET /getTeamMembers/29 HTTP/1.1" 200 -
2024-03-10 23:41:41,886 - INFO - 127.0.0.1 - - [10/Mar/2024 23:41:41] "GET /getTeamMembers/29 HTTP/1.1" 200 -
2024-03-10 23:44:16,615 - INFO - 127.0.0.1 - - [10/Mar/2024 23:44:16] "GET /test-report/175 HTTP/1.1" 200 -
2024-03-10 23:44:16,886 - INFO - 127.0.0.1 - - [10/Mar/2024 23:44:16] "GET /test-report/175 HTTP/1.1" 200 -
2024-03-10 23:44:16,921 - INFO - 127.0.0.1 - - [10/Mar/2024 23:44:16] "GET /getTeamMembers/29 HTTP/1.1" 200 -
2024-03-10 23:44:17,011 - INFO - 127.0.0.1 - - [10/Mar/2024 23:44:17] "GET /getTeamMembers/29 HTTP/1.1" 200 -
2024-03-10 23:46:17,706 - INFO -  * Detected change in 'D:\\ÍùÆÚÑ§Ï°×ÊÁÏ+±Ê¼Ç\\final project\\final\\dissertation-UI-test-platform\\backend\\app\\routes.py', reloading
2024-03-10 23:46:25,965 - INFO -  * Restarting with stat
2024-03-10 23:46:26,831 - WARNING -  * Debugger is active!
2024-03-10 23:46:26,834 - INFO -  * Debugger PIN: 144-773-824
2024-03-10 23:46:32,777 - INFO -  * Detected change in 'D:\\ÍùÆÚÑ§Ï°×ÊÁÏ+±Ê¼Ç\\final project\\final\\dissertation-UI-test-platform\\backend\\app\\routes.py', reloading
2024-03-10 23:46:32,894 - INFO -  * Restarting with stat
2024-03-10 23:47:08,896 - INFO - [31m[1mWARNING: This is a development server. Do not use it in a production deployment. Use a production WSGI server instead.[0m
 * Running on all addresses (0.0.0.0)
 * Running on http://127.0.0.1:5000
 * Running on http://192.168.10.3:5000
2024-03-10 23:47:08,896 - INFO - [33mPress CTRL+C to quit[0m
2024-03-10 23:47:08,898 - INFO -  * Restarting with stat
2024-03-10 23:47:09,765 - WARNING -  * Debugger is active!
2024-03-10 23:47:09,770 - INFO -  * Debugger PIN: 144-773-824
2024-03-10 23:47:18,573 - INFO - 127.0.0.1 - - [10/Mar/2024 23:47:18] "GET /test-report/175 HTTP/1.1" 200 -
2024-03-10 23:47:18,802 - INFO - 127.0.0.1 - - [10/Mar/2024 23:47:18] "GET /test-report/175 HTTP/1.1" 200 -
2024-03-10 23:47:18,900 - INFO - 127.0.0.1 - - [10/Mar/2024 23:47:18] "GET /getTeamMembers/29 HTTP/1.1" 200 -
2024-03-10 23:47:18,933 - INFO - 127.0.0.1 - - [10/Mar/2024 23:47:18] "GET /getTeamMembers/29 HTTP/1.1" 200 -
2024-03-10 23:50:55,733 - INFO -  * Detected change in 'D:\\ÍùÆÚÑ§Ï°×ÊÁÏ+±Ê¼Ç\\final project\\final\\dissertation-UI-test-platform\\backend\\app\\routes.py', reloading
2024-03-10 23:50:55,841 - INFO -  * Restarting with stat
2024-03-10 23:50:56,602 - WARNING -  * Debugger is active!
2024-03-10 23:50:56,602 - INFO -  * Debugger PIN: 144-773-824
2024-03-10 23:51:06,401 - INFO - 127.0.0.1 - - [10/Mar/2024 23:51:06] "GET /test-report/175 HTTP/1.1" 200 -
2024-03-10 23:51:06,637 - INFO - 127.0.0.1 - - [10/Mar/2024 23:51:06] "GET /test-report/175 HTTP/1.1" 200 -
2024-03-10 23:51:06,719 - INFO - 127.0.0.1 - - [10/Mar/2024 23:51:06] "GET /getTeamMembers/29 HTTP/1.1" 200 -
2024-03-10 23:51:06,771 - INFO - 127.0.0.1 - - [10/Mar/2024 23:51:06] "GET /getTeamMembers/29 HTTP/1.1" 200 -
2024-03-11 00:01:04,114 - INFO - 127.0.0.1 - - [11/Mar/2024 00:01:04] "OPTIONS /getUserTeams/31 HTTP/1.1" 200 -
2024-03-11 00:01:04,117 - INFO - 127.0.0.1 - - [11/Mar/2024 00:01:04] "OPTIONS /getUserTeams/31 HTTP/1.1" 200 -
2024-03-11 00:01:04,372 - INFO - 127.0.0.1 - - [11/Mar/2024 00:01:04] "GET /getUserTeams/31 HTTP/1.1" 200 -
2024-03-11 00:01:04,438 - INFO - 127.0.0.1 - - [11/Mar/2024 00:01:04] "GET /getUserTeams/31 HTTP/1.1" 200 -
2024-03-11 00:01:05,668 - INFO - 127.0.0.1 - - [11/Mar/2024 00:01:05] "GET /getTeamMembers/29 HTTP/1.1" 200 -
2024-03-11 00:01:05,981 - INFO - 127.0.0.1 - - [11/Mar/2024 00:01:05] "GET /getTeamMembers/29 HTTP/1.1" 200 -
2024-03-11 00:01:05,995 - INFO - 127.0.0.1 - - [11/Mar/2024 00:01:05] "GET /tasklists/29 HTTP/1.1" 200 -
2024-03-11 00:01:06,302 - INFO - 127.0.0.1 - - [11/Mar/2024 00:01:06] "GET /tasklists/29 HTTP/1.1" 200 -
2024-03-11 00:01:07,431 - INFO - 127.0.0.1 - - [11/Mar/2024 00:01:07] "GET /tasklists/29 HTTP/1.1" 200 -
2024-03-11 00:01:07,672 - INFO - 127.0.0.1 - - [11/Mar/2024 00:01:07] "GET /tasklists/29 HTTP/1.1" 200 -
2024-03-11 00:02:05,210 - INFO - 127.0.0.1 - - [11/Mar/2024 00:02:05] "OPTIONS /saveTask HTTP/1.1" 200 -
2024-03-11 00:02:05,535 - INFO - 127.0.0.1 - - [11/Mar/2024 00:02:05] "POST /saveTask HTTP/1.1" 200 -
2024-03-11 00:02:08,843 - INFO - 127.0.0.1 - - [11/Mar/2024 00:02:08] "POST /saveTask HTTP/1.1" 200 -
2024-03-11 00:02:25,751 - INFO - 127.0.0.1 - - [11/Mar/2024 00:02:25] "OPTIONS /saveTask HTTP/1.1" 200 -
2024-03-11 00:02:26,011 - INFO - 127.0.0.1 - - [11/Mar/2024 00:02:26] "POST /saveTask HTTP/1.1" 200 -
2024-03-11 00:02:30,670 - INFO - 127.0.0.1 - - [11/Mar/2024 00:02:30] "OPTIONS /searchTestCase HTTP/1.1" 200 -
2024-03-11 00:02:30,975 - INFO - 127.0.0.1 - - [11/Mar/2024 00:02:30] "[33mPOST /searchTestCase HTTP/1.1[0m" 404 -
2024-03-11 00:02:53,014 - INFO - 127.0.0.1 - - [11/Mar/2024 00:02:53] "OPTIONS /searchTestCase HTTP/1.1" 200 -
2024-03-11 00:02:53,021 - INFO - 127.0.0.1 - - [11/Mar/2024 00:02:53] "[33mPOST /searchTestCase HTTP/1.1[0m" 404 -
2024-03-11 00:02:53,255 - INFO - 127.0.0.1 - - [11/Mar/2024 00:02:53] "OPTIONS /searchTestCase HTTP/1.1" 200 -
2024-03-11 00:02:53,565 - INFO - 127.0.0.1 - - [11/Mar/2024 00:02:53] "POST /searchTestCase HTTP/1.1" 200 -
2024-03-11 00:03:18,921 - INFO - 127.0.0.1 - - [11/Mar/2024 00:03:18] "OPTIONS /saveTask HTTP/1.1" 200 -
2024-03-11 00:03:19,239 - INFO - 127.0.0.1 - - [11/Mar/2024 00:03:19] "POST /saveTask HTTP/1.1" 200 -
2024-03-11 00:03:49,687 - INFO - 127.0.0.1 - - [11/Mar/2024 00:03:49] "GET /team/29 HTTP/1.1" 200 -
2024-03-11 00:03:49,996 - INFO - 127.0.0.1 - - [11/Mar/2024 00:03:49] "GET /team/29 HTTP/1.1" 200 -
2024-03-11 00:05:57,297 - INFO - 127.0.0.1 - - [11/Mar/2024 00:05:57] "OPTIONS /getUserTeams/31 HTTP/1.1" 200 -
2024-03-11 00:05:57,297 - INFO - 127.0.0.1 - - [11/Mar/2024 00:05:57] "OPTIONS /getUserTeams/31 HTTP/1.1" 200 -
2024-03-11 00:05:57,558 - INFO - 127.0.0.1 - - [11/Mar/2024 00:05:57] "GET /getUserTeams/31 HTTP/1.1" 200 -
2024-03-11 00:05:57,614 - INFO - 127.0.0.1 - - [11/Mar/2024 00:05:57] "GET /getUserTeams/31 HTTP/1.1" 200 -
2024-03-11 00:05:58,215 - INFO - 127.0.0.1 - - [11/Mar/2024 00:05:58] "GET /getTeamMembers/29 HTTP/1.1" 200 -
2024-03-11 00:05:58,527 - INFO - 127.0.0.1 - - [11/Mar/2024 00:05:58] "GET /getTeamMembers/29 HTTP/1.1" 200 -
2024-03-11 00:05:58,556 - INFO - 127.0.0.1 - - [11/Mar/2024 00:05:58] "GET /tasklists/29 HTTP/1.1" 200 -
2024-03-11 00:05:58,872 - INFO - 127.0.0.1 - - [11/Mar/2024 00:05:58] "GET /tasklists/29 HTTP/1.1" 200 -
2024-03-11 00:06:00,196 - INFO - 127.0.0.1 - - [11/Mar/2024 00:06:00] "GET /getTeamScript/29 HTTP/1.1" 200 -
2024-03-11 00:06:00,435 - INFO - 127.0.0.1 - - [11/Mar/2024 00:06:00] "GET /getTeamScript/29 HTTP/1.1" 200 -
2024-03-11 00:15:09,712 - INFO - 127.0.0.1 - - [11/Mar/2024 00:15:09] "OPTIONS /saveTestEvents HTTP/1.1" 200 -
2024-03-11 00:15:10,040 - INFO - 127.0.0.1 - - [11/Mar/2024 00:15:10] "[35m[1mPOST /saveTestEvents HTTP/1.1[0m" 201 -
2024-03-11 00:15:12,976 - INFO - 127.0.0.1 - - [11/Mar/2024 00:15:12] "GET /getTeamScript/29 HTTP/1.1" 200 -
2024-03-11 00:15:13,292 - INFO - 127.0.0.1 - - [11/Mar/2024 00:15:13] "GET /getTeamScript/29 HTTP/1.1" 200 -
2024-03-11 00:15:15,633 - INFO - 127.0.0.1 - - [11/Mar/2024 00:15:15] "GET /getTestCases?testeventID=271 HTTP/1.1" 200 -
2024-03-11 00:15:15,636 - INFO - 127.0.0.1 - - [11/Mar/2024 00:15:15] "GET /testEventName?testeventID=271 HTTP/1.1" 200 -
2024-03-11 00:15:15,888 - INFO - 127.0.0.1 - - [11/Mar/2024 00:15:15] "GET /getTestCases?testeventID=271 HTTP/1.1" 200 -
2024-03-11 00:15:15,942 - INFO - 127.0.0.1 - - [11/Mar/2024 00:15:15] "GET /testEventName?testeventID=271 HTTP/1.1" 200 -
2024-03-11 00:15:25,494 - INFO - 127.0.0.1 - - [11/Mar/2024 00:15:25] "GET /getTeamScript/29 HTTP/1.1" 200 -
2024-03-11 00:15:25,804 - INFO - 127.0.0.1 - - [11/Mar/2024 00:15:25] "GET /getTeamScript/29 HTTP/1.1" 200 -
2024-03-14 17:33:49,060 - INFO - [31m[1mWARNING: This is a development server. Do not use it in a production deployment. Use a production WSGI server instead.[0m
 * Running on all addresses (0.0.0.0)
 * Running on http://127.0.0.1:5000
 * Running on http://192.168.10.34:5000
2024-03-14 17:33:49,064 - INFO - [33mPress CTRL+C to quit[0m
2024-03-14 17:33:49,065 - INFO -  * Restarting with stat
2024-03-14 17:33:50,039 - WARNING -  * Debugger is active!
2024-03-14 17:33:50,039 - INFO -  * Debugger PIN: 113-089-838
2024-03-14 17:34:44,548 - INFO - 127.0.0.1 - - [14/Mar/2024 17:34:44] "OPTIONS /login HTTP/1.1" 200 -
2024-03-14 17:34:45,002 - INFO - 127.0.0.1 - - [14/Mar/2024 17:34:45] "POST /login HTTP/1.1" 200 -
2024-03-14 17:34:45,036 - INFO - 127.0.0.1 - - [14/Mar/2024 17:34:45] "OPTIONS /getUserTeams/31 HTTP/1.1" 200 -
2024-03-14 17:34:45,339 - INFO - 127.0.0.1 - - [14/Mar/2024 17:34:45] "OPTIONS /getUserTeams/31 HTTP/1.1" 200 -
2024-03-14 17:34:45,364 - INFO - 127.0.0.1 - - [14/Mar/2024 17:34:45] "GET /getUserTeams/31 HTTP/1.1" 200 -
2024-03-14 17:34:45,687 - INFO - 127.0.0.1 - - [14/Mar/2024 17:34:45] "GET /getUserTeams/31 HTTP/1.1" 200 -
2024-03-14 17:34:46,570 - INFO - 127.0.0.1 - - [14/Mar/2024 17:34:46] "GET /getTeamMembers/29 HTTP/1.1" 200 -
2024-03-14 17:34:46,826 - INFO - 127.0.0.1 - - [14/Mar/2024 17:34:46] "GET /getTeamMembers/29 HTTP/1.1" 200 -
2024-03-14 17:34:46,901 - INFO - 127.0.0.1 - - [14/Mar/2024 17:34:46] "GET /tasklists/29 HTTP/1.1" 200 -
2024-03-14 17:34:46,906 - INFO - 127.0.0.1 - - [14/Mar/2024 17:34:46] "GET /tasklists/29 HTTP/1.1" 200 -
2024-03-14 17:34:48,655 - INFO - 127.0.0.1 - - [14/Mar/2024 17:34:48] "GET /getTeamScript/29 HTTP/1.1" 200 -
2024-03-14 17:34:48,897 - INFO - 127.0.0.1 - - [14/Mar/2024 17:34:48] "GET /getTeamScript/29 HTTP/1.1" 200 -
2024-03-14 17:35:10,022 - INFO - 127.0.0.1 - - [14/Mar/2024 17:35:10] "OPTIONS /runTestEvents HTTP/1.1" 200 -
2024-03-14 17:35:10,077 - INFO - ====== WebDriver manager ======
2024-03-14 17:35:10,808 - INFO - Get LATEST chromedriver version for google-chrome
2024-03-14 17:35:10,814 - INFO - Get LATEST chromedriver version for google-chrome
2024-03-14 17:35:10,815 - INFO - There is no [win64] chromedriver "122.0.6261.128" for browser google-chrome "122.0.6261.128" in cache
2024-03-14 17:35:10,815 - INFO - Get LATEST chromedriver version for google-chrome
2024-03-14 17:35:12,822 - INFO - WebDriver version 122.0.6261.128 selected
2024-03-14 17:35:12,822 - INFO - Modern chrome version https://storage.googleapis.com/chrome-for-testing-public/122.0.6261.128/win32/chromedriver-win32.zip
2024-03-14 17:35:12,822 - INFO - About to download new driver from https://storage.googleapis.com/chrome-for-testing-public/122.0.6261.128/win32/chromedriver-win32.zip
2024-03-14 17:35:13,718 - INFO - Driver downloading response is 200
2024-03-14 17:35:25,083 - INFO - Get LATEST chromedriver version for google-chrome
2024-03-14 17:35:25,180 - INFO - Driver has been saved in cache [C:\Users\hongj\.wdm\drivers\chromedriver\win64\122.0.6261.128]
2024-03-14 17:35:33,124 - INFO - 127.0.0.1 - - [14/Mar/2024 17:35:33] "[35m[1mPOST /runTestEvents HTTP/1.1[0m" 201 -
2024-03-14 17:35:33,504 - INFO - 127.0.0.1 - - [14/Mar/2024 17:35:33] "GET /test-report/176 HTTP/1.1" 200 -
2024-03-14 17:35:33,749 - INFO - 127.0.0.1 - - [14/Mar/2024 17:35:33] "GET /test-report/176 HTTP/1.1" 200 -
2024-03-14 17:35:33,818 - INFO - 127.0.0.1 - - [14/Mar/2024 17:35:33] "GET /getTeamMembers/29 HTTP/1.1" 200 -
2024-03-14 17:35:33,845 - INFO - 127.0.0.1 - - [14/Mar/2024 17:35:33] "GET /getTeamMembers/29 HTTP/1.1" 200 -
2024-03-14 17:35:44,272 - INFO - 127.0.0.1 - - [14/Mar/2024 17:35:44] "GET /getTestCases?testeventID=272 HTTP/1.1" 200 -
2024-03-14 17:35:44,562 - INFO - 127.0.0.1 - - [14/Mar/2024 17:35:44] "GET /testEventName?testeventID=272 HTTP/1.1" 200 -
2024-03-14 17:35:44,580 - INFO - 127.0.0.1 - - [14/Mar/2024 17:35:44] "GET /getTestCases?testeventID=272 HTTP/1.1" 200 -
2024-03-14 17:35:44,878 - INFO - 127.0.0.1 - - [14/Mar/2024 17:35:44] "GET /testEventName?testeventID=272 HTTP/1.1" 200 -
2024-03-14 17:36:41,084 - INFO - 127.0.0.1 - - [14/Mar/2024 17:36:41] "OPTIONS /runTestEvents HTTP/1.1" 200 -
2024-03-14 17:36:41,401 - INFO - 127.0.0.1 - - [14/Mar/2024 17:36:41] "[31m[1mPOST /runTestEvents HTTP/1.1[0m" 400 -
2024-03-14 17:50:50,190 - INFO -  * Detected change in 'D:\\ÍùÆÚÑ§Ï°×ÊÁÏ+±Ê¼Ç\\final project\\final\\dissertation-UI-test-platform\\backend\\app\\test_cases.py', reloading
2024-03-14 17:50:50,346 - INFO -  * Restarting with stat
2024-03-14 17:50:51,168 - WARNING -  * Debugger is active!
2024-03-14 17:50:51,172 - INFO -  * Debugger PIN: 113-089-838
2024-03-14 18:39:14,859 - INFO - 127.0.0.1 - - [14/Mar/2024 18:39:14] "OPTIONS /runTestEvents HTTP/1.1" 200 -
2024-03-14 18:39:15,206 - INFO - 127.0.0.1 - - [14/Mar/2024 18:39:15] "[31m[1mPOST /runTestEvents HTTP/1.1[0m" 400 -
2024-03-14 18:40:16,773 - INFO -  * Detected change in 'D:\\ÍùÆÚÑ§Ï°×ÊÁÏ+±Ê¼Ç\\final project\\final\\dissertation-UI-test-platform\\backend\\app\\test_cases.py', reloading
2024-03-14 18:40:16,917 - INFO -  * Restarting with stat
2024-03-14 18:40:17,853 - WARNING -  * Debugger is active!
2024-03-14 18:40:17,853 - INFO -  * Debugger PIN: 113-089-838
2024-03-14 18:40:19,323 - INFO - 127.0.0.1 - - [14/Mar/2024 18:40:19] "OPTIONS /runTestEvents HTTP/1.1" 200 -
2024-03-14 18:40:19,666 - INFO - 127.0.0.1 - - [14/Mar/2024 18:40:19] "[31m[1mPOST /runTestEvents HTTP/1.1[0m" 400 -
2024-03-14 18:40:38,602 - INFO -  * Detected change in 'D:\\ÍùÆÚÑ§Ï°×ÊÁÏ+±Ê¼Ç\\final project\\final\\dissertation-UI-test-platform\\backend\\app\\test_cases.py', reloading
2024-03-14 18:40:38,748 - INFO -  * Restarting with stat
2024-03-14 18:40:39,599 - WARNING -  * Debugger is active!
2024-03-14 18:40:39,600 - INFO -  * Debugger PIN: 113-089-838
2024-03-14 18:41:24,266 - INFO -  * Detected change in 'D:\\ÍùÆÚÑ§Ï°×ÊÁÏ+±Ê¼Ç\\final project\\final\\dissertation-UI-test-platform\\backend\\app\\test_cases.py', reloading
2024-03-14 18:41:24,393 - INFO -  * Restarting with stat
2024-03-14 18:41:25,240 - WARNING -  * Debugger is active!
2024-03-14 18:41:25,240 - INFO -  * Debugger PIN: 113-089-838
2024-03-14 18:41:41,384 - INFO -  * Detected change in 'D:\\ÍùÆÚÑ§Ï°×ÊÁÏ+±Ê¼Ç\\final project\\final\\dissertation-UI-test-platform\\backend\\app\\routes.py', reloading
2024-03-14 18:41:41,516 - INFO -  * Restarting with stat
2024-03-14 18:41:42,353 - WARNING -  * Debugger is active!
2024-03-14 18:41:42,356 - INFO -  * Debugger PIN: 113-089-838
2024-03-14 18:41:45,276 - INFO - 127.0.0.1 - - [14/Mar/2024 18:41:45] "OPTIONS /runTestEvents HTTP/1.1" 200 -
2024-03-14 18:41:45,609 - INFO - 127.0.0.1 - - [14/Mar/2024 18:41:45] "[31m[1mPOST /runTestEvents HTTP/1.1[0m" 400 -
2024-03-14 18:42:20,206 - INFO -  * Detected change in 'D:\\ÍùÆÚÑ§Ï°×ÊÁÏ+±Ê¼Ç\\final project\\final\\dissertation-UI-test-platform\\backend\\app\\routes.py', reloading
2024-03-14 18:42:20,338 - INFO -  * Restarting with stat
2024-03-14 18:42:21,312 - WARNING -  * Debugger is active!
2024-03-14 18:42:21,313 - INFO -  * Debugger PIN: 113-089-838
2024-03-14 18:42:26,250 - INFO - 127.0.0.1 - - [14/Mar/2024 18:42:26] "OPTIONS /runTestEvents HTTP/1.1" 200 -
2024-03-14 18:42:26,582 - INFO - 127.0.0.1 - - [14/Mar/2024 18:42:26] "[31m[1mPOST /runTestEvents HTTP/1.1[0m" 400 -
2024-03-14 18:42:58,031 - INFO -  * Detected change in 'D:\\ÍùÆÚÑ§Ï°×ÊÁÏ+±Ê¼Ç\\final project\\final\\dissertation-UI-test-platform\\backend\\app\\routes.py', reloading
2024-03-14 18:42:58,170 - INFO -  * Restarting with stat
2024-03-14 18:42:59,040 - WARNING -  * Debugger is active!
2024-03-14 18:42:59,042 - INFO -  * Debugger PIN: 113-089-838
2024-03-14 18:43:01,076 - INFO - 127.0.0.1 - - [14/Mar/2024 18:43:01] "OPTIONS /runTestEvents HTTP/1.1" 200 -
2024-03-14 18:43:01,414 - INFO - 127.0.0.1 - - [14/Mar/2024 18:43:01] "[31m[1mPOST /runTestEvents HTTP/1.1[0m" 400 -
2024-03-14 18:43:54,718 - INFO - 127.0.0.1 - - [14/Mar/2024 18:43:54] "OPTIONS /runTestEvents HTTP/1.1" 200 -
2024-03-14 18:43:54,725 - INFO - 127.0.0.1 - - [14/Mar/2024 18:43:54] "[31m[1mPOST /runTestEvents HTTP/1.1[0m" 400 -
2024-03-14 18:44:06,577 - INFO - 127.0.0.1 - - [14/Mar/2024 18:44:06] "GET /test-report/176 HTTP/1.1" 200 -
2024-03-14 18:44:06,830 - INFO - 127.0.0.1 - - [14/Mar/2024 18:44:06] "GET /test-report/176 HTTP/1.1" 200 -
2024-03-14 18:44:06,893 - INFO - 127.0.0.1 - - [14/Mar/2024 18:44:06] "GET /getTeamMembers/29 HTTP/1.1" 200 -
2024-03-14 18:44:06,899 - INFO - 127.0.0.1 - - [14/Mar/2024 18:44:06] "GET /getTeamMembers/29 HTTP/1.1" 200 -
2024-03-14 18:45:02,763 - INFO - 127.0.0.1 - - [14/Mar/2024 18:45:02] "OPTIONS /runTestEvents HTTP/1.1" 200 -
2024-03-14 18:45:03,091 - INFO - ====== WebDriver manager ======
2024-03-14 18:45:03,774 - INFO - Get LATEST chromedriver version for google-chrome
2024-03-14 18:45:03,784 - INFO - Get LATEST chromedriver version for google-chrome
2024-03-14 18:45:03,784 - INFO - There is no [win64] chromedriver "122.0.6261.128" for browser google-chrome "122.0.6261.128" in cache
2024-03-14 18:45:03,784 - INFO - Get LATEST chromedriver version for google-chrome
2024-03-14 18:45:04,557 - INFO - WebDriver version 122.0.6261.128 selected
2024-03-14 18:45:04,558 - INFO - Modern chrome version https://storage.googleapis.com/chrome-for-testing-public/122.0.6261.128/win32/chromedriver-win32.zip
2024-03-14 18:45:04,558 - INFO - About to download new driver from https://storage.googleapis.com/chrome-for-testing-public/122.0.6261.128/win32/chromedriver-win32.zip
2024-03-14 18:45:05,472 - INFO - Driver downloading response is 200
2024-03-14 18:45:10,899 - INFO - Get LATEST chromedriver version for google-chrome
2024-03-14 18:45:10,983 - INFO - Driver has been saved in cache [C:\Users\hongj\.wdm\drivers\chromedriver\win64\122.0.6261.128]
2024-03-14 18:45:18,711 - INFO - 127.0.0.1 - - [14/Mar/2024 18:45:18] "[35m[1mPOST /runTestEvents HTTP/1.1[0m" 201 -
2024-03-14 18:45:19,078 - INFO - 127.0.0.1 - - [14/Mar/2024 18:45:19] "GET /test-report/177 HTTP/1.1" 200 -
2024-03-14 18:45:19,327 - INFO - 127.0.0.1 - - [14/Mar/2024 18:45:19] "GET /test-report/177 HTTP/1.1" 200 -
2024-03-14 18:45:19,392 - INFO - 127.0.0.1 - - [14/Mar/2024 18:45:19] "GET /getTeamMembers/29 HTTP/1.1" 200 -
2024-03-14 18:45:19,406 - INFO - 127.0.0.1 - - [14/Mar/2024 18:45:19] "GET /getTeamMembers/29 HTTP/1.1" 200 -
2024-03-14 18:45:54,689 - INFO - 127.0.0.1 - - [14/Mar/2024 18:45:54] "OPTIONS /runTestEvents HTTP/1.1" 200 -
2024-03-14 18:45:54,701 - INFO - ====== WebDriver manager ======
2024-03-14 18:45:55,368 - INFO - Get LATEST chromedriver version for google-chrome
2024-03-14 18:45:55,368 - INFO - Get LATEST chromedriver version for google-chrome
2024-03-14 18:45:55,368 - INFO - There is no [win64] chromedriver "122.0.6261.128" for browser google-chrome "122.0.6261.128" in cache
2024-03-14 18:45:55,368 - INFO - Get LATEST chromedriver version for google-chrome
2024-03-14 18:45:56,161 - INFO - WebDriver version 122.0.6261.128 selected
2024-03-14 18:45:56,163 - INFO - Modern chrome version https://storage.googleapis.com/chrome-for-testing-public/122.0.6261.128/win32/chromedriver-win32.zip
2024-03-14 18:45:56,163 - INFO - About to download new driver from https://storage.googleapis.com/chrome-for-testing-public/122.0.6261.128/win32/chromedriver-win32.zip
2024-03-14 18:45:56,614 - INFO - Driver downloading response is 200
2024-03-14 18:46:01,074 - INFO - Get LATEST chromedriver version for google-chrome
2024-03-14 18:46:01,180 - INFO - Driver has been saved in cache [C:\Users\hongj\.wdm\drivers\chromedriver\win64\122.0.6261.128]
2024-03-14 18:46:10,203 - INFO - 127.0.0.1 - - [14/Mar/2024 18:46:10] "[35m[1mPOST /runTestEvents HTTP/1.1[0m" 201 -
2024-03-14 18:46:10,568 - INFO - 127.0.0.1 - - [14/Mar/2024 18:46:10] "GET /test-report/178 HTTP/1.1" 200 -
2024-03-14 18:46:10,809 - INFO - 127.0.0.1 - - [14/Mar/2024 18:46:10] "GET /test-report/178 HTTP/1.1" 200 -
2024-03-14 18:46:10,880 - INFO - 127.0.0.1 - - [14/Mar/2024 18:46:10] "GET /getTeamMembers/29 HTTP/1.1" 200 -
2024-03-14 18:46:10,901 - INFO - 127.0.0.1 - - [14/Mar/2024 18:46:10] "GET /getTeamMembers/29 HTTP/1.1" 200 -
2024-03-14 18:47:05,320 - INFO - 127.0.0.1 - - [14/Mar/2024 18:47:05] "OPTIONS /runTestEvents HTTP/1.1" 200 -
2024-03-14 18:47:05,640 - INFO - ====== WebDriver manager ======
2024-03-14 18:47:06,386 - INFO - Get LATEST chromedriver version for google-chrome
2024-03-14 18:47:06,386 - INFO - Get LATEST chromedriver version for google-chrome
2024-03-14 18:47:06,386 - INFO - There is no [win64] chromedriver "122.0.6261.128" for browser google-chrome "122.0.6261.128" in cache
2024-03-14 18:47:06,386 - INFO - Get LATEST chromedriver version for google-chrome
2024-03-14 18:47:06,955 - INFO - WebDriver version 122.0.6261.128 selected
2024-03-14 18:47:06,955 - INFO - Modern chrome version https://storage.googleapis.com/chrome-for-testing-public/122.0.6261.128/win32/chromedriver-win32.zip
2024-03-14 18:47:06,955 - INFO - About to download new driver from https://storage.googleapis.com/chrome-for-testing-public/122.0.6261.128/win32/chromedriver-win32.zip
2024-03-14 18:47:07,430 - INFO - Driver downloading response is 200
2024-03-14 18:47:13,368 - INFO - Get LATEST chromedriver version for google-chrome
2024-03-14 18:47:13,451 - INFO - Driver has been saved in cache [C:\Users\hongj\.wdm\drivers\chromedriver\win64\122.0.6261.128]
2024-03-14 18:47:22,559 - INFO - 127.0.0.1 - - [14/Mar/2024 18:47:22] "[35m[1mPOST /runTestEvents HTTP/1.1[0m" 201 -
2024-03-14 18:47:22,923 - INFO - 127.0.0.1 - - [14/Mar/2024 18:47:22] "GET /test-report/179 HTTP/1.1" 200 -
2024-03-14 18:47:23,176 - INFO - 127.0.0.1 - - [14/Mar/2024 18:47:23] "GET /test-report/179 HTTP/1.1" 200 -
2024-03-14 18:47:23,234 - INFO - 127.0.0.1 - - [14/Mar/2024 18:47:23] "GET /getTeamMembers/29 HTTP/1.1" 200 -
2024-03-14 18:47:23,244 - INFO - 127.0.0.1 - - [14/Mar/2024 18:47:23] "GET /getTeamMembers/29 HTTP/1.1" 200 -
2024-03-14 18:48:24,768 - INFO - 127.0.0.1 - - [14/Mar/2024 18:48:24] "OPTIONS /runTestEvents HTTP/1.1" 200 -
2024-03-14 18:48:25,090 - INFO - ====== WebDriver manager ======
2024-03-14 18:48:25,735 - INFO - Get LATEST chromedriver version for google-chrome
2024-03-14 18:48:25,735 - INFO - Get LATEST chromedriver version for google-chrome
2024-03-14 18:48:25,735 - INFO - There is no [win64] chromedriver "122.0.6261.128" for browser google-chrome "122.0.6261.128" in cache
2024-03-14 18:48:25,735 - INFO - Get LATEST chromedriver version for google-chrome
2024-03-14 18:48:26,525 - INFO - WebDriver version 122.0.6261.128 selected
2024-03-14 18:48:26,526 - INFO - Modern chrome version https://storage.googleapis.com/chrome-for-testing-public/122.0.6261.128/win32/chromedriver-win32.zip
2024-03-14 18:48:26,526 - INFO - About to download new driver from https://storage.googleapis.com/chrome-for-testing-public/122.0.6261.128/win32/chromedriver-win32.zip
2024-03-14 18:48:26,995 - INFO - Driver downloading response is 200
2024-03-14 18:48:31,558 - INFO - Get LATEST chromedriver version for google-chrome
2024-03-14 18:48:31,651 - INFO - Driver has been saved in cache [C:\Users\hongj\.wdm\drivers\chromedriver\win64\122.0.6261.128]
2024-03-14 18:48:40,615 - INFO - 127.0.0.1 - - [14/Mar/2024 18:48:40] "[35m[1mPOST /runTestEvents HTTP/1.1[0m" 201 -
2024-03-14 18:48:40,679 - INFO - 127.0.0.1 - - [14/Mar/2024 18:48:40] "GET /test-report/180 HTTP/1.1" 200 -
2024-03-14 18:48:40,986 - INFO - 127.0.0.1 - - [14/Mar/2024 18:48:40] "GET /test-report/180 HTTP/1.1" 200 -
2024-03-14 18:48:41,008 - INFO - 127.0.0.1 - - [14/Mar/2024 18:48:41] "GET /getTeamMembers/29 HTTP/1.1" 200 -
2024-03-14 18:48:41,317 - INFO - 127.0.0.1 - - [14/Mar/2024 18:48:41] "GET /getTeamMembers/29 HTTP/1.1" 200 -
2024-03-14 18:49:27,725 - INFO - 127.0.0.1 - - [14/Mar/2024 18:49:27] "OPTIONS /runTestEvents HTTP/1.1" 200 -
2024-03-14 18:49:28,044 - INFO - ====== WebDriver manager ======
2024-03-14 18:49:28,797 - INFO - Get LATEST chromedriver version for google-chrome
2024-03-14 18:49:28,798 - INFO - Get LATEST chromedriver version for google-chrome
2024-03-14 18:49:28,798 - INFO - There is no [win64] chromedriver "122.0.6261.128" for browser google-chrome "122.0.6261.128" in cache
2024-03-14 18:49:28,798 - INFO - Get LATEST chromedriver version for google-chrome
2024-03-14 18:49:30,290 - INFO - WebDriver version 122.0.6261.128 selected
2024-03-14 18:49:30,290 - INFO - Modern chrome version https://storage.googleapis.com/chrome-for-testing-public/122.0.6261.128/win32/chromedriver-win32.zip
2024-03-14 18:49:30,290 - INFO - About to download new driver from https://storage.googleapis.com/chrome-for-testing-public/122.0.6261.128/win32/chromedriver-win32.zip
2024-03-14 18:49:31,563 - INFO - Driver downloading response is 200
2024-03-14 18:49:36,621 - INFO - Get LATEST chromedriver version for google-chrome
2024-03-14 18:49:36,726 - INFO - Driver has been saved in cache [C:\Users\hongj\.wdm\drivers\chromedriver\win64\122.0.6261.128]
2024-03-14 18:49:46,450 - INFO - 127.0.0.1 - - [14/Mar/2024 18:49:46] "[35m[1mPOST /runTestEvents HTTP/1.1[0m" 201 -
2024-03-14 18:49:46,515 - INFO - 127.0.0.1 - - [14/Mar/2024 18:49:46] "GET /test-report/181 HTTP/1.1" 200 -
2024-03-14 18:49:46,832 - INFO - 127.0.0.1 - - [14/Mar/2024 18:49:46] "GET /test-report/181 HTTP/1.1" 200 -
2024-03-14 18:49:46,842 - INFO - 127.0.0.1 - - [14/Mar/2024 18:49:46] "GET /getTeamMembers/29 HTTP/1.1" 200 -
2024-03-14 18:49:47,151 - INFO - 127.0.0.1 - - [14/Mar/2024 18:49:47] "GET /getTeamMembers/29 HTTP/1.1" 200 -
2024-03-14 18:50:25,619 - INFO - 127.0.0.1 - - [14/Mar/2024 18:50:25] "OPTIONS /runTestEvents HTTP/1.1" 200 -
2024-03-14 18:50:25,628 - INFO - ====== WebDriver manager ======
2024-03-14 18:50:26,302 - INFO - Get LATEST chromedriver version for google-chrome
2024-03-14 18:50:26,309 - INFO - Get LATEST chromedriver version for google-chrome
2024-03-14 18:50:26,309 - INFO - There is no [win64] chromedriver "122.0.6261.128" for browser google-chrome "122.0.6261.128" in cache
2024-03-14 18:50:26,309 - INFO - Get LATEST chromedriver version for google-chrome
2024-03-14 18:50:26,527 - INFO - 127.0.0.1 - - [14/Mar/2024 18:50:26] "[35m[1mPOST /runTestEvents HTTP/1.1[0m" 201 -
2024-03-14 18:50:26,642 - INFO - 127.0.0.1 - - [14/Mar/2024 18:50:26] "GET /test-report/182 HTTP/1.1" 200 -
2024-03-14 18:50:27,034 - INFO - 127.0.0.1 - - [14/Mar/2024 18:50:27] "GET /test-report/182 HTTP/1.1" 200 -
2024-03-14 18:50:27,039 - INFO - 127.0.0.1 - - [14/Mar/2024 18:50:27] "GET /getTeamMembers/29 HTTP/1.1" 200 -
2024-03-14 18:50:27,363 - INFO - 127.0.0.1 - - [14/Mar/2024 18:50:27] "GET /getTeamMembers/29 HTTP/1.1" 200 -
2024-03-14 18:50:41,870 - INFO - 127.0.0.1 - - [14/Mar/2024 18:50:41] "GET /getTestCases?testeventID=285 HTTP/1.1" 200 -
2024-03-14 18:50:42,173 - INFO - 127.0.0.1 - - [14/Mar/2024 18:50:42] "GET /testEventName?testeventID=285 HTTP/1.1" 200 -
2024-03-14 18:50:42,179 - INFO - 127.0.0.1 - - [14/Mar/2024 18:50:42] "GET /getTestCases?testeventID=285 HTTP/1.1" 200 -
2024-03-14 18:50:42,486 - INFO - 127.0.0.1 - - [14/Mar/2024 18:50:42] "GET /testEventName?testeventID=285 HTTP/1.1" 200 -
2024-03-14 18:50:44,978 - INFO - 127.0.0.1 - - [14/Mar/2024 18:50:44] "GET /test-report/182 HTTP/1.1" 200 -
2024-03-14 18:50:45,245 - INFO - 127.0.0.1 - - [14/Mar/2024 18:50:45] "GET /test-report/182 HTTP/1.1" 200 -
2024-03-14 18:50:45,298 - INFO - 127.0.0.1 - - [14/Mar/2024 18:50:45] "GET /getTeamMembers/29 HTTP/1.1" 200 -
2024-03-14 18:50:45,313 - INFO - 127.0.0.1 - - [14/Mar/2024 18:50:45] "GET /getTeamMembers/29 HTTP/1.1" 200 -
2024-03-14 18:50:48,467 - INFO - 127.0.0.1 - - [14/Mar/2024 18:50:48] "GET /getTeamScript/29 HTTP/1.1" 200 -
2024-03-14 18:50:48,776 - INFO - 127.0.0.1 - - [14/Mar/2024 18:50:48] "GET /getTeamScript/29 HTTP/1.1" 200 -
2024-03-14 18:50:54,583 - INFO - 127.0.0.1 - - [14/Mar/2024 18:50:54] "GET /getTeamScript/29 HTTP/1.1" 200 -
2024-03-14 18:50:54,835 - INFO - 127.0.0.1 - - [14/Mar/2024 18:50:54] "GET /getTeamScript/29 HTTP/1.1" 200 -
2024-03-14 18:51:08,575 - INFO - 127.0.0.1 - - [14/Mar/2024 18:51:08] "OPTIONS /searchTestReport HTTP/1.1" 200 -
2024-03-14 18:51:08,880 - INFO - 127.0.0.1 - - [14/Mar/2024 18:51:08] "OPTIONS /searchTestReport HTTP/1.1" 200 -
2024-03-14 18:51:08,885 - INFO - 127.0.0.1 - - [14/Mar/2024 18:51:08] "POST /searchTestReport HTTP/1.1" 200 -
2024-03-14 18:51:09,132 - INFO - 127.0.0.1 - - [14/Mar/2024 18:51:09] "POST /searchTestReport HTTP/1.1" 200 -
2024-03-14 18:51:09,870 - INFO - 127.0.0.1 - - [14/Mar/2024 18:51:09] "GET /test-report/175 HTTP/1.1" 200 -
2024-03-14 18:51:10,110 - INFO - 127.0.0.1 - - [14/Mar/2024 18:51:10] "GET /test-report/175 HTTP/1.1" 200 -
2024-03-14 18:51:10,190 - INFO - 127.0.0.1 - - [14/Mar/2024 18:51:10] "GET /getTeamMembers/29 HTTP/1.1" 200 -
2024-03-14 18:51:10,205 - INFO - 127.0.0.1 - - [14/Mar/2024 18:51:10] "GET /getTeamMembers/29 HTTP/1.1" 200 -
2024-03-14 18:51:13,891 - INFO - 127.0.0.1 - - [14/Mar/2024 18:51:13] "OPTIONS /searchTestReport HTTP/1.1" 200 -
2024-03-14 18:51:13,896 - INFO - 127.0.0.1 - - [14/Mar/2024 18:51:13] "POST /searchTestReport HTTP/1.1" 200 -
2024-03-14 18:51:14,197 - INFO - 127.0.0.1 - - [14/Mar/2024 18:51:14] "OPTIONS /searchTestReport HTTP/1.1" 200 -
2024-03-14 18:51:14,508 - INFO - 127.0.0.1 - - [14/Mar/2024 18:51:14] "POST /searchTestReport HTTP/1.1" 200 -
2024-03-14 18:51:15,381 - INFO - 127.0.0.1 - - [14/Mar/2024 18:51:15] "GET /getTeamScript/29 HTTP/1.1" 200 -
2024-03-14 18:51:15,648 - INFO - 127.0.0.1 - - [14/Mar/2024 18:51:15] "GET /getTeamScript/29 HTTP/1.1" 200 -
2024-03-14 18:51:16,350 - INFO - 127.0.0.1 - - [14/Mar/2024 18:51:16] "POST /searchTestReport HTTP/1.1" 200 -
2024-03-14 18:51:16,657 - INFO - 127.0.0.1 - - [14/Mar/2024 18:51:16] "POST /searchTestReport HTTP/1.1" 200 -
2024-03-14 18:51:19,521 - INFO - 127.0.0.1 - - [14/Mar/2024 18:51:19] "GET /getTeamScript/29 HTTP/1.1" 200 -
2024-03-14 18:51:19,824 - INFO - 127.0.0.1 - - [14/Mar/2024 18:51:19] "GET /getTeamScript/29 HTTP/1.1" 200 -
2024-03-14 18:51:23,681 - INFO - 127.0.0.1 - - [14/Mar/2024 18:51:23] "OPTIONS /searchTestReport HTTP/1.1" 200 -
2024-03-14 18:51:23,681 - INFO - 127.0.0.1 - - [14/Mar/2024 18:51:23] "OPTIONS /searchTestReport HTTP/1.1" 200 -
2024-03-14 18:51:23,999 - INFO - 127.0.0.1 - - [14/Mar/2024 18:51:23] "POST /searchTestReport HTTP/1.1" 200 -
2024-03-14 18:51:24,000 - INFO - 127.0.0.1 - - [14/Mar/2024 18:51:24] "POST /searchTestReport HTTP/1.1" 200 -
2024-03-14 18:51:24,495 - INFO - 127.0.0.1 - - [14/Mar/2024 18:51:24] "GET /test-report/176 HTTP/1.1" 200 -
2024-03-14 18:51:24,807 - INFO - 127.0.0.1 - - [14/Mar/2024 18:51:24] "GET /test-report/176 HTTP/1.1" 200 -
2024-03-14 18:51:24,834 - INFO - 127.0.0.1 - - [14/Mar/2024 18:51:24] "GET /getTeamMembers/29 HTTP/1.1" 200 -
2024-03-14 18:51:25,149 - INFO - 127.0.0.1 - - [14/Mar/2024 18:51:25] "GET /getTeamMembers/29 HTTP/1.1" 200 -
2024-03-14 18:51:25,909 - INFO - 127.0.0.1 - - [14/Mar/2024 18:51:25] "POST /searchTestReport HTTP/1.1" 200 -
2024-03-14 18:51:26,212 - INFO - 127.0.0.1 - - [14/Mar/2024 18:51:26] "POST /searchTestReport HTTP/1.1" 200 -
2024-03-14 18:51:27,749 - INFO - 127.0.0.1 - - [14/Mar/2024 18:51:27] "GET /getTeamScript/29 HTTP/1.1" 200 -
2024-03-14 18:51:28,005 - INFO - 127.0.0.1 - - [14/Mar/2024 18:51:28] "GET /getTeamScript/29 HTTP/1.1" 200 -
2024-03-14 18:51:29,667 - INFO - 127.0.0.1 - - [14/Mar/2024 18:51:29] "OPTIONS /searchTestReport HTTP/1.1" 200 -
2024-03-14 18:51:29,970 - INFO - 127.0.0.1 - - [14/Mar/2024 18:51:29] "OPTIONS /searchTestReport HTTP/1.1" 200 -
2024-03-14 18:51:29,975 - INFO - 127.0.0.1 - - [14/Mar/2024 18:51:29] "POST /searchTestReport HTTP/1.1" 200 -
2024-03-14 18:51:30,231 - INFO - 127.0.0.1 - - [14/Mar/2024 18:51:30] "POST /searchTestReport HTTP/1.1" 200 -
2024-03-14 18:51:31,058 - INFO - 127.0.0.1 - - [14/Mar/2024 18:51:31] "GET /test-report/182 HTTP/1.1" 200 -
2024-03-14 18:51:31,312 - INFO - 127.0.0.1 - - [14/Mar/2024 18:51:31] "GET /test-report/182 HTTP/1.1" 200 -
2024-03-14 18:51:31,373 - INFO - 127.0.0.1 - - [14/Mar/2024 18:51:31] "GET /getTeamMembers/29 HTTP/1.1" 200 -
2024-03-14 18:51:31,382 - INFO - 127.0.0.1 - - [14/Mar/2024 18:51:31] "GET /getTeamMembers/29 HTTP/1.1" 200 -
2024-03-14 18:51:33,143 - INFO - 127.0.0.1 - - [14/Mar/2024 18:51:33] "POST /searchTestReport HTTP/1.1" 200 -
2024-03-14 18:51:33,457 - INFO - 127.0.0.1 - - [14/Mar/2024 18:51:33] "POST /searchTestReport HTTP/1.1" 200 -
2024-03-14 18:51:33,795 - INFO - 127.0.0.1 - - [14/Mar/2024 18:51:33] "GET /getTeamScript/29 HTTP/1.1" 200 -
2024-03-14 18:51:34,102 - INFO - 127.0.0.1 - - [14/Mar/2024 18:51:34] "GET /getTeamScript/29 HTTP/1.1" 200 -
2024-03-14 18:51:34,899 - INFO - 127.0.0.1 - - [14/Mar/2024 18:51:34] "POST /searchTestReport HTTP/1.1" 200 -
2024-03-14 18:51:34,899 - INFO - 127.0.0.1 - - [14/Mar/2024 18:51:34] "POST /searchTestReport HTTP/1.1" 200 -
2024-03-14 18:51:36,132 - INFO - 127.0.0.1 - - [14/Mar/2024 18:51:36] "GET /getTeamScript/29 HTTP/1.1" 200 -
2024-03-14 18:51:36,378 - INFO - 127.0.0.1 - - [14/Mar/2024 18:51:36] "GET /getTeamScript/29 HTTP/1.1" 200 -
2024-03-14 20:16:10,188 - INFO -  * Detected change in 'D:\\ÍùÆÚÑ§Ï°×ÊÁÏ+±Ê¼Ç\\final project\\final\\dissertation-UI-test-platform\\backend\\app\\test_cases.py', reloading
2024-03-14 20:16:10,391 - INFO -  * Restarting with stat
2024-03-14 20:16:11,284 - WARNING -  * Debugger is active!
2024-03-14 20:16:11,286 - INFO -  * Debugger PIN: 113-089-838
2024-03-14 20:54:55,531 - INFO -  * Detected change in 'D:\\ÍùÆÚÑ§Ï°×ÊÁÏ+±Ê¼Ç\\final project\\final\\dissertation-UI-test-platform\\backend\\app\\test_cases.py', reloading
2024-03-14 20:54:55,658 - INFO -  * Restarting with stat
2024-03-14 20:54:56,513 - WARNING -  * Debugger is active!
2024-03-14 20:54:56,515 - INFO -  * Debugger PIN: 113-089-838
2024-03-21 13:21:12,580 - INFO - [31m[1mWARNING: This is a development server. Do not use it in a production deployment. Use a production WSGI server instead.[0m
 * Running on all addresses (0.0.0.0)
 * Running on http://127.0.0.1:5000
 * Running on http://192.168.3.38:5000
2024-03-21 13:21:12,580 - INFO - [33mPress CTRL+C to quit[0m
2024-03-21 13:21:12,584 - INFO -  * Restarting with stat
2024-03-21 13:21:13,567 - WARNING -  * Debugger is active!
2024-03-21 13:21:13,574 - INFO -  * Debugger PIN: 129-643-736
2024-03-21 13:21:52,411 - INFO - 127.0.0.1 - - [21/Mar/2024 13:21:52] "OPTIONS /login HTTP/1.1" 200 -
2024-03-21 13:21:52,861 - INFO - 127.0.0.1 - - [21/Mar/2024 13:21:52] "POST /login HTTP/1.1" 200 -
2024-03-21 13:21:52,903 - INFO - 127.0.0.1 - - [21/Mar/2024 13:21:52] "OPTIONS /getUserTeams/31 HTTP/1.1" 200 -
2024-03-21 13:21:53,210 - INFO - 127.0.0.1 - - [21/Mar/2024 13:21:53] "OPTIONS /getUserTeams/31 HTTP/1.1" 200 -
2024-03-21 13:21:53,237 - INFO - 127.0.0.1 - - [21/Mar/2024 13:21:53] "GET /getUserTeams/31 HTTP/1.1" 200 -
2024-03-21 13:21:53,548 - INFO - 127.0.0.1 - - [21/Mar/2024 13:21:53] "GET /getUserTeams/31 HTTP/1.1" 200 -
2024-03-21 13:21:55,515 - INFO - 127.0.0.1 - - [21/Mar/2024 13:21:55] "GET /user/31 HTTP/1.1" 200 -
2024-03-21 13:21:55,518 - INFO - 127.0.0.1 - - [21/Mar/2024 13:21:55] "GET /contributions/31 HTTP/1.1" 200 -
2024-03-21 13:21:55,761 - INFO - 127.0.0.1 - - [21/Mar/2024 13:21:55] "GET /user/31 HTTP/1.1" 200 -
2024-03-21 13:21:55,822 - INFO - 127.0.0.1 - - [21/Mar/2024 13:21:55] "GET /contributions/31 HTTP/1.1" 200 -
2024-03-21 13:21:56,739 - INFO - 127.0.0.1 - - [21/Mar/2024 13:21:56] "GET /user/31 HTTP/1.1" 200 -
2024-03-21 13:21:59,085 - INFO - 127.0.0.1 - - [21/Mar/2024 13:21:59] "GET /user/31 HTTP/1.1" 200 -
2024-03-21 13:22:01,587 - INFO - 127.0.0.1 - - [21/Mar/2024 13:22:01] "GET /user/31 HTTP/1.1" 200 -
2024-03-21 13:22:06,100 - INFO - 127.0.0.1 - - [21/Mar/2024 13:22:06] "GET /user/31 HTTP/1.1" 200 -
2024-03-21 13:22:07,344 - INFO - 127.0.0.1 - - [21/Mar/2024 13:22:07] "GET /user/31 HTTP/1.1" 200 -
2024-03-21 13:22:09,541 - INFO - 127.0.0.1 - - [21/Mar/2024 13:22:09] "GET /user/31 HTTP/1.1" 200 -
2024-03-21 13:22:16,529 - INFO - 127.0.0.1 - - [21/Mar/2024 13:22:16] "OPTIONS /getUserTeams/31 HTTP/1.1" 200 -
2024-03-21 13:22:16,833 - INFO - 127.0.0.1 - - [21/Mar/2024 13:22:16] "OPTIONS /getUserTeams/31 HTTP/1.1" 200 -
2024-03-21 13:22:16,838 - INFO - 127.0.0.1 - - [21/Mar/2024 13:22:16] "GET /getUserTeams/31 HTTP/1.1" 200 -
2024-03-21 13:22:17,141 - INFO - 127.0.0.1 - - [21/Mar/2024 13:22:17] "GET /getUserTeams/31 HTTP/1.1" 200 -
2024-03-21 13:22:18,040 - INFO - 127.0.0.1 - - [21/Mar/2024 13:22:18] "GET /getTeamMembers/29 HTTP/1.1" 200 -
2024-03-21 13:22:18,296 - INFO - 127.0.0.1 - - [21/Mar/2024 13:22:18] "GET /getTeamMembers/29 HTTP/1.1" 200 -
2024-03-21 13:22:18,368 - INFO - 127.0.0.1 - - [21/Mar/2024 13:22:18] "GET /tasklists/29 HTTP/1.1" 200 -
2024-03-21 13:22:18,374 - INFO - 127.0.0.1 - - [21/Mar/2024 13:22:18] "GET /tasklists/29 HTTP/1.1" 200 -
2024-03-21 13:22:20,036 - INFO - 127.0.0.1 - - [21/Mar/2024 13:22:20] "GET /tasklists/29 HTTP/1.1" 200 -
2024-03-21 13:22:20,287 - INFO - 127.0.0.1 - - [21/Mar/2024 13:22:20] "GET /tasklists/29 HTTP/1.1" 200 -
2024-03-21 13:22:21,942 - INFO - 127.0.0.1 - - [21/Mar/2024 13:22:21] "GET /getTeamMembers/29 HTTP/1.1" 200 -
2024-03-21 13:22:22,253 - INFO - 127.0.0.1 - - [21/Mar/2024 13:22:22] "GET /getTeamMembers/29 HTTP/1.1" 200 -
2024-03-21 13:22:22,265 - INFO - 127.0.0.1 - - [21/Mar/2024 13:22:22] "GET /tasklists/29 HTTP/1.1" 200 -
2024-03-21 13:22:22,574 - INFO - 127.0.0.1 - - [21/Mar/2024 13:22:22] "GET /tasklists/29 HTTP/1.1" 200 -
2024-03-21 13:22:22,825 - INFO - 127.0.0.1 - - [21/Mar/2024 13:22:22] "GET /getTeamScript/29 HTTP/1.1" 200 -
2024-03-21 13:22:23,134 - INFO - 127.0.0.1 - - [21/Mar/2024 13:22:23] "GET /getTeamScript/29 HTTP/1.1" 200 -
2024-03-21 13:22:23,524 - INFO - 127.0.0.1 - - [21/Mar/2024 13:22:23] "GET /tasklists/29 HTTP/1.1" 200 -
2024-03-21 13:22:23,777 - INFO - 127.0.0.1 - - [21/Mar/2024 13:22:23] "GET /tasklists/29 HTTP/1.1" 200 -
2024-03-21 13:22:24,721 - INFO - 127.0.0.1 - - [21/Mar/2024 13:22:24] "GET /team/29 HTTP/1.1" 200 -
2024-03-21 13:22:25,029 - INFO - 127.0.0.1 - - [21/Mar/2024 13:22:25] "GET /team/29 HTTP/1.1" 200 -
2024-03-21 13:22:26,852 - INFO - 127.0.0.1 - - [21/Mar/2024 13:22:26] "GET /tasklists/29 HTTP/1.1" 200 -
2024-03-21 13:22:27,106 - INFO - 127.0.0.1 - - [21/Mar/2024 13:22:27] "GET /tasklists/29 HTTP/1.1" 200 -
2024-03-21 13:22:27,233 - INFO - 127.0.0.1 - - [21/Mar/2024 13:22:27] "GET /team/29 HTTP/1.1" 200 -
2024-03-21 13:22:27,544 - INFO - 127.0.0.1 - - [21/Mar/2024 13:22:27] "GET /team/29 HTTP/1.1" 200 -
2024-03-21 13:22:32,075 - INFO - 127.0.0.1 - - [21/Mar/2024 13:22:32] "GET /getTeamScript/29 HTTP/1.1" 200 -
2024-03-21 13:22:32,334 - INFO - 127.0.0.1 - - [21/Mar/2024 13:22:32] "GET /getTeamScript/29 HTTP/1.1" 200 -
2024-03-21 13:22:32,486 - INFO - 127.0.0.1 - - [21/Mar/2024 13:22:32] "GET /tasklists/29 HTTP/1.1" 200 -
2024-03-21 13:22:32,789 - INFO - 127.0.0.1 - - [21/Mar/2024 13:22:32] "GET /tasklists/29 HTTP/1.1" 200 -
2024-03-21 13:22:33,411 - INFO - 127.0.0.1 - - [21/Mar/2024 13:22:33] "GET /team/29 HTTP/1.1" 200 -
2024-03-21 13:22:33,663 - INFO - 127.0.0.1 - - [21/Mar/2024 13:22:33] "GET /team/29 HTTP/1.1" 200 -
2024-03-21 13:22:43,068 - INFO - 127.0.0.1 - - [21/Mar/2024 13:22:43] "GET /searchUsers?searchTerm=1 HTTP/1.1" 200 -
2024-03-21 13:22:56,128 - INFO - 127.0.0.1 - - [21/Mar/2024 13:22:56] "OPTIONS /team/29/add_member HTTP/1.1" 200 -
2024-03-21 13:22:56,403 - INFO - 127.0.0.1 - - [21/Mar/2024 13:22:56] "POST /team/29/add_member HTTP/1.1" 200 -
2024-03-21 13:22:57,189 - INFO - 127.0.0.1 - - [21/Mar/2024 13:22:57] "GET /team/29 HTTP/1.1" 200 -
2024-03-21 13:22:57,502 - INFO - 127.0.0.1 - - [21/Mar/2024 13:22:57] "GET /team/29 HTTP/1.1" 200 -
2024-03-21 13:29:23,536 - INFO - 127.0.0.1 - - [21/Mar/2024 13:29:23] "OPTIONS /getUserTeams/31 HTTP/1.1" 200 -
2024-03-21 13:29:23,536 - INFO - 127.0.0.1 - - [21/Mar/2024 13:29:23] "OPTIONS /getUserTeams/31 HTTP/1.1" 200 -
2024-03-21 13:29:23,796 - INFO - 127.0.0.1 - - [21/Mar/2024 13:29:23] "GET /getUserTeams/31 HTTP/1.1" 200 -
2024-03-21 13:29:23,847 - INFO - 127.0.0.1 - - [21/Mar/2024 13:29:23] "GET /getUserTeams/31 HTTP/1.1" 200 -
2024-03-21 13:29:24,969 - INFO - 127.0.0.1 - - [21/Mar/2024 13:29:24] "GET /contributions/31 HTTP/1.1" 200 -
2024-03-21 13:29:25,270 - INFO - 127.0.0.1 - - [21/Mar/2024 13:29:25] "GET /user/31 HTTP/1.1" 200 -
2024-03-21 13:29:25,270 - INFO - 127.0.0.1 - - [21/Mar/2024 13:29:25] "GET /contributions/31 HTTP/1.1" 200 -
2024-03-21 13:29:25,577 - INFO - 127.0.0.1 - - [21/Mar/2024 13:29:25] "GET /user/31 HTTP/1.1" 200 -
2024-03-21 13:34:23,149 - INFO - 127.0.0.1 - - [21/Mar/2024 13:34:23] "OPTIONS /getUserTeams/31 HTTP/1.1" 200 -
2024-03-21 13:34:23,152 - INFO - 127.0.0.1 - - [21/Mar/2024 13:34:23] "OPTIONS /getUserTeams/31 HTTP/1.1" 200 -
2024-03-21 13:34:23,413 - INFO - 127.0.0.1 - - [21/Mar/2024 13:34:23] "GET /getUserTeams/31 HTTP/1.1" 200 -
2024-03-21 13:34:23,461 - INFO - 127.0.0.1 - - [21/Mar/2024 13:34:23] "GET /getUserTeams/31 HTTP/1.1" 200 -
2024-03-21 13:34:24,454 - INFO - 127.0.0.1 - - [21/Mar/2024 13:34:24] "GET /getTeamMembers/29 HTTP/1.1" 200 -
2024-03-21 13:34:24,771 - INFO - 127.0.0.1 - - [21/Mar/2024 13:34:24] "GET /getTeamMembers/29 HTTP/1.1" 200 -
2024-03-21 13:34:24,786 - INFO - 127.0.0.1 - - [21/Mar/2024 13:34:24] "GET /tasklists/29 HTTP/1.1" 200 -
2024-03-21 13:34:25,094 - INFO - 127.0.0.1 - - [21/Mar/2024 13:34:25] "GET /tasklists/29 HTTP/1.1" 200 -
2024-03-21 13:34:26,280 - INFO - 127.0.0.1 - - [21/Mar/2024 13:34:26] "GET /team/29 HTTP/1.1" 200 -
2024-03-21 13:34:26,529 - INFO - 127.0.0.1 - - [21/Mar/2024 13:34:26] "GET /team/29 HTTP/1.1" 200 -
2024-03-21 13:36:53,569 - INFO - 127.0.0.1 - - [21/Mar/2024 13:36:53] "GET /team/29 HTTP/1.1" 200 -
2024-03-21 13:41:47,573 - INFO - 127.0.0.1 - - [21/Mar/2024 13:41:47] "GET /team/29 HTTP/1.1" 200 -
2024-03-21 13:41:47,820 - INFO - 127.0.0.1 - - [21/Mar/2024 13:41:47] "GET /team/29 HTTP/1.1" 200 -
2024-03-21 13:41:53,272 - INFO - 127.0.0.1 - - [21/Mar/2024 13:41:53] "GET /team/29 HTTP/1.1" 200 -
2024-03-21 13:42:10,584 - INFO - 127.0.0.1 - - [21/Mar/2024 13:42:10] "GET /team/29 HTTP/1.1" 200 -
2024-03-21 13:43:33,238 - INFO - 127.0.0.1 - - [21/Mar/2024 13:43:33] "OPTIONS /getUserTeams/31 HTTP/1.1" 200 -
2024-03-21 13:43:33,239 - INFO - 127.0.0.1 - - [21/Mar/2024 13:43:33] "OPTIONS /getUserTeams/31 HTTP/1.1" 200 -
2024-03-21 13:43:33,492 - INFO - 127.0.0.1 - - [21/Mar/2024 13:43:33] "GET /getUserTeams/31 HTTP/1.1" 200 -
2024-03-21 13:43:33,548 - INFO - 127.0.0.1 - - [21/Mar/2024 13:43:33] "GET /getUserTeams/31 HTTP/1.1" 200 -
2024-03-21 13:43:39,891 - INFO - 127.0.0.1 - - [21/Mar/2024 13:43:39] "OPTIONS /login HTTP/1.1" 200 -
2024-03-21 13:43:40,280 - INFO - 127.0.0.1 - - [21/Mar/2024 13:43:40] "POST /login HTTP/1.1" 200 -
2024-03-21 13:50:56,212 - INFO - 127.0.0.1 - - [21/Mar/2024 13:50:56] "OPTIONS /login HTTP/1.1" 200 -
2024-03-21 13:50:56,595 - INFO - 127.0.0.1 - - [21/Mar/2024 13:50:56] "POST /login HTTP/1.1" 200 -
2024-03-21 13:50:56,641 - INFO - 127.0.0.1 - - [21/Mar/2024 13:50:56] "OPTIONS /getUserTeams/31 HTTP/1.1" 200 -
2024-03-21 13:50:56,946 - INFO - 127.0.0.1 - - [21/Mar/2024 13:50:56] "OPTIONS /getUserTeams/31 HTTP/1.1" 200 -
2024-03-21 13:50:56,950 - INFO - 127.0.0.1 - - [21/Mar/2024 13:50:56] "GET /getUserTeams/31 HTTP/1.1" 200 -
2024-03-21 13:50:57,262 - INFO - 127.0.0.1 - - [21/Mar/2024 13:50:57] "GET /getUserTeams/31 HTTP/1.1" 200 -
2024-03-21 13:50:59,943 - INFO - 127.0.0.1 - - [21/Mar/2024 13:50:59] "GET /getTeamMembers/29 HTTP/1.1" 200 -
2024-03-21 13:51:00,197 - INFO - 127.0.0.1 - - [21/Mar/2024 13:51:00] "GET /getTeamMembers/29 HTTP/1.1" 200 -
2024-03-21 13:51:00,253 - INFO - 127.0.0.1 - - [21/Mar/2024 13:51:00] "GET /tasklists/29 HTTP/1.1" 200 -
2024-03-21 13:51:00,281 - INFO - 127.0.0.1 - - [21/Mar/2024 13:51:00] "GET /tasklists/29 HTTP/1.1" 200 -
2024-03-21 15:39:06,025 - INFO - 127.0.0.1 - - [21/Mar/2024 15:39:06] "GET /getTeamScript/29 HTTP/1.1" 200 -
2024-03-21 15:39:06,280 - INFO - 127.0.0.1 - - [21/Mar/2024 15:39:06] "GET /getTeamScript/29 HTTP/1.1" 200 -
2024-03-21 15:39:11,131 - INFO - 127.0.0.1 - - [21/Mar/2024 15:39:11] "GET /tasklists/29 HTTP/1.1" 200 -
2024-03-21 15:39:11,443 - INFO - 127.0.0.1 - - [21/Mar/2024 15:39:11] "GET /tasklists/29 HTTP/1.1" 200 -
2024-03-21 15:39:56,686 - INFO - 127.0.0.1 - - [21/Mar/2024 15:39:56] "GET /getTeamScript/29 HTTP/1.1" 200 -
2024-03-21 15:39:56,946 - INFO - 127.0.0.1 - - [21/Mar/2024 15:39:56] "GET /getTeamScript/29 HTTP/1.1" 200 -
2024-03-21 15:39:58,894 - INFO - 127.0.0.1 - - [21/Mar/2024 15:39:58] "GET /team/29 HTTP/1.1" 200 -
2024-03-21 15:39:59,200 - INFO - 127.0.0.1 - - [21/Mar/2024 15:39:59] "GET /team/29 HTTP/1.1" 200 -
2024-03-21 15:40:00,013 - INFO - 127.0.0.1 - - [21/Mar/2024 15:40:00] "GET /tasklists/29 HTTP/1.1" 200 -
2024-03-21 15:40:00,265 - INFO - 127.0.0.1 - - [21/Mar/2024 15:40:00] "GET /tasklists/29 HTTP/1.1" 200 -
2024-03-21 15:40:03,405 - INFO - 127.0.0.1 - - [21/Mar/2024 15:40:03] "GET /getTeamScript/29 HTTP/1.1" 200 -
2024-03-21 15:40:03,713 - INFO - 127.0.0.1 - - [21/Mar/2024 15:40:03] "GET /getTeamScript/29 HTTP/1.1" 200 -
2024-03-21 15:40:06,675 - INFO - 127.0.0.1 - - [21/Mar/2024 15:40:06] "GET /getTeamScript/29 HTTP/1.1" 200 -
2024-03-21 15:40:06,937 - INFO - 127.0.0.1 - - [21/Mar/2024 15:40:06] "GET /getTeamScript/29 HTTP/1.1" 200 -
2024-03-21 15:40:09,180 - INFO - 127.0.0.1 - - [21/Mar/2024 15:40:09] "OPTIONS /getUserTeams/31 HTTP/1.1" 200 -
2024-03-21 15:40:09,492 - INFO - 127.0.0.1 - - [21/Mar/2024 15:40:09] "OPTIONS /getUserTeams/31 HTTP/1.1" 200 -
2024-03-21 15:40:09,495 - INFO - 127.0.0.1 - - [21/Mar/2024 15:40:09] "GET /getUserTeams/31 HTTP/1.1" 200 -
2024-03-21 15:40:09,813 - INFO - 127.0.0.1 - - [21/Mar/2024 15:40:09] "GET /getUserTeams/31 HTTP/1.1" 200 -
2024-03-21 15:40:10,790 - INFO - 127.0.0.1 - - [21/Mar/2024 15:40:10] "GET /getTeamMembers/29 HTTP/1.1" 200 -
2024-03-21 15:40:11,045 - INFO - 127.0.0.1 - - [21/Mar/2024 15:40:11] "GET /getTeamMembers/29 HTTP/1.1" 200 -
2024-03-21 15:40:11,101 - INFO - 127.0.0.1 - - [21/Mar/2024 15:40:11] "GET /tasklists/29 HTTP/1.1" 200 -
2024-03-21 15:40:11,120 - INFO - 127.0.0.1 - - [21/Mar/2024 15:40:11] "GET /tasklists/29 HTTP/1.1" 200 -
2024-03-21 15:40:15,437 - INFO - 127.0.0.1 - - [21/Mar/2024 15:40:15] "GET /getTeamMembers/29 HTTP/1.1" 200 -
2024-03-21 15:40:15,743 - INFO - 127.0.0.1 - - [21/Mar/2024 15:40:15] "GET /getTeamMembers/29 HTTP/1.1" 200 -
2024-03-21 15:40:15,829 - INFO - 127.0.0.1 - - [21/Mar/2024 15:40:15] "GET /tasklists/29 HTTP/1.1" 200 -
2024-03-21 15:40:16,135 - INFO - 127.0.0.1 - - [21/Mar/2024 15:40:16] "GET /tasklists/29 HTTP/1.1" 200 -
2024-03-21 15:40:18,693 - INFO - 127.0.0.1 - - [21/Mar/2024 15:40:18] "GET /getTeamScript/29 HTTP/1.1" 200 -
2024-03-21 15:40:18,942 - INFO - 127.0.0.1 - - [21/Mar/2024 15:40:18] "GET /getTeamScript/29 HTTP/1.1" 200 -
2024-03-21 15:40:21,020 - INFO - 127.0.0.1 - - [21/Mar/2024 15:40:21] "GET /tasklists/29 HTTP/1.1" 200 -
2024-03-21 15:40:21,328 - INFO - 127.0.0.1 - - [21/Mar/2024 15:40:21] "GET /tasklists/29 HTTP/1.1" 200 -
2024-03-21 15:40:23,119 - INFO - 127.0.0.1 - - [21/Mar/2024 15:40:23] "GET /team/29 HTTP/1.1" 200 -
2024-03-21 15:40:23,374 - INFO - 127.0.0.1 - - [21/Mar/2024 15:40:23] "GET /team/29 HTTP/1.1" 200 -
2024-03-21 15:40:24,278 - INFO - 127.0.0.1 - - [21/Mar/2024 15:40:24] "GET /getTeamMembers/29 HTTP/1.1" 200 -
2024-03-21 15:40:24,587 - INFO - 127.0.0.1 - - [21/Mar/2024 15:40:24] "GET /getTeamMembers/29 HTTP/1.1" 200 -
2024-03-21 15:40:24,603 - INFO - 127.0.0.1 - - [21/Mar/2024 15:40:24] "GET /tasklists/29 HTTP/1.1" 200 -
2024-03-21 15:40:24,909 - INFO - 127.0.0.1 - - [21/Mar/2024 15:40:24] "GET /tasklists/29 HTTP/1.1" 200 -
2024-03-21 15:40:37,167 - INFO - 127.0.0.1 - - [21/Mar/2024 15:40:37] "GET /getTeamScript/29 HTTP/1.1" 200 -
2024-03-21 15:40:37,424 - INFO - 127.0.0.1 - - [21/Mar/2024 15:40:37] "GET /getTeamScript/29 HTTP/1.1" 200 -
2024-03-21 16:06:50,904 - INFO - 127.0.0.1 - - [21/Mar/2024 16:06:50] "GET /getTeamScript/29 HTTP/1.1" 200 -
2024-03-21 16:06:51,172 - INFO - 127.0.0.1 - - [21/Mar/2024 16:06:51] "GET /getTeamScript/29 HTTP/1.1" 200 -
2024-03-21 16:06:52,520 - INFO - 127.0.0.1 - - [21/Mar/2024 16:06:52] "OPTIONS /searchTestReport HTTP/1.1" 200 -
2024-03-21 16:06:52,826 - INFO - 127.0.0.1 - - [21/Mar/2024 16:06:52] "OPTIONS /searchTestReport HTTP/1.1" 200 -
2024-03-21 16:06:52,843 - INFO - 127.0.0.1 - - [21/Mar/2024 16:06:52] "POST /searchTestReport HTTP/1.1" 200 -
2024-03-21 16:06:53,085 - INFO - 127.0.0.1 - - [21/Mar/2024 16:06:53] "POST /searchTestReport HTTP/1.1" 200 -
2024-03-21 16:06:54,037 - INFO - 127.0.0.1 - - [21/Mar/2024 16:06:54] "GET /test-report/175 HTTP/1.1" 200 -
2024-03-21 16:06:54,257 - INFO - 127.0.0.1 - - [21/Mar/2024 16:06:54] "GET /test-report/175 HTTP/1.1" 200 -
2024-03-21 16:06:54,350 - INFO - 127.0.0.1 - - [21/Mar/2024 16:06:54] "GET /getTeamMembers/29 HTTP/1.1" 200 -
2024-03-21 16:06:54,398 - INFO - 127.0.0.1 - - [21/Mar/2024 16:06:54] "GET /getTeamMembers/29 HTTP/1.1" 200 -
2024-03-21 16:06:59,061 - INFO - 127.0.0.1 - - [21/Mar/2024 16:06:59] "OPTIONS /searchTestReport HTTP/1.1" 200 -
2024-03-21 16:06:59,067 - INFO - 127.0.0.1 - - [21/Mar/2024 16:06:59] "POST /searchTestReport HTTP/1.1" 200 -
2024-03-21 16:06:59,373 - INFO - 127.0.0.1 - - [21/Mar/2024 16:06:59] "OPTIONS /searchTestReport HTTP/1.1" 200 -
2024-03-21 16:06:59,685 - INFO - 127.0.0.1 - - [21/Mar/2024 16:06:59] "POST /searchTestReport HTTP/1.1" 200 -
2024-03-21 16:06:59,901 - INFO - 127.0.0.1 - - [21/Mar/2024 16:06:59] "GET /getTeamScript/29 HTTP/1.1" 200 -
2024-03-21 16:07:00,160 - INFO - 127.0.0.1 - - [21/Mar/2024 16:07:00] "GET /getTeamScript/29 HTTP/1.1" 200 -
2024-03-21 16:07:01,574 - INFO - 127.0.0.1 - - [21/Mar/2024 16:07:01] "GET /getTestCases?testeventID=270 HTTP/1.1" 200 -
2024-03-21 16:07:01,853 - INFO - 127.0.0.1 - - [21/Mar/2024 16:07:01] "GET /testEventName?testeventID=270 HTTP/1.1" 200 -
2024-03-21 16:07:01,887 - INFO - 127.0.0.1 - - [21/Mar/2024 16:07:01] "GET /getTestCases?testeventID=270 HTTP/1.1" 200 -
2024-03-21 16:07:02,158 - INFO - 127.0.0.1 - - [21/Mar/2024 16:07:02] "GET /testEventName?testeventID=270 HTTP/1.1" 200 -
2024-03-21 16:07:03,283 - INFO - 127.0.0.1 - - [21/Mar/2024 16:07:03] "GET /getTeamScript/29 HTTP/1.1" 200 -
2024-03-21 16:07:03,537 - INFO - 127.0.0.1 - - [21/Mar/2024 16:07:03] "GET /getTeamScript/29 HTTP/1.1" 200 -
2024-03-21 16:07:05,641 - INFO - 127.0.0.1 - - [21/Mar/2024 16:07:05] "GET /getTestCases?testeventID=270 HTTP/1.1" 200 -
2024-03-21 16:07:05,943 - INFO - 127.0.0.1 - - [21/Mar/2024 16:07:05] "GET /testEventName?testeventID=270 HTTP/1.1" 200 -
2024-03-21 16:07:05,949 - INFO - 127.0.0.1 - - [21/Mar/2024 16:07:05] "GET /getTestCases?testeventID=270 HTTP/1.1" 200 -
2024-03-21 16:07:06,259 - INFO - 127.0.0.1 - - [21/Mar/2024 16:07:06] "GET /testEventName?testeventID=270 HTTP/1.1" 200 -
2024-03-21 16:07:57,712 - INFO - 127.0.0.1 - - [21/Mar/2024 16:07:57] "GET /getTeamScript/29 HTTP/1.1" 200 -
2024-03-21 16:07:57,969 - INFO - 127.0.0.1 - - [21/Mar/2024 16:07:57] "GET /getTeamScript/29 HTTP/1.1" 200 -
2024-03-21 16:13:28,425 - INFO - 127.0.0.1 - - [21/Mar/2024 16:13:28] "GET /getTeamMembers/29 HTTP/1.1" 200 -
2024-03-21 16:13:28,677 - INFO - 127.0.0.1 - - [21/Mar/2024 16:13:28] "GET /getTeamMembers/29 HTTP/1.1" 200 -
2024-03-21 16:13:28,734 - INFO - 127.0.0.1 - - [21/Mar/2024 16:13:28] "GET /tasklists/29 HTTP/1.1" 200 -
2024-03-21 16:13:28,760 - INFO - 127.0.0.1 - - [21/Mar/2024 16:13:28] "GET /tasklists/29 HTTP/1.1" 200 -
2024-03-21 16:13:29,043 - INFO - 127.0.0.1 - - [21/Mar/2024 16:13:29] "GET /tasklists/29 HTTP/1.1" 200 -
2024-03-21 16:13:29,249 - INFO - 127.0.0.1 - - [21/Mar/2024 16:13:29] "GET /tasklists/29 HTTP/1.1" 200 -
2024-03-21 16:13:30,143 - INFO - 127.0.0.1 - - [21/Mar/2024 16:13:30] "GET /team/29 HTTP/1.1" 200 -
2024-03-21 16:13:30,449 - INFO - 127.0.0.1 - - [21/Mar/2024 16:13:30] "GET /team/29 HTTP/1.1" 200 -
2024-03-21 16:13:31,108 - INFO - 127.0.0.1 - - [21/Mar/2024 16:13:31] "GET /tasklists/29 HTTP/1.1" 200 -
2024-03-21 16:13:31,369 - INFO - 127.0.0.1 - - [21/Mar/2024 16:13:31] "GET /tasklists/29 HTTP/1.1" 200 -
2024-03-21 16:13:38,475 - INFO - 127.0.0.1 - - [21/Mar/2024 16:13:38] "GET /team/29 HTTP/1.1" 200 -
2024-03-21 16:13:38,790 - INFO - 127.0.0.1 - - [21/Mar/2024 16:13:38] "GET /team/29 HTTP/1.1" 200 -
2024-03-21 16:15:53,567 - INFO - 127.0.0.1 - - [21/Mar/2024 16:15:53] "GET /team/29 HTTP/1.1" 200 -
2024-03-21 16:16:15,272 - INFO - 127.0.0.1 - - [21/Mar/2024 16:16:15] "GET /team/29 HTTP/1.1" 200 -
2024-03-21 16:16:21,305 - INFO - 127.0.0.1 - - [21/Mar/2024 16:16:21] "[33mGET /searchUsers?searchTerm=2 HTTP/1.1[0m" 404 -
2024-03-21 16:16:23,621 - INFO - 127.0.0.1 - - [21/Mar/2024 16:16:23] "[33mGET /searchUsers?searchTerm=23 HTTP/1.1[0m" 404 -
2024-03-21 16:16:25,937 - INFO - 127.0.0.1 - - [21/Mar/2024 16:16:25] "GET /searchUsers?searchTerm=3 HTTP/1.1" 200 -
2024-03-21 16:16:31,552 - INFO - 127.0.0.1 - - [21/Mar/2024 16:16:31] "OPTIONS /team/29/add_member HTTP/1.1" 200 -
2024-03-21 16:16:31,877 - INFO - 127.0.0.1 - - [21/Mar/2024 16:16:31] "POST /team/29/add_member HTTP/1.1" 200 -
2024-03-21 16:16:32,788 - INFO - 127.0.0.1 - - [21/Mar/2024 16:16:32] "GET /team/29 HTTP/1.1" 200 -
2024-03-21 16:16:33,094 - INFO - 127.0.0.1 - - [21/Mar/2024 16:16:33] "GET /team/29 HTTP/1.1" 200 -
2024-03-21 16:17:16,591 - INFO - 127.0.0.1 - - [21/Mar/2024 16:17:16] "GET /team/29 HTTP/1.1" 200 -
2024-03-21 16:17:16,834 - INFO - 127.0.0.1 - - [21/Mar/2024 16:17:16] "GET /team/29 HTTP/1.1" 200 -
2024-03-21 16:19:34,578 - INFO - 127.0.0.1 - - [21/Mar/2024 16:19:34] "GET /team/29 HTTP/1.1" 200 -
2024-03-21 16:19:39,775 - INFO - 127.0.0.1 - - [21/Mar/2024 16:19:39] "GET /searchUsers?searchTerm=3 HTTP/1.1" 200 -
2024-03-21 16:19:44,672 - INFO - 127.0.0.1 - - [21/Mar/2024 16:19:44] "OPTIONS /team/29/add_member HTTP/1.1" 200 -
2024-03-21 16:19:44,933 - INFO - 127.0.0.1 - - [21/Mar/2024 16:19:44] "[31m[1mPOST /team/29/add_member HTTP/1.1[0m" 400 -
2024-03-21 16:19:52,866 - INFO - 127.0.0.1 - - [21/Mar/2024 16:19:52] "GET /searchUsers?searchTerm=5 HTTP/1.1" 200 -
2024-03-21 16:19:58,063 - INFO - 127.0.0.1 - - [21/Mar/2024 16:19:58] "GET /searchUsers?searchTerm=6 HTTP/1.1" 200 -
2024-03-21 16:20:00,093 - INFO - 127.0.0.1 - - [21/Mar/2024 16:20:00] "GET /searchUsers?searchTerm=7 HTTP/1.1" 200 -
2024-03-21 16:20:04,702 - INFO - 127.0.0.1 - - [21/Mar/2024 16:20:04] "GET /searchUsers?searchTerm=8 HTTP/1.1" 200 -
2024-03-21 16:20:06,498 - INFO - 127.0.0.1 - - [21/Mar/2024 16:20:06] "OPTIONS /team/29/add_member HTTP/1.1" 200 -
2024-03-21 16:20:06,812 - INFO - 127.0.0.1 - - [21/Mar/2024 16:20:06] "[31m[1mPOST /team/29/add_member HTTP/1.1[0m" 400 -
2024-03-21 16:20:12,746 - INFO - 127.0.0.1 - - [21/Mar/2024 16:20:12] "OPTIONS /team/29/remove_member HTTP/1.1" 200 -
2024-03-21 16:20:13,219 - INFO - 127.0.0.1 - - [21/Mar/2024 16:20:13] "[35m[1mPOST /team/29/remove_member HTTP/1.1[0m" 500 -
2024-03-21 16:20:15,572 - INFO - 127.0.0.1 - - [21/Mar/2024 16:20:15] "[35m[1mPOST /team/29/remove_member HTTP/1.1[0m" 500 -
2024-03-21 16:20:18,909 - INFO - 127.0.0.1 - - [21/Mar/2024 16:20:18] "OPTIONS /team/29/remove_member HTTP/1.1" 200 -
2024-03-21 16:20:19,178 - INFO - 127.0.0.1 - - [21/Mar/2024 16:20:19] "[35m[1mPOST /team/29/remove_member HTTP/1.1[0m" 500 -
2024-03-21 16:20:26,141 - INFO - 127.0.0.1 - - [21/Mar/2024 16:20:26] "OPTIONS /team/29/remove_member HTTP/1.1" 200 -
2024-03-21 16:20:26,459 - INFO - 127.0.0.1 - - [21/Mar/2024 16:20:26] "[35m[1mPOST /team/29/remove_member HTTP/1.1[0m" 500 -
2024-03-21 16:20:26,718 - INFO - 127.0.0.1 - - [21/Mar/2024 16:20:26] "[35m[1mPOST /team/29/remove_member HTTP/1.1[0m" 500 -
2024-03-21 16:20:50,320 - INFO - 127.0.0.1 - - [21/Mar/2024 16:20:50] "OPTIONS /team/29/add_member HTTP/1.1" 200 -
2024-03-21 16:20:50,631 - INFO - 127.0.0.1 - - [21/Mar/2024 16:20:50] "[31m[1mPOST /team/29/add_member HTTP/1.1[0m" 400 -
2024-03-21 16:21:11,976 - INFO - 127.0.0.1 - - [21/Mar/2024 16:21:11] "OPTIONS /team/29/add_member HTTP/1.1" 200 -
2024-03-21 16:21:12,289 - INFO - 127.0.0.1 - - [21/Mar/2024 16:21:12] "[31m[1mPOST /team/29/add_member HTTP/1.1[0m" 400 -
2024-03-21 16:22:39,734 - INFO - 127.0.0.1 - - [21/Mar/2024 16:22:39] "GET /team/29 HTTP/1.1" 200 -
2024-03-21 16:22:39,996 - INFO - 127.0.0.1 - - [21/Mar/2024 16:22:39] "GET /team/29 HTTP/1.1" 200 -
2024-03-21 16:22:44,886 - INFO - 127.0.0.1 - - [21/Mar/2024 16:22:44] "OPTIONS /team/29/add_member HTTP/1.1" 200 -
2024-03-21 16:22:45,195 - INFO - 127.0.0.1 - - [21/Mar/2024 16:22:45] "[31m[1mPOST /team/29/add_member HTTP/1.1[0m" 400 -
2024-03-21 16:22:49,440 - INFO - 127.0.0.1 - - [21/Mar/2024 16:22:49] "GET /searchUsers?searchTerm=3 HTTP/1.1" 200 -
2024-03-21 16:22:51,350 - INFO - 127.0.0.1 - - [21/Mar/2024 16:22:51] "OPTIONS /team/29/add_member HTTP/1.1" 200 -
2024-03-21 16:22:51,613 - INFO - 127.0.0.1 - - [21/Mar/2024 16:22:51] "POST /team/29/add_member HTTP/1.1" 200 -
2024-03-21 16:22:51,759 - INFO - 127.0.0.1 - - [21/Mar/2024 16:22:51] "GET /team/29 HTTP/1.1" 200 -
2024-03-21 16:22:52,069 - INFO - 127.0.0.1 - - [21/Mar/2024 16:22:52] "GET /team/29 HTTP/1.1" 200 -
2024-03-21 16:22:56,478 - INFO - 127.0.0.1 - - [21/Mar/2024 16:22:56] "GET /searchUsers?searchTerm=3 HTTP/1.1" 200 -
2024-03-21 16:22:58,127 - INFO - 127.0.0.1 - - [21/Mar/2024 16:22:58] "OPTIONS /team/29/add_member HTTP/1.1" 200 -
2024-03-21 16:22:58,437 - INFO - 127.0.0.1 - - [21/Mar/2024 16:22:58] "[31m[1mPOST /team/29/add_member HTTP/1.1[0m" 400 -
2024-03-23 16:06:43,041 - INFO - [31m[1mWARNING: This is a development server. Do not use it in a production deployment. Use a production WSGI server instead.[0m
 * Running on all addresses (0.0.0.0)
 * Running on http://127.0.0.1:5000
 * Running on http://192.168.3.38:5000
2024-03-23 16:06:43,042 - INFO - [33mPress CTRL+C to quit[0m
2024-03-23 16:06:43,044 - INFO -  * Restarting with stat
2024-03-23 16:06:44,106 - WARNING -  * Debugger is active!
2024-03-23 16:06:44,111 - INFO -  * Debugger PIN: 212-684-797
2024-03-23 16:07:00,278 - INFO - 127.0.0.1 - - [23/Mar/2024 16:07:00] "OPTIONS /login HTTP/1.1" 200 -
2024-03-23 16:07:00,765 - INFO - 127.0.0.1 - - [23/Mar/2024 16:07:00] "POST /login HTTP/1.1" 200 -
2024-03-23 16:07:00,834 - INFO - 127.0.0.1 - - [23/Mar/2024 16:07:00] "OPTIONS /getUserTeams/31 HTTP/1.1" 200 -
2024-03-23 16:07:01,150 - INFO - 127.0.0.1 - - [23/Mar/2024 16:07:01] "OPTIONS /getUserTeams/31 HTTP/1.1" 200 -
2024-03-23 16:07:01,185 - INFO - 127.0.0.1 - - [23/Mar/2024 16:07:01] "GET /getUserTeams/31 HTTP/1.1" 200 -
2024-03-23 16:07:01,493 - INFO - 127.0.0.1 - - [23/Mar/2024 16:07:01] "GET /getUserTeams/31 HTTP/1.1" 200 -
2024-03-23 16:07:02,700 - INFO - 127.0.0.1 - - [23/Mar/2024 16:07:02] "GET /getTeamMembers/29 HTTP/1.1" 200 -
2024-03-23 16:07:02,964 - INFO - 127.0.0.1 - - [23/Mar/2024 16:07:02] "GET /getTeamMembers/29 HTTP/1.1" 200 -
2024-03-23 16:07:03,045 - INFO - 127.0.0.1 - - [23/Mar/2024 16:07:03] "GET /tasklists/29 HTTP/1.1" 200 -
2024-03-23 16:07:03,054 - INFO - 127.0.0.1 - - [23/Mar/2024 16:07:03] "GET /tasklists/29 HTTP/1.1" 200 -
2024-03-23 16:07:06,366 - INFO - 127.0.0.1 - - [23/Mar/2024 16:07:06] "GET /getTeamScript/29 HTTP/1.1" 200 -
2024-03-23 16:07:06,617 - INFO - 127.0.0.1 - - [23/Mar/2024 16:07:06] "GET /getTeamScript/29 HTTP/1.1" 200 -
2024-03-26 17:19:40,011 - INFO - [31m[1mWARNING: This is a development server. Do not use it in a production deployment. Use a production WSGI server instead.[0m
 * Running on all addresses (0.0.0.0)
 * Running on http://127.0.0.1:5000
 * Running on http://192.168.3.38:5000
2024-03-26 17:19:40,015 - INFO - [33mPress CTRL+C to quit[0m
2024-03-26 17:19:40,015 - INFO -  * Restarting with stat
2024-03-26 17:19:41,295 - WARNING -  * Debugger is active!
2024-03-26 17:19:41,298 - INFO -  * Debugger PIN: 135-399-164
2024-03-26 17:22:11,979 - INFO - 127.0.0.1 - - [26/Mar/2024 17:22:11] "OPTIONS /login HTTP/1.1" 200 -
2024-03-26 17:22:12,408 - INFO - 127.0.0.1 - - [26/Mar/2024 17:22:12] "POST /login HTTP/1.1" 200 -
2024-03-26 17:22:12,451 - INFO - 127.0.0.1 - - [26/Mar/2024 17:22:12] "OPTIONS /getUserTeams/31 HTTP/1.1" 200 -
2024-03-26 17:22:12,760 - INFO - 127.0.0.1 - - [26/Mar/2024 17:22:12] "OPTIONS /getUserTeams/31 HTTP/1.1" 200 -
2024-03-26 17:22:12,786 - INFO - 127.0.0.1 - - [26/Mar/2024 17:22:12] "GET /getUserTeams/31 HTTP/1.1" 200 -
2024-03-26 17:22:13,100 - INFO - 127.0.0.1 - - [26/Mar/2024 17:22:13] "GET /getUserTeams/31 HTTP/1.1" 200 -
2024-03-26 17:22:19,727 - INFO - 127.0.0.1 - - [26/Mar/2024 17:22:19] "OPTIONS /check-email HTTP/1.1" 200 -
2024-03-26 17:22:23,865 - INFO - 127.0.0.1 - - [26/Mar/2024 17:22:23] "[35m[1mPOST /check-email HTTP/1.1[0m" 500 -
2024-03-27 11:54:31,725 - INFO - [31m[1mWARNING: This is a development server. Do not use it in a production deployment. Use a production WSGI server instead.[0m
 * Running on all addresses (0.0.0.0)
 * Running on http://127.0.0.1:5000
 * Running on http://192.168.3.38:5000
2024-03-27 11:54:31,725 - INFO - [33mPress CTRL+C to quit[0m
2024-03-27 11:54:31,728 - INFO -  * Restarting with stat
2024-03-27 11:54:32,738 - WARNING -  * Debugger is active!
2024-03-27 11:54:32,738 - INFO -  * Debugger PIN: 353-992-570
2024-03-27 11:59:35,178 - INFO -  * Detected change in 'D:\\ÍùÆÚÑ§Ï°×ÊÁÏ+±Ê¼Ç\\final project\\final\\dissertation-UI-test-platform\\backend\\app\\test_cases.py', reloading
2024-03-27 11:59:35,449 - INFO -  * Restarting with stat
2024-03-27 11:59:36,846 - WARNING -  * Debugger is active!
2024-03-27 11:59:36,852 - INFO -  * Debugger PIN: 353-992-570
2024-03-27 12:07:31,330 - INFO -  * Detected change in 'D:\\ÍùÆÚÑ§Ï°×ÊÁÏ+±Ê¼Ç\\final project\\final\\dissertation-UI-test-platform\\backend\\app\\test_cases.py', reloading
2024-03-27 12:07:31,462 - INFO -  * Restarting with stat
2024-03-27 12:11:44,300 - INFO - [31m[1mWARNING: This is a development server. Do not use it in a production deployment. Use a production WSGI server instead.[0m
 * Running on all addresses (0.0.0.0)
 * Running on http://127.0.0.1:5000
 * Running on http://192.168.3.38:5000
2024-03-27 12:11:44,300 - INFO - [33mPress CTRL+C to quit[0m
2024-03-27 12:11:44,301 - INFO -  * Restarting with stat
2024-03-27 12:11:45,202 - WARNING -  * Debugger is active!
2024-03-27 12:11:45,202 - INFO -  * Debugger PIN: 353-992-570
2024-03-27 12:12:34,299 - INFO -  * Detected change in 'D:\\ÍùÆÚÑ§Ï°×ÊÁÏ+±Ê¼Ç\\final project\\final\\dissertation-UI-test-platform\\backend\\app\\test_cases.py', reloading
2024-03-27 12:12:34,452 - INFO -  * Restarting with stat
2024-03-27 12:12:35,360 - WARNING -  * Debugger is active!
2024-03-27 12:12:35,364 - INFO -  * Debugger PIN: 353-992-570
2024-03-27 12:51:54,972 - INFO - 127.0.0.1 - - [27/Mar/2024 12:51:54] "OPTIONS /login HTTP/1.1" 200 -
2024-03-27 12:51:55,411 - INFO - 127.0.0.1 - - [27/Mar/2024 12:51:55] "POST /login HTTP/1.1" 200 -
2024-03-27 12:51:55,451 - INFO - 127.0.0.1 - - [27/Mar/2024 12:51:55] "OPTIONS /getUserTeams/31 HTTP/1.1" 200 -
2024-03-27 12:51:55,759 - INFO - 127.0.0.1 - - [27/Mar/2024 12:51:55] "OPTIONS /getUserTeams/31 HTTP/1.1" 200 -
2024-03-27 12:51:55,785 - INFO - 127.0.0.1 - - [27/Mar/2024 12:51:55] "GET /getUserTeams/31 HTTP/1.1" 200 -
2024-03-27 12:51:56,094 - INFO - 127.0.0.1 - - [27/Mar/2024 12:51:56] "GET /getUserTeams/31 HTTP/1.1" 200 -
2024-03-27 12:51:57,735 - INFO - 127.0.0.1 - - [27/Mar/2024 12:51:57] "GET /getTeamMembers/29 HTTP/1.1" 200 -
2024-03-27 12:51:57,984 - INFO - 127.0.0.1 - - [27/Mar/2024 12:51:57] "GET /getTeamMembers/29 HTTP/1.1" 200 -
2024-03-27 12:51:58,060 - INFO - 127.0.0.1 - - [27/Mar/2024 12:51:58] "GET /tasklists/29 HTTP/1.1" 200 -
2024-03-27 12:51:58,069 - INFO - 127.0.0.1 - - [27/Mar/2024 12:51:58] "GET /tasklists/29 HTTP/1.1" 200 -
2024-03-27 12:51:59,135 - INFO - 127.0.0.1 - - [27/Mar/2024 12:51:59] "GET /getTeamScript/29 HTTP/1.1" 200 -
2024-03-27 12:51:59,447 - INFO - 127.0.0.1 - - [27/Mar/2024 12:51:59] "GET /getTeamScript/29 HTTP/1.1" 200 -
2024-03-27 16:08:48,639 - INFO -  * Detected change in 'D:\\ÍùÆÚÑ§Ï°×ÊÁÏ+±Ê¼Ç\\final project\\final\\dissertation-UI-test-platform\\backend\\app\\test_cases.py', reloading
2024-03-27 16:08:48,932 - INFO -  * Restarting with stat
2024-03-27 16:08:50,047 - WARNING -  * Debugger is active!
2024-03-27 16:08:50,049 - INFO -  * Debugger PIN: 353-992-570
2024-03-27 16:30:48,361 - INFO - 127.0.0.1 - - [27/Mar/2024 16:30:48] "GET /getTeamScript/29 HTTP/1.1" 200 -
2024-03-27 16:30:48,587 - INFO - 127.0.0.1 - - [27/Mar/2024 16:30:48] "GET /getTeamScript/29 HTTP/1.1" 200 -
2024-03-27 16:30:50,437 - INFO - 127.0.0.1 - - [27/Mar/2024 16:30:50] "GET /getTestCases?testeventID=270 HTTP/1.1" 200 -
2024-03-27 16:30:50,719 - INFO - 127.0.0.1 - - [27/Mar/2024 16:30:50] "GET /testEventName?testeventID=270 HTTP/1.1" 200 -
2024-03-27 16:30:50,752 - INFO - 127.0.0.1 - - [27/Mar/2024 16:30:50] "GET /getTestCases?testeventID=270 HTTP/1.1" 200 -
2024-03-27 16:30:51,029 - INFO - 127.0.0.1 - - [27/Mar/2024 16:30:51] "GET /testEventName?testeventID=270 HTTP/1.1" 200 -
2024-03-27 16:30:52,074 - INFO - 127.0.0.1 - - [27/Mar/2024 16:30:52] "GET /getTeamScript/29 HTTP/1.1" 200 -
2024-03-27 16:30:52,331 - INFO - 127.0.0.1 - - [27/Mar/2024 16:30:52] "GET /getTeamScript/29 HTTP/1.1" 200 -
2024-03-27 16:30:52,684 - INFO - 127.0.0.1 - - [27/Mar/2024 16:30:52] "GET /getTestCases?testeventID=271 HTTP/1.1" 200 -
2024-03-27 16:30:52,983 - INFO - 127.0.0.1 - - [27/Mar/2024 16:30:52] "GET /testEventName?testeventID=271 HTTP/1.1" 200 -
2024-03-27 16:30:52,993 - INFO - 127.0.0.1 - - [27/Mar/2024 16:30:52] "GET /getTestCases?testeventID=271 HTTP/1.1" 200 -
2024-03-27 16:30:53,288 - INFO - 127.0.0.1 - - [27/Mar/2024 16:30:53] "GET /testEventName?testeventID=271 HTTP/1.1" 200 -
2024-03-27 16:31:31,376 - INFO - 127.0.0.1 - - [27/Mar/2024 16:31:31] "GET /getTeamScript/29 HTTP/1.1" 200 -
2024-03-27 16:31:31,635 - INFO - 127.0.0.1 - - [27/Mar/2024 16:31:31] "GET /getTeamScript/29 HTTP/1.1" 200 -
2024-03-27 16:31:34,452 - INFO - 127.0.0.1 - - [27/Mar/2024 16:31:34] "GET /getTestCases?testeventID=280 HTTP/1.1" 200 -
2024-03-27 16:31:34,759 - INFO - 127.0.0.1 - - [27/Mar/2024 16:31:34] "GET /testEventName?testeventID=280 HTTP/1.1" 200 -
2024-03-27 16:31:34,769 - INFO - 127.0.0.1 - - [27/Mar/2024 16:31:34] "GET /getTestCases?testeventID=280 HTTP/1.1" 200 -
2024-03-27 16:31:35,068 - INFO - 127.0.0.1 - - [27/Mar/2024 16:31:35] "GET /testEventName?testeventID=280 HTTP/1.1" 200 -
2024-03-27 16:31:35,892 - INFO - 127.0.0.1 - - [27/Mar/2024 16:31:35] "GET /getTeamScript/29 HTTP/1.1" 200 -
2024-03-27 16:31:36,143 - INFO - 127.0.0.1 - - [27/Mar/2024 16:31:36] "GET /getTeamScript/29 HTTP/1.1" 200 -
2024-03-27 16:31:36,491 - INFO - 127.0.0.1 - - [27/Mar/2024 16:31:36] "GET /getTestCases?testeventID=272 HTTP/1.1" 200 -
2024-03-27 16:31:36,795 - INFO - 127.0.0.1 - - [27/Mar/2024 16:31:36] "GET /testEventName?testeventID=272 HTTP/1.1" 200 -
2024-03-27 16:31:36,798 - INFO - 127.0.0.1 - - [27/Mar/2024 16:31:36] "GET /getTestCases?testeventID=272 HTTP/1.1" 200 -
2024-03-27 16:31:37,100 - INFO - 127.0.0.1 - - [27/Mar/2024 16:31:37] "GET /testEventName?testeventID=272 HTTP/1.1" 200 -
2024-03-27 16:31:37,865 - INFO - 127.0.0.1 - - [27/Mar/2024 16:31:37] "GET /getTeamScript/29 HTTP/1.1" 200 -
2024-03-27 16:31:38,118 - INFO - 127.0.0.1 - - [27/Mar/2024 16:31:38] "GET /getTeamScript/29 HTTP/1.1" 200 -
2024-03-27 16:31:38,453 - INFO - 127.0.0.1 - - [27/Mar/2024 16:31:38] "GET /getTestCases?testeventID=281 HTTP/1.1" 200 -
2024-03-27 16:31:38,754 - INFO - 127.0.0.1 - - [27/Mar/2024 16:31:38] "GET /testEventName?testeventID=281 HTTP/1.1" 200 -
2024-03-27 16:31:38,759 - INFO - 127.0.0.1 - - [27/Mar/2024 16:31:38] "GET /getTestCases?testeventID=281 HTTP/1.1" 200 -
2024-03-27 16:31:39,061 - INFO - 127.0.0.1 - - [27/Mar/2024 16:31:39] "GET /testEventName?testeventID=281 HTTP/1.1" 200 -
2024-03-27 16:31:39,718 - INFO - 127.0.0.1 - - [27/Mar/2024 16:31:39] "GET /getTeamScript/29 HTTP/1.1" 200 -
2024-03-27 16:31:39,964 - INFO - 127.0.0.1 - - [27/Mar/2024 16:31:39] "GET /getTeamScript/29 HTTP/1.1" 200 -
2024-03-27 16:31:41,296 - INFO - 127.0.0.1 - - [27/Mar/2024 16:31:41] "GET /getTestCases?testeventID=282 HTTP/1.1" 200 -
2024-03-27 16:31:41,596 - INFO - 127.0.0.1 - - [27/Mar/2024 16:31:41] "GET /testEventName?testeventID=282 HTTP/1.1" 200 -
2024-03-27 16:31:41,614 - INFO - 127.0.0.1 - - [27/Mar/2024 16:31:41] "GET /getTestCases?testeventID=282 HTTP/1.1" 200 -
2024-03-27 16:31:41,913 - INFO - 127.0.0.1 - - [27/Mar/2024 16:31:41] "GET /testEventName?testeventID=282 HTTP/1.1" 200 -
2024-03-27 16:31:42,801 - INFO - 127.0.0.1 - - [27/Mar/2024 16:31:42] "GET /getTeamScript/29 HTTP/1.1" 200 -
2024-03-27 16:31:43,064 - INFO - 127.0.0.1 - - [27/Mar/2024 16:31:43] "GET /getTeamScript/29 HTTP/1.1" 200 -
2024-03-27 16:31:45,099 - INFO - 127.0.0.1 - - [27/Mar/2024 16:31:45] "GET /getTestCases?testeventID=283 HTTP/1.1" 200 -
2024-03-27 16:31:45,404 - INFO - 127.0.0.1 - - [27/Mar/2024 16:31:45] "GET /testEventName?testeventID=283 HTTP/1.1" 200 -
2024-03-27 16:31:45,409 - INFO - 127.0.0.1 - - [27/Mar/2024 16:31:45] "GET /getTestCases?testeventID=283 HTTP/1.1" 200 -
2024-03-27 16:31:45,722 - INFO - 127.0.0.1 - - [27/Mar/2024 16:31:45] "GET /testEventName?testeventID=283 HTTP/1.1" 200 -
2024-03-27 16:31:46,534 - INFO - 127.0.0.1 - - [27/Mar/2024 16:31:46] "GET /getTeamScript/29 HTTP/1.1" 200 -
2024-03-27 16:31:46,789 - INFO - 127.0.0.1 - - [27/Mar/2024 16:31:46] "GET /getTeamScript/29 HTTP/1.1" 200 -
2024-03-27 16:31:47,948 - INFO - 127.0.0.1 - - [27/Mar/2024 16:31:47] "GET /getTestCases?testeventID=284 HTTP/1.1" 200 -
2024-03-27 16:31:48,258 - INFO - 127.0.0.1 - - [27/Mar/2024 16:31:48] "GET /testEventName?testeventID=284 HTTP/1.1" 200 -
2024-03-27 16:31:48,258 - INFO - 127.0.0.1 - - [27/Mar/2024 16:31:48] "GET /getTestCases?testeventID=284 HTTP/1.1" 200 -
2024-03-27 16:31:48,567 - INFO - 127.0.0.1 - - [27/Mar/2024 16:31:48] "GET /testEventName?testeventID=284 HTTP/1.1" 200 -
2024-03-27 16:31:49,204 - INFO - 127.0.0.1 - - [27/Mar/2024 16:31:49] "GET /getTeamScript/29 HTTP/1.1" 200 -
2024-03-27 16:31:49,457 - INFO - 127.0.0.1 - - [27/Mar/2024 16:31:49] "GET /getTeamScript/29 HTTP/1.1" 200 -
2024-03-27 16:31:50,364 - INFO - 127.0.0.1 - - [27/Mar/2024 16:31:50] "GET /getTestCases?testeventID=285 HTTP/1.1" 200 -
2024-03-27 16:31:50,670 - INFO - 127.0.0.1 - - [27/Mar/2024 16:31:50] "GET /testEventName?testeventID=285 HTTP/1.1" 200 -
2024-03-27 16:31:50,672 - INFO - 127.0.0.1 - - [27/Mar/2024 16:31:50] "GET /getTestCases?testeventID=285 HTTP/1.1" 200 -
2024-03-27 16:31:50,977 - INFO - 127.0.0.1 - - [27/Mar/2024 16:31:50] "GET /testEventName?testeventID=285 HTTP/1.1" 200 -
2024-03-27 16:31:51,682 - INFO - 127.0.0.1 - - [27/Mar/2024 16:31:51] "GET /getTeamScript/29 HTTP/1.1" 200 -
2024-03-27 16:31:51,927 - INFO - 127.0.0.1 - - [27/Mar/2024 16:31:51] "GET /getTeamScript/29 HTTP/1.1" 200 -
2024-03-27 16:31:55,187 - INFO - 127.0.0.1 - - [27/Mar/2024 16:31:55] "GET /getTestCases?testeventID=272 HTTP/1.1" 200 -
2024-03-27 16:31:55,501 - INFO - 127.0.0.1 - - [27/Mar/2024 16:31:55] "GET /testEventName?testeventID=272 HTTP/1.1" 200 -
2024-03-27 16:31:55,504 - INFO - 127.0.0.1 - - [27/Mar/2024 16:31:55] "GET /getTestCases?testeventID=272 HTTP/1.1" 200 -
2024-03-27 16:31:55,810 - INFO - 127.0.0.1 - - [27/Mar/2024 16:31:55] "GET /testEventName?testeventID=272 HTTP/1.1" 200 -
2024-03-27 16:31:56,885 - INFO - 127.0.0.1 - - [27/Mar/2024 16:31:56] "GET /getTeamScript/29 HTTP/1.1" 200 -
2024-03-27 16:31:57,140 - INFO - 127.0.0.1 - - [27/Mar/2024 16:31:57] "GET /getTeamScript/29 HTTP/1.1" 200 -
2024-03-27 16:31:57,402 - INFO - 127.0.0.1 - - [27/Mar/2024 16:31:57] "GET /getTestCases?testeventID=271 HTTP/1.1" 200 -
2024-03-27 16:31:57,703 - INFO - 127.0.0.1 - - [27/Mar/2024 16:31:57] "GET /testEventName?testeventID=271 HTTP/1.1" 200 -
2024-03-27 16:31:57,715 - INFO - 127.0.0.1 - - [27/Mar/2024 16:31:57] "GET /getTestCases?testeventID=271 HTTP/1.1" 200 -
2024-03-27 16:31:58,020 - INFO - 127.0.0.1 - - [27/Mar/2024 16:31:58] "GET /testEventName?testeventID=271 HTTP/1.1" 200 -
2024-03-27 18:47:20,611 - INFO -  * Detected change in 'D:\\ÍùÆÚÑ§Ï°×ÊÁÏ+±Ê¼Ç\\final project\\final\\dissertation-UI-test-platform\\backend\\app\\test_cases.py', reloading
2024-03-27 18:47:20,837 - INFO -  * Restarting with stat
2024-03-27 18:47:21,915 - WARNING -  * Debugger is active!
2024-03-27 18:47:21,918 - INFO -  * Debugger PIN: 353-992-570
2024-03-27 18:47:32,413 - INFO -  * Detected change in 'D:\\ÍùÆÚÑ§Ï°×ÊÁÏ+±Ê¼Ç\\final project\\final\\dissertation-UI-test-platform\\backend\\app\\test_cases.py', reloading
2024-03-27 18:47:32,532 - INFO -  * Restarting with stat
2024-03-27 18:47:33,332 - WARNING -  * Debugger is active!
2024-03-27 18:47:33,335 - INFO -  * Debugger PIN: 353-992-570
2024-03-28 20:27:35,884 - INFO - [31m[1mWARNING: This is a development server. Do not use it in a production deployment. Use a production WSGI server instead.[0m
 * Running on all addresses (0.0.0.0)
 * Running on http://127.0.0.1:5000
 * Running on http://192.168.3.38:5000
2024-03-28 20:27:35,885 - INFO - [33mPress CTRL+C to quit[0m
2024-03-28 20:27:35,887 - INFO -  * Restarting with stat
2024-03-28 20:27:36,879 - WARNING -  * Debugger is active!
2024-03-28 20:27:36,884 - INFO -  * Debugger PIN: 353-992-570
2024-03-28 20:28:04,668 - INFO - 127.0.0.1 - - [28/Mar/2024 20:28:04] "OPTIONS /getUserTeams/31 HTTP/1.1" 200 -
2024-03-28 20:28:04,670 - INFO - 127.0.0.1 - - [28/Mar/2024 20:28:04] "OPTIONS /getUserTeams/31 HTTP/1.1" 200 -
2024-03-28 20:28:04,968 - INFO - 127.0.0.1 - - [28/Mar/2024 20:28:04] "GET /getUserTeams/31 HTTP/1.1" 200 -
2024-03-28 20:28:04,982 - INFO - 127.0.0.1 - - [28/Mar/2024 20:28:04] "GET /getUserTeams/31 HTTP/1.1" 200 -
2024-03-28 20:28:11,395 - INFO - 127.0.0.1 - - [28/Mar/2024 20:28:11] "GET /getTeamMembers/29 HTTP/1.1" 200 -
2024-03-28 20:28:11,710 - INFO - 127.0.0.1 - - [28/Mar/2024 20:28:11] "GET /getTeamMembers/29 HTTP/1.1" 200 -
2024-03-28 20:28:11,752 - INFO - 127.0.0.1 - - [28/Mar/2024 20:28:11] "GET /tasklists/29 HTTP/1.1" 200 -
2024-03-28 20:28:12,062 - INFO - 127.0.0.1 - - [28/Mar/2024 20:28:12] "GET /tasklists/29 HTTP/1.1" 200 -
2024-03-28 20:28:13,295 - INFO - 127.0.0.1 - - [28/Mar/2024 20:28:13] "GET /tasklists/29 HTTP/1.1" 200 -
2024-03-28 20:28:13,550 - INFO - 127.0.0.1 - - [28/Mar/2024 20:28:13] "GET /tasklists/29 HTTP/1.1" 200 -
2024-03-28 20:28:33,670 - INFO - 127.0.0.1 - - [28/Mar/2024 20:28:33] "OPTIONS /searchTestCase HTTP/1.1" 200 -
2024-03-28 20:28:34,000 - INFO - 127.0.0.1 - - [28/Mar/2024 20:28:34] "[33mPOST /searchTestCase HTTP/1.1[0m" 404 -
2024-03-28 20:28:38,035 - INFO - 127.0.0.1 - - [28/Mar/2024 20:28:38] "[33mPOST /searchTestCase HTTP/1.1[0m" 404 -
2024-03-28 20:28:38,613 - INFO - 127.0.0.1 - - [28/Mar/2024 20:28:38] "[33mPOST /searchTestCase HTTP/1.1[0m" 404 -
2024-03-28 20:28:40,672 - INFO - 127.0.0.1 - - [28/Mar/2024 20:28:40] "OPTIONS /searchTestCase HTTP/1.1" 200 -
2024-03-28 20:28:40,679 - INFO - 127.0.0.1 - - [28/Mar/2024 20:28:40] "[33mPOST /searchTestCase HTTP/1.1[0m" 404 -
2024-03-28 20:28:41,917 - INFO - 127.0.0.1 - - [28/Mar/2024 20:28:41] "[33mPOST /searchTestCase HTTP/1.1[0m" 404 -
2024-03-28 20:28:42,599 - INFO - 127.0.0.1 - - [28/Mar/2024 20:28:42] "[33mPOST /searchTestCase HTTP/1.1[0m" 404 -
2024-03-28 20:28:43,401 - INFO - 127.0.0.1 - - [28/Mar/2024 20:28:43] "[33mPOST /searchTestCase HTTP/1.1[0m" 404 -
2024-03-28 20:28:43,647 - INFO - 127.0.0.1 - - [28/Mar/2024 20:28:43] "[33mPOST /searchTestCase HTTP/1.1[0m" 404 -
2024-03-28 20:28:44,671 - INFO - 127.0.0.1 - - [28/Mar/2024 20:28:44] "[33mPOST /searchTestCase HTTP/1.1[0m" 404 -
2024-03-28 20:28:46,545 - INFO - 127.0.0.1 - - [28/Mar/2024 20:28:46] "OPTIONS /saveTask HTTP/1.1" 200 -
2024-03-28 20:28:46,891 - INFO - 127.0.0.1 - - [28/Mar/2024 20:28:46] "POST /saveTask HTTP/1.1" 200 -
2024-03-28 20:28:49,145 - INFO - 127.0.0.1 - - [28/Mar/2024 20:28:49] "POST /saveTask HTTP/1.1" 200 -
2024-03-28 20:29:49,817 - INFO - 127.0.0.1 - - [28/Mar/2024 20:29:49] "OPTIONS /searchTestCase HTTP/1.1" 200 -
2024-03-28 20:29:50,143 - INFO - 127.0.0.1 - - [28/Mar/2024 20:29:50] "[33mPOST /searchTestCase HTTP/1.1[0m" 404 -
2024-03-28 20:29:51,884 - INFO - 127.0.0.1 - - [28/Mar/2024 20:29:51] "OPTIONS /saveTask HTTP/1.1" 200 -
2024-03-28 20:29:52,204 - INFO - 127.0.0.1 - - [28/Mar/2024 20:29:52] "POST /saveTask HTTP/1.1" 200 -
2024-03-28 20:29:54,175 - INFO - 127.0.0.1 - - [28/Mar/2024 20:29:54] "POST /saveTask HTTP/1.1" 200 -
2024-03-28 20:30:56,261 - INFO - 127.0.0.1 - - [28/Mar/2024 20:30:56] "OPTIONS /searchTestCase HTTP/1.1" 200 -
2024-03-28 20:30:56,577 - INFO - 127.0.0.1 - - [28/Mar/2024 20:30:56] "[33mPOST /searchTestCase HTTP/1.1[0m" 404 -
2024-03-28 20:30:56,836 - INFO - 127.0.0.1 - - [28/Mar/2024 20:30:56] "OPTIONS /saveTask HTTP/1.1" 200 -
2024-03-28 20:30:57,164 - INFO - 127.0.0.1 - - [28/Mar/2024 20:30:57] "POST /saveTask HTTP/1.1" 200 -
2024-03-28 20:31:00,756 - INFO - 127.0.0.1 - - [28/Mar/2024 20:31:00] "POST /saveTask HTTP/1.1" 200 -
2024-03-28 20:32:06,557 - INFO - 127.0.0.1 - - [28/Mar/2024 20:32:06] "OPTIONS /saveTask HTTP/1.1" 200 -
2024-03-28 20:32:06,825 - INFO - 127.0.0.1 - - [28/Mar/2024 20:32:06] "POST /saveTask HTTP/1.1" 200 -
2024-03-28 20:32:18,359 - INFO - 127.0.0.1 - - [28/Mar/2024 20:32:18] "OPTIONS /searchTestCase HTTP/1.1" 200 -
2024-03-28 20:32:18,674 - INFO - 127.0.0.1 - - [28/Mar/2024 20:32:18] "[33mPOST /searchTestCase HTTP/1.1[0m" 404 -
2024-03-28 20:32:19,330 - INFO - 127.0.0.1 - - [28/Mar/2024 20:32:19] "OPTIONS /saveTask HTTP/1.1" 200 -
2024-03-28 20:32:19,601 - INFO - 127.0.0.1 - - [28/Mar/2024 20:32:19] "POST /saveTask HTTP/1.1" 200 -
2024-03-28 20:32:48,918 - INFO - 127.0.0.1 - - [28/Mar/2024 20:32:48] "OPTIONS /searchTestCase HTTP/1.1" 200 -
2024-03-28 20:32:48,926 - INFO - 127.0.0.1 - - [28/Mar/2024 20:32:48] "[33mPOST /searchTestCase HTTP/1.1[0m" 404 -
2024-03-28 20:32:49,821 - INFO - 127.0.0.1 - - [28/Mar/2024 20:32:49] "OPTIONS /saveTask HTTP/1.1" 200 -
2024-03-28 20:32:50,086 - INFO - 127.0.0.1 - - [28/Mar/2024 20:32:50] "POST /saveTask HTTP/1.1" 200 -
2024-03-28 21:02:44,162 - INFO - 127.0.0.1 - - [28/Mar/2024 21:02:44] "OPTIONS /getUserTeams/31 HTTP/1.1" 200 -
2024-03-28 21:02:44,163 - INFO - 127.0.0.1 - - [28/Mar/2024 21:02:44] "OPTIONS /getUserTeams/31 HTTP/1.1" 200 -
2024-03-28 21:02:44,420 - INFO - 127.0.0.1 - - [28/Mar/2024 21:02:44] "GET /getUserTeams/31 HTTP/1.1" 200 -
2024-03-28 21:02:44,484 - INFO - 127.0.0.1 - - [28/Mar/2024 21:02:44] "GET /getUserTeams/31 HTTP/1.1" 200 -
2024-03-28 21:02:45,380 - INFO - 127.0.0.1 - - [28/Mar/2024 21:02:45] "GET /getTeamMembers/29 HTTP/1.1" 200 -
2024-03-28 21:02:45,684 - INFO - 127.0.0.1 - - [28/Mar/2024 21:02:45] "GET /getTeamMembers/29 HTTP/1.1" 200 -
2024-03-28 21:02:45,711 - INFO - 127.0.0.1 - - [28/Mar/2024 21:02:45] "GET /tasklists/29 HTTP/1.1" 200 -
2024-03-28 21:02:46,020 - INFO - 127.0.0.1 - - [28/Mar/2024 21:02:46] "GET /tasklists/29 HTTP/1.1" 200 -
2024-03-28 21:02:46,728 - INFO - 127.0.0.1 - - [28/Mar/2024 21:02:46] "GET /tasklists/29 HTTP/1.1" 200 -
2024-03-28 21:02:46,974 - INFO - 127.0.0.1 - - [28/Mar/2024 21:02:46] "GET /tasklists/29 HTTP/1.1" 200 -
2024-03-28 21:02:47,763 - INFO - 127.0.0.1 - - [28/Mar/2024 21:02:47] "GET /getTeamScript/29 HTTP/1.1" 200 -
2024-03-28 21:02:48,077 - INFO - 127.0.0.1 - - [28/Mar/2024 21:02:48] "GET /getTeamScript/29 HTTP/1.1" 200 -
2024-03-28 21:02:50,393 - INFO - 127.0.0.1 - - [28/Mar/2024 21:02:50] "GET /getTestCases?testeventID=270 HTTP/1.1" 200 -
2024-03-28 21:02:50,393 - INFO - 127.0.0.1 - - [28/Mar/2024 21:02:50] "GET /testEventName?testeventID=270 HTTP/1.1" 200 -
2024-03-28 21:02:50,658 - INFO - 127.0.0.1 - - [28/Mar/2024 21:02:50] "GET /getTestCases?testeventID=270 HTTP/1.1" 200 -
2024-03-28 21:02:50,707 - INFO - 127.0.0.1 - - [28/Mar/2024 21:02:50] "GET /testEventName?testeventID=270 HTTP/1.1" 200 -
2024-03-28 21:02:52,192 - INFO - 127.0.0.1 - - [28/Mar/2024 21:02:52] "GET /getTeamScript/29 HTTP/1.1" 200 -
2024-03-28 21:02:52,503 - INFO - 127.0.0.1 - - [28/Mar/2024 21:02:52] "GET /getTeamScript/29 HTTP/1.1" 200 -
2024-03-28 21:02:54,055 - INFO - 127.0.0.1 - - [28/Mar/2024 21:02:54] "GET /testEventName?testeventID=271 HTTP/1.1" 200 -
2024-03-28 21:02:54,055 - INFO - 127.0.0.1 - - [28/Mar/2024 21:02:54] "GET /getTestCases?testeventID=271 HTTP/1.1" 200 -
2024-03-28 21:02:54,314 - INFO - 127.0.0.1 - - [28/Mar/2024 21:02:54] "GET /testEventName?testeventID=271 HTTP/1.1" 200 -
2024-03-28 21:02:54,370 - INFO - 127.0.0.1 - - [28/Mar/2024 21:02:54] "GET /getTestCases?testeventID=271 HTTP/1.1" 200 -
2024-03-28 21:03:40,435 - INFO -  * Detected change in 'D:\\ÍùÆÚÑ§Ï°×ÊÁÏ+±Ê¼Ç\\final project\\final\\dissertation-UI-test-platform\\backend\\app\\routes.py', reloading
2024-03-28 21:03:40,585 - INFO -  * Restarting with stat
2024-03-28 21:03:41,440 - WARNING -  * Debugger is active!
2024-03-28 21:03:41,443 - INFO -  * Debugger PIN: 353-992-570
2024-03-28 21:03:59,791 - INFO -  * Detected change in 'D:\\ÍùÆÚÑ§Ï°×ÊÁÏ+±Ê¼Ç\\final project\\final\\dissertation-UI-test-platform\\backend\\app\\routes.py', reloading
2024-03-28 21:03:59,907 - INFO -  * Restarting with stat
2024-03-28 21:04:00,752 - WARNING -  * Debugger is active!
2024-03-28 21:04:00,755 - INFO -  * Debugger PIN: 353-992-570
2024-03-28 21:04:04,415 - INFO -  * Detected change in 'D:\\ÍùÆÚÑ§Ï°×ÊÁÏ+±Ê¼Ç\\final project\\final\\dissertation-UI-test-platform\\backend\\app\\routes.py', reloading
2024-03-28 21:04:04,546 - INFO -  * Restarting with stat
2024-03-28 21:04:05,517 - WARNING -  * Debugger is active!
2024-03-28 21:04:05,519 - INFO -  * Debugger PIN: 353-992-570
2024-03-28 21:04:07,239 - INFO - 127.0.0.1 - - [28/Mar/2024 21:04:07] "GET /testEventName?testeventID=271 HTTP/1.1" 200 -
2024-03-28 21:04:07,241 - INFO - 127.0.0.1 - - [28/Mar/2024 21:04:07] "GET /getTestCases?testeventID=271 HTTP/1.1" 200 -
2024-03-28 21:04:07,458 - INFO - 127.0.0.1 - - [28/Mar/2024 21:04:07] "GET /testEventName?testeventID=271 HTTP/1.1" 200 -
2024-03-28 21:04:07,550 - INFO - 127.0.0.1 - - [28/Mar/2024 21:04:07] "GET /getTestCases?testeventID=271 HTTP/1.1" 200 -
2024-03-28 21:07:07,891 - INFO - 127.0.0.1 - - [28/Mar/2024 21:07:07] "GET /getTestCases?testeventID=271 HTTP/1.1" 200 -
2024-03-28 21:07:41,432 - INFO - 127.0.0.1 - - [28/Mar/2024 21:07:41] "GET /getTestCases?testeventID=271 HTTP/1.1" 200 -
2024-03-28 21:08:18,768 - INFO - 127.0.0.1 - - [28/Mar/2024 21:08:18] "GET /getTeamScript/29 HTTP/1.1" 200 -
2024-03-28 21:08:19,023 - INFO - 127.0.0.1 - - [28/Mar/2024 21:08:19] "GET /getTeamScript/29 HTTP/1.1" 200 -
2024-03-28 21:08:21,311 - INFO - 127.0.0.1 - - [28/Mar/2024 21:08:21] "GET /getTestCases?testeventID=270 HTTP/1.1" 200 -
2024-03-28 21:08:21,616 - INFO - 127.0.0.1 - - [28/Mar/2024 21:08:21] "GET /testEventName?testeventID=270 HTTP/1.1" 200 -
2024-03-28 21:08:21,621 - INFO - 127.0.0.1 - - [28/Mar/2024 21:08:21] "GET /getTestCases?testeventID=270 HTTP/1.1" 200 -
2024-03-28 21:08:21,921 - INFO - 127.0.0.1 - - [28/Mar/2024 21:08:21] "GET /testEventName?testeventID=270 HTTP/1.1" 200 -
2024-03-28 21:08:39,808 - INFO - 127.0.0.1 - - [28/Mar/2024 21:08:39] "GET /getTeamScript/29 HTTP/1.1" 200 -
2024-03-28 21:08:40,078 - INFO - 127.0.0.1 - - [28/Mar/2024 21:08:40] "GET /getTeamScript/29 HTTP/1.1" 200 -
2024-03-28 21:08:40,844 - INFO - 127.0.0.1 - - [28/Mar/2024 21:08:40] "GET /getTestCases?testeventID=280 HTTP/1.1" 200 -
2024-03-28 21:08:41,145 - INFO - 127.0.0.1 - - [28/Mar/2024 21:08:41] "GET /testEventName?testeventID=280 HTTP/1.1" 200 -
2024-03-28 21:08:41,145 - INFO - 127.0.0.1 - - [28/Mar/2024 21:08:41] "GET /getTestCases?testeventID=280 HTTP/1.1" 200 -
2024-03-28 21:08:41,461 - INFO - 127.0.0.1 - - [28/Mar/2024 21:08:41] "GET /testEventName?testeventID=280 HTTP/1.1" 200 -
2024-03-28 21:08:43,092 - INFO - 127.0.0.1 - - [28/Mar/2024 21:08:43] "GET /getTeamScript/29 HTTP/1.1" 200 -
2024-03-28 21:08:43,352 - INFO - 127.0.0.1 - - [28/Mar/2024 21:08:43] "GET /getTeamScript/29 HTTP/1.1" 200 -
2024-03-31 12:02:14,829 - INFO - [31m[1mWARNING: This is a development server. Do not use it in a production deployment. Use a production WSGI server instead.[0m
 * Running on all addresses (0.0.0.0)
 * Running on http://127.0.0.1:5000
 * Running on http://192.168.3.38:5000
2024-03-31 12:02:14,830 - INFO - [33mPress CTRL+C to quit[0m
2024-03-31 12:02:14,831 - INFO -  * Restarting with stat
2024-03-31 12:02:15,632 - WARNING -  * Debugger is active!
2024-03-31 12:02:15,634 - INFO -  * Debugger PIN: 211-255-688
2024-03-31 13:01:16,033 - INFO - 127.0.0.1 - - [31/Mar/2024 13:01:16] "OPTIONS /login HTTP/1.1" 200 -
2024-03-31 13:01:16,503 - INFO - 127.0.0.1 - - [31/Mar/2024 13:01:16] "POST /login HTTP/1.1" 200 -
2024-03-31 13:01:16,569 - INFO - 127.0.0.1 - - [31/Mar/2024 13:01:16] "OPTIONS /getUserTeams/31 HTTP/1.1" 200 -
2024-03-31 13:01:16,876 - INFO - 127.0.0.1 - - [31/Mar/2024 13:01:16] "OPTIONS /getUserTeams/31 HTTP/1.1" 200 -
2024-03-31 13:01:16,905 - INFO - 127.0.0.1 - - [31/Mar/2024 13:01:16] "GET /getUserTeams/31 HTTP/1.1" 200 -
2024-03-31 13:01:17,213 - INFO - 127.0.0.1 - - [31/Mar/2024 13:01:17] "GET /getUserTeams/31 HTTP/1.1" 200 -
2024-03-31 13:01:18,198 - INFO - 127.0.0.1 - - [31/Mar/2024 13:01:18] "GET /getUserTeams/31 HTTP/1.1" 200 -
2024-03-31 13:01:18,700 - INFO - 127.0.0.1 - - [31/Mar/2024 13:01:18] "GET /getUserTeams/31 HTTP/1.1" 200 -
2024-03-31 13:01:19,885 - INFO - 127.0.0.1 - - [31/Mar/2024 13:01:19] "GET /getTeamMembers/29 HTTP/1.1" 200 -
2024-03-31 13:01:20,135 - INFO - 127.0.0.1 - - [31/Mar/2024 13:01:20] "GET /getTeamMembers/29 HTTP/1.1" 200 -
2024-03-31 13:01:20,210 - INFO - 127.0.0.1 - - [31/Mar/2024 13:01:20] "GET /tasklists/29 HTTP/1.1" 200 -
2024-03-31 13:01:20,220 - INFO - 127.0.0.1 - - [31/Mar/2024 13:01:20] "GET /tasklists/29 HTTP/1.1" 200 -
2024-03-31 13:01:20,819 - INFO - 127.0.0.1 - - [31/Mar/2024 13:01:20] "GET /tasklists/29 HTTP/1.1" 200 -
2024-03-31 13:01:21,127 - INFO - 127.0.0.1 - - [31/Mar/2024 13:01:21] "GET /tasklists/29 HTTP/1.1" 200 -
2024-03-31 13:01:22,200 - INFO - 127.0.0.1 - - [31/Mar/2024 13:01:22] "GET /getTeamScript/29 HTTP/1.1" 200 -
2024-03-31 13:01:22,440 - INFO - 127.0.0.1 - - [31/Mar/2024 13:01:22] "GET /getTeamScript/29 HTTP/1.1" 200 -
2024-03-31 13:01:23,257 - INFO - 127.0.0.1 - - [31/Mar/2024 13:01:23] "GET /team/29 HTTP/1.1" 200 -
2024-03-31 13:01:23,566 - INFO - 127.0.0.1 - - [31/Mar/2024 13:01:23] "GET /team/29 HTTP/1.1" 200 -
2024-03-31 13:01:24,265 - INFO - 127.0.0.1 - - [31/Mar/2024 13:01:24] "GET /tasklists/29 HTTP/1.1" 200 -
2024-03-31 13:01:24,517 - INFO - 127.0.0.1 - - [31/Mar/2024 13:01:24] "GET /tasklists/29 HTTP/1.1" 200 -
2024-03-31 13:01:25,406 - INFO - 127.0.0.1 - - [31/Mar/2024 13:01:25] "GET /getTeamMembers/29 HTTP/1.1" 200 -
2024-03-31 13:01:25,716 - INFO - 127.0.0.1 - - [31/Mar/2024 13:01:25] "GET /getTeamMembers/29 HTTP/1.1" 200 -
2024-03-31 13:01:25,734 - INFO - 127.0.0.1 - - [31/Mar/2024 13:01:25] "GET /tasklists/29 HTTP/1.1" 200 -
2024-03-31 13:01:26,049 - INFO - 127.0.0.1 - - [31/Mar/2024 13:01:26] "GET /tasklists/29 HTTP/1.1" 200 -
2024-03-31 13:01:26,887 - INFO - 127.0.0.1 - - [31/Mar/2024 13:01:26] "OPTIONS /getUserTeams/31 HTTP/1.1" 200 -
2024-03-31 13:01:26,890 - INFO - 127.0.0.1 - - [31/Mar/2024 13:01:26] "OPTIONS /getUserTeams/31 HTTP/1.1" 200 -
2024-03-31 13:01:27,147 - INFO - 127.0.0.1 - - [31/Mar/2024 13:01:27] "GET /getUserTeams/31 HTTP/1.1" 200 -
2024-03-31 13:01:27,206 - INFO - 127.0.0.1 - - [31/Mar/2024 13:01:27] "GET /getUserTeams/31 HTTP/1.1" 200 -
2024-03-31 13:01:28,016 - INFO - 127.0.0.1 - - [31/Mar/2024 13:01:28] "GET /getTeamMembers/29 HTTP/1.1" 200 -
2024-03-31 13:01:28,326 - INFO - 127.0.0.1 - - [31/Mar/2024 13:01:28] "GET /getTeamMembers/29 HTTP/1.1" 200 -
2024-03-31 13:01:28,347 - INFO - 127.0.0.1 - - [31/Mar/2024 13:01:28] "GET /tasklists/29 HTTP/1.1" 200 -
2024-03-31 13:01:28,655 - INFO - 127.0.0.1 - - [31/Mar/2024 13:01:28] "GET /tasklists/29 HTTP/1.1" 200 -
2024-03-31 13:01:29,041 - INFO - 127.0.0.1 - - [31/Mar/2024 13:01:29] "GET /getTeamScript/29 HTTP/1.1" 200 -
2024-03-31 13:01:29,296 - INFO - 127.0.0.1 - - [31/Mar/2024 13:01:29] "GET /getTeamScript/29 HTTP/1.1" 200 -
2024-03-31 13:03:29,459 - INFO -  * Detected change in 'D:\\ÍùÆÚÑ§Ï°×ÊÁÏ+±Ê¼Ç\\final project\\final\\dissertation-UI-test-platform\\backend\\app\\test_cases.py', reloading
2024-03-31 13:03:29,662 - INFO -  * Restarting with stat
2024-03-31 13:03:30,673 - WARNING -  * Debugger is active!
2024-03-31 13:03:30,675 - INFO -  * Debugger PIN: 211-255-688
2024-03-31 15:14:15,947 - INFO - 127.0.0.1 - - [31/Mar/2024 15:14:15] "GET /getTeamScript/29 HTTP/1.1" 200 -
2024-03-31 15:14:16,169 - INFO - 127.0.0.1 - - [31/Mar/2024 15:14:16] "GET /getTeamScript/29 HTTP/1.1" 200 -
2024-03-31 15:36:17,411 - INFO - 127.0.0.1 - - [31/Mar/2024 15:36:17] "OPTIONS /getUserTeams/31 HTTP/1.1" 200 -
2024-03-31 15:36:17,412 - INFO - 127.0.0.1 - - [31/Mar/2024 15:36:17] "OPTIONS /getUserTeams/31 HTTP/1.1" 200 -
2024-03-31 15:36:17,670 - INFO - 127.0.0.1 - - [31/Mar/2024 15:36:17] "GET /getUserTeams/31 HTTP/1.1" 200 -
2024-03-31 15:36:17,726 - INFO - 127.0.0.1 - - [31/Mar/2024 15:36:17] "GET /getUserTeams/31 HTTP/1.1" 200 -
2024-03-31 15:36:18,659 - INFO - 127.0.0.1 - - [31/Mar/2024 15:36:18] "GET /getTeamMembers/29 HTTP/1.1" 200 -
2024-03-31 15:36:18,968 - INFO - 127.0.0.1 - - [31/Mar/2024 15:36:18] "GET /getTeamMembers/29 HTTP/1.1" 200 -
2024-03-31 15:36:18,989 - INFO - 127.0.0.1 - - [31/Mar/2024 15:36:18] "GET /tasklists/29 HTTP/1.1" 200 -
2024-03-31 15:36:19,300 - INFO - 127.0.0.1 - - [31/Mar/2024 15:36:19] "GET /tasklists/29 HTTP/1.1" 200 -
2024-03-31 15:36:19,860 - INFO - 127.0.0.1 - - [31/Mar/2024 15:36:19] "GET /getTeamScript/29 HTTP/1.1" 200 -
2024-03-31 15:36:20,106 - INFO - 127.0.0.1 - - [31/Mar/2024 15:36:20] "GET /getTeamScript/29 HTTP/1.1" 200 -
2024-03-31 19:06:10,907 - INFO - 127.0.0.1 - - [31/Mar/2024 19:06:10] "OPTIONS /runTestEvents HTTP/1.1" 200 -
2024-03-31 19:06:11,322 - INFO - ====== WebDriver manager ======
2024-03-31 19:06:12,163 - INFO - Get LATEST chromedriver version for google-chrome
2024-03-31 19:06:12,174 - INFO - Get LATEST chromedriver version for google-chrome
2024-03-31 19:06:12,174 - INFO - There is no [win64] chromedriver "123.0.6312.86" for browser google-chrome "123.0.6312.86" in cache
2024-03-31 19:06:12,174 - INFO - Get LATEST chromedriver version for google-chrome
2024-03-31 19:06:13,634 - INFO - WebDriver version 123.0.6312.86 selected
2024-03-31 19:06:13,637 - INFO - Modern chrome version https://storage.googleapis.com/chrome-for-testing-public/123.0.6312.86/win32/chromedriver-win32.zip
2024-03-31 19:06:13,637 - INFO - About to download new driver from https://storage.googleapis.com/chrome-for-testing-public/123.0.6312.86/win32/chromedriver-win32.zip
2024-03-31 19:06:14,848 - INFO - Driver downloading response is 200
2024-03-31 19:06:17,427 - INFO - Get LATEST chromedriver version for google-chrome
2024-03-31 19:06:17,512 - INFO - Driver has been saved in cache [C:\Users\hongj\.wdm\drivers\chromedriver\win64\123.0.6312.86]
2024-03-31 19:06:20,974 - INFO - ====== WebDriver manager ======
2024-03-31 19:06:21,674 - INFO - Get LATEST chromedriver version for google-chrome
2024-03-31 19:06:21,679 - INFO - Get LATEST chromedriver version for google-chrome
2024-03-31 19:06:21,679 - INFO - There is no [win64] chromedriver "123.0.6312.86" for browser google-chrome "123.0.6312.86" in cache
2024-03-31 19:06:21,680 - INFO - Get LATEST chromedriver version for google-chrome
2024-03-31 19:06:23,535 - INFO - WebDriver version 123.0.6312.86 selected
2024-03-31 19:06:23,535 - INFO - Modern chrome version https://storage.googleapis.com/chrome-for-testing-public/123.0.6312.86/win32/chromedriver-win32.zip
2024-03-31 19:06:23,535 - INFO - About to download new driver from https://storage.googleapis.com/chrome-for-testing-public/123.0.6312.86/win32/chromedriver-win32.zip
2024-03-31 19:06:24,502 - INFO - Driver downloading response is 200
2024-03-31 19:06:26,480 - INFO - Get LATEST chromedriver version for google-chrome
2024-03-31 19:06:26,566 - INFO - Driver has been saved in cache [C:\Users\hongj\.wdm\drivers\chromedriver\win64\123.0.6312.86]
2024-03-31 19:06:29,882 - INFO - 127.0.0.1 - - [31/Mar/2024 19:06:29] "[35m[1mPOST /runTestEvents HTTP/1.1[0m" 201 -
2024-03-31 19:06:29,999 - INFO - 127.0.0.1 - - [31/Mar/2024 19:06:29] "GET /test-report/183 HTTP/1.1" 200 -
2024-03-31 19:06:30,371 - INFO - 127.0.0.1 - - [31/Mar/2024 19:06:30] "GET /test-report/183 HTTP/1.1" 200 -
2024-03-31 19:06:30,378 - INFO - 127.0.0.1 - - [31/Mar/2024 19:06:30] "GET /getTeamMembers/29 HTTP/1.1" 200 -
2024-03-31 19:06:30,690 - INFO - 127.0.0.1 - - [31/Mar/2024 19:06:30] "GET /getTeamMembers/29 HTTP/1.1" 200 -
2024-03-31 19:06:53,286 - INFO -  * Detected change in 'D:\\ÍùÆÚÑ§Ï°×ÊÁÏ+±Ê¼Ç\\final project\\final\\dissertation-UI-test-platform\\backend\\app\\routes.py', reloading
2024-03-31 19:07:01,574 - INFO -  * Restarting with stat
2024-03-31 19:07:02,496 - WARNING -  * Debugger is active!
2024-03-31 19:07:02,498 - INFO -  * Debugger PIN: 211-255-688
2024-03-31 19:07:08,408 - INFO -  * Detected change in 'D:\\ÍùÆÚÑ§Ï°×ÊÁÏ+±Ê¼Ç\\final project\\final\\dissertation-UI-test-platform\\backend\\app\\routes.py', reloading
2024-03-31 19:07:08,508 - INFO -  * Restarting with stat
2024-03-31 19:07:09,325 - WARNING -  * Debugger is active!
2024-03-31 19:07:09,329 - INFO -  * Debugger PIN: 211-255-688
2024-03-31 19:07:19,764 - INFO -  * Detected change in 'D:\\ÍùÆÚÑ§Ï°×ÊÁÏ+±Ê¼Ç\\final project\\final\\dissertation-UI-test-platform\\backend\\app\\test_cases.py', reloading
2024-03-31 19:07:19,869 - INFO -  * Restarting with stat
2024-03-31 19:07:20,646 - WARNING -  * Debugger is active!
2024-03-31 19:07:20,646 - INFO -  * Debugger PIN: 211-255-688
2024-03-31 19:07:47,997 - INFO -  * Detected change in 'D:\\ÍùÆÚÑ§Ï°×ÊÁÏ+±Ê¼Ç\\final project\\final\\dissertation-UI-test-platform\\backend\\app\\test_cases.py', reloading
2024-03-31 19:07:48,111 - INFO -  * Restarting with stat
2024-03-31 19:07:48,923 - WARNING -  * Debugger is active!
2024-03-31 19:07:48,923 - INFO -  * Debugger PIN: 211-255-688
2024-03-31 19:08:05,953 - INFO - 127.0.0.1 - - [31/Mar/2024 19:08:05] "OPTIONS /runTestEvents HTTP/1.1" 200 -
2024-03-31 19:08:06,301 - INFO - ====== WebDriver manager ======
2024-03-31 19:08:06,954 - INFO - Get LATEST chromedriver version for google-chrome
2024-03-31 19:08:06,954 - INFO - Get LATEST chromedriver version for google-chrome
2024-03-31 19:08:06,958 - INFO - There is no [win64] chromedriver "123.0.6312.86" for browser google-chrome "123.0.6312.86" in cache
2024-03-31 19:08:06,958 - INFO - Get LATEST chromedriver version for google-chrome
2024-03-31 19:08:07,769 - INFO - WebDriver version 123.0.6312.86 selected
2024-03-31 19:08:07,771 - INFO - Modern chrome version https://storage.googleapis.com/chrome-for-testing-public/123.0.6312.86/win32/chromedriver-win32.zip
2024-03-31 19:08:07,771 - INFO - About to download new driver from https://storage.googleapis.com/chrome-for-testing-public/123.0.6312.86/win32/chromedriver-win32.zip
2024-03-31 19:08:09,018 - INFO - Driver downloading response is 200
2024-03-31 19:08:11,632 - INFO - Get LATEST chromedriver version for google-chrome
2024-03-31 19:08:11,722 - INFO - Driver has been saved in cache [C:\Users\hongj\.wdm\drivers\chromedriver\win64\123.0.6312.86]
2024-03-31 19:08:15,038 - INFO - 127.0.0.1 - - [31/Mar/2024 19:08:15] "[35m[1mPOST /runTestEvents HTTP/1.1[0m" 201 -
2024-03-31 19:08:15,137 - INFO - 127.0.0.1 - - [31/Mar/2024 19:08:15] "GET /test-report/184 HTTP/1.1" 200 -
2024-03-31 19:08:15,495 - INFO - 127.0.0.1 - - [31/Mar/2024 19:08:15] "GET /test-report/184 HTTP/1.1" 200 -
2024-03-31 19:08:15,501 - INFO - 127.0.0.1 - - [31/Mar/2024 19:08:15] "GET /getTeamMembers/29 HTTP/1.1" 200 -
2024-03-31 19:08:15,823 - INFO - 127.0.0.1 - - [31/Mar/2024 19:08:15] "GET /getTeamMembers/29 HTTP/1.1" 200 -
2024-03-31 19:08:52,433 - INFO - 127.0.0.1 - - [31/Mar/2024 19:08:52] "OPTIONS /runTestEvents HTTP/1.1" 200 -
2024-03-31 19:08:52,450 - INFO - ====== WebDriver manager ======
2024-03-31 19:08:53,135 - INFO - Get LATEST chromedriver version for google-chrome
2024-03-31 19:08:53,136 - INFO - Get LATEST chromedriver version for google-chrome
2024-03-31 19:08:53,137 - INFO - There is no [win64] chromedriver "123.0.6312.86" for browser google-chrome "123.0.6312.86" in cache
2024-03-31 19:08:53,137 - INFO - Get LATEST chromedriver version for google-chrome
2024-03-31 19:08:54,730 - INFO - WebDriver version 123.0.6312.86 selected
2024-03-31 19:08:54,731 - INFO - Modern chrome version https://storage.googleapis.com/chrome-for-testing-public/123.0.6312.86/win32/chromedriver-win32.zip
2024-03-31 19:08:54,731 - INFO - About to download new driver from https://storage.googleapis.com/chrome-for-testing-public/123.0.6312.86/win32/chromedriver-win32.zip
2024-03-31 19:09:10,580 - INFO - 127.0.0.1 - - [31/Mar/2024 19:09:10] "[35m[1mPOST /runTestEvents HTTP/1.1[0m" 201 -
2024-03-31 19:09:11,049 - INFO - 127.0.0.1 - - [31/Mar/2024 19:09:11] "GET /test-report/185 HTTP/1.1" 200 -
2024-03-31 19:09:11,324 - INFO - 127.0.0.1 - - [31/Mar/2024 19:09:11] "GET /test-report/185 HTTP/1.1" 200 -
2024-03-31 19:09:11,374 - INFO - 127.0.0.1 - - [31/Mar/2024 19:09:11] "GET /getTeamMembers/29 HTTP/1.1" 200 -
2024-03-31 19:09:11,405 - INFO - 127.0.0.1 - - [31/Mar/2024 19:09:11] "GET /getTeamMembers/29 HTTP/1.1" 200 -
2024-03-31 19:09:37,332 - INFO -  * Detected change in 'D:\\ÍùÆÚÑ§Ï°×ÊÁÏ+±Ê¼Ç\\final project\\final\\dissertation-UI-test-platform\\backend\\app\\test_cases.py', reloading
2024-03-31 19:09:41,523 - INFO -  * Restarting with stat
2024-03-31 19:09:42,290 - WARNING -  * Debugger is active!
2024-03-31 19:09:42,291 - INFO -  * Debugger PIN: 211-255-688
2024-03-31 19:10:06,247 - INFO - 127.0.0.1 - - [31/Mar/2024 19:10:06] "OPTIONS /runTestEvents HTTP/1.1" 200 -
2024-03-31 19:10:06,588 - INFO - ====== WebDriver manager ======
2024-03-31 19:10:07,224 - INFO - Get LATEST chromedriver version for google-chrome
2024-03-31 19:10:07,224 - INFO - Get LATEST chromedriver version for google-chrome
2024-03-31 19:10:07,224 - INFO - There is no [win64] chromedriver "123.0.6312.86" for browser google-chrome "123.0.6312.86" in cache
2024-03-31 19:10:07,224 - INFO - Get LATEST chromedriver version for google-chrome
2024-03-31 19:10:07,761 - INFO - WebDriver version 123.0.6312.86 selected
2024-03-31 19:10:07,761 - INFO - Modern chrome version https://storage.googleapis.com/chrome-for-testing-public/123.0.6312.86/win32/chromedriver-win32.zip
2024-03-31 19:10:07,761 - INFO - About to download new driver from https://storage.googleapis.com/chrome-for-testing-public/123.0.6312.86/win32/chromedriver-win32.zip
2024-03-31 19:10:08,251 - INFO - Driver downloading response is 200
2024-03-31 19:10:09,382 - INFO - Get LATEST chromedriver version for google-chrome
2024-03-31 19:10:09,470 - INFO - Driver has been saved in cache [C:\Users\hongj\.wdm\drivers\chromedriver\win64\123.0.6312.86]
2024-03-31 19:10:12,805 - INFO - 127.0.0.1 - - [31/Mar/2024 19:10:12] "[35m[1mPOST /runTestEvents HTTP/1.1[0m" 201 -
2024-03-31 19:10:12,903 - INFO - 127.0.0.1 - - [31/Mar/2024 19:10:12] "GET /test-report/186 HTTP/1.1" 200 -
2024-03-31 19:10:13,254 - INFO - 127.0.0.1 - - [31/Mar/2024 19:10:13] "GET /test-report/186 HTTP/1.1" 200 -
2024-03-31 19:10:13,279 - INFO - 127.0.0.1 - - [31/Mar/2024 19:10:13] "GET /getTeamMembers/29 HTTP/1.1" 200 -
2024-03-31 19:10:13,597 - INFO - 127.0.0.1 - - [31/Mar/2024 19:10:13] "GET /getTeamMembers/29 HTTP/1.1" 200 -
2024-03-31 19:10:45,903 - INFO -  * Detected change in 'D:\\ÍùÆÚÑ§Ï°×ÊÁÏ+±Ê¼Ç\\final project\\final\\dissertation-UI-test-platform\\backend\\app\\test_cases.py', reloading
2024-03-31 19:10:50,130 - INFO -  * Restarting with stat
2024-03-31 19:10:50,958 - WARNING -  * Debugger is active!
2024-03-31 19:10:50,958 - INFO -  * Debugger PIN: 211-255-688
2024-03-31 19:11:07,597 - INFO - 127.0.0.1 - - [31/Mar/2024 19:11:07] "GET /getTeamScript/29 HTTP/1.1" 200 -
2024-03-31 19:11:07,838 - INFO - 127.0.0.1 - - [31/Mar/2024 19:11:07] "GET /getTeamScript/29 HTTP/1.1" 200 -
2024-03-31 19:12:09,230 - INFO -  * Detected change in 'D:\\ÍùÆÚÑ§Ï°×ÊÁÏ+±Ê¼Ç\\final project\\final\\dissertation-UI-test-platform\\backend\\app\\routes.py', reloading
2024-03-31 19:12:09,343 - INFO -  * Restarting with stat
2024-03-31 19:12:10,235 - WARNING -  * Debugger is active!
2024-03-31 19:12:10,236 - INFO -  * Debugger PIN: 211-255-688
2024-03-31 19:12:21,187 - INFO - 127.0.0.1 - - [31/Mar/2024 19:12:21] "OPTIONS /runTestEvents HTTP/1.1" 200 -
2024-03-31 19:12:21,529 - INFO - ====== WebDriver manager ======
2024-03-31 19:12:22,204 - INFO - Get LATEST chromedriver version for google-chrome
2024-03-31 19:12:22,205 - INFO - Get LATEST chromedriver version for google-chrome
2024-03-31 19:12:22,207 - INFO - There is no [win64] chromedriver "123.0.6312.86" for browser google-chrome "123.0.6312.86" in cache
2024-03-31 19:12:22,207 - INFO - Get LATEST chromedriver version for google-chrome
2024-03-31 19:12:23,354 - INFO - WebDriver version 123.0.6312.86 selected
2024-03-31 19:12:23,356 - INFO - Modern chrome version https://storage.googleapis.com/chrome-for-testing-public/123.0.6312.86/win32/chromedriver-win32.zip
2024-03-31 19:12:23,356 - INFO - About to download new driver from https://storage.googleapis.com/chrome-for-testing-public/123.0.6312.86/win32/chromedriver-win32.zip
2024-03-31 19:12:24,583 - INFO - Driver downloading response is 200
2024-03-31 19:12:27,148 - INFO - Get LATEST chromedriver version for google-chrome
2024-03-31 19:12:27,243 - INFO - Driver has been saved in cache [C:\Users\hongj\.wdm\drivers\chromedriver\win64\123.0.6312.86]
2024-03-31 19:12:30,566 - INFO - 127.0.0.1 - - [31/Mar/2024 19:12:30] "[35m[1mPOST /runTestEvents HTTP/1.1[0m" 201 -
2024-03-31 19:12:30,682 - INFO - 127.0.0.1 - - [31/Mar/2024 19:12:30] "GET /test-report/187 HTTP/1.1" 200 -
2024-03-31 19:12:31,038 - INFO - 127.0.0.1 - - [31/Mar/2024 19:12:31] "GET /test-report/187 HTTP/1.1" 200 -
2024-03-31 19:12:31,073 - INFO - 127.0.0.1 - - [31/Mar/2024 19:12:31] "GET /getTeamMembers/29 HTTP/1.1" 200 -
2024-03-31 19:12:31,392 - INFO - 127.0.0.1 - - [31/Mar/2024 19:12:31] "GET /getTeamMembers/29 HTTP/1.1" 200 -
2024-03-31 19:13:05,021 - INFO - [31m[1mWARNING: This is a development server. Do not use it in a production deployment. Use a production WSGI server instead.[0m
 * Running on all addresses (0.0.0.0)
 * Running on http://127.0.0.1:5000
 * Running on http://192.168.3.38:5000
2024-03-31 19:13:05,021 - INFO - [33mPress CTRL+C to quit[0m
2024-03-31 19:13:05,022 - INFO -  * Restarting with stat
2024-03-31 19:13:05,870 - WARNING -  * Debugger is active!
2024-03-31 19:13:05,870 - INFO -  * Debugger PIN: 211-255-688
2024-03-31 19:13:13,483 - INFO - 127.0.0.1 - - [31/Mar/2024 19:13:13] "GET /getTeamScript/29 HTTP/1.1" 200 -
2024-03-31 19:13:13,722 - INFO - 127.0.0.1 - - [31/Mar/2024 19:13:13] "GET /getTeamScript/29 HTTP/1.1" 200 -
2024-03-31 19:13:37,616 - INFO - 127.0.0.1 - - [31/Mar/2024 19:13:37] "OPTIONS /runTestEvents HTTP/1.1" 200 -
2024-03-31 19:13:37,935 - INFO - ====== WebDriver manager ======
2024-03-31 19:13:38,606 - INFO - Get LATEST chromedriver version for google-chrome
2024-03-31 19:13:38,607 - INFO - Get LATEST chromedriver version for google-chrome
2024-03-31 19:13:38,609 - INFO - There is no [win64] chromedriver "123.0.6312.86" for browser google-chrome "123.0.6312.86" in cache
2024-03-31 19:13:38,609 - INFO - Get LATEST chromedriver version for google-chrome
2024-03-31 19:13:39,829 - INFO - WebDriver version 123.0.6312.86 selected
2024-03-31 19:13:39,829 - INFO - Modern chrome version https://storage.googleapis.com/chrome-for-testing-public/123.0.6312.86/win32/chromedriver-win32.zip
2024-03-31 19:13:39,829 - INFO - About to download new driver from https://storage.googleapis.com/chrome-for-testing-public/123.0.6312.86/win32/chromedriver-win32.zip
2024-03-31 19:13:40,806 - INFO - Driver downloading response is 200
2024-03-31 19:13:42,814 - INFO - Get LATEST chromedriver version for google-chrome
2024-03-31 19:13:42,903 - INFO - Driver has been saved in cache [C:\Users\hongj\.wdm\drivers\chromedriver\win64\123.0.6312.86]
2024-03-31 19:13:47,189 - INFO - ====== WebDriver manager ======
2024-03-31 19:13:48,159 - INFO - Get LATEST edgedriver version for Edge 123.0.2420
2024-03-31 19:13:48,455 - INFO - Get LATEST edgedriver version for Edge 123.0.2420
2024-03-31 19:13:48,803 - INFO - There is no [win64] edgedriver "123.0.2420.65" for browser edge "123.0.2420" in cache
2024-03-31 19:13:48,804 - INFO - Get LATEST edgedriver version for Edge 123.0.2420
2024-03-31 19:13:49,094 - INFO - About to download new driver from https://msedgedriver.azureedge.net/123.0.2420.65/edgedriver_win64.zip
2024-03-31 19:13:49,483 - INFO - Driver downloading response is 200
2024-03-31 19:14:12,564 - INFO - Get LATEST edgedriver version for Edge 123.0.2420
2024-03-31 19:14:13,028 - INFO - Driver has been saved in cache [C:\Users\hongj\.wdm\drivers\edgedriver\win64\123.0.2420.65]
2024-03-31 19:14:18,153 - INFO - 127.0.0.1 - - [31/Mar/2024 19:14:18] "[35m[1mPOST /runTestEvents HTTP/1.1[0m" 201 -
2024-03-31 19:14:18,590 - INFO - 127.0.0.1 - - [31/Mar/2024 19:14:18] "GET /test-report/188 HTTP/1.1" 200 -
2024-03-31 19:14:18,844 - INFO - 127.0.0.1 - - [31/Mar/2024 19:14:18] "GET /test-report/188 HTTP/1.1" 200 -
2024-03-31 19:14:18,911 - INFO - 127.0.0.1 - - [31/Mar/2024 19:14:18] "GET /getTeamMembers/29 HTTP/1.1" 200 -
2024-03-31 19:14:19,012 - INFO - 127.0.0.1 - - [31/Mar/2024 19:14:19] "GET /getTeamMembers/29 HTTP/1.1" 200 -
2024-03-31 21:33:12,320 - INFO -  * Detected change in 'D:\\ÍùÆÚÑ§Ï°×ÊÁÏ+±Ê¼Ç\\final project\\final\\dissertation-UI-test-platform\\backend\\app\\test_cases.py', reloading
2024-03-31 21:33:20,600 - INFO -  * Restarting with stat
2024-03-31 21:33:21,864 - WARNING -  * Debugger is active!
2024-03-31 21:33:21,867 - INFO -  * Debugger PIN: 211-255-688
2024-03-31 21:33:32,295 - INFO - 127.0.0.1 - - [31/Mar/2024 21:33:32] "OPTIONS /runTestEvents HTTP/1.1" 200 -
2024-03-31 21:33:32,638 - INFO - ====== WebDriver manager ======
2024-03-31 21:33:33,506 - INFO - Get LATEST chromedriver version for google-chrome
2024-03-31 21:33:33,514 - INFO - Get LATEST chromedriver version for google-chrome
2024-03-31 21:33:33,514 - INFO - There is no [win64] chromedriver "123.0.6312.86" for browser google-chrome "123.0.6312.86" in cache
2024-03-31 21:33:33,514 - INFO - Get LATEST chromedriver version for google-chrome
2024-03-31 21:33:34,012 - INFO - WebDriver version 123.0.6312.86 selected
2024-03-31 21:33:34,014 - INFO - Modern chrome version https://storage.googleapis.com/chrome-for-testing-public/123.0.6312.86/win32/chromedriver-win32.zip
2024-03-31 21:33:34,014 - INFO - About to download new driver from https://storage.googleapis.com/chrome-for-testing-public/123.0.6312.86/win32/chromedriver-win32.zip
2024-03-31 21:33:34,443 - INFO - Driver downloading response is 200
2024-03-31 21:33:36,407 - INFO - Get LATEST chromedriver version for google-chrome
2024-03-31 21:33:36,501 - INFO - Driver has been saved in cache [C:\Users\hongj\.wdm\drivers\chromedriver\win64\123.0.6312.86]
2024-03-31 21:33:41,676 - INFO - ====== WebDriver manager ======
2024-03-31 21:33:42,752 - INFO - Get LATEST edgedriver version for Edge 123.0.2420
2024-03-31 21:33:43,119 - INFO - Get LATEST edgedriver version for Edge 123.0.2420
2024-03-31 21:33:43,775 - INFO - There is no [win64] edgedriver "123.0.2420.65" for browser edge "123.0.2420" in cache
2024-03-31 21:33:43,775 - INFO - Get LATEST edgedriver version for Edge 123.0.2420
2024-03-31 21:33:44,083 - INFO - About to download new driver from https://msedgedriver.azureedge.net/123.0.2420.65/edgedriver_win64.zip
2024-03-31 21:33:44,568 - INFO - Driver downloading response is 200
2024-03-31 21:34:32,717 - INFO - Get LATEST edgedriver version for Edge 123.0.2420
2024-03-31 21:34:33,206 - INFO - Driver has been saved in cache [C:\Users\hongj\.wdm\drivers\edgedriver\win64\123.0.2420.65]
2024-03-31 21:34:37,938 - INFO - 127.0.0.1 - - [31/Mar/2024 21:34:37] "[35m[1mPOST /runTestEvents HTTP/1.1[0m" 201 -
2024-03-31 21:34:38,362 - INFO - 127.0.0.1 - - [31/Mar/2024 21:34:38] "GET /test-report/189 HTTP/1.1" 200 -
2024-03-31 21:34:38,598 - INFO - 127.0.0.1 - - [31/Mar/2024 21:34:38] "GET /test-report/189 HTTP/1.1" 200 -
2024-03-31 21:34:38,681 - INFO - 127.0.0.1 - - [31/Mar/2024 21:34:38] "GET /getTeamMembers/29 HTTP/1.1" 200 -
2024-03-31 21:34:38,717 - INFO - 127.0.0.1 - - [31/Mar/2024 21:34:38] "GET /getTeamMembers/29 HTTP/1.1" 200 -
2024-03-31 21:38:39,455 - INFO -  * Detected change in 'D:\\ÍùÆÚÑ§Ï°×ÊÁÏ+±Ê¼Ç\\final project\\final\\dissertation-UI-test-platform\\backend\\app\\test_cases.py', reloading
2024-03-31 21:38:47,736 - INFO -  * Restarting with stat
2024-03-31 21:38:48,577 - WARNING -  * Debugger is active!
2024-03-31 21:38:48,579 - INFO -  * Debugger PIN: 211-255-688
2024-03-31 21:38:53,460 - INFO - 127.0.0.1 - - [31/Mar/2024 21:38:53] "OPTIONS /runTestEvents HTTP/1.1" 200 -
2024-03-31 21:38:53,799 - INFO - ====== WebDriver manager ======
2024-03-31 21:38:54,464 - INFO - Get LATEST chromedriver version for google-chrome
2024-03-31 21:38:54,467 - INFO - Get LATEST chromedriver version for google-chrome
2024-03-31 21:38:54,467 - INFO - There is no [win64] chromedriver "123.0.6312.86" for browser google-chrome "123.0.6312.86" in cache
2024-03-31 21:38:54,467 - INFO - Get LATEST chromedriver version for google-chrome
2024-03-31 21:38:56,362 - INFO - WebDriver version 123.0.6312.86 selected
2024-03-31 21:38:56,362 - INFO - Modern chrome version https://storage.googleapis.com/chrome-for-testing-public/123.0.6312.86/win32/chromedriver-win32.zip
2024-03-31 21:38:56,362 - INFO - About to download new driver from https://storage.googleapis.com/chrome-for-testing-public/123.0.6312.86/win32/chromedriver-win32.zip
2024-03-31 21:38:57,850 - INFO - Driver downloading response is 200
2024-03-31 21:38:59,568 - INFO - Get LATEST chromedriver version for google-chrome
2024-03-31 21:38:59,659 - INFO - Driver has been saved in cache [C:\Users\hongj\.wdm\drivers\chromedriver\win64\123.0.6312.86]
2024-03-31 21:39:04,291 - INFO - ====== WebDriver manager ======
2024-03-31 21:39:05,201 - INFO - Get LATEST edgedriver version for Edge 123.0.2420
2024-03-31 21:39:05,512 - INFO - Get LATEST edgedriver version for Edge 123.0.2420
2024-03-31 21:39:05,871 - INFO - There is no [win64] edgedriver "123.0.2420.65" for browser edge "123.0.2420" in cache
2024-03-31 21:39:05,871 - INFO - Get LATEST edgedriver version for Edge 123.0.2420
2024-03-31 21:39:06,757 - INFO - About to download new driver from https://msedgedriver.azureedge.net/123.0.2420.65/edgedriver_win64.zip
2024-03-31 21:39:07,187 - INFO - Driver downloading response is 200
2024-03-31 21:39:53,319 - INFO -  * Detected change in 'D:\\ÍùÆÚÑ§Ï°×ÊÁÏ+±Ê¼Ç\\final project\\final\\dissertation-UI-test-platform\\backend\\app\\test_cases.py', reloading
2024-03-31 21:39:53,444 - INFO -  * Restarting with stat
2024-03-31 21:39:54,298 - WARNING -  * Debugger is active!
2024-03-31 21:39:54,298 - INFO -  * Debugger PIN: 211-255-688
2024-03-31 21:40:09,441 - INFO - [31m[1mWARNING: This is a development server. Do not use it in a production deployment. Use a production WSGI server instead.[0m
 * Running on all addresses (0.0.0.0)
 * Running on http://127.0.0.1:5000
 * Running on http://192.168.3.38:5000
2024-03-31 21:40:09,441 - INFO - [33mPress CTRL+C to quit[0m
2024-03-31 21:40:09,442 - INFO -  * Restarting with stat
2024-03-31 21:40:10,198 - WARNING -  * Debugger is active!
2024-03-31 21:40:10,200 - INFO -  * Debugger PIN: 211-255-688
2024-03-31 21:40:22,582 - INFO - 127.0.0.1 - - [31/Mar/2024 21:40:22] "OPTIONS /runTestEvents HTTP/1.1" 200 -
2024-03-31 21:40:22,929 - INFO - ====== WebDriver manager ======
2024-03-31 21:40:23,677 - INFO - Get LATEST chromedriver version for google-chrome
2024-03-31 21:40:23,677 - INFO - Get LATEST chromedriver version for google-chrome
2024-03-31 21:40:23,677 - INFO - There is no [win64] chromedriver "123.0.6312.86" for browser google-chrome "123.0.6312.86" in cache
2024-03-31 21:40:23,677 - INFO - Get LATEST chromedriver version for google-chrome
2024-03-31 21:40:24,526 - INFO - WebDriver version 123.0.6312.86 selected
2024-03-31 21:40:24,527 - INFO - Modern chrome version https://storage.googleapis.com/chrome-for-testing-public/123.0.6312.86/win32/chromedriver-win32.zip
2024-03-31 21:40:24,527 - INFO - About to download new driver from https://storage.googleapis.com/chrome-for-testing-public/123.0.6312.86/win32/chromedriver-win32.zip
2024-03-31 21:40:25,394 - INFO - Driver downloading response is 200
2024-03-31 21:40:27,842 - INFO - Get LATEST chromedriver version for google-chrome
2024-03-31 21:40:27,931 - INFO - Driver has been saved in cache [C:\Users\hongj\.wdm\drivers\chromedriver\win64\123.0.6312.86]
2024-03-31 21:40:32,114 - INFO - ====== WebDriver manager ======
2024-03-31 21:40:32,947 - INFO - Get LATEST edgedriver version for Edge 123.0.2420
2024-03-31 21:40:33,311 - INFO - Get LATEST edgedriver version for Edge 123.0.2420
2024-03-31 21:40:33,638 - INFO - There is no [win64] edgedriver "123.0.2420.65" for browser edge "123.0.2420" in cache
2024-03-31 21:40:33,638 - INFO - Get LATEST edgedriver version for Edge 123.0.2420
2024-03-31 21:40:33,949 - INFO - About to download new driver from https://msedgedriver.azureedge.net/123.0.2420.65/edgedriver_win64.zip
2024-03-31 21:40:34,484 - INFO - Driver downloading response is 200
2024-03-31 21:43:41,192 - INFO -  * Detected change in 'D:\\ÍùÆÚÑ§Ï°×ÊÁÏ+±Ê¼Ç\\final project\\final\\dissertation-UI-test-platform\\backend\\app\\routes.py', reloading
2024-03-31 21:43:41,307 - INFO -  * Restarting with stat
2024-03-31 21:43:42,104 - WARNING -  * Debugger is active!
2024-03-31 21:43:42,106 - INFO -  * Debugger PIN: 211-255-688
2024-03-31 21:43:44,607 - INFO -  * Detected change in 'D:\\ÍùÆÚÑ§Ï°×ÊÁÏ+±Ê¼Ç\\final project\\final\\dissertation-UI-test-platform\\backend\\app\\routes.py', reloading
2024-03-31 21:43:44,699 - INFO -  * Restarting with stat
2024-03-31 21:43:45,478 - WARNING -  * Debugger is active!
2024-03-31 21:43:45,480 - INFO -  * Debugger PIN: 211-255-688
2024-03-31 21:43:54,736 - INFO -  * Detected change in 'D:\\ÍùÆÚÑ§Ï°×ÊÁÏ+±Ê¼Ç\\final project\\final\\dissertation-UI-test-platform\\backend\\app\\routes.py', reloading
2024-03-31 21:43:54,849 - INFO -  * Restarting with stat
2024-03-31 21:43:55,797 - WARNING -  * Debugger is active!
2024-03-31 21:43:55,799 - INFO -  * Debugger PIN: 211-255-688
2024-03-31 21:43:58,761 - INFO - 127.0.0.1 - - [31/Mar/2024 21:43:58] "OPTIONS /runTestEvents HTTP/1.1" 200 -
2024-03-31 21:43:59,102 - INFO - ====== WebDriver manager ======
2024-03-31 21:43:59,760 - INFO - Get LATEST chromedriver version for google-chrome
2024-03-31 21:43:59,762 - INFO - Get LATEST chromedriver version for google-chrome
2024-03-31 21:43:59,762 - INFO - There is no [win64] chromedriver "123.0.6312.86" for browser google-chrome "123.0.6312.86" in cache
2024-03-31 21:43:59,762 - INFO - Get LATEST chromedriver version for google-chrome
2024-03-31 21:44:02,688 - INFO - WebDriver version 123.0.6312.86 selected
2024-03-31 21:44:02,688 - INFO - Modern chrome version https://storage.googleapis.com/chrome-for-testing-public/123.0.6312.86/win32/chromedriver-win32.zip
2024-03-31 21:44:02,688 - INFO - About to download new driver from https://storage.googleapis.com/chrome-for-testing-public/123.0.6312.86/win32/chromedriver-win32.zip
2024-03-31 21:44:04,955 - INFO - Driver downloading response is 200
2024-03-31 21:44:07,655 - INFO - Get LATEST chromedriver version for google-chrome
2024-03-31 21:44:07,744 - INFO - Driver has been saved in cache [C:\Users\hongj\.wdm\drivers\chromedriver\win64\123.0.6312.86]
2024-03-31 21:44:12,664 - INFO - ====== WebDriver manager ======
2024-03-31 21:44:13,542 - INFO - Get LATEST edgedriver version for Edge 123.0.2420
2024-03-31 21:44:14,301 - INFO - Get LATEST edgedriver version for Edge 123.0.2420
2024-03-31 21:44:14,629 - INFO - There is no [win64] edgedriver "123.0.2420.65" for browser edge "123.0.2420" in cache
2024-03-31 21:44:14,630 - INFO - Get LATEST edgedriver version for Edge 123.0.2420
2024-03-31 21:44:14,943 - INFO - About to download new driver from https://msedgedriver.azureedge.net/123.0.2420.65/edgedriver_win64.zip
2024-03-31 21:44:15,361 - INFO - Driver downloading response is 200
2024-03-31 21:44:58,597 - INFO -  * Detected change in 'D:\\ÍùÆÚÑ§Ï°×ÊÁÏ+±Ê¼Ç\\final project\\final\\dissertation-UI-test-platform\\backend\\app\\routes.py', reloading
2024-03-31 21:44:58,727 - INFO -  * Restarting with stat
2024-03-31 21:44:59,646 - WARNING -  * Debugger is active!
2024-03-31 21:44:59,651 - INFO -  * Debugger PIN: 211-255-688
2024-03-31 21:45:38,360 - INFO -  * Detected change in 'D:\\ÍùÆÚÑ§Ï°×ÊÁÏ+±Ê¼Ç\\final project\\final\\dissertation-UI-test-platform\\backend\\app\\routes.py', reloading
2024-03-31 21:45:38,450 - INFO -  * Restarting with stat
2024-03-31 21:45:39,257 - WARNING -  * Debugger is active!
2024-03-31 21:45:39,260 - INFO -  * Debugger PIN: 211-255-688
2024-03-31 21:45:43,461 - INFO - 127.0.0.1 - - [31/Mar/2024 21:45:43] "OPTIONS /runTestEvents HTTP/1.1" 200 -
2024-03-31 21:45:43,803 - INFO - ====== WebDriver manager ======
2024-03-31 21:45:44,477 - INFO - Get LATEST chromedriver version for google-chrome
2024-03-31 21:45:44,481 - INFO - Get LATEST chromedriver version for google-chrome
2024-03-31 21:45:44,481 - INFO - There is no [win64] chromedriver "123.0.6312.86" for browser google-chrome "123.0.6312.86" in cache
2024-03-31 21:45:44,481 - INFO - Get LATEST chromedriver version for google-chrome
2024-03-31 21:45:45,723 - INFO - WebDriver version 123.0.6312.86 selected
2024-03-31 21:45:45,723 - INFO - Modern chrome version https://storage.googleapis.com/chrome-for-testing-public/123.0.6312.86/win32/chromedriver-win32.zip
2024-03-31 21:45:45,723 - INFO - About to download new driver from https://storage.googleapis.com/chrome-for-testing-public/123.0.6312.86/win32/chromedriver-win32.zip
2024-03-31 21:45:47,993 - INFO - Driver downloading response is 200
2024-03-31 21:45:50,821 - INFO - Get LATEST chromedriver version for google-chrome
2024-03-31 21:45:50,907 - INFO - Driver has been saved in cache [C:\Users\hongj\.wdm\drivers\chromedriver\win64\123.0.6312.86]
2024-03-31 21:45:54,444 - INFO - ====== WebDriver manager ======
2024-03-31 21:45:55,320 - INFO - Get LATEST edgedriver version for Edge 123.0.2420
2024-03-31 21:45:55,631 - INFO - Get LATEST edgedriver version for Edge 123.0.2420
2024-03-31 21:45:55,956 - INFO - There is no [win64] edgedriver "123.0.2420.65" for browser edge "123.0.2420" in cache
2024-03-31 21:45:55,956 - INFO - Get LATEST edgedriver version for Edge 123.0.2420
2024-03-31 21:45:56,319 - INFO - About to download new driver from https://msedgedriver.azureedge.net/123.0.2420.65/edgedriver_win64.zip
2024-03-31 21:45:57,677 - INFO - Driver downloading response is 200
2024-03-31 21:46:53,598 - INFO - Get LATEST edgedriver version for Edge 123.0.2420
2024-03-31 21:46:54,007 - INFO - Driver has been saved in cache [C:\Users\hongj\.wdm\drivers\edgedriver\win64\123.0.2420.65]
2024-03-31 21:46:58,373 - INFO - 127.0.0.1 - - [31/Mar/2024 21:46:58] "[35m[1mPOST /runTestEvents HTTP/1.1[0m" 201 -
2024-03-31 21:46:58,818 - INFO - 127.0.0.1 - - [31/Mar/2024 21:46:58] "GET /test-report/190 HTTP/1.1" 200 -
2024-03-31 21:46:59,032 - INFO - 127.0.0.1 - - [31/Mar/2024 21:46:59] "GET /test-report/190 HTTP/1.1" 200 -
2024-03-31 21:46:59,132 - INFO - 127.0.0.1 - - [31/Mar/2024 21:46:59] "GET /getTeamMembers/29 HTTP/1.1" 200 -
2024-03-31 21:46:59,219 - INFO - 127.0.0.1 - - [31/Mar/2024 21:46:59] "GET /getTeamMembers/29 HTTP/1.1" 200 -
2024-03-31 21:47:40,211 - INFO - 127.0.0.1 - - [31/Mar/2024 21:47:40] "OPTIONS /runTestEvents HTTP/1.1" 200 -
2024-03-31 21:47:40,533 - INFO - ====== WebDriver manager ======
2024-03-31 21:47:41,331 - INFO - Get LATEST chromedriver version for google-chrome
2024-03-31 21:47:41,331 - INFO - Get LATEST chromedriver version for google-chrome
2024-03-31 21:47:41,331 - INFO - There is no [win64] chromedriver "123.0.6312.86" for browser google-chrome "123.0.6312.86" in cache
2024-03-31 21:47:41,331 - INFO - Get LATEST chromedriver version for google-chrome
2024-03-31 21:47:43,211 - INFO -  * Detected change in 'D:\\ÍùÆÚÑ§Ï°×ÊÁÏ+±Ê¼Ç\\final project\\final\\dissertation-UI-test-platform\\backend\\app\\test_cases.py', reloading
2024-03-31 21:47:51,500 - INFO -  * Restarting with stat
2024-03-31 21:47:52,471 - WARNING -  * Debugger is active!
2024-03-31 21:47:52,476 - INFO -  * Debugger PIN: 211-255-688
2024-03-31 21:48:10,400 - INFO - 127.0.0.1 - - [31/Mar/2024 21:48:10] "OPTIONS /saveTestEvents HTTP/1.1" 200 -
2024-03-31 21:48:10,745 - INFO - 127.0.0.1 - - [31/Mar/2024 21:48:10] "[35m[1mPOST /saveTestEvents HTTP/1.1[0m" 201 -
2024-03-31 21:48:14,616 - INFO - 127.0.0.1 - - [31/Mar/2024 21:48:14] "OPTIONS /runTestEvents HTTP/1.1" 200 -
2024-03-31 21:48:14,638 - INFO - ====== WebDriver manager ======
2024-03-31 21:48:15,319 - INFO - Get LATEST chromedriver version for google-chrome
2024-03-31 21:48:15,322 - INFO - Get LATEST chromedriver version for google-chrome
2024-03-31 21:48:15,322 - INFO - There is no [win64] chromedriver "123.0.6312.86" for browser google-chrome "123.0.6312.86" in cache
2024-03-31 21:48:15,322 - INFO - Get LATEST chromedriver version for google-chrome
2024-03-31 21:48:16,273 - INFO - WebDriver version 123.0.6312.86 selected
2024-03-31 21:48:16,273 - INFO - Modern chrome version https://storage.googleapis.com/chrome-for-testing-public/123.0.6312.86/win32/chromedriver-win32.zip
2024-03-31 21:48:16,273 - INFO - About to download new driver from https://storage.googleapis.com/chrome-for-testing-public/123.0.6312.86/win32/chromedriver-win32.zip
2024-03-31 21:48:18,423 - INFO - Driver downloading response is 200
2024-03-31 21:48:19,649 - INFO - Get LATEST chromedriver version for google-chrome
2024-03-31 21:48:19,734 - INFO - Driver has been saved in cache [C:\Users\hongj\.wdm\drivers\chromedriver\win64\123.0.6312.86]
2024-03-31 21:48:23,628 - INFO - ====== WebDriver manager ======
2024-03-31 21:48:24,509 - INFO - Get LATEST edgedriver version for Edge 123.0.2420
2024-03-31 21:48:25,182 - INFO - Get LATEST edgedriver version for Edge 123.0.2420
2024-03-31 21:48:25,506 - INFO - There is no [win64] edgedriver "123.0.2420.65" for browser edge "123.0.2420" in cache
2024-03-31 21:48:25,506 - INFO - Get LATEST edgedriver version for Edge 123.0.2420
2024-03-31 21:48:25,801 - INFO - About to download new driver from https://msedgedriver.azureedge.net/123.0.2420.65/edgedriver_win64.zip
2024-03-31 21:48:26,258 - INFO - Driver downloading response is 200
2024-03-31 21:50:14,684 - INFO - [31m[1mWARNING: This is a development server. Do not use it in a production deployment. Use a production WSGI server instead.[0m
 * Running on all addresses (0.0.0.0)
 * Running on http://127.0.0.1:5000
 * Running on http://192.168.3.38:5000
2024-03-31 21:50:14,684 - INFO - [33mPress CTRL+C to quit[0m
2024-03-31 21:50:14,685 - INFO -  * Restarting with stat
2024-03-31 21:50:15,522 - WARNING -  * Debugger is active!
2024-03-31 21:50:15,524 - INFO -  * Debugger PIN: 211-255-688
2024-03-31 21:50:33,977 - INFO - [31m[1mWARNING: This is a development server. Do not use it in a production deployment. Use a production WSGI server instead.[0m
 * Running on all addresses (0.0.0.0)
 * Running on http://127.0.0.1:5000
 * Running on http://192.168.3.38:5000
2024-03-31 21:50:33,977 - INFO - [33mPress CTRL+C to quit[0m
2024-03-31 21:50:33,978 - INFO -  * Restarting with stat
2024-03-31 21:50:34,753 - WARNING -  * Debugger is active!
2024-03-31 21:50:34,756 - INFO -  * Debugger PIN: 211-255-688
2024-03-31 21:50:39,723 - INFO - 127.0.0.1 - - [31/Mar/2024 21:50:39] "OPTIONS /runTestEvents HTTP/1.1" 200 -
2024-03-31 21:50:40,062 - INFO - ====== WebDriver manager ======
2024-03-31 21:50:40,727 - INFO - Get LATEST chromedriver version for google-chrome
2024-03-31 21:50:40,727 - INFO - Get LATEST chromedriver version for google-chrome
2024-03-31 21:50:40,727 - INFO - There is no [win64] chromedriver "123.0.6312.86" for browser google-chrome "123.0.6312.86" in cache
2024-03-31 21:50:40,727 - INFO - Get LATEST chromedriver version for google-chrome
2024-03-31 21:50:41,348 - INFO - WebDriver version 123.0.6312.86 selected
2024-03-31 21:50:41,352 - INFO - Modern chrome version https://storage.googleapis.com/chrome-for-testing-public/123.0.6312.86/win32/chromedriver-win32.zip
2024-03-31 21:50:41,352 - INFO - About to download new driver from https://storage.googleapis.com/chrome-for-testing-public/123.0.6312.86/win32/chromedriver-win32.zip
2024-03-31 21:50:42,001 - INFO - Driver downloading response is 200
2024-03-31 21:50:44,160 - INFO - Get LATEST chromedriver version for google-chrome
2024-03-31 21:50:44,244 - INFO - Driver has been saved in cache [C:\Users\hongj\.wdm\drivers\chromedriver\win64\123.0.6312.86]
2024-03-31 21:50:48,991 - INFO - ====== WebDriver manager ======
2024-03-31 21:50:49,860 - INFO - Get LATEST edgedriver version for Edge 123.0.2420
2024-03-31 21:50:50,162 - INFO - Get LATEST edgedriver version for Edge 123.0.2420
2024-03-31 21:50:50,453 - INFO - There is no [win64] edgedriver "123.0.2420.65" for browser edge "123.0.2420" in cache
2024-03-31 21:50:50,453 - INFO - Get LATEST edgedriver version for Edge 123.0.2420
2024-03-31 21:50:50,760 - INFO - About to download new driver from https://msedgedriver.azureedge.net/123.0.2420.65/edgedriver_win64.zip
2024-03-31 21:50:51,999 - INFO - Driver downloading response is 200
2024-03-31 21:52:09,160 - INFO -  * Detected change in 'D:\\ÍùÆÚÑ§Ï°×ÊÁÏ+±Ê¼Ç\\final project\\final\\dissertation-UI-test-platform\\backend\\app\\test_cases.py', reloading
2024-03-31 21:52:09,168 - INFO -  * Detected change in 'D:\\ÍùÆÚÑ§Ï°×ÊÁÏ+±Ê¼Ç\\final project\\final\\dissertation-UI-test-platform\\backend\\app\\test_cases.py', reloading
2024-03-31 21:52:09,326 - INFO -  * Restarting with stat
2024-03-31 21:52:09,326 - INFO -  * Restarting with stat
2024-03-31 21:52:10,217 - WARNING -  * Debugger is active!
2024-03-31 21:52:10,217 - WARNING -  * Debugger is active!
2024-03-31 21:52:10,219 - INFO -  * Debugger PIN: 211-255-688
2024-03-31 21:52:10,219 - INFO -  * Debugger PIN: 211-255-688
2024-03-31 21:52:12,427 - INFO - 127.0.0.1 - - [31/Mar/2024 21:52:12] "OPTIONS /runTestEvents HTTP/1.1" 200 -
2024-03-31 21:52:12,771 - INFO - ====== WebDriver manager ======
2024-03-31 21:52:13,525 - INFO - Get LATEST chromedriver version for google-chrome
2024-03-31 21:52:13,525 - INFO - Get LATEST chromedriver version for google-chrome
2024-03-31 21:52:13,525 - INFO - There is no [win64] chromedriver "123.0.6312.86" for browser google-chrome "123.0.6312.86" in cache
2024-03-31 21:52:13,525 - INFO - Get LATEST chromedriver version for google-chrome
2024-03-31 21:52:14,315 - INFO - WebDriver version 123.0.6312.86 selected
2024-03-31 21:52:14,316 - INFO - Modern chrome version https://storage.googleapis.com/chrome-for-testing-public/123.0.6312.86/win32/chromedriver-win32.zip
2024-03-31 21:52:14,316 - INFO - About to download new driver from https://storage.googleapis.com/chrome-for-testing-public/123.0.6312.86/win32/chromedriver-win32.zip
2024-03-31 21:52:15,025 - INFO - Driver downloading response is 200
2024-03-31 21:52:19,722 - INFO - Get LATEST chromedriver version for google-chrome
2024-03-31 21:52:19,816 - INFO - Driver has been saved in cache [C:\Users\hongj\.wdm\drivers\chromedriver\win64\123.0.6312.86]
2024-03-31 21:52:24,048 - INFO - ====== WebDriver manager ======
2024-03-31 21:52:25,038 - INFO - Get LATEST edgedriver version for Edge 123.0.2420
2024-03-31 21:52:25,398 - INFO - Get LATEST edgedriver version for Edge 123.0.2420
2024-03-31 21:52:25,710 - INFO - There is no [win64] edgedriver "123.0.2420.65" for browser edge "123.0.2420" in cache
2024-03-31 21:52:25,710 - INFO - Get LATEST edgedriver version for Edge 123.0.2420
2024-03-31 21:52:26,054 - INFO - About to download new driver from https://msedgedriver.azureedge.net/123.0.2420.65/edgedriver_win64.zip
2024-03-31 21:52:26,429 - INFO - Driver downloading response is 200
2024-03-31 21:53:29,130 - INFO - Get LATEST edgedriver version for Edge 123.0.2420
2024-03-31 21:53:29,583 - INFO - Driver has been saved in cache [C:\Users\hongj\.wdm\drivers\edgedriver\win64\123.0.2420.65]
2024-03-31 21:53:33,486 - INFO - 127.0.0.1 - - [31/Mar/2024 21:53:33] "[35m[1mPOST /runTestEvents HTTP/1.1[0m" 201 -
2024-03-31 21:53:33,917 - INFO - 127.0.0.1 - - [31/Mar/2024 21:53:33] "GET /test-report/191 HTTP/1.1" 200 -
2024-03-31 21:53:34,149 - INFO - 127.0.0.1 - - [31/Mar/2024 21:53:34] "GET /test-report/191 HTTP/1.1" 200 -
2024-03-31 21:53:34,244 - INFO - 127.0.0.1 - - [31/Mar/2024 21:53:34] "GET /getTeamMembers/29 HTTP/1.1" 200 -
2024-03-31 21:53:34,273 - INFO - 127.0.0.1 - - [31/Mar/2024 21:53:34] "GET /getTeamMembers/29 HTTP/1.1" 200 -
2024-03-31 22:05:40,765 - INFO -  * Detected change in 'D:\\ÍùÆÚÑ§Ï°×ÊÁÏ+±Ê¼Ç\\final project\\final\\dissertation-UI-test-platform\\backend\\app\\test_cases.py', reloading
2024-03-31 22:05:49,048 - INFO -  * Restarting with stat
2024-03-31 22:05:49,959 - WARNING -  * Debugger is active!
2024-03-31 22:05:49,960 - INFO -  * Debugger PIN: 211-255-688
2024-03-31 22:06:41,153 - INFO -  * Detected change in 'D:\\ÍùÆÚÑ§Ï°×ÊÁÏ+±Ê¼Ç\\final project\\final\\dissertation-UI-test-platform\\backend\\app\\test_cases.py', reloading
2024-03-31 22:06:41,245 - INFO -  * Restarting with stat
2024-03-31 22:06:42,004 - WARNING -  * Debugger is active!
2024-03-31 22:06:42,004 - INFO -  * Debugger PIN: 211-255-688
2024-03-31 22:06:51,694 - INFO - 127.0.0.1 - - [31/Mar/2024 22:06:51] "OPTIONS /runTestEvents HTTP/1.1" 200 -
2024-03-31 22:06:52,056 - INFO - ====== WebDriver manager ======
2024-03-31 22:06:52,752 - INFO - Get LATEST chromedriver version for google-chrome
2024-03-31 22:06:52,757 - INFO - Get LATEST chromedriver version for google-chrome
2024-03-31 22:06:52,757 - INFO - There is no [win64] chromedriver "123.0.6312.86" for browser google-chrome "123.0.6312.86" in cache
2024-03-31 22:06:52,757 - INFO - Get LATEST chromedriver version for google-chrome
2024-03-31 22:06:53,955 - INFO - WebDriver version 123.0.6312.86 selected
2024-03-31 22:06:53,955 - INFO - Modern chrome version https://storage.googleapis.com/chrome-for-testing-public/123.0.6312.86/win32/chromedriver-win32.zip
2024-03-31 22:06:53,955 - INFO - About to download new driver from https://storage.googleapis.com/chrome-for-testing-public/123.0.6312.86/win32/chromedriver-win32.zip
2024-03-31 22:06:56,140 - INFO - Driver downloading response is 200
2024-03-31 22:06:58,921 - INFO - Get LATEST chromedriver version for google-chrome
2024-03-31 22:06:59,012 - INFO - Driver has been saved in cache [C:\Users\hongj\.wdm\drivers\chromedriver\win64\123.0.6312.86]
2024-03-31 22:07:03,813 - INFO - 127.0.0.1 - - [31/Mar/2024 22:07:03] "[35m[1mPOST /runTestEvents HTTP/1.1[0m" 201 -
2024-03-31 22:07:03,911 - INFO - 127.0.0.1 - - [31/Mar/2024 22:07:03] "GET /test-report/192 HTTP/1.1" 200 -
2024-03-31 22:07:04,254 - INFO - 127.0.0.1 - - [31/Mar/2024 22:07:04] "GET /test-report/192 HTTP/1.1" 200 -
2024-03-31 22:07:04,262 - INFO - 127.0.0.1 - - [31/Mar/2024 22:07:04] "GET /getTeamMembers/29 HTTP/1.1" 200 -
2024-03-31 22:07:04,588 - INFO - 127.0.0.1 - - [31/Mar/2024 22:07:04] "GET /getTeamMembers/29 HTTP/1.1" 200 -
2024-03-31 22:11:04,847 - INFO -  * Detected change in 'D:\\ÍùÆÚÑ§Ï°×ÊÁÏ+±Ê¼Ç\\final project\\final\\dissertation-UI-test-platform\\backend\\app\\test_cases.py', reloading
2024-03-31 22:11:09,080 - INFO -  * Restarting with stat
2024-03-31 22:11:10,094 - WARNING -  * Debugger is active!
2024-03-31 22:11:10,096 - INFO -  * Debugger PIN: 211-255-688
2024-03-31 22:11:25,976 - INFO - 127.0.0.1 - - [31/Mar/2024 22:11:25] "OPTIONS /runTestEvents HTTP/1.1" 200 -
2024-03-31 22:11:26,326 - INFO - ====== WebDriver manager ======
2024-03-31 22:11:27,036 - INFO - Get LATEST chromedriver version for google-chrome
2024-03-31 22:11:27,038 - INFO - Get LATEST chromedriver version for google-chrome
2024-03-31 22:11:27,038 - INFO - There is no [win64] chromedriver "123.0.6312.86" for browser google-chrome "123.0.6312.86" in cache
2024-03-31 22:11:27,038 - INFO - Get LATEST chromedriver version for google-chrome
2024-03-31 22:11:34,712 - INFO - WebDriver version 123.0.6312.86 selected
2024-03-31 22:11:34,713 - INFO - Modern chrome version https://storage.googleapis.com/chrome-for-testing-public/123.0.6312.86/win32/chromedriver-win32.zip
2024-03-31 22:11:34,713 - INFO - About to download new driver from https://storage.googleapis.com/chrome-for-testing-public/123.0.6312.86/win32/chromedriver-win32.zip
2024-03-31 22:11:35,992 - INFO - Driver downloading response is 200
2024-03-31 22:11:38,338 - INFO - Get LATEST chromedriver version for google-chrome
2024-03-31 22:11:38,440 - INFO - Driver has been saved in cache [C:\Users\hongj\.wdm\drivers\chromedriver\win64\123.0.6312.86]
2024-03-31 22:11:47,696 - INFO - 127.0.0.1 - - [31/Mar/2024 22:11:47] "[35m[1mPOST /runTestEvents HTTP/1.1[0m" 201 -
2024-03-31 22:11:47,765 - INFO - 127.0.0.1 - - [31/Mar/2024 22:11:47] "GET /test-report/193 HTTP/1.1" 200 -
2024-03-31 22:11:48,082 - INFO - 127.0.0.1 - - [31/Mar/2024 22:11:48] "GET /test-report/193 HTTP/1.1" 200 -
2024-03-31 22:11:48,101 - INFO - 127.0.0.1 - - [31/Mar/2024 22:11:48] "GET /getTeamMembers/29 HTTP/1.1" 200 -
2024-03-31 22:11:48,415 - INFO - 127.0.0.1 - - [31/Mar/2024 22:11:48] "GET /getTeamMembers/29 HTTP/1.1" 200 -
2024-03-31 22:17:31,297 - INFO -  * Detected change in 'D:\\ÍùÆÚÑ§Ï°×ÊÁÏ+±Ê¼Ç\\final project\\final\\dissertation-UI-test-platform\\backend\\app\\test_cases.py', reloading
2024-03-31 22:17:31,408 - INFO -  * Restarting with stat
2024-03-31 22:17:32,200 - WARNING -  * Debugger is active!
2024-03-31 22:17:32,201 - INFO -  * Debugger PIN: 211-255-688
2024-03-31 22:17:54,032 - INFO -  * Detected change in 'D:\\ÍùÆÚÑ§Ï°×ÊÁÏ+±Ê¼Ç\\final project\\final\\dissertation-UI-test-platform\\backend\\app\\test_cases.py', reloading
2024-03-31 22:17:54,160 - INFO -  * Restarting with stat
2024-03-31 22:17:54,972 - WARNING -  * Debugger is active!
2024-03-31 22:17:54,974 - INFO -  * Debugger PIN: 211-255-688
2024-03-31 22:18:04,979 - INFO - 127.0.0.1 - - [31/Mar/2024 22:18:04] "OPTIONS /runTestEvents HTTP/1.1" 200 -
2024-03-31 22:18:05,319 - INFO - ====== WebDriver manager ======
2024-03-31 22:18:05,977 - INFO - Get LATEST chromedriver version for google-chrome
2024-03-31 22:18:05,978 - INFO - Get LATEST chromedriver version for google-chrome
2024-03-31 22:18:05,978 - INFO - There is no [win64] chromedriver "123.0.6312.86" for browser google-chrome "123.0.6312.86" in cache
2024-03-31 22:18:05,978 - INFO - Get LATEST chromedriver version for google-chrome
2024-03-31 22:18:07,185 - INFO - WebDriver version 123.0.6312.86 selected
2024-03-31 22:18:07,189 - INFO - Modern chrome version https://storage.googleapis.com/chrome-for-testing-public/123.0.6312.86/win32/chromedriver-win32.zip
2024-03-31 22:18:07,189 - INFO - About to download new driver from https://storage.googleapis.com/chrome-for-testing-public/123.0.6312.86/win32/chromedriver-win32.zip
2024-03-31 22:18:08,671 - INFO - Driver downloading response is 200
2024-03-31 22:18:10,048 - INFO - Get LATEST chromedriver version for google-chrome
2024-03-31 22:18:10,137 - INFO - Driver has been saved in cache [C:\Users\hongj\.wdm\drivers\chromedriver\win64\123.0.6312.86]
2024-03-31 22:18:19,000 - INFO - 127.0.0.1 - - [31/Mar/2024 22:18:19] "[35m[1mPOST /runTestEvents HTTP/1.1[0m" 201 -
2024-03-31 22:18:19,069 - INFO - 127.0.0.1 - - [31/Mar/2024 22:18:19] "GET /test-report/194 HTTP/1.1" 200 -
2024-03-31 22:18:19,382 - INFO - 127.0.0.1 - - [31/Mar/2024 22:18:19] "GET /test-report/194 HTTP/1.1" 200 -
2024-03-31 22:18:19,403 - INFO - 127.0.0.1 - - [31/Mar/2024 22:18:19] "GET /getTeamMembers/29 HTTP/1.1" 200 -
2024-03-31 22:18:19,725 - INFO - 127.0.0.1 - - [31/Mar/2024 22:18:19] "GET /getTeamMembers/29 HTTP/1.1" 200 -
2024-03-31 22:18:53,217 - INFO -  * Detected change in 'D:\\ÍùÆÚÑ§Ï°×ÊÁÏ+±Ê¼Ç\\final project\\final\\dissertation-UI-test-platform\\backend\\app\\test_cases.py', reloading
2024-03-31 22:18:53,377 - INFO -  * Restarting with stat
2024-03-31 22:18:54,324 - WARNING -  * Debugger is active!
2024-03-31 22:18:54,325 - INFO -  * Debugger PIN: 211-255-688
2024-03-31 22:19:01,875 - INFO - 127.0.0.1 - - [31/Mar/2024 22:19:01] "OPTIONS /runTestEvents HTTP/1.1" 200 -
2024-03-31 22:19:02,228 - INFO - ====== WebDriver manager ======
2024-03-31 22:19:02,923 - INFO - Get LATEST chromedriver version for google-chrome
2024-03-31 22:19:02,923 - INFO - Get LATEST chromedriver version for google-chrome
2024-03-31 22:19:02,923 - INFO - There is no [win64] chromedriver "123.0.6312.86" for browser google-chrome "123.0.6312.86" in cache
2024-03-31 22:19:02,923 - INFO - Get LATEST chromedriver version for google-chrome
2024-03-31 22:19:03,576 - INFO - WebDriver version 123.0.6312.86 selected
2024-03-31 22:19:03,578 - INFO - Modern chrome version https://storage.googleapis.com/chrome-for-testing-public/123.0.6312.86/win32/chromedriver-win32.zip
2024-03-31 22:19:03,578 - INFO - About to download new driver from https://storage.googleapis.com/chrome-for-testing-public/123.0.6312.86/win32/chromedriver-win32.zip
2024-03-31 22:19:04,025 - INFO - Driver downloading response is 200
2024-03-31 22:19:05,197 - INFO - Get LATEST chromedriver version for google-chrome
2024-03-31 22:19:05,289 - INFO - Driver has been saved in cache [C:\Users\hongj\.wdm\drivers\chromedriver\win64\123.0.6312.86]
2024-03-31 22:19:12,982 - INFO - 127.0.0.1 - - [31/Mar/2024 22:19:12] "[35m[1mPOST /runTestEvents HTTP/1.1[0m" 201 -
2024-03-31 22:19:13,055 - INFO - 127.0.0.1 - - [31/Mar/2024 22:19:13] "GET /test-report/195 HTTP/1.1" 200 -
2024-03-31 22:19:13,371 - INFO - 127.0.0.1 - - [31/Mar/2024 22:19:13] "GET /test-report/195 HTTP/1.1" 200 -
2024-03-31 22:19:13,388 - INFO - 127.0.0.1 - - [31/Mar/2024 22:19:13] "GET /getTeamMembers/29 HTTP/1.1" 200 -
2024-03-31 22:19:13,704 - INFO - 127.0.0.1 - - [31/Mar/2024 22:19:13] "GET /getTeamMembers/29 HTTP/1.1" 200 -
2024-03-31 22:19:32,375 - INFO - [31m[1mWARNING: This is a development server. Do not use it in a production deployment. Use a production WSGI server instead.[0m
 * Running on all addresses (0.0.0.0)
 * Running on http://127.0.0.1:5000
 * Running on http://192.168.3.38:5000
2024-03-31 22:19:32,375 - INFO - [33mPress CTRL+C to quit[0m
2024-03-31 22:19:32,375 - INFO -  * Restarting with stat
2024-03-31 22:19:33,152 - WARNING -  * Debugger is active!
2024-03-31 22:19:33,156 - INFO -  * Debugger PIN: 211-255-688
2024-03-31 22:19:52,609 - INFO -  * Detected change in 'D:\\ÍùÆÚÑ§Ï°×ÊÁÏ+±Ê¼Ç\\final project\\final\\dissertation-UI-test-platform\\backend\\app\\test_cases.py', reloading
2024-03-31 22:19:52,801 - INFO -  * Restarting with stat
2024-03-31 22:19:53,652 - WARNING -  * Debugger is active!
2024-03-31 22:19:53,660 - INFO -  * Debugger PIN: 211-255-688
2024-03-31 22:20:08,313 - INFO - 127.0.0.1 - - [31/Mar/2024 22:20:08] "OPTIONS /runTestEvents HTTP/1.1" 200 -
2024-03-31 22:20:08,669 - INFO - ====== WebDriver manager ======
2024-03-31 22:20:09,382 - INFO - Get LATEST chromedriver version for google-chrome
2024-03-31 22:20:09,382 - INFO - Get LATEST chromedriver version for google-chrome
2024-03-31 22:20:09,382 - INFO - There is no [win64] chromedriver "123.0.6312.86" for browser google-chrome "123.0.6312.86" in cache
2024-03-31 22:20:09,382 - INFO - Get LATEST chromedriver version for google-chrome
2024-03-31 22:20:12,155 - INFO - WebDriver version 123.0.6312.86 selected
2024-03-31 22:20:12,155 - INFO - Modern chrome version https://storage.googleapis.com/chrome-for-testing-public/123.0.6312.86/win32/chromedriver-win32.zip
2024-03-31 22:20:12,155 - INFO - About to download new driver from https://storage.googleapis.com/chrome-for-testing-public/123.0.6312.86/win32/chromedriver-win32.zip
2024-03-31 22:20:12,669 - INFO - Driver downloading response is 200
2024-03-31 22:20:14,435 - INFO - Get LATEST chromedriver version for google-chrome
2024-03-31 22:20:14,527 - INFO - Driver has been saved in cache [C:\Users\hongj\.wdm\drivers\chromedriver\win64\123.0.6312.86]
2024-03-31 22:20:24,075 - INFO - 127.0.0.1 - - [31/Mar/2024 22:20:24] "[35m[1mPOST /runTestEvents HTTP/1.1[0m" 201 -
2024-03-31 22:20:24,131 - INFO - 127.0.0.1 - - [31/Mar/2024 22:20:24] "GET /test-report/196 HTTP/1.1" 200 -
2024-03-31 22:20:24,444 - INFO - 127.0.0.1 - - [31/Mar/2024 22:20:24] "GET /test-report/196 HTTP/1.1" 200 -
2024-03-31 22:20:24,466 - INFO - 127.0.0.1 - - [31/Mar/2024 22:20:24] "GET /getTeamMembers/29 HTTP/1.1" 200 -
2024-03-31 22:20:24,773 - INFO - 127.0.0.1 - - [31/Mar/2024 22:20:24] "GET /getTeamMembers/29 HTTP/1.1" 200 -
2024-03-31 22:20:45,145 - INFO -  * Detected change in 'D:\\ÍùÆÚÑ§Ï°×ÊÁÏ+±Ê¼Ç\\final project\\final\\dissertation-UI-test-platform\\backend\\app\\test_cases.py', reloading
2024-03-31 22:20:45,265 - INFO -  * Restarting with stat
2024-03-31 22:20:46,073 - WARNING -  * Debugger is active!
2024-03-31 22:20:46,078 - INFO -  * Debugger PIN: 211-255-688
2024-03-31 22:20:56,696 - INFO - 127.0.0.1 - - [31/Mar/2024 22:20:56] "OPTIONS /runTestEvents HTTP/1.1" 200 -
2024-03-31 22:20:57,035 - INFO - ====== WebDriver manager ======
2024-03-31 22:20:57,701 - INFO - Get LATEST chromedriver version for google-chrome
2024-03-31 22:20:57,706 - INFO - Get LATEST chromedriver version for google-chrome
2024-03-31 22:20:57,706 - INFO - There is no [win64] chromedriver "123.0.6312.86" for browser google-chrome "123.0.6312.86" in cache
2024-03-31 22:20:57,706 - INFO - Get LATEST chromedriver version for google-chrome
2024-03-31 22:21:00,288 - INFO - WebDriver version 123.0.6312.86 selected
2024-03-31 22:21:00,294 - INFO - Modern chrome version https://storage.googleapis.com/chrome-for-testing-public/123.0.6312.86/win32/chromedriver-win32.zip
2024-03-31 22:21:00,294 - INFO - About to download new driver from https://storage.googleapis.com/chrome-for-testing-public/123.0.6312.86/win32/chromedriver-win32.zip
2024-03-31 22:21:03,699 - INFO - Driver downloading response is 200
2024-03-31 22:21:06,594 - INFO - Get LATEST chromedriver version for google-chrome
2024-03-31 22:21:06,683 - INFO - Driver has been saved in cache [C:\Users\hongj\.wdm\drivers\chromedriver\win64\123.0.6312.86]
2024-03-31 22:21:15,033 - INFO - 127.0.0.1 - - [31/Mar/2024 22:21:15] "[35m[1mPOST /runTestEvents HTTP/1.1[0m" 201 -
2024-03-31 22:21:15,093 - INFO - 127.0.0.1 - - [31/Mar/2024 22:21:15] "GET /test-report/197 HTTP/1.1" 200 -
2024-03-31 22:21:15,411 - INFO - 127.0.0.1 - - [31/Mar/2024 22:21:15] "GET /test-report/197 HTTP/1.1" 200 -
2024-03-31 22:21:15,429 - INFO - 127.0.0.1 - - [31/Mar/2024 22:21:15] "GET /getTeamMembers/29 HTTP/1.1" 200 -
2024-03-31 22:21:15,741 - INFO - 127.0.0.1 - - [31/Mar/2024 22:21:15] "GET /getTeamMembers/29 HTTP/1.1" 200 -
2024-03-31 22:21:53,186 - INFO -  * Detected change in 'D:\\ÍùÆÚÑ§Ï°×ÊÁÏ+±Ê¼Ç\\final project\\final\\dissertation-UI-test-platform\\backend\\app\\test_cases.py', reloading
2024-03-31 22:21:53,340 - INFO -  * Restarting with stat
2024-03-31 22:21:54,214 - WARNING -  * Debugger is active!
2024-03-31 22:21:54,214 - INFO -  * Debugger PIN: 211-255-688
2024-03-31 22:22:00,822 - INFO - 127.0.0.1 - - [31/Mar/2024 22:22:00] "OPTIONS /runTestEvents HTTP/1.1" 200 -
2024-03-31 22:22:01,159 - INFO - ====== WebDriver manager ======
2024-03-31 22:22:01,841 - INFO - Get LATEST chromedriver version for google-chrome
2024-03-31 22:22:01,841 - INFO - Get LATEST chromedriver version for google-chrome
2024-03-31 22:22:01,841 - INFO - There is no [win64] chromedriver "123.0.6312.86" for browser google-chrome "123.0.6312.86" in cache
2024-03-31 22:22:01,844 - INFO - Get LATEST chromedriver version for google-chrome
2024-03-31 22:22:02,833 - INFO - WebDriver version 123.0.6312.86 selected
2024-03-31 22:22:02,835 - INFO - Modern chrome version https://storage.googleapis.com/chrome-for-testing-public/123.0.6312.86/win32/chromedriver-win32.zip
2024-03-31 22:22:02,835 - INFO - About to download new driver from https://storage.googleapis.com/chrome-for-testing-public/123.0.6312.86/win32/chromedriver-win32.zip
2024-03-31 22:22:03,768 - INFO - Driver downloading response is 200
2024-03-31 22:22:05,804 - INFO - Get LATEST chromedriver version for google-chrome
2024-03-31 22:22:05,909 - INFO - Driver has been saved in cache [C:\Users\hongj\.wdm\drivers\chromedriver\win64\123.0.6312.86]
2024-03-31 22:22:14,677 - INFO - 127.0.0.1 - - [31/Mar/2024 22:22:14] "[35m[1mPOST /runTestEvents HTTP/1.1[0m" 201 -
2024-03-31 22:22:14,743 - INFO - 127.0.0.1 - - [31/Mar/2024 22:22:14] "GET /test-report/198 HTTP/1.1" 200 -
2024-03-31 22:22:15,065 - INFO - 127.0.0.1 - - [31/Mar/2024 22:22:15] "GET /test-report/198 HTTP/1.1" 200 -
2024-03-31 22:22:15,079 - INFO - 127.0.0.1 - - [31/Mar/2024 22:22:15] "GET /getTeamMembers/29 HTTP/1.1" 200 -
2024-03-31 22:22:15,393 - INFO - 127.0.0.1 - - [31/Mar/2024 22:22:15] "GET /getTeamMembers/29 HTTP/1.1" 200 -
2024-03-31 22:22:54,919 - INFO -  * Detected change in 'D:\\ÍùÆÚÑ§Ï°×ÊÁÏ+±Ê¼Ç\\final project\\final\\dissertation-UI-test-platform\\backend\\app\\test_cases.py', reloading
2024-03-31 22:22:55,041 - INFO -  * Restarting with stat
2024-03-31 22:22:55,852 - WARNING -  * Debugger is active!
2024-03-31 22:22:55,855 - INFO -  * Debugger PIN: 211-255-688
2024-03-31 22:23:08,546 - INFO -  * Detected change in 'D:\\ÍùÆÚÑ§Ï°×ÊÁÏ+±Ê¼Ç\\final project\\final\\dissertation-UI-test-platform\\backend\\app\\test_cases.py', reloading
2024-03-31 22:23:08,639 - INFO -  * Restarting with stat
2024-03-31 22:23:09,442 - WARNING -  * Debugger is active!
2024-03-31 22:23:09,444 - INFO -  * Debugger PIN: 211-255-688
2024-03-31 22:23:11,955 - INFO -  * Detected change in 'D:\\ÍùÆÚÑ§Ï°×ÊÁÏ+±Ê¼Ç\\final project\\final\\dissertation-UI-test-platform\\backend\\app\\test_cases.py', reloading
2024-03-31 22:23:12,061 - INFO -  * Restarting with stat
2024-03-31 22:23:12,848 - WARNING -  * Debugger is active!
2024-03-31 22:23:12,850 - INFO -  * Debugger PIN: 211-255-688
2024-03-31 22:23:45,401 - INFO - 127.0.0.1 - - [31/Mar/2024 22:23:45] "OPTIONS /runTestEvents HTTP/1.1" 200 -
2024-03-31 22:23:45,744 - INFO - ====== WebDriver manager ======
2024-03-31 22:23:46,498 - INFO - Get LATEST chromedriver version for google-chrome
2024-03-31 22:23:46,498 - INFO - Get LATEST chromedriver version for google-chrome
2024-03-31 22:23:46,498 - INFO - There is no [win64] chromedriver "123.0.6312.86" for browser google-chrome "123.0.6312.86" in cache
2024-03-31 22:23:46,498 - INFO - Get LATEST chromedriver version for google-chrome
2024-03-31 22:23:49,203 - INFO - WebDriver version 123.0.6312.86 selected
2024-03-31 22:23:49,203 - INFO - Modern chrome version https://storage.googleapis.com/chrome-for-testing-public/123.0.6312.86/win32/chromedriver-win32.zip
2024-03-31 22:23:49,203 - INFO - About to download new driver from https://storage.googleapis.com/chrome-for-testing-public/123.0.6312.86/win32/chromedriver-win32.zip
2024-03-31 22:23:50,199 - INFO - Driver downloading response is 200
2024-03-31 22:23:51,466 - INFO - Get LATEST chromedriver version for google-chrome
2024-03-31 22:23:51,553 - INFO - Driver has been saved in cache [C:\Users\hongj\.wdm\drivers\chromedriver\win64\123.0.6312.86]
2024-03-31 22:24:00,523 - INFO - 127.0.0.1 - - [31/Mar/2024 22:24:00] "[35m[1mPOST /runTestEvents HTTP/1.1[0m" 201 -
2024-03-31 22:24:00,584 - INFO - 127.0.0.1 - - [31/Mar/2024 22:24:00] "GET /test-report/199 HTTP/1.1" 200 -
2024-03-31 22:24:00,891 - INFO - 127.0.0.1 - - [31/Mar/2024 22:24:00] "GET /test-report/199 HTTP/1.1" 200 -
2024-03-31 22:24:00,911 - INFO - 127.0.0.1 - - [31/Mar/2024 22:24:00] "GET /getTeamMembers/29 HTTP/1.1" 200 -
2024-03-31 22:24:01,220 - INFO - 127.0.0.1 - - [31/Mar/2024 22:24:01] "GET /getTeamMembers/29 HTTP/1.1" 200 -
2024-03-31 22:27:26,858 - INFO -  * Detected change in 'D:\\ÍùÆÚÑ§Ï°×ÊÁÏ+±Ê¼Ç\\final project\\final\\dissertation-UI-test-platform\\backend\\app\\test_cases.py', reloading
2024-03-31 22:27:26,998 - INFO -  * Restarting with stat
2024-03-31 22:27:27,846 - WARNING -  * Debugger is active!
2024-03-31 22:27:27,850 - INFO -  * Debugger PIN: 211-255-688
2024-03-31 22:27:50,014 - INFO - 127.0.0.1 - - [31/Mar/2024 22:27:50] "OPTIONS /runTestEvents HTTP/1.1" 200 -
2024-03-31 22:27:50,355 - INFO - ====== WebDriver manager ======
2024-03-31 22:27:51,010 - INFO - Get LATEST chromedriver version for google-chrome
2024-03-31 22:27:51,012 - INFO - Get LATEST chromedriver version for google-chrome
2024-03-31 22:27:51,012 - INFO - There is no [win64] chromedriver "123.0.6312.86" for browser google-chrome "123.0.6312.86" in cache
2024-03-31 22:27:51,013 - INFO - Get LATEST chromedriver version for google-chrome
2024-03-31 22:27:53,186 - INFO - WebDriver version 123.0.6312.86 selected
2024-03-31 22:27:53,187 - INFO - Modern chrome version https://storage.googleapis.com/chrome-for-testing-public/123.0.6312.86/win32/chromedriver-win32.zip
2024-03-31 22:27:53,187 - INFO - About to download new driver from https://storage.googleapis.com/chrome-for-testing-public/123.0.6312.86/win32/chromedriver-win32.zip
2024-03-31 22:27:54,864 - INFO - Driver downloading response is 200
2024-03-31 22:27:57,964 - INFO - Get LATEST chromedriver version for google-chrome
2024-03-31 22:27:58,049 - INFO - Driver has been saved in cache [C:\Users\hongj\.wdm\drivers\chromedriver\win64\123.0.6312.86]
2024-03-31 22:28:01,066 - ERROR - Error occurred in function verify_element_class. Screenshot saved as verify_element_class_screenshot.png: verify_element_class() missing 1 required positional argument: 'expected_class'
2024-03-31 22:28:03,189 - INFO - 127.0.0.1 - - [31/Mar/2024 22:28:03] "[35m[1mPOST /runTestEvents HTTP/1.1[0m" 201 -
2024-03-31 22:28:03,269 - INFO - 127.0.0.1 - - [31/Mar/2024 22:28:03] "GET /test-report/200 HTTP/1.1" 200 -
2024-03-31 22:28:03,614 - INFO - 127.0.0.1 - - [31/Mar/2024 22:28:03] "GET /test-report/200 HTTP/1.1" 200 -
2024-03-31 22:28:03,636 - INFO - 127.0.0.1 - - [31/Mar/2024 22:28:03] "GET /getTeamMembers/29 HTTP/1.1" 200 -
2024-03-31 22:28:03,951 - INFO - 127.0.0.1 - - [31/Mar/2024 22:28:03] "GET /getTeamMembers/29 HTTP/1.1" 200 -
2024-03-31 22:31:16,264 - INFO - 127.0.0.1 - - [31/Mar/2024 22:31:16] "OPTIONS /runTestEvents HTTP/1.1" 200 -
2024-03-31 22:31:16,583 - INFO - ====== WebDriver manager ======
2024-03-31 22:31:17,282 - INFO - Get LATEST chromedriver version for google-chrome
2024-03-31 22:31:17,282 - INFO - Get LATEST chromedriver version for google-chrome
2024-03-31 22:31:17,282 - INFO - There is no [win64] chromedriver "123.0.6312.86" for browser google-chrome "123.0.6312.86" in cache
2024-03-31 22:31:17,282 - INFO - Get LATEST chromedriver version for google-chrome
2024-03-31 22:31:18,719 - INFO -  * Detected change in 'D:\\ÍùÆÚÑ§Ï°×ÊÁÏ+±Ê¼Ç\\final project\\final\\dissertation-UI-test-platform\\backend\\app\\test_cases.py', reloading
2024-03-31 22:31:22,913 - INFO -  * Restarting with stat
2024-03-31 22:31:23,817 - WARNING -  * Debugger is active!
2024-03-31 22:31:23,819 - INFO -  * Debugger PIN: 211-255-688
2024-03-31 22:32:25,155 - INFO -  * Detected change in 'D:\\ÍùÆÚÑ§Ï°×ÊÁÏ+±Ê¼Ç\\final project\\final\\dissertation-UI-test-platform\\backend\\app\\test_cases.py', reloading
2024-03-31 22:32:25,257 - INFO -  * Restarting with stat
2024-03-31 22:32:26,073 - WARNING -  * Debugger is active!
2024-03-31 22:32:26,076 - INFO -  * Debugger PIN: 211-255-688
2024-03-31 22:32:32,691 - INFO - 127.0.0.1 - - [31/Mar/2024 22:32:32] "OPTIONS /runTestEvents HTTP/1.1" 200 -
2024-03-31 22:32:33,039 - INFO - ====== WebDriver manager ======
2024-03-31 22:32:33,690 - INFO - Get LATEST chromedriver version for google-chrome
2024-03-31 22:32:33,691 - INFO - Get LATEST chromedriver version for google-chrome
2024-03-31 22:32:33,691 - INFO - There is no [win64] chromedriver "123.0.6312.86" for browser google-chrome "123.0.6312.86" in cache
2024-03-31 22:32:33,691 - INFO - Get LATEST chromedriver version for google-chrome
2024-03-31 22:32:36,926 - INFO - WebDriver version 123.0.6312.86 selected
2024-03-31 22:32:36,926 - INFO - Modern chrome version https://storage.googleapis.com/chrome-for-testing-public/123.0.6312.86/win32/chromedriver-win32.zip
2024-03-31 22:32:36,926 - INFO - About to download new driver from https://storage.googleapis.com/chrome-for-testing-public/123.0.6312.86/win32/chromedriver-win32.zip
2024-03-31 22:32:38,489 - INFO - Driver downloading response is 200
2024-03-31 22:32:40,494 - INFO - Get LATEST chromedriver version for google-chrome
2024-03-31 22:32:40,587 - INFO - Driver has been saved in cache [C:\Users\hongj\.wdm\drivers\chromedriver\win64\123.0.6312.86]
2024-03-31 22:32:49,407 - INFO - 127.0.0.1 - - [31/Mar/2024 22:32:49] "[35m[1mPOST /runTestEvents HTTP/1.1[0m" 201 -
2024-03-31 22:32:49,471 - INFO - 127.0.0.1 - - [31/Mar/2024 22:32:49] "GET /test-report/201 HTTP/1.1" 200 -
2024-03-31 22:32:49,787 - INFO - 127.0.0.1 - - [31/Mar/2024 22:32:49] "GET /test-report/201 HTTP/1.1" 200 -
2024-03-31 22:32:49,802 - INFO - 127.0.0.1 - - [31/Mar/2024 22:32:49] "GET /getTeamMembers/29 HTTP/1.1" 200 -
2024-03-31 22:32:50,124 - INFO - 127.0.0.1 - - [31/Mar/2024 22:32:50] "GET /getTeamMembers/29 HTTP/1.1" 200 -
2024-03-31 22:33:09,094 - INFO - 127.0.0.1 - - [31/Mar/2024 22:33:09] "OPTIONS /runTestEvents HTTP/1.1" 200 -
2024-03-31 22:33:09,094 - INFO - ====== WebDriver manager ======
2024-03-31 22:33:09,825 - INFO - Get LATEST chromedriver version for google-chrome
2024-03-31 22:33:09,825 - INFO - Get LATEST chromedriver version for google-chrome
2024-03-31 22:33:09,825 - INFO - There is no [win64] chromedriver "123.0.6312.86" for browser google-chrome "123.0.6312.86" in cache
2024-03-31 22:33:09,825 - INFO - Get LATEST chromedriver version for google-chrome
2024-03-31 22:33:13,952 - INFO - WebDriver version 123.0.6312.86 selected
2024-03-31 22:33:13,952 - INFO - Modern chrome version https://storage.googleapis.com/chrome-for-testing-public/123.0.6312.86/win32/chromedriver-win32.zip
2024-03-31 22:33:13,952 - INFO - About to download new driver from https://storage.googleapis.com/chrome-for-testing-public/123.0.6312.86/win32/chromedriver-win32.zip
2024-03-31 22:33:15,315 - INFO - Driver downloading response is 200
2024-03-31 22:33:17,432 - INFO - Get LATEST chromedriver version for google-chrome
2024-03-31 22:33:17,520 - INFO - Driver has been saved in cache [C:\Users\hongj\.wdm\drivers\chromedriver\win64\123.0.6312.86]
2024-03-31 22:33:21,053 - INFO - 127.0.0.1 - - [31/Mar/2024 22:33:21] "[35m[1mPOST /runTestEvents HTTP/1.1[0m" 201 -
2024-03-31 22:33:21,160 - INFO - 127.0.0.1 - - [31/Mar/2024 22:33:21] "GET /test-report/202 HTTP/1.1" 200 -
2024-03-31 22:33:21,492 - INFO - 127.0.0.1 - - [31/Mar/2024 22:33:21] "GET /test-report/202 HTTP/1.1" 200 -
2024-03-31 22:33:21,499 - INFO - 127.0.0.1 - - [31/Mar/2024 22:33:21] "GET /getTeamMembers/29 HTTP/1.1" 200 -
2024-03-31 22:33:21,824 - INFO - 127.0.0.1 - - [31/Mar/2024 22:33:21] "GET /getTeamMembers/29 HTTP/1.1" 200 -
2024-03-31 22:33:43,973 - INFO -  * Detected change in 'D:\\ÍùÆÚÑ§Ï°×ÊÁÏ+±Ê¼Ç\\final project\\final\\dissertation-UI-test-platform\\backend\\app\\test_cases.py', reloading
2024-03-31 22:33:48,120 - INFO -  * Restarting with stat
2024-03-31 22:33:48,932 - WARNING -  * Debugger is active!
2024-03-31 22:33:48,935 - INFO -  * Debugger PIN: 211-255-688
2024-03-31 22:34:20,932 - INFO -  * Detected change in 'D:\\ÍùÆÚÑ§Ï°×ÊÁÏ+±Ê¼Ç\\final project\\final\\dissertation-UI-test-platform\\backend\\app\\test_cases.py', reloading
2024-03-31 22:34:21,026 - INFO -  * Restarting with stat
2024-03-31 22:34:21,805 - WARNING -  * Debugger is active!
2024-03-31 22:34:21,807 - INFO -  * Debugger PIN: 211-255-688
2024-03-31 22:34:28,826 - INFO -  * Detected change in 'D:\\ÍùÆÚÑ§Ï°×ÊÁÏ+±Ê¼Ç\\final project\\final\\dissertation-UI-test-platform\\backend\\app\\test_cases.py', reloading
2024-03-31 22:34:28,992 - INFO -  * Restarting with stat
2024-03-31 22:34:29,847 - WARNING -  * Debugger is active!
2024-03-31 22:34:29,849 - INFO -  * Debugger PIN: 211-255-688
2024-03-31 22:34:45,531 - INFO - 127.0.0.1 - - [31/Mar/2024 22:34:45] "OPTIONS /runTestEvents HTTP/1.1" 200 -
2024-03-31 22:34:45,875 - INFO - ====== WebDriver manager ======
2024-03-31 22:34:46,606 - INFO - Get LATEST chromedriver version for google-chrome
2024-03-31 22:34:46,608 - INFO - Get LATEST chromedriver version for google-chrome
2024-03-31 22:34:46,609 - INFO - There is no [win64] chromedriver "123.0.6312.86" for browser google-chrome "123.0.6312.86" in cache
2024-03-31 22:34:46,609 - INFO - Get LATEST chromedriver version for google-chrome
2024-03-31 22:34:47,366 - INFO - WebDriver version 123.0.6312.86 selected
2024-03-31 22:34:47,366 - INFO - Modern chrome version https://storage.googleapis.com/chrome-for-testing-public/123.0.6312.86/win32/chromedriver-win32.zip
2024-03-31 22:34:47,366 - INFO - About to download new driver from https://storage.googleapis.com/chrome-for-testing-public/123.0.6312.86/win32/chromedriver-win32.zip
2024-03-31 22:34:47,841 - INFO - Driver downloading response is 200
2024-03-31 22:34:49,689 - INFO - Get LATEST chromedriver version for google-chrome
2024-03-31 22:34:49,801 - INFO - Driver has been saved in cache [C:\Users\hongj\.wdm\drivers\chromedriver\win64\123.0.6312.86]
2024-03-31 22:34:54,413 - INFO - 127.0.0.1 - - [31/Mar/2024 22:34:54] "[35m[1mPOST /runTestEvents HTTP/1.1[0m" 201 -
2024-03-31 22:34:54,499 - INFO - 127.0.0.1 - - [31/Mar/2024 22:34:54] "GET /test-report/203 HTTP/1.1" 200 -
2024-03-31 22:34:54,854 - INFO - 127.0.0.1 - - [31/Mar/2024 22:34:54] "GET /test-report/203 HTTP/1.1" 200 -
2024-03-31 22:34:54,858 - INFO - 127.0.0.1 - - [31/Mar/2024 22:34:54] "GET /getTeamMembers/29 HTTP/1.1" 200 -
2024-03-31 22:34:55,181 - INFO - 127.0.0.1 - - [31/Mar/2024 22:34:55] "GET /getTeamMembers/29 HTTP/1.1" 200 -
2024-03-31 22:38:33,821 - INFO -  * Detected change in 'D:\\ÍùÆÚÑ§Ï°×ÊÁÏ+±Ê¼Ç\\final project\\final\\dissertation-UI-test-platform\\backend\\app\\test_cases.py', reloading
2024-03-31 22:38:37,997 - INFO -  * Restarting with stat
2024-03-31 22:38:38,778 - WARNING -  * Debugger is active!
2024-03-31 22:38:38,778 - INFO -  * Debugger PIN: 211-255-688
2024-03-31 22:38:51,488 - INFO -  * Detected change in 'D:\\ÍùÆÚÑ§Ï°×ÊÁÏ+±Ê¼Ç\\final project\\final\\dissertation-UI-test-platform\\backend\\app\\test_cases.py', reloading
2024-03-31 22:38:51,611 - INFO -  * Restarting with stat
2024-03-31 22:38:52,535 - WARNING -  * Debugger is active!
2024-03-31 22:38:52,538 - INFO -  * Debugger PIN: 211-255-688
2024-03-31 22:39:00,154 - INFO - 127.0.0.1 - - [31/Mar/2024 22:39:00] "OPTIONS /runTestEvents HTTP/1.1" 200 -
2024-03-31 22:39:00,501 - INFO - ====== WebDriver manager ======
2024-03-31 22:39:01,195 - INFO - Get LATEST chromedriver version for google-chrome
2024-03-31 22:39:01,196 - INFO - Get LATEST chromedriver version for google-chrome
2024-03-31 22:39:01,197 - INFO - There is no [win64] chromedriver "123.0.6312.86" for browser google-chrome "123.0.6312.86" in cache
2024-03-31 22:39:01,197 - INFO - Get LATEST chromedriver version for google-chrome
2024-03-31 22:39:06,317 - INFO - 127.0.0.1 - - [31/Mar/2024 22:39:06] "[35m[1mPOST /runTestEvents HTTP/1.1[0m" 201 -
2024-03-31 22:39:06,443 - INFO - 127.0.0.1 - - [31/Mar/2024 22:39:06] "GET /test-report/204 HTTP/1.1" 200 -
2024-03-31 22:39:06,795 - INFO - 127.0.0.1 - - [31/Mar/2024 22:39:06] "GET /test-report/204 HTTP/1.1" 200 -
2024-03-31 22:39:06,812 - INFO - 127.0.0.1 - - [31/Mar/2024 22:39:06] "GET /getTeamMembers/29 HTTP/1.1" 200 -
2024-03-31 22:39:07,123 - INFO - 127.0.0.1 - - [31/Mar/2024 22:39:07] "GET /getTeamMembers/29 HTTP/1.1" 200 -
2024-03-31 22:39:58,963 - INFO -  * Detected change in 'D:\\ÍùÆÚÑ§Ï°×ÊÁÏ+±Ê¼Ç\\final project\\final\\dissertation-UI-test-platform\\backend\\app\\test_cases.py', reloading
2024-03-31 22:39:59,104 - INFO -  * Restarting with stat
2024-03-31 22:39:59,933 - WARNING -  * Debugger is active!
2024-03-31 22:39:59,935 - INFO -  * Debugger PIN: 211-255-688
2024-03-31 22:40:02,435 - INFO -  * Detected change in 'D:\\ÍùÆÚÑ§Ï°×ÊÁÏ+±Ê¼Ç\\final project\\final\\dissertation-UI-test-platform\\backend\\app\\test_cases.py', reloading
2024-03-31 22:40:02,617 - INFO -  * Restarting with stat
2024-03-31 22:40:03,541 - WARNING -  * Debugger is active!
2024-03-31 22:40:03,543 - INFO -  * Debugger PIN: 211-255-688
2024-03-31 22:40:17,085 - INFO - 127.0.0.1 - - [31/Mar/2024 22:40:17] "OPTIONS /runTestEvents HTTP/1.1" 200 -
2024-03-31 22:40:17,434 - INFO - ====== WebDriver manager ======
2024-03-31 22:40:18,095 - INFO - Get LATEST chromedriver version for google-chrome
2024-03-31 22:40:18,095 - INFO - Get LATEST chromedriver version for google-chrome
2024-03-31 22:40:18,095 - INFO - There is no [win64] chromedriver "123.0.6312.86" for browser google-chrome "123.0.6312.86" in cache
2024-03-31 22:40:18,095 - INFO - Get LATEST chromedriver version for google-chrome
2024-03-31 22:40:20,495 - INFO - WebDriver version 123.0.6312.86 selected
2024-03-31 22:40:20,495 - INFO - Modern chrome version https://storage.googleapis.com/chrome-for-testing-public/123.0.6312.86/win32/chromedriver-win32.zip
2024-03-31 22:40:20,495 - INFO - About to download new driver from https://storage.googleapis.com/chrome-for-testing-public/123.0.6312.86/win32/chromedriver-win32.zip
2024-03-31 22:40:20,964 - INFO - Driver downloading response is 200
2024-03-31 22:40:25,482 - INFO - Get LATEST chromedriver version for google-chrome
2024-03-31 22:40:25,577 - INFO - Driver has been saved in cache [C:\Users\hongj\.wdm\drivers\chromedriver\win64\123.0.6312.86]
2024-03-31 22:40:29,182 - INFO - 127.0.0.1 - - [31/Mar/2024 22:40:29] "[35m[1mPOST /runTestEvents HTTP/1.1[0m" 201 -
2024-03-31 22:40:29,265 - INFO - 127.0.0.1 - - [31/Mar/2024 22:40:29] "GET /test-report/205 HTTP/1.1" 200 -
2024-03-31 22:40:29,599 - INFO - 127.0.0.1 - - [31/Mar/2024 22:40:29] "GET /test-report/205 HTTP/1.1" 200 -
2024-03-31 22:40:29,608 - INFO - 127.0.0.1 - - [31/Mar/2024 22:40:29] "GET /getTeamMembers/29 HTTP/1.1" 200 -
2024-03-31 22:40:29,922 - INFO - 127.0.0.1 - - [31/Mar/2024 22:40:29] "GET /getTeamMembers/29 HTTP/1.1" 200 -
2024-03-31 22:41:34,906 - INFO -  * Detected change in 'D:\\ÍùÆÚÑ§Ï°×ÊÁÏ+±Ê¼Ç\\final project\\final\\dissertation-UI-test-platform\\backend\\app\\test_cases.py', reloading
2024-03-31 22:41:39,078 - INFO -  * Restarting with stat
2024-03-31 22:41:39,867 - WARNING -  * Debugger is active!
2024-03-31 22:41:39,870 - INFO -  * Debugger PIN: 211-255-688
2024-03-31 22:41:49,163 - INFO -  * Detected change in 'D:\\ÍùÆÚÑ§Ï°×ÊÁÏ+±Ê¼Ç\\final project\\final\\dissertation-UI-test-platform\\backend\\app\\test_cases.py', reloading
2024-03-31 22:41:49,255 - INFO -  * Restarting with stat
2024-03-31 22:41:50,042 - WARNING -  * Debugger is active!
2024-03-31 22:41:50,042 - INFO -  * Debugger PIN: 211-255-688
2024-03-31 22:42:02,306 - INFO - 127.0.0.1 - - [31/Mar/2024 22:42:02] "OPTIONS /runTestEvents HTTP/1.1" 200 -
2024-03-31 22:42:02,656 - INFO - ====== WebDriver manager ======
2024-03-31 22:42:03,356 - INFO - Get LATEST chromedriver version for google-chrome
2024-03-31 22:42:03,357 - INFO - Get LATEST chromedriver version for google-chrome
2024-03-31 22:42:03,357 - INFO - There is no [win64] chromedriver "123.0.6312.86" for browser google-chrome "123.0.6312.86" in cache
2024-03-31 22:42:03,357 - INFO - Get LATEST chromedriver version for google-chrome
2024-03-31 22:42:05,911 - INFO - WebDriver version 123.0.6312.86 selected
2024-03-31 22:42:05,911 - INFO - Modern chrome version https://storage.googleapis.com/chrome-for-testing-public/123.0.6312.86/win32/chromedriver-win32.zip
2024-03-31 22:42:05,911 - INFO - About to download new driver from https://storage.googleapis.com/chrome-for-testing-public/123.0.6312.86/win32/chromedriver-win32.zip
2024-03-31 22:42:06,936 - INFO - Driver downloading response is 200
2024-03-31 22:42:09,831 - INFO - Get LATEST chromedriver version for google-chrome
2024-03-31 22:42:09,924 - INFO - Driver has been saved in cache [C:\Users\hongj\.wdm\drivers\chromedriver\win64\123.0.6312.86]
2024-03-31 22:42:18,772 - INFO - 127.0.0.1 - - [31/Mar/2024 22:42:18] "[35m[1mPOST /runTestEvents HTTP/1.1[0m" 201 -
2024-03-31 22:42:18,836 - INFO - 127.0.0.1 - - [31/Mar/2024 22:42:18] "GET /test-report/206 HTTP/1.1" 200 -
2024-03-31 22:42:19,151 - INFO - 127.0.0.1 - - [31/Mar/2024 22:42:19] "GET /test-report/206 HTTP/1.1" 200 -
2024-03-31 22:42:19,168 - INFO - 127.0.0.1 - - [31/Mar/2024 22:42:19] "GET /getTeamMembers/29 HTTP/1.1" 200 -
2024-03-31 22:42:19,487 - INFO - 127.0.0.1 - - [31/Mar/2024 22:42:19] "GET /getTeamMembers/29 HTTP/1.1" 200 -
2024-03-31 22:42:37,485 - INFO - 127.0.0.1 - - [31/Mar/2024 22:42:37] "OPTIONS /runTestEvents HTTP/1.1" 200 -
2024-03-31 22:42:37,500 - INFO - ====== WebDriver manager ======
2024-03-31 22:42:38,152 - INFO - Get LATEST chromedriver version for google-chrome
2024-03-31 22:42:38,158 - INFO - Get LATEST chromedriver version for google-chrome
2024-03-31 22:42:38,158 - INFO - There is no [win64] chromedriver "123.0.6312.86" for browser google-chrome "123.0.6312.86" in cache
2024-03-31 22:42:38,160 - INFO - Get LATEST chromedriver version for google-chrome
2024-03-31 22:42:39,843 - INFO - WebDriver version 123.0.6312.86 selected
2024-03-31 22:42:39,843 - INFO - Modern chrome version https://storage.googleapis.com/chrome-for-testing-public/123.0.6312.86/win32/chromedriver-win32.zip
2024-03-31 22:42:39,843 - INFO - About to download new driver from https://storage.googleapis.com/chrome-for-testing-public/123.0.6312.86/win32/chromedriver-win32.zip
2024-03-31 22:42:42,578 - INFO - Driver downloading response is 200
2024-03-31 22:42:45,622 - INFO - Get LATEST chromedriver version for google-chrome
2024-03-31 22:42:45,711 - INFO - Driver has been saved in cache [C:\Users\hongj\.wdm\drivers\chromedriver\win64\123.0.6312.86]
2024-03-31 22:42:49,464 - INFO - 127.0.0.1 - - [31/Mar/2024 22:42:49] "[35m[1mPOST /runTestEvents HTTP/1.1[0m" 201 -
2024-03-31 22:42:49,566 - INFO - 127.0.0.1 - - [31/Mar/2024 22:42:49] "GET /test-report/207 HTTP/1.1" 200 -
2024-03-31 22:42:49,901 - INFO - 127.0.0.1 - - [31/Mar/2024 22:42:49] "GET /test-report/207 HTTP/1.1" 200 -
2024-03-31 22:42:49,919 - INFO - 127.0.0.1 - - [31/Mar/2024 22:42:49] "GET /getTeamMembers/29 HTTP/1.1" 200 -
2024-03-31 22:42:50,235 - INFO - 127.0.0.1 - - [31/Mar/2024 22:42:50] "GET /getTeamMembers/29 HTTP/1.1" 200 -
2024-03-31 22:45:23,948 - INFO -  * Detected change in 'D:\\ÍùÆÚÑ§Ï°×ÊÁÏ+±Ê¼Ç\\final project\\final\\dissertation-UI-test-platform\\backend\\app\\test_cases.py', reloading
2024-03-31 22:45:28,120 - INFO -  * Restarting with stat
2024-03-31 22:45:28,901 - WARNING -  * Debugger is active!
2024-03-31 22:45:28,903 - INFO -  * Debugger PIN: 211-255-688
2024-03-31 22:45:59,682 - INFO -  * Detected change in 'D:\\ÍùÆÚÑ§Ï°×ÊÁÏ+±Ê¼Ç\\final project\\final\\dissertation-UI-test-platform\\backend\\app\\test_cases.py', reloading
2024-03-31 22:45:59,814 - INFO -  * Restarting with stat
2024-03-31 22:46:00,702 - WARNING -  * Debugger is active!
2024-03-31 22:46:00,704 - INFO -  * Debugger PIN: 211-255-688
2024-03-31 22:46:07,580 - INFO - 127.0.0.1 - - [31/Mar/2024 22:46:07] "OPTIONS /runTestEvents HTTP/1.1" 200 -
2024-03-31 22:46:07,922 - INFO - ====== WebDriver manager ======
2024-03-31 22:46:08,561 - INFO - Get LATEST chromedriver version for google-chrome
2024-03-31 22:46:08,567 - INFO - Get LATEST chromedriver version for google-chrome
2024-03-31 22:46:08,569 - INFO - There is no [win64] chromedriver "123.0.6312.86" for browser google-chrome "123.0.6312.86" in cache
2024-03-31 22:46:08,569 - INFO - Get LATEST chromedriver version for google-chrome
2024-03-31 22:46:18,355 - INFO - WebDriver version 123.0.6312.86 selected
2024-03-31 22:46:18,356 - INFO - Modern chrome version https://storage.googleapis.com/chrome-for-testing-public/123.0.6312.86/win32/chromedriver-win32.zip
2024-03-31 22:46:18,356 - INFO - About to download new driver from https://storage.googleapis.com/chrome-for-testing-public/123.0.6312.86/win32/chromedriver-win32.zip
2024-03-31 22:46:24,819 - INFO - Driver downloading response is 200
2024-03-31 22:46:26,452 - INFO - Get LATEST chromedriver version for google-chrome
2024-03-31 22:46:26,545 - INFO - Driver has been saved in cache [C:\Users\hongj\.wdm\drivers\chromedriver\win64\123.0.6312.86]
2024-03-31 22:46:31,286 - INFO - 127.0.0.1 - - [31/Mar/2024 22:46:31] "[35m[1mPOST /runTestEvents HTTP/1.1[0m" 201 -
2024-03-31 22:46:31,395 - INFO - 127.0.0.1 - - [31/Mar/2024 22:46:31] "GET /test-report/208 HTTP/1.1" 200 -
2024-03-31 22:46:31,729 - INFO - 127.0.0.1 - - [31/Mar/2024 22:46:31] "GET /test-report/208 HTTP/1.1" 200 -
2024-03-31 22:46:31,743 - INFO - 127.0.0.1 - - [31/Mar/2024 22:46:31] "GET /getTeamMembers/29 HTTP/1.1" 200 -
2024-03-31 22:46:32,056 - INFO - 127.0.0.1 - - [31/Mar/2024 22:46:32] "GET /getTeamMembers/29 HTTP/1.1" 200 -
2024-03-31 22:47:20,694 - INFO -  * Detected change in 'D:\\ÍùÆÚÑ§Ï°×ÊÁÏ+±Ê¼Ç\\final project\\final\\dissertation-UI-test-platform\\backend\\app\\test_cases.py', reloading
2024-03-31 22:47:24,861 - INFO -  * Restarting with stat
2024-03-31 22:47:25,645 - WARNING -  * Debugger is active!
2024-03-31 22:47:25,647 - INFO -  * Debugger PIN: 211-255-688
2024-03-31 22:48:59,796 - INFO -  * Detected change in 'D:\\ÍùÆÚÑ§Ï°×ÊÁÏ+±Ê¼Ç\\final project\\final\\dissertation-UI-test-platform\\backend\\app\\test_cases.py', reloading
2024-03-31 22:48:59,903 - INFO -  * Restarting with stat
2024-03-31 22:49:00,695 - WARNING -  * Debugger is active!
2024-03-31 22:49:00,697 - INFO -  * Debugger PIN: 211-255-688
2024-03-31 22:49:09,976 - INFO -  * Detected change in 'D:\\ÍùÆÚÑ§Ï°×ÊÁÏ+±Ê¼Ç\\final project\\final\\dissertation-UI-test-platform\\backend\\app\\test_cases.py', reloading
2024-03-31 22:49:10,110 - INFO -  * Restarting with stat
2024-03-31 22:49:10,865 - WARNING -  * Debugger is active!
2024-03-31 22:49:10,867 - INFO -  * Debugger PIN: 211-255-688
2024-03-31 22:50:07,859 - INFO - 127.0.0.1 - - [31/Mar/2024 22:50:07] "OPTIONS /runTestEvents HTTP/1.1" 200 -
2024-03-31 22:50:08,212 - INFO - ====== WebDriver manager ======
2024-03-31 22:50:08,925 - INFO - Get LATEST chromedriver version for google-chrome
2024-03-31 22:50:08,927 - INFO - Get LATEST chromedriver version for google-chrome
2024-03-31 22:50:08,927 - INFO - There is no [win64] chromedriver "123.0.6312.86" for browser google-chrome "123.0.6312.86" in cache
2024-03-31 22:50:08,927 - INFO - Get LATEST chromedriver version for google-chrome
2024-03-31 22:50:10,856 - INFO - WebDriver version 123.0.6312.86 selected
2024-03-31 22:50:10,856 - INFO - Modern chrome version https://storage.googleapis.com/chrome-for-testing-public/123.0.6312.86/win32/chromedriver-win32.zip
2024-03-31 22:50:10,856 - INFO - About to download new driver from https://storage.googleapis.com/chrome-for-testing-public/123.0.6312.86/win32/chromedriver-win32.zip
2024-03-31 22:50:11,552 - INFO -  * Detected change in 'D:\\ÍùÆÚÑ§Ï°×ÊÁÏ+±Ê¼Ç\\final project\\final\\dissertation-UI-test-platform\\backend\\app\\test_cases.py', reloading
2024-03-31 22:50:11,767 - INFO -  * Restarting with stat
2024-03-31 22:50:12,610 - WARNING -  * Debugger is active!
2024-03-31 22:50:12,612 - INFO -  * Debugger PIN: 211-255-688
2024-03-31 22:50:14,335 - INFO - 127.0.0.1 - - [31/Mar/2024 22:50:14] "OPTIONS /runTestEvents HTTP/1.1" 200 -
2024-03-31 22:50:14,683 - INFO - ====== WebDriver manager ======
2024-03-31 22:50:15,339 - INFO - Get LATEST chromedriver version for google-chrome
2024-03-31 22:50:15,339 - INFO - Get LATEST chromedriver version for google-chrome
2024-03-31 22:50:15,339 - INFO - There is no [win64] chromedriver "123.0.6312.86" for browser google-chrome "123.0.6312.86" in cache
2024-03-31 22:50:15,340 - INFO - Get LATEST chromedriver version for google-chrome
2024-03-31 22:50:18,002 - INFO - WebDriver version 123.0.6312.86 selected
2024-03-31 22:50:18,002 - INFO - Modern chrome version https://storage.googleapis.com/chrome-for-testing-public/123.0.6312.86/win32/chromedriver-win32.zip
2024-03-31 22:50:18,002 - INFO - About to download new driver from https://storage.googleapis.com/chrome-for-testing-public/123.0.6312.86/win32/chromedriver-win32.zip
2024-03-31 22:50:19,226 - INFO - Driver downloading response is 200
2024-03-31 22:50:21,935 - INFO - Get LATEST chromedriver version for google-chrome
2024-03-31 22:50:22,024 - INFO - Driver has been saved in cache [C:\Users\hongj\.wdm\drivers\chromedriver\win64\123.0.6312.86]
2024-03-31 22:50:25,723 - INFO - 127.0.0.1 - - [31/Mar/2024 22:50:25] "[35m[1mPOST /runTestEvents HTTP/1.1[0m" 201 -
2024-03-31 22:50:25,808 - INFO - 127.0.0.1 - - [31/Mar/2024 22:50:25] "GET /test-report/209 HTTP/1.1" 200 -
2024-03-31 22:50:26,147 - INFO - 127.0.0.1 - - [31/Mar/2024 22:50:26] "GET /test-report/209 HTTP/1.1" 200 -
2024-03-31 22:50:26,171 - INFO - 127.0.0.1 - - [31/Mar/2024 22:50:26] "GET /getTeamMembers/29 HTTP/1.1" 200 -
2024-03-31 22:50:26,482 - INFO - 127.0.0.1 - - [31/Mar/2024 22:50:26] "GET /getTeamMembers/29 HTTP/1.1" 200 -
2024-03-31 22:50:42,492 - INFO -  * Detected change in 'D:\\ÍùÆÚÑ§Ï°×ÊÁÏ+±Ê¼Ç\\final project\\final\\dissertation-UI-test-platform\\backend\\app\\test_cases.py', reloading
2024-03-31 22:50:46,684 - INFO -  * Restarting with stat
2024-03-31 22:50:47,656 - WARNING -  * Debugger is active!
2024-03-31 22:50:47,657 - INFO -  * Debugger PIN: 211-255-688
2024-03-31 22:50:50,031 - INFO - 127.0.0.1 - - [31/Mar/2024 22:50:50] "OPTIONS /runTestEvents HTTP/1.1" 200 -
2024-03-31 22:50:50,366 - INFO - ====== WebDriver manager ======
2024-03-31 22:50:51,052 - INFO - Get LATEST chromedriver version for google-chrome
2024-03-31 22:50:51,054 - INFO - Get LATEST chromedriver version for google-chrome
2024-03-31 22:50:51,054 - INFO - There is no [win64] chromedriver "123.0.6312.86" for browser google-chrome "123.0.6312.86" in cache
2024-03-31 22:50:51,054 - INFO - Get LATEST chromedriver version for google-chrome
2024-03-31 22:50:51,998 - INFO - WebDriver version 123.0.6312.86 selected
2024-03-31 22:50:51,999 - INFO - Modern chrome version https://storage.googleapis.com/chrome-for-testing-public/123.0.6312.86/win32/chromedriver-win32.zip
2024-03-31 22:50:51,999 - INFO - About to download new driver from https://storage.googleapis.com/chrome-for-testing-public/123.0.6312.86/win32/chromedriver-win32.zip
2024-03-31 22:50:53,408 - INFO - Driver downloading response is 200
2024-03-31 22:50:57,610 - INFO - Get LATEST chromedriver version for google-chrome
2024-03-31 22:50:57,722 - INFO - Driver has been saved in cache [C:\Users\hongj\.wdm\drivers\chromedriver\win64\123.0.6312.86]
2024-03-31 22:51:01,880 - INFO - 127.0.0.1 - - [31/Mar/2024 22:51:01] "[35m[1mPOST /runTestEvents HTTP/1.1[0m" 201 -
2024-03-31 22:51:01,978 - INFO - 127.0.0.1 - - [31/Mar/2024 22:51:01] "GET /test-report/210 HTTP/1.1" 200 -
2024-03-31 22:51:02,318 - INFO - 127.0.0.1 - - [31/Mar/2024 22:51:02] "GET /test-report/210 HTTP/1.1" 200 -
2024-03-31 22:51:02,344 - INFO - 127.0.0.1 - - [31/Mar/2024 22:51:02] "GET /getTeamMembers/29 HTTP/1.1" 200 -
2024-03-31 22:51:02,675 - INFO - 127.0.0.1 - - [31/Mar/2024 22:51:02] "GET /getTeamMembers/29 HTTP/1.1" 200 -
2024-03-31 22:52:32,219 - INFO - 127.0.0.1 - - [31/Mar/2024 22:52:32] "OPTIONS /runTestEvents HTTP/1.1" 200 -
2024-03-31 22:52:32,537 - INFO - ====== WebDriver manager ======
2024-03-31 22:52:33,223 - INFO - Get LATEST chromedriver version for google-chrome
2024-03-31 22:52:33,225 - INFO - Get LATEST chromedriver version for google-chrome
2024-03-31 22:52:33,225 - INFO - There is no [win64] chromedriver "123.0.6312.86" for browser google-chrome "123.0.6312.86" in cache
2024-03-31 22:52:33,225 - INFO - Get LATEST chromedriver version for google-chrome
2024-03-31 22:52:34,411 - INFO - WebDriver version 123.0.6312.86 selected
2024-03-31 22:52:34,413 - INFO - Modern chrome version https://storage.googleapis.com/chrome-for-testing-public/123.0.6312.86/win32/chromedriver-win32.zip
2024-03-31 22:52:34,413 - INFO - About to download new driver from https://storage.googleapis.com/chrome-for-testing-public/123.0.6312.86/win32/chromedriver-win32.zip
2024-03-31 22:52:35,165 - INFO - Driver downloading response is 200
2024-03-31 22:52:37,564 - INFO - Get LATEST chromedriver version for google-chrome
2024-03-31 22:52:37,657 - INFO - Driver has been saved in cache [C:\Users\hongj\.wdm\drivers\chromedriver\win64\123.0.6312.86]
2024-03-31 22:52:41,312 - INFO - 127.0.0.1 - - [31/Mar/2024 22:52:41] "[35m[1mPOST /runTestEvents HTTP/1.1[0m" 201 -
2024-03-31 22:52:41,430 - INFO - 127.0.0.1 - - [31/Mar/2024 22:52:41] "GET /test-report/211 HTTP/1.1" 200 -
2024-03-31 22:52:41,767 - INFO - 127.0.0.1 - - [31/Mar/2024 22:52:41] "GET /test-report/211 HTTP/1.1" 200 -
2024-03-31 22:52:41,777 - INFO - 127.0.0.1 - - [31/Mar/2024 22:52:41] "GET /getTeamMembers/29 HTTP/1.1" 200 -
2024-03-31 22:52:42,104 - INFO - 127.0.0.1 - - [31/Mar/2024 22:52:42] "GET /getTeamMembers/29 HTTP/1.1" 200 -
2024-03-31 22:53:07,235 - INFO -  * Detected change in 'D:\\ÍùÆÚÑ§Ï°×ÊÁÏ+±Ê¼Ç\\final project\\final\\dissertation-UI-test-platform\\backend\\app\\test_cases.py', reloading
2024-03-31 22:53:15,478 - INFO -  * Restarting with stat
2024-03-31 22:53:16,286 - WARNING -  * Debugger is active!
2024-03-31 22:53:16,289 - INFO -  * Debugger PIN: 211-255-688
2024-03-31 22:56:19,625 - INFO - 127.0.0.1 - - [31/Mar/2024 22:56:19] "OPTIONS /runTestEvents HTTP/1.1" 200 -
2024-03-31 22:56:19,990 - INFO - ====== WebDriver manager ======
2024-03-31 22:56:20,631 - INFO - Get LATEST chromedriver version for google-chrome
2024-03-31 22:56:20,631 - INFO - Get LATEST chromedriver version for google-chrome
2024-03-31 22:56:20,631 - INFO - There is no [win64] chromedriver "123.0.6312.86" for browser google-chrome "123.0.6312.86" in cache
2024-03-31 22:56:20,631 - INFO - Get LATEST chromedriver version for google-chrome
2024-03-31 22:56:24,050 - INFO - WebDriver version 123.0.6312.86 selected
2024-03-31 22:56:24,050 - INFO - Modern chrome version https://storage.googleapis.com/chrome-for-testing-public/123.0.6312.86/win32/chromedriver-win32.zip
2024-03-31 22:56:24,050 - INFO - About to download new driver from https://storage.googleapis.com/chrome-for-testing-public/123.0.6312.86/win32/chromedriver-win32.zip
2024-03-31 22:56:26,016 - INFO - Driver downloading response is 200
2024-03-31 22:56:29,811 - INFO - Get LATEST chromedriver version for google-chrome
2024-03-31 22:56:29,905 - INFO - Driver has been saved in cache [C:\Users\hongj\.wdm\drivers\chromedriver\win64\123.0.6312.86]
2024-03-31 22:56:33,549 - INFO - 127.0.0.1 - - [31/Mar/2024 22:56:33] "[35m[1mPOST /runTestEvents HTTP/1.1[0m" 201 -
2024-03-31 22:56:33,653 - INFO - 127.0.0.1 - - [31/Mar/2024 22:56:33] "GET /test-report/212 HTTP/1.1" 200 -
2024-03-31 22:56:33,987 - INFO - 127.0.0.1 - - [31/Mar/2024 22:56:33] "GET /test-report/212 HTTP/1.1" 200 -
2024-03-31 22:56:33,995 - INFO - 127.0.0.1 - - [31/Mar/2024 22:56:33] "GET /getTeamMembers/29 HTTP/1.1" 200 -
2024-03-31 22:56:34,304 - INFO - 127.0.0.1 - - [31/Mar/2024 22:56:34] "GET /getTeamMembers/29 HTTP/1.1" 200 -
2024-03-31 22:58:39,458 - INFO -  * Detected change in 'D:\\ÍùÆÚÑ§Ï°×ÊÁÏ+±Ê¼Ç\\final project\\final\\dissertation-UI-test-platform\\backend\\app\\test_cases.py', reloading
2024-03-31 22:58:43,632 - INFO -  * Restarting with stat
2024-03-31 22:58:44,454 - WARNING -  * Debugger is active!
2024-03-31 22:58:44,455 - INFO -  * Debugger PIN: 211-255-688
2024-03-31 23:01:37,338 - INFO -  * Detected change in 'D:\\ÍùÆÚÑ§Ï°×ÊÁÏ+±Ê¼Ç\\final project\\final\\dissertation-UI-test-platform\\backend\\app\\test_cases.py', reloading
2024-03-31 23:01:37,459 - INFO -  * Restarting with stat
2024-04-01 00:06:10,217 - INFO - [31m[1mWARNING: This is a development server. Do not use it in a production deployment. Use a production WSGI server instead.[0m
 * Running on all addresses (0.0.0.0)
 * Running on http://127.0.0.1:5000
 * Running on http://192.168.3.38:5000
2024-04-01 00:06:10,217 - INFO - [33mPress CTRL+C to quit[0m
2024-04-01 00:06:10,220 - INFO -  * Restarting with stat
2024-04-01 00:06:11,008 - WARNING -  * Debugger is active!
2024-04-01 00:06:11,011 - INFO -  * Debugger PIN: 211-255-688
2024-04-01 00:06:17,416 - INFO - 127.0.0.1 - - [01/Apr/2024 00:06:17] "OPTIONS /runTestEvents HTTP/1.1" 200 -
2024-04-01 00:06:17,763 - INFO - ====== WebDriver manager ======
2024-04-01 00:06:18,571 - INFO - Get LATEST chromedriver version for google-chrome
2024-04-01 00:06:18,577 - INFO - Get LATEST chromedriver version for google-chrome
2024-04-01 00:06:18,577 - INFO - There is no [win64] chromedriver "123.0.6312.86" for browser google-chrome "123.0.6312.86" in cache
2024-04-01 00:06:18,577 - INFO - Get LATEST chromedriver version for google-chrome
2024-04-01 00:06:21,650 - INFO - WebDriver version 123.0.6312.86 selected
2024-04-01 00:06:21,650 - INFO - Modern chrome version https://storage.googleapis.com/chrome-for-testing-public/123.0.6312.86/win32/chromedriver-win32.zip
2024-04-01 00:06:21,650 - INFO - About to download new driver from https://storage.googleapis.com/chrome-for-testing-public/123.0.6312.86/win32/chromedriver-win32.zip
2024-04-01 00:06:25,740 - INFO - Driver downloading response is 200
2024-04-01 00:06:29,038 - INFO - Get LATEST chromedriver version for google-chrome
2024-04-01 00:06:29,130 - INFO - Driver has been saved in cache [C:\Users\hongj\.wdm\drivers\chromedriver\win64\123.0.6312.86]
2024-04-01 00:06:37,983 - INFO - 127.0.0.1 - - [01/Apr/2024 00:06:37] "[35m[1mPOST /runTestEvents HTTP/1.1[0m" 201 -
2024-04-01 00:06:38,055 - INFO - 127.0.0.1 - - [01/Apr/2024 00:06:38] "GET /test-report/213 HTTP/1.1" 200 -
2024-04-01 00:06:38,363 - INFO - 127.0.0.1 - - [01/Apr/2024 00:06:38] "GET /test-report/213 HTTP/1.1" 200 -
2024-04-01 00:06:38,381 - INFO - 127.0.0.1 - - [01/Apr/2024 00:06:38] "GET /getTeamMembers/29 HTTP/1.1" 200 -
2024-04-01 00:06:38,689 - INFO - 127.0.0.1 - - [01/Apr/2024 00:06:38] "GET /getTeamMembers/29 HTTP/1.1" 200 -
2024-04-01 00:07:10,468 - INFO - 127.0.0.1 - - [01/Apr/2024 00:07:10] "OPTIONS /runTestEvents HTTP/1.1" 200 -
2024-04-01 00:07:10,482 - INFO - ====== WebDriver manager ======
2024-04-01 00:07:11,134 - INFO - Get LATEST chromedriver version for google-chrome
2024-04-01 00:07:11,140 - INFO - Get LATEST chromedriver version for google-chrome
2024-04-01 00:07:11,140 - INFO - There is no [win64] chromedriver "123.0.6312.86" for browser google-chrome "123.0.6312.86" in cache
2024-04-01 00:07:11,140 - INFO - Get LATEST chromedriver version for google-chrome
2024-04-01 00:07:15,252 - INFO - WebDriver version 123.0.6312.86 selected
2024-04-01 00:07:15,252 - INFO - Modern chrome version https://storage.googleapis.com/chrome-for-testing-public/123.0.6312.86/win32/chromedriver-win32.zip
2024-04-01 00:07:15,252 - INFO - About to download new driver from https://storage.googleapis.com/chrome-for-testing-public/123.0.6312.86/win32/chromedriver-win32.zip
2024-04-01 00:07:16,233 - INFO - Driver downloading response is 200
2024-04-01 00:07:18,850 - INFO - Get LATEST chromedriver version for google-chrome
2024-04-01 00:07:18,934 - INFO - Driver has been saved in cache [C:\Users\hongj\.wdm\drivers\chromedriver\win64\123.0.6312.86]
2024-04-01 00:07:23,584 - INFO - 127.0.0.1 - - [01/Apr/2024 00:07:23] "[35m[1mPOST /runTestEvents HTTP/1.1[0m" 201 -
2024-04-01 00:07:23,700 - INFO - 127.0.0.1 - - [01/Apr/2024 00:07:23] "GET /test-report/214 HTTP/1.1" 200 -
2024-04-01 00:07:24,051 - INFO - 127.0.0.1 - - [01/Apr/2024 00:07:24] "GET /test-report/214 HTTP/1.1" 200 -
2024-04-01 00:07:24,058 - INFO - 127.0.0.1 - - [01/Apr/2024 00:07:24] "GET /getTeamMembers/29 HTTP/1.1" 200 -
2024-04-01 00:07:24,382 - INFO - 127.0.0.1 - - [01/Apr/2024 00:07:24] "GET /getTeamMembers/29 HTTP/1.1" 200 -
2024-04-01 00:07:57,136 - INFO - 127.0.0.1 - - [01/Apr/2024 00:07:57] "OPTIONS /runTestEvents HTTP/1.1" 200 -
2024-04-01 00:07:57,467 - INFO - ====== WebDriver manager ======
2024-04-01 00:07:58,128 - INFO - Get LATEST chromedriver version for google-chrome
2024-04-01 00:07:58,129 - INFO - Get LATEST chromedriver version for google-chrome
2024-04-01 00:07:58,129 - INFO - There is no [win64] chromedriver "123.0.6312.86" for browser google-chrome "123.0.6312.86" in cache
2024-04-01 00:07:58,129 - INFO - Get LATEST chromedriver version for google-chrome
2024-04-01 00:08:04,683 - INFO - WebDriver version 123.0.6312.86 selected
2024-04-01 00:08:04,684 - INFO - Modern chrome version https://storage.googleapis.com/chrome-for-testing-public/123.0.6312.86/win32/chromedriver-win32.zip
2024-04-01 00:08:04,684 - INFO - About to download new driver from https://storage.googleapis.com/chrome-for-testing-public/123.0.6312.86/win32/chromedriver-win32.zip
2024-04-01 00:08:06,394 - INFO - Driver downloading response is 200
2024-04-01 00:08:10,402 - INFO - Get LATEST chromedriver version for google-chrome
2024-04-01 00:08:10,501 - INFO - Driver has been saved in cache [C:\Users\hongj\.wdm\drivers\chromedriver\win64\123.0.6312.86]
2024-04-01 00:08:29,513 - INFO - 127.0.0.1 - - [01/Apr/2024 00:08:29] "[35m[1mPOST /runTestEvents HTTP/1.1[0m" 201 -
2024-04-01 00:08:29,894 - INFO - 127.0.0.1 - - [01/Apr/2024 00:08:29] "GET /test-report/215 HTTP/1.1" 200 -
2024-04-01 00:08:30,121 - INFO - 127.0.0.1 - - [01/Apr/2024 00:08:30] "GET /test-report/215 HTTP/1.1" 200 -
2024-04-01 00:08:30,210 - INFO - 127.0.0.1 - - [01/Apr/2024 00:08:30] "GET /getTeamMembers/29 HTTP/1.1" 200 -
2024-04-01 00:08:30,219 - INFO - 127.0.0.1 - - [01/Apr/2024 00:08:30] "GET /getTeamMembers/29 HTTP/1.1" 200 -
2024-04-01 00:09:01,388 - INFO - 127.0.0.1 - - [01/Apr/2024 00:09:01] "OPTIONS /runTestEvents HTTP/1.1" 200 -
2024-04-01 00:09:01,719 - INFO - ====== WebDriver manager ======
2024-04-01 00:09:02,448 - INFO - Get LATEST chromedriver version for google-chrome
2024-04-01 00:09:02,449 - INFO - Get LATEST chromedriver version for google-chrome
2024-04-01 00:09:02,449 - INFO - There is no [win64] chromedriver "123.0.6312.86" for browser google-chrome "123.0.6312.86" in cache
2024-04-01 00:09:02,449 - INFO - Get LATEST chromedriver version for google-chrome
2024-04-01 00:09:05,413 - INFO - WebDriver version 123.0.6312.86 selected
2024-04-01 00:09:05,414 - INFO - Modern chrome version https://storage.googleapis.com/chrome-for-testing-public/123.0.6312.86/win32/chromedriver-win32.zip
2024-04-01 00:09:05,414 - INFO - About to download new driver from https://storage.googleapis.com/chrome-for-testing-public/123.0.6312.86/win32/chromedriver-win32.zip
2024-04-01 00:09:09,798 - INFO - Driver downloading response is 200
2024-04-01 00:09:14,101 - INFO - Get LATEST chromedriver version for google-chrome
2024-04-01 00:09:14,197 - INFO - Driver has been saved in cache [C:\Users\hongj\.wdm\drivers\chromedriver\win64\123.0.6312.86]
2024-04-01 00:09:22,967 - INFO - 127.0.0.1 - - [01/Apr/2024 00:09:22] "[35m[1mPOST /runTestEvents HTTP/1.1[0m" 201 -
2024-04-01 00:09:23,037 - INFO - 127.0.0.1 - - [01/Apr/2024 00:09:23] "GET /test-report/216 HTTP/1.1" 200 -
2024-04-01 00:09:23,349 - INFO - 127.0.0.1 - - [01/Apr/2024 00:09:23] "GET /test-report/216 HTTP/1.1" 200 -
2024-04-01 00:09:23,368 - INFO - 127.0.0.1 - - [01/Apr/2024 00:09:23] "GET /getTeamMembers/29 HTTP/1.1" 200 -
2024-04-01 00:09:23,684 - INFO - 127.0.0.1 - - [01/Apr/2024 00:09:23] "GET /getTeamMembers/29 HTTP/1.1" 200 -
2024-04-01 00:10:01,270 - INFO - 127.0.0.1 - - [01/Apr/2024 00:10:01] "OPTIONS /runTestEvents HTTP/1.1" 200 -
2024-04-01 00:10:01,313 - INFO - ====== WebDriver manager ======
2024-04-01 00:10:01,984 - INFO - Get LATEST chromedriver version for google-chrome
2024-04-01 00:10:01,985 - INFO - Get LATEST chromedriver version for google-chrome
2024-04-01 00:10:01,985 - INFO - There is no [win64] chromedriver "123.0.6312.86" for browser google-chrome "123.0.6312.86" in cache
2024-04-01 00:10:01,985 - INFO - Get LATEST chromedriver version for google-chrome
2024-04-01 00:10:02,142 - INFO - 127.0.0.1 - - [01/Apr/2024 00:10:02] "[35m[1mPOST /runTestEvents HTTP/1.1[0m" 201 -
2024-04-01 00:10:02,293 - INFO - 127.0.0.1 - - [01/Apr/2024 00:10:02] "GET /test-report/217 HTTP/1.1" 200 -
2024-04-01 00:10:02,658 - INFO - 127.0.0.1 - - [01/Apr/2024 00:10:02] "GET /test-report/217 HTTP/1.1" 200 -
2024-04-01 00:10:02,662 - INFO - 127.0.0.1 - - [01/Apr/2024 00:10:02] "GET /getTeamMembers/29 HTTP/1.1" 200 -
2024-04-01 00:10:02,984 - INFO - 127.0.0.1 - - [01/Apr/2024 00:10:02] "GET /getTeamMembers/29 HTTP/1.1" 200 -
2024-04-01 00:10:14,155 - INFO - 127.0.0.1 - - [01/Apr/2024 00:10:14] "OPTIONS /runTestEvents HTTP/1.1" 200 -
2024-04-01 00:10:14,475 - INFO - ====== WebDriver manager ======
2024-04-01 00:10:15,113 - INFO - Get LATEST chromedriver version for google-chrome
2024-04-01 00:10:15,113 - INFO - Get LATEST chromedriver version for google-chrome
2024-04-01 00:10:15,113 - INFO - There is no [win64] chromedriver "123.0.6312.86" for browser google-chrome "123.0.6312.86" in cache
2024-04-01 00:10:15,113 - INFO - Get LATEST chromedriver version for google-chrome
2024-04-01 00:10:19,150 - INFO - WebDriver version 123.0.6312.86 selected
2024-04-01 00:10:19,150 - INFO - Modern chrome version https://storage.googleapis.com/chrome-for-testing-public/123.0.6312.86/win32/chromedriver-win32.zip
2024-04-01 00:10:19,150 - INFO - About to download new driver from https://storage.googleapis.com/chrome-for-testing-public/123.0.6312.86/win32/chromedriver-win32.zip
2024-04-01 00:10:22,985 - INFO - Driver downloading response is 200
2024-04-01 00:10:35,243 - INFO - Get LATEST chromedriver version for google-chrome
2024-04-01 00:10:35,335 - INFO - Driver has been saved in cache [C:\Users\hongj\.wdm\drivers\chromedriver\win64\123.0.6312.86]
2024-04-01 00:10:43,949 - INFO - 127.0.0.1 - - [01/Apr/2024 00:10:43] "[35m[1mPOST /runTestEvents HTTP/1.1[0m" 201 -
2024-04-01 00:10:44,328 - INFO - 127.0.0.1 - - [01/Apr/2024 00:10:44] "GET /test-report/218 HTTP/1.1" 200 -
2024-04-01 00:10:44,578 - INFO - 127.0.0.1 - - [01/Apr/2024 00:10:44] "GET /test-report/218 HTTP/1.1" 200 -
2024-04-01 00:10:44,643 - INFO - 127.0.0.1 - - [01/Apr/2024 00:10:44] "GET /getTeamMembers/29 HTTP/1.1" 200 -
2024-04-01 00:10:44,704 - INFO - 127.0.0.1 - - [01/Apr/2024 00:10:44] "GET /getTeamMembers/29 HTTP/1.1" 200 -
2024-04-01 00:10:58,320 - INFO - 127.0.0.1 - - [01/Apr/2024 00:10:58] "OPTIONS /runTestEvents HTTP/1.1" 200 -
2024-04-01 00:10:58,332 - INFO - ====== WebDriver manager ======
2024-04-01 00:10:59,026 - INFO - Get LATEST chromedriver version for google-chrome
2024-04-01 00:10:59,026 - INFO - Get LATEST chromedriver version for google-chrome
2024-04-01 00:10:59,026 - INFO - There is no [win64] chromedriver "123.0.6312.86" for browser google-chrome "123.0.6312.86" in cache
2024-04-01 00:10:59,026 - INFO - Get LATEST chromedriver version for google-chrome
2024-04-01 00:11:01,271 - INFO - WebDriver version 123.0.6312.86 selected
2024-04-01 00:11:01,273 - INFO - Modern chrome version https://storage.googleapis.com/chrome-for-testing-public/123.0.6312.86/win32/chromedriver-win32.zip
2024-04-01 00:11:01,273 - INFO - About to download new driver from https://storage.googleapis.com/chrome-for-testing-public/123.0.6312.86/win32/chromedriver-win32.zip
2024-04-01 00:11:02,257 - INFO - Driver downloading response is 200
2024-04-01 00:11:04,775 - INFO - Get LATEST chromedriver version for google-chrome
2024-04-01 00:11:04,864 - INFO - Driver has been saved in cache [C:\Users\hongj\.wdm\drivers\chromedriver\win64\123.0.6312.86]
2024-04-01 00:11:09,415 - INFO - 127.0.0.1 - - [01/Apr/2024 00:11:09] "[35m[1mPOST /runTestEvents HTTP/1.1[0m" 201 -
2024-04-01 00:11:09,829 - INFO - 127.0.0.1 - - [01/Apr/2024 00:11:09] "GET /test-report/219 HTTP/1.1" 200 -
2024-04-01 00:11:10,075 - INFO - 127.0.0.1 - - [01/Apr/2024 00:11:10] "GET /test-report/219 HTTP/1.1" 200 -
2024-04-01 00:11:10,141 - INFO - 127.0.0.1 - - [01/Apr/2024 00:11:10] "GET /getTeamMembers/29 HTTP/1.1" 200 -
2024-04-01 00:11:10,149 - INFO - 127.0.0.1 - - [01/Apr/2024 00:11:10] "GET /getTeamMembers/29 HTTP/1.1" 200 -
2024-04-01 00:11:48,485 - INFO - 127.0.0.1 - - [01/Apr/2024 00:11:48] "OPTIONS /runTestEvents HTTP/1.1" 200 -
2024-04-01 00:11:48,813 - INFO - ====== WebDriver manager ======
2024-04-01 00:11:49,531 - INFO - Get LATEST chromedriver version for google-chrome
2024-04-01 00:11:49,531 - INFO - Get LATEST chromedriver version for google-chrome
2024-04-01 00:11:49,531 - INFO - There is no [win64] chromedriver "123.0.6312.86" for browser google-chrome "123.0.6312.86" in cache
2024-04-01 00:11:49,532 - INFO - Get LATEST chromedriver version for google-chrome
2024-04-01 00:11:50,999 - INFO - WebDriver version 123.0.6312.86 selected
2024-04-01 00:11:50,999 - INFO - Modern chrome version https://storage.googleapis.com/chrome-for-testing-public/123.0.6312.86/win32/chromedriver-win32.zip
2024-04-01 00:11:50,999 - INFO - About to download new driver from https://storage.googleapis.com/chrome-for-testing-public/123.0.6312.86/win32/chromedriver-win32.zip
2024-04-01 00:11:52,346 - INFO - Driver downloading response is 200
2024-04-01 00:11:55,560 - INFO - Get LATEST chromedriver version for google-chrome
2024-04-01 00:11:55,648 - INFO - Driver has been saved in cache [C:\Users\hongj\.wdm\drivers\chromedriver\win64\123.0.6312.86]
2024-04-01 00:12:00,188 - INFO - 127.0.0.1 - - [01/Apr/2024 00:12:00] "[35m[1mPOST /runTestEvents HTTP/1.1[0m" 201 -
2024-04-01 00:12:00,284 - INFO - 127.0.0.1 - - [01/Apr/2024 00:12:00] "GET /test-report/220 HTTP/1.1" 200 -
2024-04-01 00:12:00,643 - INFO - 127.0.0.1 - - [01/Apr/2024 00:12:00] "GET /test-report/220 HTTP/1.1" 200 -
2024-04-01 00:12:00,651 - INFO - 127.0.0.1 - - [01/Apr/2024 00:12:00] "GET /getTeamMembers/29 HTTP/1.1" 200 -
2024-04-01 00:12:00,992 - INFO - 127.0.0.1 - - [01/Apr/2024 00:12:00] "GET /getTeamMembers/29 HTTP/1.1" 200 -
2024-04-01 00:13:38,290 - INFO - 127.0.0.1 - - [01/Apr/2024 00:13:38] "OPTIONS /runTestEvents HTTP/1.1" 200 -
2024-04-01 00:13:38,621 - INFO - ====== WebDriver manager ======
2024-04-01 00:13:39,266 - INFO - Get LATEST chromedriver version for google-chrome
2024-04-01 00:13:39,271 - INFO - Get LATEST chromedriver version for google-chrome
2024-04-01 00:13:39,272 - INFO - There is no [win64] chromedriver "123.0.6312.86" for browser google-chrome "123.0.6312.86" in cache
2024-04-01 00:13:39,272 - INFO - Get LATEST chromedriver version for google-chrome
2024-04-01 00:13:40,746 - INFO - WebDriver version 123.0.6312.86 selected
2024-04-01 00:13:40,747 - INFO - Modern chrome version https://storage.googleapis.com/chrome-for-testing-public/123.0.6312.86/win32/chromedriver-win32.zip
2024-04-01 00:13:40,747 - INFO - About to download new driver from https://storage.googleapis.com/chrome-for-testing-public/123.0.6312.86/win32/chromedriver-win32.zip
2024-04-01 00:13:42,239 - INFO - Driver downloading response is 200
2024-04-01 00:13:44,487 - INFO - Get LATEST chromedriver version for google-chrome
2024-04-01 00:13:44,580 - INFO - Driver has been saved in cache [C:\Users\hongj\.wdm\drivers\chromedriver\win64\123.0.6312.86]
2024-04-01 00:13:48,250 - INFO - 127.0.0.1 - - [01/Apr/2024 00:13:48] "[35m[1mPOST /runTestEvents HTTP/1.1[0m" 201 -
2024-04-01 00:13:48,415 - INFO - 127.0.0.1 - - [01/Apr/2024 00:13:48] "GET /test-report/221 HTTP/1.1" 200 -
2024-04-01 00:13:48,764 - INFO - 127.0.0.1 - - [01/Apr/2024 00:13:48] "GET /test-report/221 HTTP/1.1" 200 -
2024-04-01 00:13:48,770 - INFO - 127.0.0.1 - - [01/Apr/2024 00:13:48] "GET /getTeamMembers/29 HTTP/1.1" 200 -
2024-04-01 00:13:49,087 - INFO - 127.0.0.1 - - [01/Apr/2024 00:13:49] "GET /getTeamMembers/29 HTTP/1.1" 200 -
2024-04-01 00:15:29,686 - INFO - 127.0.0.1 - - [01/Apr/2024 00:15:29] "OPTIONS /runTestEvents HTTP/1.1" 200 -
2024-04-01 00:15:30,007 - INFO - ====== WebDriver manager ======
2024-04-01 00:15:30,627 - INFO - Get LATEST chromedriver version for google-chrome
2024-04-01 00:15:30,631 - INFO - Get LATEST chromedriver version for google-chrome
2024-04-01 00:15:30,631 - INFO - There is no [win64] chromedriver "123.0.6312.86" for browser google-chrome "123.0.6312.86" in cache
2024-04-01 00:15:30,631 - INFO - Get LATEST chromedriver version for google-chrome
2024-04-01 00:15:31,132 - INFO - WebDriver version 123.0.6312.86 selected
2024-04-01 00:15:31,132 - INFO - Modern chrome version https://storage.googleapis.com/chrome-for-testing-public/123.0.6312.86/win32/chromedriver-win32.zip
2024-04-01 00:15:31,132 - INFO - About to download new driver from https://storage.googleapis.com/chrome-for-testing-public/123.0.6312.86/win32/chromedriver-win32.zip
2024-04-01 00:15:31,845 - INFO - Driver downloading response is 200
2024-04-01 00:15:35,338 - INFO - Get LATEST chromedriver version for google-chrome
2024-04-01 00:15:35,437 - INFO - Driver has been saved in cache [C:\Users\hongj\.wdm\drivers\chromedriver\win64\123.0.6312.86]
2024-04-01 00:15:44,078 - INFO - 127.0.0.1 - - [01/Apr/2024 00:15:44] "[35m[1mPOST /runTestEvents HTTP/1.1[0m" 201 -
2024-04-01 00:15:44,146 - INFO - 127.0.0.1 - - [01/Apr/2024 00:15:44] "GET /test-report/222 HTTP/1.1" 200 -
2024-04-01 00:15:44,450 - INFO - 127.0.0.1 - - [01/Apr/2024 00:15:44] "GET /test-report/222 HTTP/1.1" 200 -
2024-04-01 00:15:44,477 - INFO - 127.0.0.1 - - [01/Apr/2024 00:15:44] "GET /getTeamMembers/29 HTTP/1.1" 200 -
2024-04-01 00:15:44,792 - INFO - 127.0.0.1 - - [01/Apr/2024 00:15:44] "GET /getTeamMembers/29 HTTP/1.1" 200 -
2024-04-01 00:16:46,886 - INFO - 127.0.0.1 - - [01/Apr/2024 00:16:46] "OPTIONS /runTestEvents HTTP/1.1" 200 -
2024-04-01 00:16:47,209 - INFO - ====== WebDriver manager ======
2024-04-01 00:16:47,942 - INFO - Get LATEST chromedriver version for google-chrome
2024-04-01 00:16:47,944 - INFO - Get LATEST chromedriver version for google-chrome
2024-04-01 00:16:47,944 - INFO - There is no [win64] chromedriver "123.0.6312.86" for browser google-chrome "123.0.6312.86" in cache
2024-04-01 00:16:47,944 - INFO - Get LATEST chromedriver version for google-chrome
2024-04-01 00:16:51,350 - INFO - WebDriver version 123.0.6312.86 selected
2024-04-01 00:16:51,350 - INFO - Modern chrome version https://storage.googleapis.com/chrome-for-testing-public/123.0.6312.86/win32/chromedriver-win32.zip
2024-04-01 00:16:51,350 - INFO - About to download new driver from https://storage.googleapis.com/chrome-for-testing-public/123.0.6312.86/win32/chromedriver-win32.zip
2024-04-01 00:16:52,700 - INFO - Driver downloading response is 200
2024-04-01 00:16:54,651 - INFO - Get LATEST chromedriver version for google-chrome
2024-04-01 00:16:54,747 - INFO - Driver has been saved in cache [C:\Users\hongj\.wdm\drivers\chromedriver\win64\123.0.6312.86]
2024-04-01 00:17:00,586 - INFO - 127.0.0.1 - - [01/Apr/2024 00:17:00] "[35m[1mPOST /runTestEvents HTTP/1.1[0m" 201 -
2024-04-01 00:17:00,678 - INFO - 127.0.0.1 - - [01/Apr/2024 00:17:00] "GET /test-report/223 HTTP/1.1" 200 -
2024-04-01 00:17:01,031 - INFO - 127.0.0.1 - - [01/Apr/2024 00:17:01] "GET /test-report/223 HTTP/1.1" 200 -
2024-04-01 00:17:01,031 - INFO - 127.0.0.1 - - [01/Apr/2024 00:17:01] "GET /getTeamMembers/29 HTTP/1.1" 200 -
2024-04-01 00:17:01,372 - INFO - 127.0.0.1 - - [01/Apr/2024 00:17:01] "GET /getTeamMembers/29 HTTP/1.1" 200 -
2024-04-01 00:17:45,923 - INFO - 127.0.0.1 - - [01/Apr/2024 00:17:45] "OPTIONS /runTestEvents HTTP/1.1" 200 -
2024-04-01 00:17:45,938 - INFO - ====== WebDriver manager ======
2024-04-01 00:17:46,594 - INFO - Get LATEST chromedriver version for google-chrome
2024-04-01 00:17:46,600 - INFO - Get LATEST chromedriver version for google-chrome
2024-04-01 00:17:46,600 - INFO - There is no [win64] chromedriver "123.0.6312.86" for browser google-chrome "123.0.6312.86" in cache
2024-04-01 00:17:46,600 - INFO - Get LATEST chromedriver version for google-chrome
2024-04-01 00:17:47,472 - INFO - WebDriver version 123.0.6312.86 selected
2024-04-01 00:17:47,474 - INFO - Modern chrome version https://storage.googleapis.com/chrome-for-testing-public/123.0.6312.86/win32/chromedriver-win32.zip
2024-04-01 00:17:47,474 - INFO - About to download new driver from https://storage.googleapis.com/chrome-for-testing-public/123.0.6312.86/win32/chromedriver-win32.zip
2024-04-01 00:17:48,025 - INFO - Driver downloading response is 200
2024-04-01 00:17:49,373 - INFO - Get LATEST chromedriver version for google-chrome
2024-04-01 00:17:49,477 - INFO - Driver has been saved in cache [C:\Users\hongj\.wdm\drivers\chromedriver\win64\123.0.6312.86]
2024-04-01 00:17:58,215 - INFO - 127.0.0.1 - - [01/Apr/2024 00:17:58] "[35m[1mPOST /runTestEvents HTTP/1.1[0m" 201 -
2024-04-01 00:17:58,587 - INFO - 127.0.0.1 - - [01/Apr/2024 00:17:58] "GET /test-report/224 HTTP/1.1" 200 -
2024-04-01 00:17:58,826 - INFO - 127.0.0.1 - - [01/Apr/2024 00:17:58] "GET /test-report/224 HTTP/1.1" 200 -
2024-04-01 00:17:58,900 - INFO - 127.0.0.1 - - [01/Apr/2024 00:17:58] "GET /getTeamMembers/29 HTTP/1.1" 200 -
2024-04-01 00:17:58,914 - INFO - 127.0.0.1 - - [01/Apr/2024 00:17:58] "GET /getTeamMembers/29 HTTP/1.1" 200 -
2024-04-01 00:18:48,836 - INFO - 127.0.0.1 - - [01/Apr/2024 00:18:48] "OPTIONS /runTestEvents HTTP/1.1" 200 -
2024-04-01 00:18:49,158 - INFO - ====== WebDriver manager ======
2024-04-01 00:18:49,868 - INFO - Get LATEST chromedriver version for google-chrome
2024-04-01 00:18:49,869 - INFO - Get LATEST chromedriver version for google-chrome
2024-04-01 00:18:49,869 - INFO - There is no [win64] chromedriver "123.0.6312.86" for browser google-chrome "123.0.6312.86" in cache
2024-04-01 00:18:49,869 - INFO - Get LATEST chromedriver version for google-chrome
2024-04-01 00:18:51,641 - INFO - WebDriver version 123.0.6312.86 selected
2024-04-01 00:18:51,643 - INFO - Modern chrome version https://storage.googleapis.com/chrome-for-testing-public/123.0.6312.86/win32/chromedriver-win32.zip
2024-04-01 00:18:51,643 - INFO - About to download new driver from https://storage.googleapis.com/chrome-for-testing-public/123.0.6312.86/win32/chromedriver-win32.zip
2024-04-01 00:18:53,029 - INFO - Driver downloading response is 200
2024-04-01 00:18:55,182 - INFO - Get LATEST chromedriver version for google-chrome
2024-04-01 00:18:55,280 - INFO - Driver has been saved in cache [C:\Users\hongj\.wdm\drivers\chromedriver\win64\123.0.6312.86]
2024-04-01 00:18:58,045 - INFO - 127.0.0.1 - - [01/Apr/2024 00:18:58] "[31m[1mPOST /runTestEvents HTTP/1.1[0m" 400 -
2024-04-01 00:19:24,590 - INFO - 127.0.0.1 - - [01/Apr/2024 00:19:24] "OPTIONS /runTestEvents HTTP/1.1" 200 -
2024-04-01 00:19:24,599 - INFO - ====== WebDriver manager ======
2024-04-01 00:19:25,260 - INFO - Get LATEST chromedriver version for google-chrome
2024-04-01 00:19:25,262 - INFO - Get LATEST chromedriver version for google-chrome
2024-04-01 00:19:25,263 - INFO - There is no [win64] chromedriver "123.0.6312.86" for browser google-chrome "123.0.6312.86" in cache
2024-04-01 00:19:25,263 - INFO - Get LATEST chromedriver version for google-chrome
2024-04-01 00:19:28,534 - INFO - WebDriver version 123.0.6312.86 selected
2024-04-01 00:19:28,534 - INFO - Modern chrome version https://storage.googleapis.com/chrome-for-testing-public/123.0.6312.86/win32/chromedriver-win32.zip
2024-04-01 00:19:28,534 - INFO - About to download new driver from https://storage.googleapis.com/chrome-for-testing-public/123.0.6312.86/win32/chromedriver-win32.zip
2024-04-01 00:19:30,708 - INFO - Driver downloading response is 200
2024-04-01 00:19:33,282 - INFO - Get LATEST chromedriver version for google-chrome
2024-04-01 00:19:33,355 - INFO - Driver has been saved in cache [C:\Users\hongj\.wdm\drivers\chromedriver\win64\123.0.6312.86]
2024-04-01 00:19:35,692 - INFO - 127.0.0.1 - - [01/Apr/2024 00:19:35] "[31m[1mPOST /runTestEvents HTTP/1.1[0m" 400 -
2024-04-01 00:20:56,993 - INFO -  * Detected change in 'D:\\ÍùÆÚÑ§Ï°×ÊÁÏ+±Ê¼Ç\\final project\\final\\dissertation-UI-test-platform\\backend\\app\\test_cases.py', reloading
2024-04-01 00:21:15,409 - INFO -  * Restarting with stat
2024-04-01 00:21:16,269 - WARNING -  * Debugger is active!
2024-04-01 00:21:16,272 - INFO -  * Debugger PIN: 211-255-688
2024-04-01 00:21:16,411 - INFO - 127.0.0.1 - - [01/Apr/2024 00:21:16] "OPTIONS /runTestEvents HTTP/1.1" 200 -
2024-04-01 00:21:16,779 - INFO - ====== WebDriver manager ======
2024-04-01 00:21:17,466 - INFO - Get LATEST chromedriver version for google-chrome
2024-04-01 00:21:17,468 - INFO - Get LATEST chromedriver version for google-chrome
2024-04-01 00:21:17,468 - INFO - There is no [win64] chromedriver "123.0.6312.86" for browser google-chrome "123.0.6312.86" in cache
2024-04-01 00:21:17,468 - INFO - Get LATEST chromedriver version for google-chrome
2024-04-01 00:21:19,361 - INFO - WebDriver version 123.0.6312.86 selected
2024-04-01 00:21:19,361 - INFO - Modern chrome version https://storage.googleapis.com/chrome-for-testing-public/123.0.6312.86/win32/chromedriver-win32.zip
2024-04-01 00:21:19,361 - INFO - About to download new driver from https://storage.googleapis.com/chrome-for-testing-public/123.0.6312.86/win32/chromedriver-win32.zip
2024-04-01 00:21:20,619 - INFO - Driver downloading response is 200
2024-04-01 00:21:23,304 - INFO - Get LATEST chromedriver version for google-chrome
2024-04-01 00:21:23,395 - INFO - Driver has been saved in cache [C:\Users\hongj\.wdm\drivers\chromedriver\win64\123.0.6312.86]
2024-04-01 00:21:26,008 - INFO - 127.0.0.1 - - [01/Apr/2024 00:21:26] "[31m[1mPOST /runTestEvents HTTP/1.1[0m" 400 -
2024-04-01 00:21:47,488 - INFO -  * Detected change in 'D:\\ÍùÆÚÑ§Ï°×ÊÁÏ+±Ê¼Ç\\final project\\final\\dissertation-UI-test-platform\\backend\\app\\test_cases.py', reloading
2024-04-01 00:21:49,689 - INFO -  * Restarting with stat
2024-04-01 00:21:50,488 - WARNING -  * Debugger is active!
2024-04-01 00:21:50,491 - INFO -  * Debugger PIN: 211-255-688
2024-04-01 00:21:50,691 - INFO - 127.0.0.1 - - [01/Apr/2024 00:21:50] "OPTIONS /runTestEvents HTTP/1.1" 200 -
2024-04-01 00:21:51,036 - INFO - ====== WebDriver manager ======
2024-04-01 00:21:51,726 - INFO - Get LATEST chromedriver version for google-chrome
2024-04-01 00:21:51,728 - INFO - Get LATEST chromedriver version for google-chrome
2024-04-01 00:21:51,728 - INFO - There is no [win64] chromedriver "123.0.6312.86" for browser google-chrome "123.0.6312.86" in cache
2024-04-01 00:21:51,728 - INFO - Get LATEST chromedriver version for google-chrome
2024-04-01 00:21:52,297 - INFO - WebDriver version 123.0.6312.86 selected
2024-04-01 00:21:52,300 - INFO - Modern chrome version https://storage.googleapis.com/chrome-for-testing-public/123.0.6312.86/win32/chromedriver-win32.zip
2024-04-01 00:21:52,300 - INFO - About to download new driver from https://storage.googleapis.com/chrome-for-testing-public/123.0.6312.86/win32/chromedriver-win32.zip
2024-04-01 00:22:08,928 - INFO - 127.0.0.1 - - [01/Apr/2024 00:22:08] "[35m[1mPOST /runTestEvents HTTP/1.1[0m" 201 -
2024-04-01 00:22:09,082 - INFO - 127.0.0.1 - - [01/Apr/2024 00:22:09] "GET /test-report/225 HTTP/1.1" 200 -
2024-04-01 00:22:09,457 - INFO - 127.0.0.1 - - [01/Apr/2024 00:22:09] "GET /test-report/225 HTTP/1.1" 200 -
2024-04-01 00:22:09,469 - INFO - 127.0.0.1 - - [01/Apr/2024 00:22:09] "GET /getTeamMembers/29 HTTP/1.1" 200 -
2024-04-01 00:22:09,782 - INFO - 127.0.0.1 - - [01/Apr/2024 00:22:09] "GET /getTeamMembers/29 HTTP/1.1" 200 -
2024-04-01 00:22:24,024 - INFO - 127.0.0.1 - - [01/Apr/2024 00:22:24] "OPTIONS /runTestEvents HTTP/1.1" 200 -
2024-04-01 00:22:24,037 - INFO - ====== WebDriver manager ======
2024-04-01 00:22:24,704 - INFO - Get LATEST chromedriver version for google-chrome
2024-04-01 00:22:24,704 - INFO - Get LATEST chromedriver version for google-chrome
2024-04-01 00:22:24,706 - INFO - There is no [win64] chromedriver "123.0.6312.86" for browser google-chrome "123.0.6312.86" in cache
2024-04-01 00:22:24,706 - INFO - Get LATEST chromedriver version for google-chrome
2024-04-01 00:22:27,654 - INFO - WebDriver version 123.0.6312.86 selected
2024-04-01 00:22:27,654 - INFO - Modern chrome version https://storage.googleapis.com/chrome-for-testing-public/123.0.6312.86/win32/chromedriver-win32.zip
2024-04-01 00:22:27,654 - INFO - About to download new driver from https://storage.googleapis.com/chrome-for-testing-public/123.0.6312.86/win32/chromedriver-win32.zip
2024-04-01 00:22:30,203 - INFO - Driver downloading response is 200
2024-04-01 00:22:33,371 - INFO - Get LATEST chromedriver version for google-chrome
2024-04-01 00:22:33,460 - INFO - Driver has been saved in cache [C:\Users\hongj\.wdm\drivers\chromedriver\win64\123.0.6312.86]
2024-04-01 00:24:14,222 - INFO - 127.0.0.1 - - [01/Apr/2024 00:24:14] "OPTIONS /runTestEvents HTTP/1.1" 200 -
2024-04-01 00:24:14,550 - INFO - ====== WebDriver manager ======
2024-04-01 00:24:15,193 - INFO - Get LATEST chromedriver version for google-chrome
2024-04-01 00:24:15,198 - INFO - Get LATEST chromedriver version for google-chrome
2024-04-01 00:24:15,198 - INFO - There is no [win64] chromedriver "123.0.6312.86" for browser google-chrome "123.0.6312.86" in cache
2024-04-01 00:24:15,198 - INFO - Get LATEST chromedriver version for google-chrome
2024-04-01 00:24:17,235 - INFO - WebDriver version 123.0.6312.86 selected
2024-04-01 00:24:17,235 - INFO - Modern chrome version https://storage.googleapis.com/chrome-for-testing-public/123.0.6312.86/win32/chromedriver-win32.zip
2024-04-01 00:24:17,235 - INFO - About to download new driver from https://storage.googleapis.com/chrome-for-testing-public/123.0.6312.86/win32/chromedriver-win32.zip
2024-04-01 00:24:17,460 - INFO - Driver downloading response is 200
2024-04-01 00:24:19,989 - INFO - Get LATEST chromedriver version for google-chrome
2024-04-01 00:24:20,010 - INFO - Driver has been saved in cache [C:\Users\hongj\.wdm\drivers\chromedriver\win64\123.0.6312.86]
2024-04-01 00:24:48,343 - INFO -  * Detected change in 'D:\\ÍùÆÚÑ§Ï°×ÊÁÏ+±Ê¼Ç\\final project\\final\\dissertation-UI-test-platform\\backend\\app\\test_cases.py', reloading
2024-04-01 00:24:48,451 - INFO -  * Restarting with stat
2024-04-01 00:24:49,355 - WARNING -  * Debugger is active!
2024-04-01 00:24:49,355 - INFO -  * Debugger PIN: 211-255-688
2024-04-01 00:24:51,421 - INFO - 127.0.0.1 - - [01/Apr/2024 00:24:51] "OPTIONS /runTestEvents HTTP/1.1" 200 -
2024-04-01 00:24:51,765 - INFO - ====== WebDriver manager ======
2024-04-01 00:24:52,427 - INFO - Get LATEST chromedriver version for google-chrome
2024-04-01 00:24:52,427 - INFO - Get LATEST chromedriver version for google-chrome
2024-04-01 00:24:52,427 - INFO - There is no [win64] chromedriver "123.0.6312.86" for browser google-chrome "123.0.6312.86" in cache
2024-04-01 00:24:52,427 - INFO - Get LATEST chromedriver version for google-chrome
2024-04-01 00:25:08,951 - INFO -  * Detected change in 'D:\\ÍùÆÚÑ§Ï°×ÊÁÏ+±Ê¼Ç\\final project\\final\\dissertation-UI-test-platform\\backend\\app\\test_cases.py', reloading
2024-04-01 00:25:09,087 - INFO -  * Restarting with stat
2024-04-01 00:25:09,874 - WARNING -  * Debugger is active!
2024-04-01 00:25:09,886 - INFO -  * Debugger PIN: 211-255-688
2024-04-01 00:25:14,271 - INFO - 127.0.0.1 - - [01/Apr/2024 00:25:14] "OPTIONS /runTestEvents HTTP/1.1" 200 -
2024-04-01 00:25:14,629 - INFO - ====== WebDriver manager ======
2024-04-01 00:25:15,331 - INFO - Get LATEST chromedriver version for google-chrome
2024-04-01 00:25:15,331 - INFO - Get LATEST chromedriver version for google-chrome
2024-04-01 00:25:15,331 - INFO - There is no [win64] chromedriver "123.0.6312.86" for browser google-chrome "123.0.6312.86" in cache
2024-04-01 00:25:15,331 - INFO - Get LATEST chromedriver version for google-chrome
2024-04-01 00:25:17,800 - INFO - WebDriver version 123.0.6312.86 selected
2024-04-01 00:25:17,800 - INFO - Modern chrome version https://storage.googleapis.com/chrome-for-testing-public/123.0.6312.86/win32/chromedriver-win32.zip
2024-04-01 00:25:17,800 - INFO - About to download new driver from https://storage.googleapis.com/chrome-for-testing-public/123.0.6312.86/win32/chromedriver-win32.zip
2024-04-01 00:25:18,025 - INFO - Driver downloading response is 200
2024-04-01 00:25:19,067 - INFO - Get LATEST chromedriver version for google-chrome
2024-04-01 00:25:19,155 - INFO - Driver has been saved in cache [C:\Users\hongj\.wdm\drivers\chromedriver\win64\123.0.6312.86]
2024-04-01 00:25:27,122 - INFO - 127.0.0.1 - - [01/Apr/2024 00:25:27] "[35m[1mPOST /runTestEvents HTTP/1.1[0m" 201 -
2024-04-01 00:25:27,222 - INFO - 127.0.0.1 - - [01/Apr/2024 00:25:27] "GET /test-report/226 HTTP/1.1" 200 -
2024-04-01 00:25:27,535 - INFO - 127.0.0.1 - - [01/Apr/2024 00:25:27] "GET /test-report/226 HTTP/1.1" 200 -
2024-04-01 00:25:27,572 - INFO - 127.0.0.1 - - [01/Apr/2024 00:25:27] "GET /getTeamMembers/29 HTTP/1.1" 200 -
2024-04-01 00:25:27,894 - INFO - 127.0.0.1 - - [01/Apr/2024 00:25:27] "GET /getTeamMembers/29 HTTP/1.1" 200 -
2024-04-01 00:25:35,158 - INFO -  * Detected change in 'D:\\ÍùÆÚÑ§Ï°×ÊÁÏ+±Ê¼Ç\\final project\\final\\dissertation-UI-test-platform\\backend\\app\\test_cases.py', reloading
2024-04-01 00:25:35,261 - INFO -  * Restarting with stat
2024-04-01 00:25:36,124 - WARNING -  * Debugger is active!
2024-04-01 00:25:36,126 - INFO -  * Debugger PIN: 211-255-688
2024-04-01 00:25:47,556 - INFO - 127.0.0.1 - - [01/Apr/2024 00:25:47] "OPTIONS /runTestEvents HTTP/1.1" 200 -
2024-04-01 00:25:47,906 - INFO - ====== WebDriver manager ======
2024-04-01 00:25:48,580 - INFO - Get LATEST chromedriver version for google-chrome
2024-04-01 00:25:48,580 - INFO - Get LATEST chromedriver version for google-chrome
2024-04-01 00:25:48,582 - INFO - There is no [win64] chromedriver "123.0.6312.86" for browser google-chrome "123.0.6312.86" in cache
2024-04-01 00:25:48,582 - INFO - Get LATEST chromedriver version for google-chrome
2024-04-01 00:25:52,849 - INFO - WebDriver version 123.0.6312.86 selected
2024-04-01 00:25:52,849 - INFO - Modern chrome version https://storage.googleapis.com/chrome-for-testing-public/123.0.6312.86/win32/chromedriver-win32.zip
2024-04-01 00:25:52,849 - INFO - About to download new driver from https://storage.googleapis.com/chrome-for-testing-public/123.0.6312.86/win32/chromedriver-win32.zip
2024-04-01 00:25:53,083 - INFO - Driver downloading response is 200
2024-04-01 00:25:55,273 - INFO - Get LATEST chromedriver version for google-chrome
2024-04-01 00:25:55,381 - INFO - Driver has been saved in cache [C:\Users\hongj\.wdm\drivers\chromedriver\win64\123.0.6312.86]
2024-04-01 00:25:57,785 - INFO - 127.0.0.1 - - [01/Apr/2024 00:25:57] "[31m[1mPOST /runTestEvents HTTP/1.1[0m" 400 -
2024-04-01 00:26:05,920 - INFO - 127.0.0.1 - - [01/Apr/2024 00:26:05] "OPTIONS /runTestEvents HTTP/1.1" 200 -
2024-04-01 00:26:05,931 - INFO - ====== WebDriver manager ======
2024-04-01 00:26:06,612 - INFO - Get LATEST chromedriver version for google-chrome
2024-04-01 00:26:06,612 - INFO - Get LATEST chromedriver version for google-chrome
2024-04-01 00:26:06,612 - INFO - There is no [win64] chromedriver "123.0.6312.86" for browser google-chrome "123.0.6312.86" in cache
2024-04-01 00:26:06,612 - INFO - Get LATEST chromedriver version for google-chrome
2024-04-01 00:26:09,926 - INFO - WebDriver version 123.0.6312.86 selected
2024-04-01 00:26:09,926 - INFO - Modern chrome version https://storage.googleapis.com/chrome-for-testing-public/123.0.6312.86/win32/chromedriver-win32.zip
2024-04-01 00:26:09,926 - INFO - About to download new driver from https://storage.googleapis.com/chrome-for-testing-public/123.0.6312.86/win32/chromedriver-win32.zip
2024-04-01 00:26:10,147 - INFO - Driver downloading response is 200
2024-04-01 00:26:11,275 - INFO - Get LATEST chromedriver version for google-chrome
2024-04-01 00:26:11,366 - INFO - Driver has been saved in cache [C:\Users\hongj\.wdm\drivers\chromedriver\win64\123.0.6312.86]
2024-04-01 00:26:13,692 - INFO - 127.0.0.1 - - [01/Apr/2024 00:26:13] "[31m[1mPOST /runTestEvents HTTP/1.1[0m" 400 -
2024-04-01 00:29:28,225 - INFO -  * Detected change in 'D:\\ÍùÆÚÑ§Ï°×ÊÁÏ+±Ê¼Ç\\final project\\final\\dissertation-UI-test-platform\\backend\\app\\test_cases.py', reloading
2024-04-01 00:29:30,372 - INFO -  * Restarting with stat
2024-04-01 00:29:31,273 - WARNING -  * Debugger is active!
2024-04-01 00:29:31,276 - INFO -  * Debugger PIN: 211-255-688
2024-04-01 00:31:39,363 - INFO -  * Detected change in 'D:\\ÍùÆÚÑ§Ï°×ÊÁÏ+±Ê¼Ç\\final project\\final\\dissertation-UI-test-platform\\backend\\app\\test_cases.py', reloading
2024-04-01 00:31:39,460 - INFO -  * Restarting with stat
2024-04-01 00:31:40,257 - WARNING -  * Debugger is active!
2024-04-01 00:31:40,259 - INFO -  * Debugger PIN: 211-255-688
2024-04-01 00:31:47,313 - INFO -  * Detected change in 'D:\\ÍùÆÚÑ§Ï°×ÊÁÏ+±Ê¼Ç\\final project\\final\\dissertation-UI-test-platform\\backend\\app\\test_cases.py', reloading
2024-04-01 00:31:47,408 - INFO -  * Restarting with stat
2024-04-01 00:31:48,215 - WARNING -  * Debugger is active!
2024-04-01 00:31:48,217 - INFO -  * Debugger PIN: 211-255-688
2024-04-01 00:32:04,411 - INFO -  * Detected change in 'D:\\ÍùÆÚÑ§Ï°×ÊÁÏ+±Ê¼Ç\\final project\\final\\dissertation-UI-test-platform\\backend\\app\\test_cases.py', reloading
2024-04-01 00:32:04,538 - INFO -  * Restarting with stat
2024-04-01 00:32:23,956 - INFO - [31m[1mWARNING: This is a development server. Do not use it in a production deployment. Use a production WSGI server instead.[0m
 * Running on all addresses (0.0.0.0)
 * Running on http://127.0.0.1:5000
 * Running on http://192.168.3.38:5000
2024-04-01 00:32:23,956 - INFO - [33mPress CTRL+C to quit[0m
2024-04-01 00:32:23,958 - INFO -  * Restarting with stat
2024-04-01 00:32:24,755 - WARNING -  * Debugger is active!
2024-04-01 00:32:24,757 - INFO -  * Debugger PIN: 211-255-688
2024-04-01 00:33:54,742 - INFO -  * Detected change in 'D:\\ÍùÆÚÑ§Ï°×ÊÁÏ+±Ê¼Ç\\final project\\final\\dissertation-UI-test-platform\\backend\\app\\test_cases.py', reloading
2024-04-01 00:33:54,860 - INFO -  * Restarting with stat
2024-04-01 00:33:55,751 - WARNING -  * Debugger is active!
2024-04-01 00:33:55,751 - INFO -  * Debugger PIN: 211-255-688
2024-04-01 00:34:23,185 - INFO -  * Detected change in 'D:\\ÍùÆÚÑ§Ï°×ÊÁÏ+±Ê¼Ç\\final project\\final\\dissertation-UI-test-platform\\backend\\app\\test_cases.py', reloading
2024-04-01 00:34:23,287 - INFO -  * Restarting with stat
2024-04-01 00:34:24,124 - WARNING -  * Debugger is active!
2024-04-01 00:34:24,124 - INFO -  * Debugger PIN: 211-255-688
2024-04-01 00:35:22,799 - INFO -  * Detected change in 'D:\\ÍùÆÚÑ§Ï°×ÊÁÏ+±Ê¼Ç\\final project\\final\\dissertation-UI-test-platform\\backend\\app\\test_cases.py', reloading
2024-04-01 00:35:22,902 - INFO -  * Restarting with stat
2024-04-01 00:35:23,740 - WARNING -  * Debugger is active!
2024-04-01 00:35:23,740 - INFO -  * Debugger PIN: 211-255-688
2024-04-01 00:36:32,388 - INFO - [31m[1mWARNING: This is a development server. Do not use it in a production deployment. Use a production WSGI server instead.[0m
 * Running on all addresses (0.0.0.0)
 * Running on http://127.0.0.1:5000
 * Running on http://192.168.3.38:5000
2024-04-01 00:36:32,388 - INFO - [33mPress CTRL+C to quit[0m
2024-04-01 00:36:32,392 - INFO -  * Restarting with stat
2024-04-01 00:36:33,121 - WARNING -  * Debugger is active!
2024-04-01 00:36:33,139 - INFO -  * Debugger PIN: 211-255-688
2024-04-01 00:36:36,695 - INFO - 127.0.0.1 - - [01/Apr/2024 00:36:36] "OPTIONS /runTestEvents HTTP/1.1" 200 -
2024-04-01 00:36:37,044 - INFO - ====== WebDriver manager ======
2024-04-01 00:36:37,684 - INFO - Get LATEST chromedriver version for google-chrome
2024-04-01 00:36:37,685 - INFO - Get LATEST chromedriver version for google-chrome
2024-04-01 00:36:37,685 - INFO - There is no [win64] chromedriver "123.0.6312.86" for browser google-chrome "123.0.6312.86" in cache
2024-04-01 00:36:37,685 - INFO - Get LATEST chromedriver version for google-chrome
2024-04-01 00:36:41,934 - INFO - WebDriver version 123.0.6312.86 selected
2024-04-01 00:36:41,934 - INFO - Modern chrome version https://storage.googleapis.com/chrome-for-testing-public/123.0.6312.86/win32/chromedriver-win32.zip
2024-04-01 00:36:41,934 - INFO - About to download new driver from https://storage.googleapis.com/chrome-for-testing-public/123.0.6312.86/win32/chromedriver-win32.zip
2024-04-01 00:36:50,676 - INFO - Driver downloading response is 200
2024-04-01 00:36:54,519 - INFO - Get LATEST chromedriver version for google-chrome
2024-04-01 00:36:54,603 - INFO - Driver has been saved in cache [C:\Users\hongj\.wdm\drivers\chromedriver\win64\123.0.6312.86]
2024-04-01 00:36:57,184 - ERROR - An error occurred in check_element_exists: type object 'By' has no attribute 'CLASS NAME'
2024-04-01 00:36:59,323 - INFO - 127.0.0.1 - - [01/Apr/2024 00:36:59] "[35m[1mPOST /runTestEvents HTTP/1.1[0m" 201 -
2024-04-01 00:36:59,444 - INFO - 127.0.0.1 - - [01/Apr/2024 00:36:59] "GET /test-report/227 HTTP/1.1" 200 -
2024-04-01 00:36:59,790 - INFO - 127.0.0.1 - - [01/Apr/2024 00:36:59] "GET /test-report/227 HTTP/1.1" 200 -
2024-04-01 00:36:59,813 - INFO - 127.0.0.1 - - [01/Apr/2024 00:36:59] "GET /getTeamMembers/29 HTTP/1.1" 200 -
2024-04-01 00:37:00,124 - INFO - 127.0.0.1 - - [01/Apr/2024 00:37:00] "GET /getTeamMembers/29 HTTP/1.1" 200 -
2024-04-01 00:39:13,029 - INFO -  * Detected change in 'D:\\ÍùÆÚÑ§Ï°×ÊÁÏ+±Ê¼Ç\\final project\\final\\dissertation-UI-test-platform\\backend\\app\\test_cases.py', reloading
2024-04-01 00:39:17,195 - INFO -  * Restarting with stat
2024-04-01 00:39:17,980 - WARNING -  * Debugger is active!
2024-04-01 00:39:17,988 - INFO -  * Debugger PIN: 211-255-688
2024-04-01 00:40:05,860 - INFO -  * Detected change in 'D:\\ÍùÆÚÑ§Ï°×ÊÁÏ+±Ê¼Ç\\final project\\final\\dissertation-UI-test-platform\\backend\\app\\test_cases.py', reloading
2024-04-01 00:40:05,962 - INFO -  * Restarting with stat
2024-04-01 00:40:06,733 - WARNING -  * Debugger is active!
2024-04-01 00:40:06,733 - INFO -  * Debugger PIN: 211-255-688
2024-04-01 00:40:28,487 - INFO -  * Detected change in 'D:\\ÍùÆÚÑ§Ï°×ÊÁÏ+±Ê¼Ç\\final project\\final\\dissertation-UI-test-platform\\backend\\app\\test_cases.py', reloading
2024-04-01 00:40:28,610 - INFO -  * Restarting with stat
2024-04-01 00:40:29,384 - WARNING -  * Debugger is active!
2024-04-01 00:40:29,386 - INFO -  * Debugger PIN: 211-255-688
2024-04-01 00:40:42,057 - INFO -  * Detected change in 'D:\\ÍùÆÚÑ§Ï°×ÊÁÏ+±Ê¼Ç\\final project\\final\\dissertation-UI-test-platform\\backend\\app\\test_cases.py', reloading
2024-04-01 00:40:42,179 - INFO -  * Restarting with stat
2024-04-01 00:40:43,090 - WARNING -  * Debugger is active!
2024-04-01 00:40:43,092 - INFO -  * Debugger PIN: 211-255-688
2024-04-01 00:40:56,134 - INFO - 127.0.0.1 - - [01/Apr/2024 00:40:56] "OPTIONS /runTestEvents HTTP/1.1" 200 -
2024-04-01 00:40:56,478 - INFO - ====== WebDriver manager ======
2024-04-01 00:40:57,143 - INFO - Get LATEST chromedriver version for google-chrome
2024-04-01 00:40:57,148 - INFO - Get LATEST chromedriver version for google-chrome
2024-04-01 00:40:57,148 - INFO - There is no [win64] chromedriver "123.0.6312.86" for browser google-chrome "123.0.6312.86" in cache
2024-04-01 00:40:57,148 - INFO - Get LATEST chromedriver version for google-chrome
2024-04-01 00:40:59,071 - INFO - WebDriver version 123.0.6312.86 selected
2024-04-01 00:40:59,076 - INFO - Modern chrome version https://storage.googleapis.com/chrome-for-testing-public/123.0.6312.86/win32/chromedriver-win32.zip
2024-04-01 00:40:59,076 - INFO - About to download new driver from https://storage.googleapis.com/chrome-for-testing-public/123.0.6312.86/win32/chromedriver-win32.zip
2024-04-01 00:41:01,679 - INFO - Driver downloading response is 200
2024-04-01 00:41:03,799 - INFO - Get LATEST chromedriver version for google-chrome
2024-04-01 00:41:03,902 - INFO - Driver has been saved in cache [C:\Users\hongj\.wdm\drivers\chromedriver\win64\123.0.6312.86]
2024-04-01 00:41:05,559 - ERROR - An error occurred in check_element_exists: type object 'By' has no attribute 'CLASS NAME'
2024-04-01 00:41:07,701 - INFO - 127.0.0.1 - - [01/Apr/2024 00:41:07] "[35m[1mPOST /runTestEvents HTTP/1.1[0m" 201 -
2024-04-01 00:41:07,786 - INFO - 127.0.0.1 - - [01/Apr/2024 00:41:07] "GET /test-report/228 HTTP/1.1" 200 -
2024-04-01 00:41:08,140 - INFO - 127.0.0.1 - - [01/Apr/2024 00:41:08] "GET /test-report/228 HTTP/1.1" 200 -
2024-04-01 00:41:08,161 - INFO - 127.0.0.1 - - [01/Apr/2024 00:41:08] "GET /getTeamMembers/29 HTTP/1.1" 200 -
2024-04-01 00:41:08,476 - INFO - 127.0.0.1 - - [01/Apr/2024 00:41:08] "GET /getTeamMembers/29 HTTP/1.1" 200 -
2024-04-01 00:42:55,867 - INFO -  * Detected change in 'D:\\ÍùÆÚÑ§Ï°×ÊÁÏ+±Ê¼Ç\\final project\\final\\dissertation-UI-test-platform\\backend\\app\\test_cases.py', reloading
2024-04-01 00:43:00,048 - INFO -  * Restarting with stat
2024-04-01 00:43:00,877 - WARNING -  * Debugger is active!
2024-04-01 00:43:00,879 - INFO -  * Debugger PIN: 211-255-688
2024-04-01 00:43:04,986 - INFO - 127.0.0.1 - - [01/Apr/2024 00:43:04] "OPTIONS /runTestEvents HTTP/1.1" 200 -
2024-04-01 00:43:05,339 - INFO - ====== WebDriver manager ======
2024-04-01 00:43:06,027 - INFO - Get LATEST chromedriver version for google-chrome
2024-04-01 00:43:06,028 - INFO - Get LATEST chromedriver version for google-chrome
2024-04-01 00:43:06,028 - INFO - There is no [win64] chromedriver "123.0.6312.86" for browser google-chrome "123.0.6312.86" in cache
2024-04-01 00:43:06,028 - INFO - Get LATEST chromedriver version for google-chrome
2024-04-01 00:43:08,020 - INFO - WebDriver version 123.0.6312.86 selected
2024-04-01 00:43:08,022 - INFO - Modern chrome version https://storage.googleapis.com/chrome-for-testing-public/123.0.6312.86/win32/chromedriver-win32.zip
2024-04-01 00:43:08,022 - INFO - About to download new driver from https://storage.googleapis.com/chrome-for-testing-public/123.0.6312.86/win32/chromedriver-win32.zip
2024-04-01 00:43:08,571 - INFO - Driver downloading response is 200
2024-04-01 00:43:10,946 - INFO - Get LATEST chromedriver version for google-chrome
2024-04-01 00:43:11,046 - INFO - Driver has been saved in cache [C:\Users\hongj\.wdm\drivers\chromedriver\win64\123.0.6312.86]
2024-04-01 00:43:13,441 - ERROR - An error occurred in check_element_exists: Expected element does not exist.
2024-04-01 00:43:13,442 - INFO - 127.0.0.1 - - [01/Apr/2024 00:43:13] "[31m[1mPOST /runTestEvents HTTP/1.1[0m" 400 -
2024-04-01 00:43:43,222 - INFO - 127.0.0.1 - - [01/Apr/2024 00:43:43] "OPTIONS /runTestEvents HTTP/1.1" 200 -
2024-04-01 00:43:43,236 - INFO - ====== WebDriver manager ======
2024-04-01 00:43:43,904 - INFO - Get LATEST chromedriver version for google-chrome
2024-04-01 00:43:43,904 - INFO - Get LATEST chromedriver version for google-chrome
2024-04-01 00:43:43,904 - INFO - There is no [win64] chromedriver "123.0.6312.86" for browser google-chrome "123.0.6312.86" in cache
2024-04-01 00:43:43,904 - INFO - Get LATEST chromedriver version for google-chrome
2024-04-01 00:43:48,458 - INFO - WebDriver version 123.0.6312.86 selected
2024-04-01 00:43:48,458 - INFO - Modern chrome version https://storage.googleapis.com/chrome-for-testing-public/123.0.6312.86/win32/chromedriver-win32.zip
2024-04-01 00:43:48,458 - INFO - About to download new driver from https://storage.googleapis.com/chrome-for-testing-public/123.0.6312.86/win32/chromedriver-win32.zip
2024-04-01 00:43:51,766 - INFO - Driver downloading response is 200
2024-04-01 00:43:54,498 - INFO - Get LATEST chromedriver version for google-chrome
2024-04-01 00:43:54,592 - INFO - Driver has been saved in cache [C:\Users\hongj\.wdm\drivers\chromedriver\win64\123.0.6312.86]
2024-04-01 00:43:57,133 - ERROR - An error occurred in check_element_exists: Expected element does not exist.
2024-04-01 00:43:57,134 - INFO - 127.0.0.1 - - [01/Apr/2024 00:43:57] "[31m[1mPOST /runTestEvents HTTP/1.1[0m" 400 -
2024-04-01 00:44:26,754 - INFO - 127.0.0.1 - - [01/Apr/2024 00:44:26] "OPTIONS /runTestEvents HTTP/1.1" 200 -
2024-04-01 00:44:27,078 - INFO - ====== WebDriver manager ======
2024-04-01 00:44:27,746 - INFO - Get LATEST chromedriver version for google-chrome
2024-04-01 00:44:27,749 - INFO - Get LATEST chromedriver version for google-chrome
2024-04-01 00:44:27,749 - INFO - There is no [win64] chromedriver "123.0.6312.86" for browser google-chrome "123.0.6312.86" in cache
2024-04-01 00:44:27,749 - INFO - Get LATEST chromedriver version for google-chrome
2024-04-01 00:44:30,960 - INFO - WebDriver version 123.0.6312.86 selected
2024-04-01 00:44:30,960 - INFO - Modern chrome version https://storage.googleapis.com/chrome-for-testing-public/123.0.6312.86/win32/chromedriver-win32.zip
2024-04-01 00:44:30,960 - INFO - About to download new driver from https://storage.googleapis.com/chrome-for-testing-public/123.0.6312.86/win32/chromedriver-win32.zip
2024-04-01 00:44:33,917 - INFO - Driver downloading response is 200
2024-04-01 00:44:36,877 - INFO - Get LATEST chromedriver version for google-chrome
2024-04-01 00:44:36,964 - INFO - Driver has been saved in cache [C:\Users\hongj\.wdm\drivers\chromedriver\win64\123.0.6312.86]
2024-04-01 00:44:45,458 - INFO - 127.0.0.1 - - [01/Apr/2024 00:44:45] "[35m[1mPOST /runTestEvents HTTP/1.1[0m" 201 -
2024-04-01 00:44:45,528 - INFO - 127.0.0.1 - - [01/Apr/2024 00:44:45] "GET /test-report/229 HTTP/1.1" 200 -
2024-04-01 00:44:45,832 - INFO - 127.0.0.1 - - [01/Apr/2024 00:44:45] "GET /test-report/229 HTTP/1.1" 200 -
2024-04-01 00:44:45,867 - INFO - 127.0.0.1 - - [01/Apr/2024 00:44:45] "GET /getTeamMembers/29 HTTP/1.1" 200 -
2024-04-01 00:44:46,176 - INFO - 127.0.0.1 - - [01/Apr/2024 00:44:46] "GET /getTeamMembers/29 HTTP/1.1" 200 -
2024-04-01 00:45:39,960 - INFO - 127.0.0.1 - - [01/Apr/2024 00:45:39] "OPTIONS /runTestEvents HTTP/1.1" 200 -
2024-04-01 00:45:40,286 - INFO - ====== WebDriver manager ======
2024-04-01 00:45:40,929 - INFO - Get LATEST chromedriver version for google-chrome
2024-04-01 00:45:40,929 - INFO - Get LATEST chromedriver version for google-chrome
2024-04-01 00:45:40,929 - INFO - There is no [win64] chromedriver "123.0.6312.86" for browser google-chrome "123.0.6312.86" in cache
2024-04-01 00:45:40,929 - INFO - Get LATEST chromedriver version for google-chrome
2024-04-01 00:45:42,805 - INFO - WebDriver version 123.0.6312.86 selected
2024-04-01 00:45:42,806 - INFO - Modern chrome version https://storage.googleapis.com/chrome-for-testing-public/123.0.6312.86/win32/chromedriver-win32.zip
2024-04-01 00:45:42,806 - INFO - About to download new driver from https://storage.googleapis.com/chrome-for-testing-public/123.0.6312.86/win32/chromedriver-win32.zip
2024-04-01 00:45:44,286 - INFO - Driver downloading response is 200
2024-04-01 00:45:45,556 - INFO - Get LATEST chromedriver version for google-chrome
2024-04-01 00:45:45,643 - INFO - Driver has been saved in cache [C:\Users\hongj\.wdm\drivers\chromedriver\win64\123.0.6312.86]
2024-04-01 00:45:47,729 - ERROR - An error occurred in check_element_visible: type object 'By' has no attribute 'CLASS NAME'
2024-04-01 00:45:49,860 - INFO - 127.0.0.1 - - [01/Apr/2024 00:45:49] "[35m[1mPOST /runTestEvents HTTP/1.1[0m" 201 -
2024-04-01 00:45:50,003 - INFO - 127.0.0.1 - - [01/Apr/2024 00:45:50] "GET /test-report/230 HTTP/1.1" 200 -
2024-04-01 00:45:50,351 - INFO - 127.0.0.1 - - [01/Apr/2024 00:45:50] "GET /test-report/230 HTTP/1.1" 200 -
2024-04-01 00:45:50,358 - INFO - 127.0.0.1 - - [01/Apr/2024 00:45:50] "GET /getTeamMembers/29 HTTP/1.1" 200 -
2024-04-01 00:45:50,677 - INFO - 127.0.0.1 - - [01/Apr/2024 00:45:50] "GET /getTeamMembers/29 HTTP/1.1" 200 -
2024-04-01 00:46:27,424 - INFO -  * Detected change in 'D:\\ÍùÆÚÑ§Ï°×ÊÁÏ+±Ê¼Ç\\final project\\final\\dissertation-UI-test-platform\\backend\\app\\test_cases.py', reloading
2024-04-01 00:46:31,591 - INFO -  * Restarting with stat
2024-04-01 00:46:32,433 - WARNING -  * Debugger is active!
2024-04-01 00:46:32,435 - INFO -  * Debugger PIN: 211-255-688
2024-04-01 00:46:44,145 - INFO - 127.0.0.1 - - [01/Apr/2024 00:46:44] "OPTIONS /runTestEvents HTTP/1.1" 200 -
2024-04-01 00:46:44,491 - INFO - ====== WebDriver manager ======
2024-04-01 00:46:45,198 - INFO - Get LATEST chromedriver version for google-chrome
2024-04-01 00:46:45,198 - INFO - Get LATEST chromedriver version for google-chrome
2024-04-01 00:46:45,198 - INFO - There is no [win64] chromedriver "123.0.6312.86" for browser google-chrome "123.0.6312.86" in cache
2024-04-01 00:46:45,198 - INFO - Get LATEST chromedriver version for google-chrome
2024-04-01 00:46:46,942 - INFO - WebDriver version 123.0.6312.86 selected
2024-04-01 00:46:46,942 - INFO - Modern chrome version https://storage.googleapis.com/chrome-for-testing-public/123.0.6312.86/win32/chromedriver-win32.zip
2024-04-01 00:46:46,942 - INFO - About to download new driver from https://storage.googleapis.com/chrome-for-testing-public/123.0.6312.86/win32/chromedriver-win32.zip
2024-04-01 00:46:47,436 - INFO - Driver downloading response is 200
2024-04-01 00:46:49,771 - INFO - Get LATEST chromedriver version for google-chrome
2024-04-01 00:46:49,868 - INFO - Driver has been saved in cache [C:\Users\hongj\.wdm\drivers\chromedriver\win64\123.0.6312.86]
2024-04-01 00:46:51,344 - ERROR - An error occurred in check_element_visible: Message: no such element: Unable to locate element: {"method":"css selector","selector":".css-1cebn6m"}
  (Session info: chrome=123.0.6312.86)
Stacktrace:
	GetHandleVerifier [0x01064CC3+225091]
	(No symbol) [0x00F94E11]
	(No symbol) [0x00E39A7A]
	(No symbol) [0x00E7175B]
	(No symbol) [0x00E7188B]
	(No symbol) [0x00EA7882]
	(No symbol) [0x00E8F5A4]
	(No symbol) [0x00EA5CB0]
	(No symbol) [0x00E8F2F6]
	(No symbol) [0x00E679B9]
	(No symbol) [0x00E6879D]
	sqlite3_dbdata_init [0x014D9A63+4064547]
	sqlite3_dbdata_init [0x014E106A+4094762]
	sqlite3_dbdata_init [0x014DB968+4072488]
	sqlite3_dbdata_init [0x011DC9C9+930953]
	(No symbol) [0x00FA07E4]
	(No symbol) [0x00F9AD08]
	(No symbol) [0x00F9AE31]
	(No symbol) [0x00F8CAA0]
	BaseThreadInitThunk [0x77347BA9+25]
	RtlInitializeExceptionChain [0x77D6BDAB+107]
	RtlClearBits [0x77D6BD2F+191]

2024-04-01 00:46:53,458 - INFO - 127.0.0.1 - - [01/Apr/2024 00:46:53] "[35m[1mPOST /runTestEvents HTTP/1.1[0m" 201 -
2024-04-01 00:46:53,565 - INFO - 127.0.0.1 - - [01/Apr/2024 00:46:53] "GET /test-report/231 HTTP/1.1" 200 -
2024-04-01 00:46:53,917 - INFO - 127.0.0.1 - - [01/Apr/2024 00:46:53] "GET /test-report/231 HTTP/1.1" 200 -
2024-04-01 00:46:53,947 - INFO - 127.0.0.1 - - [01/Apr/2024 00:46:53] "GET /getTeamMembers/29 HTTP/1.1" 200 -
2024-04-01 00:46:54,272 - INFO - 127.0.0.1 - - [01/Apr/2024 00:46:54] "GET /getTeamMembers/29 HTTP/1.1" 200 -
2024-04-01 00:47:31,598 - INFO - 127.0.0.1 - - [01/Apr/2024 00:47:31] "OPTIONS /runTestEvents HTTP/1.1" 200 -
2024-04-01 00:47:31,613 - INFO - ====== WebDriver manager ======
2024-04-01 00:47:32,289 - INFO - Get LATEST chromedriver version for google-chrome
2024-04-01 00:47:32,289 - INFO - Get LATEST chromedriver version for google-chrome
2024-04-01 00:47:32,289 - INFO - There is no [win64] chromedriver "123.0.6312.86" for browser google-chrome "123.0.6312.86" in cache
2024-04-01 00:47:32,289 - INFO - Get LATEST chromedriver version for google-chrome
2024-04-01 00:47:34,642 - INFO - WebDriver version 123.0.6312.86 selected
2024-04-01 00:47:34,642 - INFO - Modern chrome version https://storage.googleapis.com/chrome-for-testing-public/123.0.6312.86/win32/chromedriver-win32.zip
2024-04-01 00:47:34,642 - INFO - About to download new driver from https://storage.googleapis.com/chrome-for-testing-public/123.0.6312.86/win32/chromedriver-win32.zip
2024-04-01 00:47:35,634 - INFO - Driver downloading response is 200
2024-04-01 00:47:37,733 - INFO - Get LATEST chromedriver version for google-chrome
2024-04-01 00:47:37,826 - INFO - Driver has been saved in cache [C:\Users\hongj\.wdm\drivers\chromedriver\win64\123.0.6312.86]
2024-04-01 00:47:39,288 - INFO - 127.0.0.1 - - [01/Apr/2024 00:47:39] "[31m[1mPOST /runTestEvents HTTP/1.1[0m" 400 -
2024-04-01 00:47:53,125 - INFO - 127.0.0.1 - - [01/Apr/2024 00:47:53] "OPTIONS /runTestEvents HTTP/1.1" 200 -
2024-04-01 00:47:53,445 - INFO - ====== WebDriver manager ======
2024-04-01 00:47:54,420 - INFO - Get LATEST edgedriver version for Edge 123.0.2420
2024-04-01 00:47:54,747 - INFO - Get LATEST edgedriver version for Edge 123.0.2420
2024-04-01 00:47:55,041 - INFO - There is no [win64] edgedriver "123.0.2420.65" for browser edge "123.0.2420" in cache
2024-04-01 00:47:55,041 - INFO - Get LATEST edgedriver version for Edge 123.0.2420
2024-04-01 00:47:55,330 - INFO - About to download new driver from https://msedgedriver.azureedge.net/123.0.2420.65/edgedriver_win64.zip
2024-04-01 00:47:55,708 - INFO - Driver downloading response is 200
2024-04-01 00:48:56,902 - INFO - Get LATEST edgedriver version for Edge 123.0.2420
2024-04-01 00:48:57,331 - INFO - Driver has been saved in cache [C:\Users\hongj\.wdm\drivers\edgedriver\win64\123.0.2420.65]
2024-04-01 00:49:08,489 - INFO - 127.0.0.1 - - [01/Apr/2024 00:49:08] "[35m[1mPOST /runTestEvents HTTP/1.1[0m" 201 -
2024-04-01 00:49:08,880 - INFO - 127.0.0.1 - - [01/Apr/2024 00:49:08] "GET /test-report/232 HTTP/1.1" 200 -
2024-04-01 00:49:09,129 - INFO - 127.0.0.1 - - [01/Apr/2024 00:49:09] "GET /test-report/232 HTTP/1.1" 200 -
2024-04-01 00:49:09,195 - INFO - 127.0.0.1 - - [01/Apr/2024 00:49:09] "GET /getTeamMembers/29 HTTP/1.1" 200 -
2024-04-01 00:49:09,205 - INFO - 127.0.0.1 - - [01/Apr/2024 00:49:09] "GET /getTeamMembers/29 HTTP/1.1" 200 -
2024-04-01 00:50:33,910 - INFO - 127.0.0.1 - - [01/Apr/2024 00:50:33] "OPTIONS /runTestEvents HTTP/1.1" 200 -
2024-04-01 00:50:34,228 - INFO - ====== WebDriver manager ======
2024-04-01 00:50:34,937 - INFO - Get LATEST chromedriver version for google-chrome
2024-04-01 00:50:34,946 - INFO - Get LATEST chromedriver version for google-chrome
2024-04-01 00:50:34,946 - INFO - There is no [win64] chromedriver "123.0.6312.86" for browser google-chrome "123.0.6312.86" in cache
2024-04-01 00:50:34,946 - INFO - Get LATEST chromedriver version for google-chrome
2024-04-01 00:50:39,822 - INFO - WebDriver version 123.0.6312.86 selected
2024-04-01 00:50:39,822 - INFO - Modern chrome version https://storage.googleapis.com/chrome-for-testing-public/123.0.6312.86/win32/chromedriver-win32.zip
2024-04-01 00:50:39,822 - INFO - About to download new driver from https://storage.googleapis.com/chrome-for-testing-public/123.0.6312.86/win32/chromedriver-win32.zip
2024-04-01 00:50:41,069 - INFO - Driver downloading response is 200
2024-04-01 00:50:42,156 - INFO - Get LATEST chromedriver version for google-chrome
2024-04-01 00:50:42,270 - INFO - Driver has been saved in cache [C:\Users\hongj\.wdm\drivers\chromedriver\win64\123.0.6312.86]
2024-04-01 00:50:44,925 - ERROR - An error occurred in verify_page_status_code: verify_page_status_code() takes 1 positional argument but 2 were given
2024-04-01 00:50:47,037 - INFO - 127.0.0.1 - - [01/Apr/2024 00:50:47] "[35m[1mPOST /runTestEvents HTTP/1.1[0m" 201 -
2024-04-01 00:50:47,140 - INFO - 127.0.0.1 - - [01/Apr/2024 00:50:47] "GET /test-report/233 HTTP/1.1" 200 -
2024-04-01 00:50:47,483 - INFO - 127.0.0.1 - - [01/Apr/2024 00:50:47] "GET /test-report/233 HTTP/1.1" 200 -
2024-04-01 00:50:47,490 - INFO - 127.0.0.1 - - [01/Apr/2024 00:50:47] "GET /getTeamMembers/29 HTTP/1.1" 200 -
2024-04-01 00:50:47,881 - INFO - 127.0.0.1 - - [01/Apr/2024 00:50:47] "GET /getTeamMembers/29 HTTP/1.1" 200 -
2024-04-01 00:52:44,198 - INFO -  * Detected change in 'D:\\ÍùÆÚÑ§Ï°×ÊÁÏ+±Ê¼Ç\\final project\\final\\dissertation-UI-test-platform\\backend\\app\\test_cases.py', reloading
2024-04-01 00:52:48,391 - INFO -  * Restarting with stat
2024-04-01 00:52:49,200 - WARNING -  * Debugger is active!
2024-04-01 00:52:49,202 - INFO -  * Debugger PIN: 211-255-688
2024-04-01 00:53:18,973 - INFO -  * Detected change in 'D:\\ÍùÆÚÑ§Ï°×ÊÁÏ+±Ê¼Ç\\final project\\final\\dissertation-UI-test-platform\\backend\\app\\test_cases.py', reloading
2024-04-01 00:53:19,062 - INFO -  * Restarting with stat
2024-04-01 00:53:19,843 - WARNING -  * Debugger is active!
2024-04-01 00:53:19,844 - INFO -  * Debugger PIN: 211-255-688
2024-04-01 00:53:32,683 - INFO - 127.0.0.1 - - [01/Apr/2024 00:53:32] "OPTIONS /runTestEvents HTTP/1.1" 200 -
2024-04-01 00:53:33,054 - INFO - ====== WebDriver manager ======
2024-04-01 00:53:33,788 - INFO - Get LATEST chromedriver version for google-chrome
2024-04-01 00:53:33,790 - INFO - Get LATEST chromedriver version for google-chrome
2024-04-01 00:53:33,790 - INFO - There is no [win64] chromedriver "123.0.6312.86" for browser google-chrome "123.0.6312.86" in cache
2024-04-01 00:53:33,790 - INFO - Get LATEST chromedriver version for google-chrome
2024-04-01 00:53:36,601 - INFO - WebDriver version 123.0.6312.86 selected
2024-04-01 00:53:36,602 - INFO - Modern chrome version https://storage.googleapis.com/chrome-for-testing-public/123.0.6312.86/win32/chromedriver-win32.zip
2024-04-01 00:53:36,602 - INFO - About to download new driver from https://storage.googleapis.com/chrome-for-testing-public/123.0.6312.86/win32/chromedriver-win32.zip
2024-04-01 00:53:39,079 - INFO - Driver downloading response is 200
2024-04-01 00:53:40,678 - INFO - Get LATEST chromedriver version for google-chrome
2024-04-01 00:53:40,777 - INFO - Driver has been saved in cache [C:\Users\hongj\.wdm\drivers\chromedriver\win64\123.0.6312.86]
2024-04-01 00:53:42,350 - ERROR - An error occurred in verify_page_status_code: Page status code 200 does not match expected 4.
2024-04-01 00:53:42,351 - INFO - 127.0.0.1 - - [01/Apr/2024 00:53:42] "[31m[1mPOST /runTestEvents HTTP/1.1[0m" 400 -
2024-04-01 00:54:17,360 - INFO -  * Detected change in 'D:\\ÍùÆÚÑ§Ï°×ÊÁÏ+±Ê¼Ç\\final project\\final\\dissertation-UI-test-platform\\backend\\app\\test_cases.py', reloading
2024-04-01 00:54:19,539 - INFO -  * Restarting with stat
2024-04-01 00:54:20,416 - WARNING -  * Debugger is active!
2024-04-01 00:54:20,418 - INFO -  * Debugger PIN: 211-255-688
2024-04-01 00:54:21,084 - INFO - 127.0.0.1 - - [01/Apr/2024 00:54:21] "OPTIONS /runTestEvents HTTP/1.1" 200 -
2024-04-01 00:54:21,422 - INFO - ====== WebDriver manager ======
2024-04-01 00:54:22,056 - INFO - Get LATEST chromedriver version for google-chrome
2024-04-01 00:54:22,057 - INFO - Get LATEST chromedriver version for google-chrome
2024-04-01 00:54:22,057 - INFO - There is no [win64] chromedriver "123.0.6312.86" for browser google-chrome "123.0.6312.86" in cache
2024-04-01 00:54:22,058 - INFO - Get LATEST chromedriver version for google-chrome
2024-04-01 00:54:23,913 - INFO - WebDriver version 123.0.6312.86 selected
2024-04-01 00:54:23,914 - INFO - Modern chrome version https://storage.googleapis.com/chrome-for-testing-public/123.0.6312.86/win32/chromedriver-win32.zip
2024-04-01 00:54:23,914 - INFO - About to download new driver from https://storage.googleapis.com/chrome-for-testing-public/123.0.6312.86/win32/chromedriver-win32.zip
2024-04-01 00:54:24,635 - INFO - Driver downloading response is 200
2024-04-01 00:54:25,918 - INFO - Get LATEST chromedriver version for google-chrome
2024-04-01 00:54:26,010 - INFO - Driver has been saved in cache [C:\Users\hongj\.wdm\drivers\chromedriver\win64\123.0.6312.86]
2024-04-01 00:54:28,380 - INFO - 127.0.0.1 - - [01/Apr/2024 00:54:28] "[31m[1mPOST /runTestEvents HTTP/1.1[0m" 400 -
2024-04-01 00:55:39,241 - INFO - 127.0.0.1 - - [01/Apr/2024 00:55:39] "OPTIONS /runTestEvents HTTP/1.1" 200 -
2024-04-01 00:55:39,558 - INFO - ====== WebDriver manager ======
2024-04-01 00:55:40,220 - INFO - Get LATEST chromedriver version for google-chrome
2024-04-01 00:55:40,221 - INFO - Get LATEST chromedriver version for google-chrome
2024-04-01 00:55:40,221 - INFO - There is no [win64] chromedriver "123.0.6312.86" for browser google-chrome "123.0.6312.86" in cache
2024-04-01 00:55:40,221 - INFO - Get LATEST chromedriver version for google-chrome
2024-04-01 00:55:41,380 - INFO - WebDriver version 123.0.6312.86 selected
2024-04-01 00:55:41,388 - INFO - Modern chrome version https://storage.googleapis.com/chrome-for-testing-public/123.0.6312.86/win32/chromedriver-win32.zip
2024-04-01 00:55:41,388 - INFO - About to download new driver from https://storage.googleapis.com/chrome-for-testing-public/123.0.6312.86/win32/chromedriver-win32.zip
2024-04-01 00:55:41,845 - INFO - Driver downloading response is 200
2024-04-01 00:55:42,972 - INFO - Get LATEST chromedriver version for google-chrome
2024-04-01 00:55:43,065 - INFO - Driver has been saved in cache [C:\Users\hongj\.wdm\drivers\chromedriver\win64\123.0.6312.86]
2024-04-01 00:55:47,911 - INFO - 127.0.0.1 - - [01/Apr/2024 00:55:47] "[35m[1mPOST /runTestEvents HTTP/1.1[0m" 201 -
2024-04-01 00:55:48,002 - INFO - 127.0.0.1 - - [01/Apr/2024 00:55:48] "GET /test-report/234 HTTP/1.1" 200 -
2024-04-01 00:55:48,367 - INFO - 127.0.0.1 - - [01/Apr/2024 00:55:48] "GET /test-report/234 HTTP/1.1" 200 -
2024-04-01 00:55:48,378 - INFO - 127.0.0.1 - - [01/Apr/2024 00:55:48] "GET /getTeamMembers/29 HTTP/1.1" 200 -
2024-04-01 00:55:48,695 - INFO - 127.0.0.1 - - [01/Apr/2024 00:55:48] "GET /getTeamMembers/29 HTTP/1.1" 200 -
2024-04-01 00:56:26,927 - INFO - 127.0.0.1 - - [01/Apr/2024 00:56:26] "OPTIONS /runTestEvents HTTP/1.1" 200 -
2024-04-01 00:56:26,944 - INFO - ====== WebDriver manager ======
2024-04-01 00:56:27,596 - INFO - Get LATEST chromedriver version for google-chrome
2024-04-01 00:56:27,597 - INFO - Get LATEST chromedriver version for google-chrome
2024-04-01 00:56:27,597 - INFO - There is no [win64] chromedriver "123.0.6312.86" for browser google-chrome "123.0.6312.86" in cache
2024-04-01 00:56:27,597 - INFO - Get LATEST chromedriver version for google-chrome
2024-04-01 00:56:32,375 - INFO - WebDriver version 123.0.6312.86 selected
2024-04-01 00:56:32,375 - INFO - Modern chrome version https://storage.googleapis.com/chrome-for-testing-public/123.0.6312.86/win32/chromedriver-win32.zip
2024-04-01 00:56:32,375 - INFO - About to download new driver from https://storage.googleapis.com/chrome-for-testing-public/123.0.6312.86/win32/chromedriver-win32.zip
2024-04-01 00:56:33,023 - INFO - Driver downloading response is 200
2024-04-01 00:56:34,020 - INFO - Get LATEST chromedriver version for google-chrome
2024-04-01 00:56:34,115 - INFO - Driver has been saved in cache [C:\Users\hongj\.wdm\drivers\chromedriver\win64\123.0.6312.86]
2024-04-01 00:56:36,678 - INFO - 127.0.0.1 - - [01/Apr/2024 00:56:36] "[31m[1mPOST /runTestEvents HTTP/1.1[0m" 400 -
2024-04-01 00:57:08,064 - INFO - 127.0.0.1 - - [01/Apr/2024 00:57:08] "OPTIONS /runTestEvents HTTP/1.1" 200 -
2024-04-01 00:57:08,389 - INFO - ====== WebDriver manager ======
2024-04-01 00:57:09,166 - INFO - Get LATEST chromedriver version for google-chrome
2024-04-01 00:57:09,167 - INFO - Get LATEST chromedriver version for google-chrome
2024-04-01 00:57:09,168 - INFO - There is no [win64] chromedriver "123.0.6312.86" for browser google-chrome "123.0.6312.86" in cache
2024-04-01 00:57:09,168 - INFO - Get LATEST chromedriver version for google-chrome
2024-04-01 00:57:13,213 - INFO - WebDriver version 123.0.6312.86 selected
2024-04-01 00:57:13,213 - INFO - Modern chrome version https://storage.googleapis.com/chrome-for-testing-public/123.0.6312.86/win32/chromedriver-win32.zip
2024-04-01 00:57:13,213 - INFO - About to download new driver from https://storage.googleapis.com/chrome-for-testing-public/123.0.6312.86/win32/chromedriver-win32.zip
2024-04-01 00:57:15,708 - INFO - Driver downloading response is 200
2024-04-01 00:57:18,500 - INFO - Get LATEST chromedriver version for google-chrome
2024-04-01 00:57:18,594 - INFO - Driver has been saved in cache [C:\Users\hongj\.wdm\drivers\chromedriver\win64\123.0.6312.86]
2024-04-01 00:57:21,134 - INFO - 127.0.0.1 - - [01/Apr/2024 00:57:21] "[31m[1mPOST /runTestEvents HTTP/1.1[0m" 400 -
2024-04-01 00:57:52,858 - INFO -  * Detected change in 'D:\\ÍùÆÚÑ§Ï°×ÊÁÏ+±Ê¼Ç\\final project\\final\\dissertation-UI-test-platform\\backend\\app\\test_cases.py', reloading
2024-04-01 00:57:55,106 - INFO -  * Restarting with stat
2024-04-01 00:57:55,911 - WARNING -  * Debugger is active!
2024-04-01 00:57:55,913 - INFO -  * Debugger PIN: 211-255-688
2024-04-01 00:59:34,219 - INFO -  * Detected change in 'D:\\ÍùÆÚÑ§Ï°×ÊÁÏ+±Ê¼Ç\\final project\\final\\dissertation-UI-test-platform\\backend\\app\\routes.py', reloading
2024-04-01 00:59:34,328 - INFO -  * Restarting with stat
2024-04-01 00:59:35,085 - WARNING -  * Debugger is active!
2024-04-01 00:59:35,085 - INFO -  * Debugger PIN: 211-255-688
2024-04-01 00:59:36,425 - INFO -  * Detected change in 'D:\\ÍùÆÚÑ§Ï°×ÊÁÏ+±Ê¼Ç\\final project\\final\\dissertation-UI-test-platform\\backend\\app\\routes.py', reloading
2024-04-01 00:59:36,540 - INFO -  * Restarting with stat
2024-04-01 00:59:37,490 - WARNING -  * Debugger is active!
2024-04-01 00:59:37,492 - INFO -  * Debugger PIN: 211-255-688
2024-04-01 00:59:40,172 - INFO - 127.0.0.1 - - [01/Apr/2024 00:59:40] "OPTIONS /runTestEvents HTTP/1.1" 200 -
2024-04-01 00:59:40,516 - INFO - ====== WebDriver manager ======
2024-04-01 00:59:41,170 - INFO - Get LATEST chromedriver version for google-chrome
2024-04-01 00:59:41,171 - INFO - Get LATEST chromedriver version for google-chrome
2024-04-01 00:59:41,171 - INFO - There is no [win64] chromedriver "123.0.6312.86" for browser google-chrome "123.0.6312.86" in cache
2024-04-01 00:59:41,171 - INFO - Get LATEST chromedriver version for google-chrome
2024-04-01 00:59:43,080 - INFO - WebDriver version 123.0.6312.86 selected
2024-04-01 00:59:43,081 - INFO - Modern chrome version https://storage.googleapis.com/chrome-for-testing-public/123.0.6312.86/win32/chromedriver-win32.zip
2024-04-01 00:59:43,081 - INFO - About to download new driver from https://storage.googleapis.com/chrome-for-testing-public/123.0.6312.86/win32/chromedriver-win32.zip
2024-04-01 00:59:43,616 - INFO - Driver downloading response is 200
2024-04-01 00:59:44,749 - INFO - Get LATEST chromedriver version for google-chrome
2024-04-01 00:59:44,839 - INFO - Driver has been saved in cache [C:\Users\hongj\.wdm\drivers\chromedriver\win64\123.0.6312.86]
2024-04-01 00:59:47,149 - INFO - 127.0.0.1 - - [01/Apr/2024 00:59:47] "[31m[1mPOST /runTestEvents HTTP/1.1[0m" 400 -
2024-04-01 01:00:16,458 - INFO -  * Detected change in 'D:\\ÍùÆÚÑ§Ï°×ÊÁÏ+±Ê¼Ç\\final project\\final\\dissertation-UI-test-platform\\backend\\app\\routes.py', reloading
2024-04-01 01:00:18,652 - INFO -  * Restarting with stat
2024-04-01 01:00:19,526 - WARNING -  * Debugger is active!
2024-04-01 01:00:19,528 - INFO -  * Debugger PIN: 211-255-688
2024-04-01 01:00:20,975 - INFO - 127.0.0.1 - - [01/Apr/2024 01:00:20] "OPTIONS /runTestEvents HTTP/1.1" 200 -
2024-04-01 01:00:21,321 - INFO - ====== WebDriver manager ======
2024-04-01 01:00:21,964 - INFO - Get LATEST chromedriver version for google-chrome
2024-04-01 01:00:21,966 - INFO - Get LATEST chromedriver version for google-chrome
2024-04-01 01:00:21,966 - INFO - There is no [win64] chromedriver "123.0.6312.86" for browser google-chrome "123.0.6312.86" in cache
2024-04-01 01:00:21,966 - INFO - Get LATEST chromedriver version for google-chrome
2024-04-01 01:00:22,527 - INFO - WebDriver version 123.0.6312.86 selected
2024-04-01 01:00:22,527 - INFO - Modern chrome version https://storage.googleapis.com/chrome-for-testing-public/123.0.6312.86/win32/chromedriver-win32.zip
2024-04-01 01:00:22,527 - INFO - About to download new driver from https://storage.googleapis.com/chrome-for-testing-public/123.0.6312.86/win32/chromedriver-win32.zip
2024-04-01 01:00:23,177 - INFO - Driver downloading response is 200
2024-04-01 01:00:24,308 - INFO - Get LATEST chromedriver version for google-chrome
2024-04-01 01:00:24,399 - INFO - Driver has been saved in cache [C:\Users\hongj\.wdm\drivers\chromedriver\win64\123.0.6312.86]
2024-04-01 01:00:26,911 - INFO - 127.0.0.1 - - [01/Apr/2024 01:00:26] "[31m[1mPOST /runTestEvents HTTP/1.1[0m" 400 -
2024-04-01 01:00:51,814 - INFO -  * Detected change in 'D:\\ÍùÆÚÑ§Ï°×ÊÁÏ+±Ê¼Ç\\final project\\final\\dissertation-UI-test-platform\\backend\\app\\test_cases.py', reloading
2024-04-01 01:00:53,990 - INFO -  * Restarting with stat
2024-04-01 01:00:54,780 - WARNING -  * Debugger is active!
2024-04-01 01:00:54,782 - INFO -  * Debugger PIN: 211-255-688
2024-04-01 01:00:56,955 - INFO - 127.0.0.1 - - [01/Apr/2024 01:00:56] "OPTIONS /runTestEvents HTTP/1.1" 200 -
2024-04-01 01:00:57,295 - INFO - ====== WebDriver manager ======
2024-04-01 01:00:58,022 - INFO - Get LATEST chromedriver version for google-chrome
2024-04-01 01:00:58,026 - INFO - Get LATEST chromedriver version for google-chrome
2024-04-01 01:00:58,026 - INFO - There is no [win64] chromedriver "123.0.6312.86" for browser google-chrome "123.0.6312.86" in cache
2024-04-01 01:00:58,026 - INFO - Get LATEST chromedriver version for google-chrome
2024-04-01 01:00:59,529 - INFO - WebDriver version 123.0.6312.86 selected
2024-04-01 01:00:59,532 - INFO - Modern chrome version https://storage.googleapis.com/chrome-for-testing-public/123.0.6312.86/win32/chromedriver-win32.zip
2024-04-01 01:00:59,532 - INFO - About to download new driver from https://storage.googleapis.com/chrome-for-testing-public/123.0.6312.86/win32/chromedriver-win32.zip
2024-04-01 01:01:01,007 - INFO - Driver downloading response is 200
2024-04-01 01:01:03,894 - INFO - Get LATEST chromedriver version for google-chrome
2024-04-01 01:01:03,980 - INFO - Driver has been saved in cache [C:\Users\hongj\.wdm\drivers\chromedriver\win64\123.0.6312.86]
2024-04-01 01:01:12,755 - INFO - 127.0.0.1 - - [01/Apr/2024 01:01:12] "[35m[1mPOST /runTestEvents HTTP/1.1[0m" 201 -
2024-04-01 01:01:12,854 - INFO - 127.0.0.1 - - [01/Apr/2024 01:01:12] "GET /test-report/235 HTTP/1.1" 200 -
2024-04-01 01:01:13,166 - INFO - 127.0.0.1 - - [01/Apr/2024 01:01:13] "GET /test-report/235 HTTP/1.1" 200 -
2024-04-01 01:01:13,196 - INFO - 127.0.0.1 - - [01/Apr/2024 01:01:13] "GET /getTeamMembers/29 HTTP/1.1" 200 -
2024-04-01 01:01:13,505 - INFO - 127.0.0.1 - - [01/Apr/2024 01:01:13] "GET /getTeamMembers/29 HTTP/1.1" 200 -
2024-04-01 01:05:07,524 - INFO -  * Detected change in 'D:\\ÍùÆÚÑ§Ï°×ÊÁÏ+±Ê¼Ç\\final project\\final\\dissertation-UI-test-platform\\backend\\app\\test_cases.py', reloading
2024-04-01 01:05:07,689 - INFO -  * Restarting with stat
2024-04-01 01:05:08,770 - WARNING -  * Debugger is active!
2024-04-01 01:05:08,770 - INFO -  * Debugger PIN: 211-255-688
2024-04-01 01:06:21,212 - INFO -  * Detected change in 'D:\\ÍùÆÚÑ§Ï°×ÊÁÏ+±Ê¼Ç\\final project\\final\\dissertation-UI-test-platform\\backend\\app\\routes.py', reloading
2024-04-01 01:06:21,335 - INFO -  * Restarting with stat
2024-04-01 01:08:11,080 - INFO - [31m[1mWARNING: This is a development server. Do not use it in a production deployment. Use a production WSGI server instead.[0m
 * Running on all addresses (0.0.0.0)
 * Running on http://127.0.0.1:5000
 * Running on http://192.168.3.38:5000
2024-04-01 01:08:11,080 - INFO - [33mPress CTRL+C to quit[0m
2024-04-01 01:08:11,081 - INFO -  * Restarting with stat
2024-04-01 01:08:11,828 - WARNING -  * Debugger is active!
2024-04-01 01:08:11,830 - INFO -  * Debugger PIN: 211-255-688
2024-04-01 01:08:14,639 - INFO - 127.0.0.1 - - [01/Apr/2024 01:08:14] "OPTIONS /runTestEvents HTTP/1.1" 200 -
2024-04-01 01:08:14,982 - INFO - ====== WebDriver manager ======
2024-04-01 01:08:15,675 - INFO - Get LATEST chromedriver version for google-chrome
2024-04-01 01:08:15,675 - INFO - Get LATEST chromedriver version for google-chrome
2024-04-01 01:08:15,682 - INFO - There is no [win64] chromedriver "123.0.6312.86" for browser google-chrome "123.0.6312.86" in cache
2024-04-01 01:08:15,682 - INFO - Get LATEST chromedriver version for google-chrome
2024-04-01 01:08:16,773 - INFO - WebDriver version 123.0.6312.86 selected
2024-04-01 01:08:16,778 - INFO - Modern chrome version https://storage.googleapis.com/chrome-for-testing-public/123.0.6312.86/win32/chromedriver-win32.zip
2024-04-01 01:08:16,778 - INFO - About to download new driver from https://storage.googleapis.com/chrome-for-testing-public/123.0.6312.86/win32/chromedriver-win32.zip
2024-04-01 01:08:17,786 - INFO - Driver downloading response is 200
2024-04-01 01:08:19,868 - INFO - Get LATEST chromedriver version for google-chrome
2024-04-01 01:08:19,945 - INFO - Driver has been saved in cache [C:\Users\hongj\.wdm\drivers\chromedriver\win64\123.0.6312.86]
2024-04-01 01:08:21,526 - INFO - 127.0.0.1 - - [01/Apr/2024 01:08:21] "[35m[1mPOST /runTestEvents HTTP/1.1[0m" 500 -
2024-04-01 01:08:33,909 - INFO - 127.0.0.1 - - [01/Apr/2024 01:08:33] "OPTIONS /runTestEvents HTTP/1.1" 200 -
2024-04-01 01:08:33,925 - INFO - ====== WebDriver manager ======
2024-04-01 01:08:34,977 - INFO - Get LATEST edgedriver version for Edge 123.0.2420
2024-04-01 01:08:35,376 - INFO - Get LATEST edgedriver version for Edge 123.0.2420
2024-04-01 01:08:35,742 - INFO - There is no [win64] edgedriver "123.0.2420.65" for browser edge "123.0.2420" in cache
2024-04-01 01:08:35,742 - INFO - Get LATEST edgedriver version for Edge 123.0.2420
2024-04-01 01:08:36,100 - INFO - About to download new driver from https://msedgedriver.azureedge.net/123.0.2420.65/edgedriver_win64.zip
2024-04-01 01:08:36,526 - INFO - Driver downloading response is 200
2024-04-01 01:08:37,680 - INFO - Get LATEST edgedriver version for Edge 123.0.2420
2024-04-01 01:08:38,155 - INFO - Driver has been saved in cache [C:\Users\hongj\.wdm\drivers\edgedriver\win64\123.0.2420.65]
2024-04-01 01:08:41,507 - INFO - 127.0.0.1 - - [01/Apr/2024 01:08:41] "[35m[1mPOST /runTestEvents HTTP/1.1[0m" 500 -
2024-04-01 01:08:55,542 - INFO - 127.0.0.1 - - [01/Apr/2024 01:08:55] "OPTIONS /runTestEvents HTTP/1.1" 200 -
2024-04-01 01:08:55,865 - INFO - ====== WebDriver manager ======
2024-04-01 01:08:56,967 - INFO - Get LATEST edgedriver version for Edge 123.0.2420
2024-04-01 01:08:57,336 - INFO - Get LATEST edgedriver version for Edge 123.0.2420
2024-04-01 01:08:57,689 - INFO - There is no [win64] edgedriver "123.0.2420.65" for browser edge "123.0.2420" in cache
2024-04-01 01:08:57,689 - INFO - Get LATEST edgedriver version for Edge 123.0.2420
2024-04-01 01:08:57,987 - INFO - About to download new driver from https://msedgedriver.azureedge.net/123.0.2420.65/edgedriver_win64.zip
2024-04-01 01:08:58,340 - INFO - Driver downloading response is 200
2024-04-01 01:08:59,384 - INFO - Get LATEST edgedriver version for Edge 123.0.2420
2024-04-01 01:08:59,849 - INFO - 127.0.0.1 - - [01/Apr/2024 01:08:59] "[35m[1mPOST /runTestEvents HTTP/1.1[0m" 201 -
2024-04-01 01:09:00,015 - INFO - 127.0.0.1 - - [01/Apr/2024 01:09:00] "GET /test-report/236 HTTP/1.1" 200 -
2024-04-01 01:09:00,378 - INFO - 127.0.0.1 - - [01/Apr/2024 01:09:00] "GET /test-report/236 HTTP/1.1" 200 -
2024-04-01 01:09:00,389 - INFO - 127.0.0.1 - - [01/Apr/2024 01:09:00] "GET /getTeamMembers/29 HTTP/1.1" 200 -
2024-04-01 01:09:00,706 - INFO - 127.0.0.1 - - [01/Apr/2024 01:09:00] "GET /getTeamMembers/29 HTTP/1.1" 200 -
2024-04-01 01:09:16,522 - INFO - 127.0.0.1 - - [01/Apr/2024 01:09:16] "OPTIONS /runTestEvents HTTP/1.1" 200 -
2024-04-01 01:09:16,538 - INFO - ====== WebDriver manager ======
2024-04-01 01:09:17,209 - INFO - Get LATEST chromedriver version for google-chrome
2024-04-01 01:09:17,209 - INFO - Get LATEST chromedriver version for google-chrome
2024-04-01 01:09:17,214 - INFO - There is no [win64] chromedriver "123.0.6312.86" for browser google-chrome "123.0.6312.86" in cache
2024-04-01 01:09:17,214 - INFO - Get LATEST chromedriver version for google-chrome
2024-04-01 01:09:17,811 - INFO - WebDriver version 123.0.6312.86 selected
2024-04-01 01:09:17,812 - INFO - Modern chrome version https://storage.googleapis.com/chrome-for-testing-public/123.0.6312.86/win32/chromedriver-win32.zip
2024-04-01 01:09:17,812 - INFO - About to download new driver from https://storage.googleapis.com/chrome-for-testing-public/123.0.6312.86/win32/chromedriver-win32.zip
2024-04-01 01:09:39,008 - INFO - 127.0.0.1 - - [01/Apr/2024 01:09:39] "[35m[1mPOST /runTestEvents HTTP/1.1[0m" 201 -
2024-04-01 01:09:39,432 - INFO - 127.0.0.1 - - [01/Apr/2024 01:09:39] "GET /test-report/237 HTTP/1.1" 200 -
2024-04-01 01:09:39,681 - INFO - 127.0.0.1 - - [01/Apr/2024 01:09:39] "GET /test-report/237 HTTP/1.1" 200 -
2024-04-01 01:09:39,752 - INFO - 127.0.0.1 - - [01/Apr/2024 01:09:39] "GET /getTeamMembers/29 HTTP/1.1" 200 -
2024-04-01 01:09:39,760 - INFO - 127.0.0.1 - - [01/Apr/2024 01:09:39] "GET /getTeamMembers/29 HTTP/1.1" 200 -
2024-04-01 01:10:02,416 - INFO - 127.0.0.1 - - [01/Apr/2024 01:10:02] "OPTIONS /runTestEvents HTTP/1.1" 200 -
2024-04-01 01:10:02,726 - INFO - ====== WebDriver manager ======
2024-04-01 01:10:03,539 - INFO - Get LATEST chromedriver version for google-chrome
2024-04-01 01:10:03,540 - INFO - Get LATEST chromedriver version for google-chrome
2024-04-01 01:10:03,540 - INFO - There is no [win64] chromedriver "123.0.6312.86" for browser google-chrome "123.0.6312.86" in cache
2024-04-01 01:10:03,540 - INFO - Get LATEST chromedriver version for google-chrome
2024-04-01 01:10:05,082 - INFO - WebDriver version 123.0.6312.86 selected
2024-04-01 01:10:05,082 - INFO - Modern chrome version https://storage.googleapis.com/chrome-for-testing-public/123.0.6312.86/win32/chromedriver-win32.zip
2024-04-01 01:10:05,082 - INFO - About to download new driver from https://storage.googleapis.com/chrome-for-testing-public/123.0.6312.86/win32/chromedriver-win32.zip
2024-04-01 01:10:06,031 - INFO - Driver downloading response is 200
2024-04-01 01:10:07,833 - INFO - Get LATEST chromedriver version for google-chrome
2024-04-01 01:10:07,843 - INFO - Driver has been saved in cache [C:\Users\hongj\.wdm\drivers\chromedriver\win64\123.0.6312.86]
2024-04-01 01:10:10,659 - INFO - 127.0.0.1 - - [01/Apr/2024 01:10:10] "[35m[1mPOST /runTestEvents HTTP/1.1[0m" 500 -
2024-04-01 01:12:25,190 - INFO -  * Detected change in 'D:\\ÍùÆÚÑ§Ï°×ÊÁÏ+±Ê¼Ç\\final project\\final\\dissertation-UI-test-platform\\backend\\app\\routes.py', reloading
2024-04-01 01:12:25,299 - INFO -  * Restarting with stat
2024-04-01 01:12:26,200 - WARNING -  * Debugger is active!
2024-04-01 01:12:26,202 - INFO -  * Debugger PIN: 211-255-688
2024-04-01 01:12:41,207 - INFO -  * Detected change in 'D:\\ÍùÆÚÑ§Ï°×ÊÁÏ+±Ê¼Ç\\final project\\final\\dissertation-UI-test-platform\\backend\\app\\routes.py', reloading
2024-04-01 01:12:41,316 - INFO -  * Restarting with stat
2024-04-01 01:12:42,120 - WARNING -  * Debugger is active!
2024-04-01 01:12:42,122 - INFO -  * Debugger PIN: 211-255-688
2024-04-01 01:13:19,926 - INFO - 127.0.0.1 - - [01/Apr/2024 01:13:19] "OPTIONS /runTestEvents HTTP/1.1" 200 -
2024-04-01 01:13:20,283 - INFO - ====== WebDriver manager ======
2024-04-01 01:13:21,043 - INFO - Get LATEST chromedriver version for google-chrome
2024-04-01 01:13:21,047 - INFO - Get LATEST chromedriver version for google-chrome
2024-04-01 01:13:21,047 - INFO - There is no [win64] chromedriver "123.0.6312.86" for browser google-chrome "123.0.6312.86" in cache
2024-04-01 01:13:21,047 - INFO - Get LATEST chromedriver version for google-chrome
2024-04-01 01:13:21,595 - INFO - WebDriver version 123.0.6312.86 selected
2024-04-01 01:13:21,595 - INFO - Modern chrome version https://storage.googleapis.com/chrome-for-testing-public/123.0.6312.86/win32/chromedriver-win32.zip
2024-04-01 01:13:21,595 - INFO - About to download new driver from https://storage.googleapis.com/chrome-for-testing-public/123.0.6312.86/win32/chromedriver-win32.zip
2024-04-01 01:13:22,527 - INFO - Driver downloading response is 200
2024-04-01 01:13:24,430 - INFO - Get LATEST chromedriver version for google-chrome
2024-04-01 01:13:24,549 - INFO - Driver has been saved in cache [C:\Users\hongj\.wdm\drivers\chromedriver\win64\123.0.6312.86]
2024-04-01 01:13:27,347 - INFO - 127.0.0.1 - - [01/Apr/2024 01:13:27] "[31m[1mPOST /runTestEvents HTTP/1.1[0m" 400 -
2024-04-01 01:14:16,267 - INFO - [31m[1mWARNING: This is a development server. Do not use it in a production deployment. Use a production WSGI server instead.[0m
 * Running on all addresses (0.0.0.0)
 * Running on http://127.0.0.1:5000
 * Running on http://192.168.3.38:5000
2024-04-01 01:14:16,267 - INFO - [33mPress CTRL+C to quit[0m
2024-04-01 01:14:16,269 - INFO -  * Restarting with stat
2024-04-01 01:14:17,226 - WARNING -  * Debugger is active!
2024-04-01 01:14:17,227 - INFO -  * Debugger PIN: 211-255-688
2024-04-01 01:14:22,378 - INFO - 127.0.0.1 - - [01/Apr/2024 01:14:22] "OPTIONS /runTestEvents HTTP/1.1" 200 -
2024-04-01 01:14:22,721 - INFO - ====== WebDriver manager ======
2024-04-01 01:14:23,526 - INFO - Get LATEST chromedriver version for google-chrome
2024-04-01 01:14:23,527 - INFO - Get LATEST chromedriver version for google-chrome
2024-04-01 01:14:23,527 - INFO - There is no [win64] chromedriver "123.0.6312.86" for browser google-chrome "123.0.6312.86" in cache
2024-04-01 01:14:23,527 - INFO - Get LATEST chromedriver version for google-chrome
2024-04-01 01:14:24,263 - INFO - WebDriver version 123.0.6312.86 selected
2024-04-01 01:14:24,264 - INFO - Modern chrome version https://storage.googleapis.com/chrome-for-testing-public/123.0.6312.86/win32/chromedriver-win32.zip
2024-04-01 01:14:24,264 - INFO - About to download new driver from https://storage.googleapis.com/chrome-for-testing-public/123.0.6312.86/win32/chromedriver-win32.zip
2024-04-01 01:14:24,717 - INFO - Driver downloading response is 200
2024-04-01 01:14:25,729 - INFO - Get LATEST chromedriver version for google-chrome
2024-04-01 01:14:25,815 - INFO - Driver has been saved in cache [C:\Users\hongj\.wdm\drivers\chromedriver\win64\123.0.6312.86]
2024-04-01 01:14:29,510 - INFO - 127.0.0.1 - - [01/Apr/2024 01:14:29] "[35m[1mPOST /runTestEvents HTTP/1.1[0m" 201 -
2024-04-01 01:14:29,620 - INFO - 127.0.0.1 - - [01/Apr/2024 01:14:29] "GET /test-report/238 HTTP/1.1" 200 -
2024-04-01 01:14:29,947 - INFO - 127.0.0.1 - - [01/Apr/2024 01:14:29] "GET /test-report/238 HTTP/1.1" 200 -
2024-04-01 01:14:29,966 - INFO - 127.0.0.1 - - [01/Apr/2024 01:14:29] "GET /getTeamMembers/29 HTTP/1.1" 200 -
2024-04-01 01:14:30,280 - INFO - 127.0.0.1 - - [01/Apr/2024 01:14:30] "GET /getTeamMembers/29 HTTP/1.1" 200 -
2024-04-01 01:18:36,476 - INFO - 127.0.0.1 - - [01/Apr/2024 01:18:36] "OPTIONS /runTestEvents HTTP/1.1" 200 -
2024-04-01 01:18:36,801 - INFO - ====== WebDriver manager ======
2024-04-01 01:18:37,432 - INFO - Get LATEST chromedriver version for google-chrome
2024-04-01 01:18:37,432 - INFO - Get LATEST chromedriver version for google-chrome
2024-04-01 01:18:37,432 - INFO - There is no [win64] chromedriver "123.0.6312.86" for browser google-chrome "123.0.6312.86" in cache
2024-04-01 01:18:37,432 - INFO - Get LATEST chromedriver version for google-chrome
2024-04-01 01:18:39,327 - INFO - WebDriver version 123.0.6312.86 selected
2024-04-01 01:18:39,333 - INFO - Modern chrome version https://storage.googleapis.com/chrome-for-testing-public/123.0.6312.86/win32/chromedriver-win32.zip
2024-04-01 01:18:39,333 - INFO - About to download new driver from https://storage.googleapis.com/chrome-for-testing-public/123.0.6312.86/win32/chromedriver-win32.zip
2024-04-01 01:18:40,312 - INFO - Driver downloading response is 200
2024-04-01 01:18:42,136 - INFO - Get LATEST chromedriver version for google-chrome
2024-04-01 01:18:42,224 - INFO - Driver has been saved in cache [C:\Users\hongj\.wdm\drivers\chromedriver\win64\123.0.6312.86]
2024-04-01 01:18:51,017 - INFO - 127.0.0.1 - - [01/Apr/2024 01:18:51] "[35m[1mPOST /runTestEvents HTTP/1.1[0m" 201 -
2024-04-01 01:18:51,110 - INFO - 127.0.0.1 - - [01/Apr/2024 01:18:51] "GET /test-report/239 HTTP/1.1" 200 -
2024-04-01 01:18:51,440 - INFO - 127.0.0.1 - - [01/Apr/2024 01:18:51] "GET /test-report/239 HTTP/1.1" 200 -
2024-04-01 01:18:51,459 - INFO - 127.0.0.1 - - [01/Apr/2024 01:18:51] "GET /getTeamMembers/29 HTTP/1.1" 200 -
2024-04-01 01:18:51,778 - INFO - 127.0.0.1 - - [01/Apr/2024 01:18:51] "GET /getTeamMembers/29 HTTP/1.1" 200 -
2024-04-01 01:19:42,660 - INFO -  * Detected change in 'D:\\ÍùÆÚÑ§Ï°×ÊÁÏ+±Ê¼Ç\\final project\\final\\dissertation-UI-test-platform\\backend\\app\\test_cases.py', reloading
2024-04-01 01:19:50,880 - INFO -  * Restarting with stat
2024-04-01 01:19:51,682 - WARNING -  * Debugger is active!
2024-04-01 01:19:51,690 - INFO -  * Debugger PIN: 211-255-688
2024-04-01 01:20:46,761 - INFO - 127.0.0.1 - - [01/Apr/2024 01:20:46] "OPTIONS /runTestEvents HTTP/1.1" 200 -
2024-04-01 01:20:47,101 - INFO - ====== WebDriver manager ======
2024-04-01 01:20:47,789 - INFO - Get LATEST chromedriver version for google-chrome
2024-04-01 01:20:47,789 - INFO - Get LATEST chromedriver version for google-chrome
2024-04-01 01:20:47,789 - INFO - There is no [win64] chromedriver "123.0.6312.86" for browser google-chrome "123.0.6312.86" in cache
2024-04-01 01:20:47,789 - INFO - Get LATEST chromedriver version for google-chrome
2024-04-01 01:20:48,953 - INFO - WebDriver version 123.0.6312.86 selected
2024-04-01 01:20:48,953 - INFO - Modern chrome version https://storage.googleapis.com/chrome-for-testing-public/123.0.6312.86/win32/chromedriver-win32.zip
2024-04-01 01:20:48,953 - INFO - About to download new driver from https://storage.googleapis.com/chrome-for-testing-public/123.0.6312.86/win32/chromedriver-win32.zip
2024-04-01 01:20:49,917 - INFO - Driver downloading response is 200
2024-04-01 01:20:51,780 - INFO - Get LATEST chromedriver version for google-chrome
2024-04-01 01:20:51,879 - INFO - Driver has been saved in cache [C:\Users\hongj\.wdm\drivers\chromedriver\win64\123.0.6312.86]
2024-04-01 01:21:00,442 - INFO - 127.0.0.1 - - [01/Apr/2024 01:21:00] "[35m[1mPOST /runTestEvents HTTP/1.1[0m" 201 -
2024-04-01 01:21:00,564 - INFO - 127.0.0.1 - - [01/Apr/2024 01:21:00] "GET /test-report/240 HTTP/1.1" 200 -
2024-04-01 01:21:00,907 - INFO - 127.0.0.1 - - [01/Apr/2024 01:21:00] "GET /test-report/240 HTTP/1.1" 200 -
2024-04-01 01:21:00,922 - INFO - 127.0.0.1 - - [01/Apr/2024 01:21:00] "GET /getTeamMembers/29 HTTP/1.1" 200 -
2024-04-01 01:21:01,239 - INFO - 127.0.0.1 - - [01/Apr/2024 01:21:01] "GET /getTeamMembers/29 HTTP/1.1" 200 -
2024-04-01 01:22:17,591 - INFO - 127.0.0.1 - - [01/Apr/2024 01:22:17] "OPTIONS /runTestEvents HTTP/1.1" 200 -
2024-04-01 01:22:17,915 - INFO - ====== WebDriver manager ======
2024-04-01 01:22:18,586 - INFO - Get LATEST chromedriver version for google-chrome
2024-04-01 01:22:18,588 - INFO - Get LATEST chromedriver version for google-chrome
2024-04-01 01:22:18,588 - INFO - There is no [win64] chromedriver "123.0.6312.86" for browser google-chrome "123.0.6312.86" in cache
2024-04-01 01:22:18,588 - INFO - Get LATEST chromedriver version for google-chrome
2024-04-01 01:22:20,411 - INFO - WebDriver version 123.0.6312.86 selected
2024-04-01 01:22:20,411 - INFO - Modern chrome version https://storage.googleapis.com/chrome-for-testing-public/123.0.6312.86/win32/chromedriver-win32.zip
2024-04-01 01:22:20,411 - INFO - About to download new driver from https://storage.googleapis.com/chrome-for-testing-public/123.0.6312.86/win32/chromedriver-win32.zip
2024-04-01 01:22:21,207 - INFO - Driver downloading response is 200
2024-04-01 01:22:22,323 - INFO - Get LATEST chromedriver version for google-chrome
2024-04-01 01:22:22,420 - INFO - Driver has been saved in cache [C:\Users\hongj\.wdm\drivers\chromedriver\win64\123.0.6312.86]
2024-04-01 01:22:30,794 - INFO - 127.0.0.1 - - [01/Apr/2024 01:22:30] "[35m[1mPOST /runTestEvents HTTP/1.1[0m" 201 -
2024-04-01 01:22:30,901 - INFO - 127.0.0.1 - - [01/Apr/2024 01:22:30] "GET /test-report/241 HTTP/1.1" 200 -
2024-04-01 01:22:31,253 - INFO - 127.0.0.1 - - [01/Apr/2024 01:22:31] "GET /test-report/241 HTTP/1.1" 200 -
2024-04-01 01:22:31,257 - INFO - 127.0.0.1 - - [01/Apr/2024 01:22:31] "GET /getTeamMembers/29 HTTP/1.1" 200 -
2024-04-01 01:22:31,575 - INFO - 127.0.0.1 - - [01/Apr/2024 01:22:31] "GET /getTeamMembers/29 HTTP/1.1" 200 -
2024-04-01 01:23:07,224 - INFO - 127.0.0.1 - - [01/Apr/2024 01:23:07] "OPTIONS /runTestEvents HTTP/1.1" 200 -
2024-04-01 01:23:07,239 - INFO - ====== WebDriver manager ======
2024-04-01 01:23:07,908 - INFO - Get LATEST chromedriver version for google-chrome
2024-04-01 01:23:07,910 - INFO - Get LATEST chromedriver version for google-chrome
2024-04-01 01:23:07,910 - INFO - There is no [win64] chromedriver "123.0.6312.86" for browser google-chrome "123.0.6312.86" in cache
2024-04-01 01:23:07,910 - INFO - Get LATEST chromedriver version for google-chrome
2024-04-01 01:23:17,902 - INFO - WebDriver version 123.0.6312.86 selected
2024-04-01 01:23:17,902 - INFO - Modern chrome version https://storage.googleapis.com/chrome-for-testing-public/123.0.6312.86/win32/chromedriver-win32.zip
2024-04-01 01:23:17,902 - INFO - About to download new driver from https://storage.googleapis.com/chrome-for-testing-public/123.0.6312.86/win32/chromedriver-win32.zip
2024-04-01 01:23:19,148 - INFO - Driver downloading response is 200
2024-04-01 01:23:21,921 - INFO - Get LATEST chromedriver version for google-chrome
2024-04-01 01:23:22,014 - INFO - Driver has been saved in cache [C:\Users\hongj\.wdm\drivers\chromedriver\win64\123.0.6312.86]
2024-04-01 01:23:41,255 - INFO - 127.0.0.1 - - [01/Apr/2024 01:23:41] "[35m[1mPOST /runTestEvents HTTP/1.1[0m" 201 -
2024-04-01 01:23:41,656 - INFO - 127.0.0.1 - - [01/Apr/2024 01:23:41] "GET /test-report/242 HTTP/1.1" 200 -
2024-04-01 01:23:41,910 - INFO - 127.0.0.1 - - [01/Apr/2024 01:23:41] "GET /test-report/242 HTTP/1.1" 200 -
2024-04-01 01:23:41,971 - INFO - 127.0.0.1 - - [01/Apr/2024 01:23:41] "GET /getTeamMembers/29 HTTP/1.1" 200 -
2024-04-01 01:23:41,989 - INFO - 127.0.0.1 - - [01/Apr/2024 01:23:41] "GET /getTeamMembers/29 HTTP/1.1" 200 -
2024-04-01 01:25:39,382 - INFO - 127.0.0.1 - - [01/Apr/2024 01:25:39] "OPTIONS /runTestEvents HTTP/1.1" 200 -
2024-04-01 01:25:39,710 - INFO - ====== WebDriver manager ======
2024-04-01 01:25:40,430 - INFO - Get LATEST chromedriver version for google-chrome
2024-04-01 01:25:40,431 - INFO - Get LATEST chromedriver version for google-chrome
2024-04-01 01:25:40,431 - INFO - There is no [win64] chromedriver "123.0.6312.86" for browser google-chrome "123.0.6312.86" in cache
2024-04-01 01:25:40,431 - INFO - Get LATEST chromedriver version for google-chrome
2024-04-01 01:25:42,295 - INFO - WebDriver version 123.0.6312.86 selected
2024-04-01 01:25:42,295 - INFO - Modern chrome version https://storage.googleapis.com/chrome-for-testing-public/123.0.6312.86/win32/chromedriver-win32.zip
2024-04-01 01:25:42,295 - INFO - About to download new driver from https://storage.googleapis.com/chrome-for-testing-public/123.0.6312.86/win32/chromedriver-win32.zip
2024-04-01 01:25:42,713 - INFO - Driver downloading response is 200
2024-04-01 01:25:43,682 - INFO - Get LATEST chromedriver version for google-chrome
2024-04-01 01:25:43,775 - INFO - Driver has been saved in cache [C:\Users\hongj\.wdm\drivers\chromedriver\win64\123.0.6312.86]
2024-04-01 01:25:53,851 - INFO - 127.0.0.1 - - [01/Apr/2024 01:25:53] "[35m[1mPOST /runTestEvents HTTP/1.1[0m" 201 -
2024-04-01 01:25:53,978 - INFO - 127.0.0.1 - - [01/Apr/2024 01:25:53] "GET /test-report/243 HTTP/1.1" 200 -
2024-04-01 01:25:54,321 - INFO - 127.0.0.1 - - [01/Apr/2024 01:25:54] "GET /test-report/243 HTTP/1.1" 200 -
2024-04-01 01:25:54,325 - INFO - 127.0.0.1 - - [01/Apr/2024 01:25:54] "GET /getTeamMembers/29 HTTP/1.1" 200 -
2024-04-01 01:25:54,638 - INFO - 127.0.0.1 - - [01/Apr/2024 01:25:54] "GET /getTeamMembers/29 HTTP/1.1" 200 -
2024-04-01 01:27:39,256 - INFO - 127.0.0.1 - - [01/Apr/2024 01:27:39] "OPTIONS /runTestEvents HTTP/1.1" 200 -
2024-04-01 01:27:39,587 - INFO - ====== WebDriver manager ======
2024-04-01 01:27:40,272 - INFO - Get LATEST chromedriver version for google-chrome
2024-04-01 01:27:40,272 - INFO - Get LATEST chromedriver version for google-chrome
2024-04-01 01:27:40,272 - INFO - There is no [win64] chromedriver "123.0.6312.86" for browser google-chrome "123.0.6312.86" in cache
2024-04-01 01:27:40,272 - INFO - Get LATEST chromedriver version for google-chrome
2024-04-01 01:27:40,737 - INFO - WebDriver version 123.0.6312.86 selected
2024-04-01 01:27:40,737 - INFO - Modern chrome version https://storage.googleapis.com/chrome-for-testing-public/123.0.6312.86/win32/chromedriver-win32.zip
2024-04-01 01:27:40,737 - INFO - About to download new driver from https://storage.googleapis.com/chrome-for-testing-public/123.0.6312.86/win32/chromedriver-win32.zip
2024-04-01 01:27:41,965 - INFO - Driver downloading response is 200
2024-04-01 01:27:44,560 - INFO - Get LATEST chromedriver version for google-chrome
2024-04-01 01:27:44,664 - INFO - Driver has been saved in cache [C:\Users\hongj\.wdm\drivers\chromedriver\win64\123.0.6312.86]
2024-04-01 01:28:06,331 - INFO - 127.0.0.1 - - [01/Apr/2024 01:28:06] "[35m[1mPOST /runTestEvents HTTP/1.1[0m" 201 -
2024-04-01 01:28:06,455 - INFO - 127.0.0.1 - - [01/Apr/2024 01:28:06] "GET /test-report/244 HTTP/1.1" 200 -
2024-04-01 01:28:06,804 - INFO - 127.0.0.1 - - [01/Apr/2024 01:28:06] "GET /test-report/244 HTTP/1.1" 200 -
2024-04-01 01:28:06,813 - INFO - 127.0.0.1 - - [01/Apr/2024 01:28:06] "GET /getTeamMembers/29 HTTP/1.1" 200 -
2024-04-01 01:28:07,140 - INFO - 127.0.0.1 - - [01/Apr/2024 01:28:07] "GET /getTeamMembers/29 HTTP/1.1" 200 -
2024-04-01 01:30:50,998 - INFO - 127.0.0.1 - - [01/Apr/2024 01:30:50] "OPTIONS /runTestEvents HTTP/1.1" 200 -
2024-04-01 01:30:51,318 - INFO - ====== WebDriver manager ======
2024-04-01 01:30:51,990 - INFO - Get LATEST chromedriver version for google-chrome
2024-04-01 01:30:51,990 - INFO - Get LATEST chromedriver version for google-chrome
2024-04-01 01:30:51,990 - INFO - There is no [win64] chromedriver "123.0.6312.86" for browser google-chrome "123.0.6312.86" in cache
2024-04-01 01:30:51,990 - INFO - Get LATEST chromedriver version for google-chrome
2024-04-01 01:30:52,823 - INFO - WebDriver version 123.0.6312.86 selected
2024-04-01 01:30:52,823 - INFO - Modern chrome version https://storage.googleapis.com/chrome-for-testing-public/123.0.6312.86/win32/chromedriver-win32.zip
2024-04-01 01:30:52,823 - INFO - About to download new driver from https://storage.googleapis.com/chrome-for-testing-public/123.0.6312.86/win32/chromedriver-win32.zip
2024-04-01 01:30:53,565 - INFO - Driver downloading response is 200
2024-04-01 01:30:54,589 - INFO - Get LATEST chromedriver version for google-chrome
2024-04-01 01:30:54,675 - INFO - Driver has been saved in cache [C:\Users\hongj\.wdm\drivers\chromedriver\win64\123.0.6312.86]
2024-04-01 01:31:04,001 - INFO - 127.0.0.1 - - [01/Apr/2024 01:31:04] "[35m[1mPOST /runTestEvents HTTP/1.1[0m" 201 -
2024-04-01 01:31:04,104 - INFO - 127.0.0.1 - - [01/Apr/2024 01:31:04] "GET /test-report/245 HTTP/1.1" 200 -
2024-04-01 01:31:04,458 - INFO - 127.0.0.1 - - [01/Apr/2024 01:31:04] "GET /test-report/245 HTTP/1.1" 200 -
2024-04-01 01:31:04,462 - INFO - 127.0.0.1 - - [01/Apr/2024 01:31:04] "GET /getTeamMembers/29 HTTP/1.1" 200 -
2024-04-01 01:31:04,770 - INFO - 127.0.0.1 - - [01/Apr/2024 01:31:04] "GET /getTeamMembers/29 HTTP/1.1" 200 -
2024-04-01 01:32:27,896 - INFO - 127.0.0.1 - - [01/Apr/2024 01:32:27] "OPTIONS /runTestEvents HTTP/1.1" 200 -
2024-04-01 01:32:28,220 - INFO - ====== WebDriver manager ======
2024-04-01 01:32:28,845 - INFO - Get LATEST chromedriver version for google-chrome
2024-04-01 01:32:28,849 - INFO - Get LATEST chromedriver version for google-chrome
2024-04-01 01:32:28,849 - INFO - There is no [win64] chromedriver "123.0.6312.86" for browser google-chrome "123.0.6312.86" in cache
2024-04-01 01:32:28,849 - INFO - Get LATEST chromedriver version for google-chrome
2024-04-01 01:32:30,412 - INFO - WebDriver version 123.0.6312.86 selected
2024-04-01 01:32:30,412 - INFO - Modern chrome version https://storage.googleapis.com/chrome-for-testing-public/123.0.6312.86/win32/chromedriver-win32.zip
2024-04-01 01:32:30,412 - INFO - About to download new driver from https://storage.googleapis.com/chrome-for-testing-public/123.0.6312.86/win32/chromedriver-win32.zip
2024-04-01 01:32:30,834 - INFO - Driver downloading response is 200
2024-04-01 01:32:31,816 - INFO - Get LATEST chromedriver version for google-chrome
2024-04-01 01:32:31,906 - INFO - Driver has been saved in cache [C:\Users\hongj\.wdm\drivers\chromedriver\win64\123.0.6312.86]
2024-04-01 01:32:53,400 - INFO - 127.0.0.1 - - [01/Apr/2024 01:32:53] "[35m[1mPOST /runTestEvents HTTP/1.1[0m" 201 -
2024-04-01 01:32:53,477 - INFO - 127.0.0.1 - - [01/Apr/2024 01:32:53] "GET /test-report/246 HTTP/1.1" 200 -
2024-04-01 01:32:53,792 - INFO - 127.0.0.1 - - [01/Apr/2024 01:32:53] "GET /test-report/246 HTTP/1.1" 200 -
2024-04-01 01:32:53,806 - INFO - 127.0.0.1 - - [01/Apr/2024 01:32:53] "GET /getTeamMembers/29 HTTP/1.1" 200 -
2024-04-01 01:32:54,125 - INFO - 127.0.0.1 - - [01/Apr/2024 01:32:54] "GET /getTeamMembers/29 HTTP/1.1" 200 -
2024-04-01 01:33:07,192 - INFO - 127.0.0.1 - - [01/Apr/2024 01:33:07] "GET /getTeamScript/29 HTTP/1.1" 200 -
2024-04-01 01:33:07,440 - INFO - 127.0.0.1 - - [01/Apr/2024 01:33:07] "GET /getTeamScript/29 HTTP/1.1" 200 -
2024-04-01 01:33:08,515 - INFO - 127.0.0.1 - - [01/Apr/2024 01:33:08] "OPTIONS /getUserTeams/31 HTTP/1.1" 200 -
2024-04-01 01:33:08,826 - INFO - 127.0.0.1 - - [01/Apr/2024 01:33:08] "OPTIONS /getUserTeams/31 HTTP/1.1" 200 -
2024-04-01 01:33:08,829 - INFO - 127.0.0.1 - - [01/Apr/2024 01:33:08] "GET /getUserTeams/31 HTTP/1.1" 200 -
2024-04-01 01:33:09,139 - INFO - 127.0.0.1 - - [01/Apr/2024 01:33:09] "GET /getUserTeams/31 HTTP/1.1" 200 -
2024-04-01 01:34:24,027 - INFO - 127.0.0.1 - - [01/Apr/2024 01:34:24] "OPTIONS /login HTTP/1.1" 200 -
2024-04-01 01:34:24,431 - INFO - 127.0.0.1 - - [01/Apr/2024 01:34:24] "POST /login HTTP/1.1" 200 -
2024-04-01 01:34:24,468 - INFO - 127.0.0.1 - - [01/Apr/2024 01:34:24] "OPTIONS /getUserTeams/31 HTTP/1.1" 200 -
2024-04-01 01:34:24,775 - INFO - 127.0.0.1 - - [01/Apr/2024 01:34:24] "OPTIONS /getUserTeams/31 HTTP/1.1" 200 -
2024-04-01 01:34:24,781 - INFO - 127.0.0.1 - - [01/Apr/2024 01:34:24] "GET /getUserTeams/31 HTTP/1.1" 200 -
2024-04-01 01:34:25,090 - INFO - 127.0.0.1 - - [01/Apr/2024 01:34:25] "GET /getUserTeams/31 HTTP/1.1" 200 -
2024-04-01 01:34:26,105 - INFO - 127.0.0.1 - - [01/Apr/2024 01:34:26] "GET /user/31 HTTP/1.1" 200 -
2024-04-01 01:34:26,105 - INFO - 127.0.0.1 - - [01/Apr/2024 01:34:26] "GET /contributions/31 HTTP/1.1" 200 -
2024-04-01 01:34:26,365 - INFO - 127.0.0.1 - - [01/Apr/2024 01:34:26] "GET /user/31 HTTP/1.1" 200 -
2024-04-01 01:34:26,411 - INFO - 127.0.0.1 - - [01/Apr/2024 01:34:26] "GET /contributions/31 HTTP/1.1" 200 -
2024-04-01 01:34:28,589 - INFO - 127.0.0.1 - - [01/Apr/2024 01:34:28] "GET /user/31 HTTP/1.1" 200 -
2024-04-01 01:34:29,731 - INFO - 127.0.0.1 - - [01/Apr/2024 01:34:29] "GET /user/31 HTTP/1.1" 200 -
2024-04-01 01:34:31,761 - INFO - 127.0.0.1 - - [01/Apr/2024 01:34:31] "GET /user/31 HTTP/1.1" 200 -
2024-04-01 01:34:32,783 - INFO - 127.0.0.1 - - [01/Apr/2024 01:34:32] "GET /user/31 HTTP/1.1" 200 -
2024-04-01 01:34:34,410 - INFO - 127.0.0.1 - - [01/Apr/2024 01:34:34] "OPTIONS /getUserTeams/31 HTTP/1.1" 200 -
2024-04-01 01:34:34,724 - INFO - 127.0.0.1 - - [01/Apr/2024 01:34:34] "OPTIONS /getUserTeams/31 HTTP/1.1" 200 -
2024-04-01 01:34:34,730 - INFO - 127.0.0.1 - - [01/Apr/2024 01:34:34] "GET /getUserTeams/31 HTTP/1.1" 200 -
2024-04-01 01:34:35,038 - INFO - 127.0.0.1 - - [01/Apr/2024 01:34:35] "GET /getUserTeams/31 HTTP/1.1" 200 -
2024-04-01 01:34:36,497 - INFO - 127.0.0.1 - - [01/Apr/2024 01:34:36] "GET /getUserTeams/31 HTTP/1.1" 200 -
2024-04-01 01:34:39,610 - INFO - 127.0.0.1 - - [01/Apr/2024 01:34:39] "GET /searchUsers?searchTerm=1 HTTP/1.1" 200 -
2024-04-01 01:34:48,482 - INFO - 127.0.0.1 - - [01/Apr/2024 01:34:48] "OPTIONS /getUserTeams/31 HTTP/1.1" 200 -
2024-04-01 01:34:48,752 - INFO - 127.0.0.1 - - [01/Apr/2024 01:34:48] "GET /getUserTeams/31 HTTP/1.1" 200 -
2024-04-01 01:34:49,282 - INFO - 127.0.0.1 - - [01/Apr/2024 01:34:49] "GET /getTeamMembers/29 HTTP/1.1" 200 -
2024-04-01 01:34:49,593 - INFO - 127.0.0.1 - - [01/Apr/2024 01:34:49] "GET /getTeamMembers/29 HTTP/1.1" 200 -
2024-04-01 01:34:49,624 - INFO - 127.0.0.1 - - [01/Apr/2024 01:34:49] "GET /tasklists/29 HTTP/1.1" 200 -
2024-04-01 01:34:49,946 - INFO - 127.0.0.1 - - [01/Apr/2024 01:34:49] "GET /tasklists/29 HTTP/1.1" 200 -
2024-04-01 01:34:53,296 - INFO - 127.0.0.1 - - [01/Apr/2024 01:34:53] "GET /tasklists/29 HTTP/1.1" 200 -
2024-04-01 01:34:53,560 - INFO - 127.0.0.1 - - [01/Apr/2024 01:34:53] "GET /tasklists/29 HTTP/1.1" 200 -
2024-04-01 01:34:55,768 - INFO - 127.0.0.1 - - [01/Apr/2024 01:34:55] "GET /getTeamMembers/29 HTTP/1.1" 200 -
2024-04-01 01:34:56,090 - INFO - 127.0.0.1 - - [01/Apr/2024 01:34:56] "GET /getTeamMembers/29 HTTP/1.1" 200 -
2024-04-01 01:34:56,118 - INFO - 127.0.0.1 - - [01/Apr/2024 01:34:56] "GET /tasklists/29 HTTP/1.1" 200 -
2024-04-01 01:34:56,430 - INFO - 127.0.0.1 - - [01/Apr/2024 01:34:56] "GET /tasklists/29 HTTP/1.1" 200 -
2024-04-01 01:34:58,066 - INFO - 127.0.0.1 - - [01/Apr/2024 01:34:58] "GET /getTeamScript/29 HTTP/1.1" 200 -
2024-04-01 01:34:58,333 - INFO - 127.0.0.1 - - [01/Apr/2024 01:34:58] "GET /getTeamScript/29 HTTP/1.1" 200 -
2024-04-01 01:35:56,078 - INFO - 127.0.0.1 - - [01/Apr/2024 01:35:56] "GET /getTeamScript/29 HTTP/1.1" 200 -
2024-04-01 01:35:56,396 - INFO - 127.0.0.1 - - [01/Apr/2024 01:35:56] "GET /getTeamScript/29 HTTP/1.1" 200 -
2024-04-01 01:35:57,932 - INFO - 127.0.0.1 - - [01/Apr/2024 01:35:57] "GET /testEventName?testeventID=270 HTTP/1.1" 200 -
2024-04-01 01:35:57,936 - INFO - 127.0.0.1 - - [01/Apr/2024 01:35:57] "GET /getTestCases?testeventID=270 HTTP/1.1" 200 -
2024-04-01 01:35:58,181 - INFO - 127.0.0.1 - - [01/Apr/2024 01:35:58] "GET /testEventName?testeventID=270 HTTP/1.1" 200 -
2024-04-01 01:35:58,247 - INFO - 127.0.0.1 - - [01/Apr/2024 01:35:58] "GET /getTestCases?testeventID=270 HTTP/1.1" 200 -
2024-04-01 01:35:59,391 - INFO - 127.0.0.1 - - [01/Apr/2024 01:35:59] "GET /getTeamScript/29 HTTP/1.1" 200 -
2024-04-01 01:35:59,711 - INFO - 127.0.0.1 - - [01/Apr/2024 01:35:59] "GET /getTeamScript/29 HTTP/1.1" 200 -
2024-04-01 01:36:01,931 - INFO - 127.0.0.1 - - [01/Apr/2024 01:36:01] "GET /testEventName?testeventID=291 HTTP/1.1" 200 -
2024-04-01 01:36:01,934 - INFO - 127.0.0.1 - - [01/Apr/2024 01:36:01] "GET /getTestCases?testeventID=291 HTTP/1.1" 200 -
2024-04-01 01:36:02,196 - INFO - 127.0.0.1 - - [01/Apr/2024 01:36:02] "GET /testEventName?testeventID=291 HTTP/1.1" 200 -
2024-04-01 01:36:02,245 - INFO - 127.0.0.1 - - [01/Apr/2024 01:36:02] "GET /getTestCases?testeventID=291 HTTP/1.1" 200 -
2024-04-01 01:36:06,138 - INFO - 127.0.0.1 - - [01/Apr/2024 01:36:06] "GET /getTeamScript/29 HTTP/1.1" 200 -
2024-04-01 01:36:06,454 - INFO - 127.0.0.1 - - [01/Apr/2024 01:36:06] "GET /getTeamScript/29 HTTP/1.1" 200 -
2024-04-01 01:38:40,776 - INFO - 127.0.0.1 - - [01/Apr/2024 01:38:40] "OPTIONS /runTestEvents HTTP/1.1" 200 -
2024-04-01 01:38:41,096 - INFO - ====== WebDriver manager ======
2024-04-01 01:38:41,772 - INFO - Get LATEST chromedriver version for google-chrome
2024-04-01 01:38:41,773 - INFO - Get LATEST chromedriver version for google-chrome
2024-04-01 01:38:41,773 - INFO - There is no [win64] chromedriver "123.0.6312.86" for browser google-chrome "123.0.6312.86" in cache
2024-04-01 01:38:41,773 - INFO - Get LATEST chromedriver version for google-chrome
2024-04-01 01:38:42,603 - INFO - WebDriver version 123.0.6312.86 selected
2024-04-01 01:38:42,605 - INFO - Modern chrome version https://storage.googleapis.com/chrome-for-testing-public/123.0.6312.86/win32/chromedriver-win32.zip
2024-04-01 01:38:42,605 - INFO - About to download new driver from https://storage.googleapis.com/chrome-for-testing-public/123.0.6312.86/win32/chromedriver-win32.zip
2024-04-01 01:38:42,925 - INFO - Driver downloading response is 200
2024-04-01 01:38:44,235 - INFO - Get LATEST chromedriver version for google-chrome
2024-04-01 01:38:44,329 - INFO - Driver has been saved in cache [C:\Users\hongj\.wdm\drivers\chromedriver\win64\123.0.6312.86]
2024-04-01 01:38:53,211 - INFO - 127.0.0.1 - - [01/Apr/2024 01:38:53] "[35m[1mPOST /runTestEvents HTTP/1.1[0m" 201 -
2024-04-01 01:38:53,318 - INFO - 127.0.0.1 - - [01/Apr/2024 01:38:53] "GET /test-report/247 HTTP/1.1" 200 -
2024-04-01 01:38:53,660 - INFO - 127.0.0.1 - - [01/Apr/2024 01:38:53] "GET /test-report/247 HTTP/1.1" 200 -
2024-04-01 01:38:53,682 - INFO - 127.0.0.1 - - [01/Apr/2024 01:38:53] "GET /getTeamMembers/29 HTTP/1.1" 200 -
2024-04-01 01:38:53,994 - INFO - 127.0.0.1 - - [01/Apr/2024 01:38:53] "GET /getTeamMembers/29 HTTP/1.1" 200 -
2024-04-01 01:39:54,396 - INFO - 127.0.0.1 - - [01/Apr/2024 01:39:54] "OPTIONS /runTestEvents HTTP/1.1" 200 -
2024-04-01 01:39:54,714 - INFO - ====== WebDriver manager ======
2024-04-01 01:39:55,427 - INFO - Get LATEST chromedriver version for google-chrome
2024-04-01 01:39:55,428 - INFO - Get LATEST chromedriver version for google-chrome
2024-04-01 01:39:55,429 - INFO - There is no [win64] chromedriver "123.0.6312.86" for browser google-chrome "123.0.6312.86" in cache
2024-04-01 01:39:55,429 - INFO - Get LATEST chromedriver version for google-chrome
2024-04-01 01:39:58,586 - INFO - WebDriver version 123.0.6312.86 selected
2024-04-01 01:39:58,587 - INFO - Modern chrome version https://storage.googleapis.com/chrome-for-testing-public/123.0.6312.86/win32/chromedriver-win32.zip
2024-04-01 01:39:58,587 - INFO - About to download new driver from https://storage.googleapis.com/chrome-for-testing-public/123.0.6312.86/win32/chromedriver-win32.zip
2024-04-01 01:39:58,894 - INFO - Driver downloading response is 200
2024-04-01 01:40:00,159 - INFO - Get LATEST chromedriver version for google-chrome
2024-04-01 01:40:00,243 - INFO - Driver has been saved in cache [C:\Users\hongj\.wdm\drivers\chromedriver\win64\123.0.6312.86]
2024-04-01 01:40:08,600 - INFO - 127.0.0.1 - - [01/Apr/2024 01:40:08] "[35m[1mPOST /runTestEvents HTTP/1.1[0m" 201 -
2024-04-01 01:40:08,678 - INFO - 127.0.0.1 - - [01/Apr/2024 01:40:08] "GET /test-report/248 HTTP/1.1" 200 -
2024-04-01 01:40:08,998 - INFO - 127.0.0.1 - - [01/Apr/2024 01:40:08] "GET /test-report/248 HTTP/1.1" 200 -
2024-04-01 01:40:09,062 - INFO - 127.0.0.1 - - [01/Apr/2024 01:40:09] "GET /getTeamMembers/29 HTTP/1.1" 200 -
2024-04-01 01:40:09,369 - INFO - 127.0.0.1 - - [01/Apr/2024 01:40:09] "GET /getTeamMembers/29 HTTP/1.1" 200 -
2024-04-01 01:40:18,689 - INFO - 127.0.0.1 - - [01/Apr/2024 01:40:18] "GET /getTeamScript/29 HTTP/1.1" 200 -
2024-04-01 01:40:18,954 - INFO - 127.0.0.1 - - [01/Apr/2024 01:40:18] "GET /getTeamScript/29 HTTP/1.1" 200 -
2024-04-01 01:40:23,371 - INFO - 127.0.0.1 - - [01/Apr/2024 01:40:23] "GET /getTestCases?testeventID=291 HTTP/1.1" 200 -
2024-04-01 01:40:23,671 - INFO - 127.0.0.1 - - [01/Apr/2024 01:40:23] "GET /testEventName?testeventID=291 HTTP/1.1" 200 -
2024-04-01 01:40:23,676 - INFO - 127.0.0.1 - - [01/Apr/2024 01:40:23] "GET /getTestCases?testeventID=291 HTTP/1.1" 200 -
2024-04-01 01:40:23,981 - INFO - 127.0.0.1 - - [01/Apr/2024 01:40:23] "GET /testEventName?testeventID=291 HTTP/1.1" 200 -
2024-04-01 01:40:25,499 - INFO - 127.0.0.1 - - [01/Apr/2024 01:40:25] "GET /getTeamScript/29 HTTP/1.1" 200 -
2024-04-01 01:40:25,748 - INFO - 127.0.0.1 - - [01/Apr/2024 01:40:25] "GET /getTeamScript/29 HTTP/1.1" 200 -
2024-04-01 01:41:50,530 - INFO - 127.0.0.1 - - [01/Apr/2024 01:41:50] "OPTIONS /runTestEvents HTTP/1.1" 200 -
2024-04-01 01:41:50,853 - INFO - ====== WebDriver manager ======
2024-04-01 01:41:51,554 - INFO - Get LATEST chromedriver version for google-chrome
2024-04-01 01:41:51,556 - INFO - Get LATEST chromedriver version for google-chrome
2024-04-01 01:41:51,556 - INFO - There is no [win64] chromedriver "123.0.6312.86" for browser google-chrome "123.0.6312.86" in cache
2024-04-01 01:41:51,556 - INFO - Get LATEST chromedriver version for google-chrome
2024-04-01 01:41:56,776 - INFO - WebDriver version 123.0.6312.86 selected
2024-04-01 01:41:56,777 - INFO - Modern chrome version https://storage.googleapis.com/chrome-for-testing-public/123.0.6312.86/win32/chromedriver-win32.zip
2024-04-01 01:41:56,777 - INFO - About to download new driver from https://storage.googleapis.com/chrome-for-testing-public/123.0.6312.86/win32/chromedriver-win32.zip
2024-04-01 01:41:57,077 - INFO - Driver downloading response is 200
2024-04-01 01:41:58,248 - INFO - Get LATEST chromedriver version for google-chrome
2024-04-01 01:41:58,338 - INFO - Driver has been saved in cache [C:\Users\hongj\.wdm\drivers\chromedriver\win64\123.0.6312.86]
2024-04-01 01:42:06,579 - INFO - ====== WebDriver manager ======
2024-04-01 01:42:07,539 - INFO - Get LATEST edgedriver version for Edge 123.0.2420
2024-04-01 01:42:07,891 - INFO - Get LATEST edgedriver version for Edge 123.0.2420
2024-04-01 01:42:08,183 - INFO - There is no [win64] edgedriver "123.0.2420.65" for browser edge "123.0.2420" in cache
2024-04-01 01:42:08,183 - INFO - Get LATEST edgedriver version for Edge 123.0.2420
2024-04-01 01:42:08,535 - INFO - About to download new driver from https://msedgedriver.azureedge.net/123.0.2420.65/edgedriver_win64.zip
2024-04-01 01:42:08,926 - INFO - Driver downloading response is 200
2024-04-01 01:42:10,068 - INFO - Get LATEST edgedriver version for Edge 123.0.2420
2024-04-01 01:42:10,532 - INFO - Driver has been saved in cache [C:\Users\hongj\.wdm\drivers\edgedriver\win64\123.0.2420.65]
2024-04-01 01:42:19,667 - INFO - 127.0.0.1 - - [01/Apr/2024 01:42:19] "[35m[1mPOST /runTestEvents HTTP/1.1[0m" 201 -
2024-04-01 01:42:19,752 - INFO - 127.0.0.1 - - [01/Apr/2024 01:42:19] "GET /test-report/249 HTTP/1.1" 200 -
2024-04-01 01:42:20,067 - INFO - 127.0.0.1 - - [01/Apr/2024 01:42:20] "GET /test-report/249 HTTP/1.1" 200 -
2024-04-01 01:42:20,098 - INFO - 127.0.0.1 - - [01/Apr/2024 01:42:20] "GET /getTeamMembers/29 HTTP/1.1" 200 -
2024-04-01 01:42:20,409 - INFO - 127.0.0.1 - - [01/Apr/2024 01:42:20] "GET /getTeamMembers/29 HTTP/1.1" 200 -
2024-04-01 01:42:23,973 - INFO - 127.0.0.1 - - [01/Apr/2024 01:42:23] "GET /testEventName?testeventID=382 HTTP/1.1" 200 -
2024-04-01 01:42:23,976 - INFO - 127.0.0.1 - - [01/Apr/2024 01:42:23] "GET /getTestCases?testeventID=382 HTTP/1.1" 200 -
2024-04-01 01:42:24,238 - INFO - 127.0.0.1 - - [01/Apr/2024 01:42:24] "GET /testEventName?testeventID=382 HTTP/1.1" 200 -
2024-04-01 01:42:24,290 - INFO - 127.0.0.1 - - [01/Apr/2024 01:42:24] "GET /getTestCases?testeventID=382 HTTP/1.1" 200 -
2024-04-01 01:42:34,406 - INFO - 127.0.0.1 - - [01/Apr/2024 01:42:34] "GET /test-report/249 HTTP/1.1" 200 -
2024-04-01 01:42:34,728 - INFO - 127.0.0.1 - - [01/Apr/2024 01:42:34] "GET /test-report/249 HTTP/1.1" 200 -
2024-04-01 01:42:34,760 - INFO - 127.0.0.1 - - [01/Apr/2024 01:42:34] "GET /getTeamMembers/29 HTTP/1.1" 200 -
2024-04-01 01:42:35,071 - INFO - 127.0.0.1 - - [01/Apr/2024 01:42:35] "GET /getTeamMembers/29 HTTP/1.1" 200 -
2024-04-01 01:42:38,466 - INFO - 127.0.0.1 - - [01/Apr/2024 01:42:38] "GET /getTeamScript/29 HTTP/1.1" 200 -
2024-04-01 01:42:38,728 - INFO - 127.0.0.1 - - [01/Apr/2024 01:42:38] "GET /getTeamScript/29 HTTP/1.1" 200 -
2024-04-01 01:42:48,678 - INFO - 127.0.0.1 - - [01/Apr/2024 01:42:48] "OPTIONS /getUserTeams/31 HTTP/1.1" 200 -
2024-04-01 01:42:48,986 - INFO - 127.0.0.1 - - [01/Apr/2024 01:42:48] "OPTIONS /getUserTeams/31 HTTP/1.1" 200 -
2024-04-01 01:42:48,990 - INFO - 127.0.0.1 - - [01/Apr/2024 01:42:48] "GET /getUserTeams/31 HTTP/1.1" 200 -
2024-04-01 01:42:49,302 - INFO - 127.0.0.1 - - [01/Apr/2024 01:42:49] "GET /getUserTeams/31 HTTP/1.1" 200 -
2024-04-01 01:43:00,521 - INFO - 127.0.0.1 - - [01/Apr/2024 01:43:00] "OPTIONS /login HTTP/1.1" 200 -
2024-04-01 01:43:00,911 - INFO - 127.0.0.1 - - [01/Apr/2024 01:43:00] "POST /login HTTP/1.1" 200 -
2024-04-01 01:43:00,952 - INFO - 127.0.0.1 - - [01/Apr/2024 01:43:00] "OPTIONS /getUserTeams/31 HTTP/1.1" 200 -
2024-04-01 01:43:01,265 - INFO - 127.0.0.1 - - [01/Apr/2024 01:43:01] "OPTIONS /getUserTeams/31 HTTP/1.1" 200 -
2024-04-01 01:43:01,270 - INFO - 127.0.0.1 - - [01/Apr/2024 01:43:01] "GET /getUserTeams/31 HTTP/1.1" 200 -
2024-04-01 01:43:01,578 - INFO - 127.0.0.1 - - [01/Apr/2024 01:43:01] "GET /getUserTeams/31 HTTP/1.1" 200 -
2024-04-01 01:43:02,501 - INFO - 127.0.0.1 - - [01/Apr/2024 01:43:02] "GET /getTeamMembers/29 HTTP/1.1" 200 -
2024-04-01 01:43:02,748 - INFO - 127.0.0.1 - - [01/Apr/2024 01:43:02] "GET /getTeamMembers/29 HTTP/1.1" 200 -
2024-04-01 01:43:02,823 - INFO - 127.0.0.1 - - [01/Apr/2024 01:43:02] "GET /tasklists/29 HTTP/1.1" 200 -
2024-04-01 01:43:02,838 - INFO - 127.0.0.1 - - [01/Apr/2024 01:43:02] "GET /tasklists/29 HTTP/1.1" 200 -
2024-04-01 01:43:04,618 - INFO - 127.0.0.1 - - [01/Apr/2024 01:43:04] "GET /getTeamScript/29 HTTP/1.1" 200 -
2024-04-01 01:43:04,934 - INFO - 127.0.0.1 - - [01/Apr/2024 01:43:04] "GET /getTeamScript/29 HTTP/1.1" 200 -
2024-04-01 01:43:24,974 - INFO - 127.0.0.1 - - [01/Apr/2024 01:43:24] "GET /getTeamScript/29 HTTP/1.1" 200 -
2024-04-01 01:43:25,499 - INFO - 127.0.0.1 - - [01/Apr/2024 01:43:25] "GET /getTeamMembers/29 HTTP/1.1" 200 -
2024-04-01 01:43:25,818 - INFO - 127.0.0.1 - - [01/Apr/2024 01:43:25] "GET /getTeamMembers/29 HTTP/1.1" 200 -
2024-04-01 01:43:25,824 - INFO - 127.0.0.1 - - [01/Apr/2024 01:43:25] "GET /tasklists/29 HTTP/1.1" 200 -
2024-04-01 01:43:26,142 - INFO - 127.0.0.1 - - [01/Apr/2024 01:43:26] "GET /tasklists/29 HTTP/1.1" 200 -
2024-04-01 01:43:32,082 - INFO - 127.0.0.1 - - [01/Apr/2024 01:43:32] "OPTIONS /getUserTeams/31 HTTP/1.1" 200 -
2024-04-01 01:43:32,083 - INFO - 127.0.0.1 - - [01/Apr/2024 01:43:32] "OPTIONS /getUserTeams/31 HTTP/1.1" 200 -
2024-04-01 01:43:32,397 - INFO - 127.0.0.1 - - [01/Apr/2024 01:43:32] "GET /getUserTeams/31 HTTP/1.1" 200 -
2024-04-01 01:43:32,708 - INFO - 127.0.0.1 - - [01/Apr/2024 01:43:32] "GET /getUserTeams/31 HTTP/1.1" 200 -
2024-04-01 01:43:35,472 - INFO - 127.0.0.1 - - [01/Apr/2024 01:43:35] "GET /getTeamScript/29 HTTP/1.1" 200 -
2024-04-01 01:43:40,875 - INFO - 127.0.0.1 - - [01/Apr/2024 01:43:40] "OPTIONS /login HTTP/1.1" 200 -
2024-04-01 01:43:40,976 - INFO - 127.0.0.1 - - [01/Apr/2024 01:43:40] "POST /login HTTP/1.1" 200 -
2024-04-01 01:43:41,141 - INFO - 127.0.0.1 - - [01/Apr/2024 01:43:41] "OPTIONS /getUserTeams/31 HTTP/1.1" 200 -
2024-04-01 01:43:41,329 - INFO - 127.0.0.1 - - [01/Apr/2024 01:43:41] "OPTIONS /getUserTeams/31 HTTP/1.1" 200 -
2024-04-01 01:43:41,332 - INFO - 127.0.0.1 - - [01/Apr/2024 01:43:41] "GET /getUserTeams/31 HTTP/1.1" 200 -
2024-04-01 01:43:41,456 - INFO - 127.0.0.1 - - [01/Apr/2024 01:43:41] "GET /getUserTeams/31 HTTP/1.1" 200 -
2024-04-01 01:43:43,032 - INFO - 127.0.0.1 - - [01/Apr/2024 01:43:43] "GET /getUserTeams/31 HTTP/1.1" 200 -
2024-04-01 01:43:44,287 - INFO - 127.0.0.1 - - [01/Apr/2024 01:43:44] "GET /getUserTeams/31 HTTP/1.1" 200 -
2024-04-01 01:43:44,682 - INFO - 127.0.0.1 - - [01/Apr/2024 01:43:44] "GET /getTeamMembers/29 HTTP/1.1" 200 -
2024-04-01 01:43:44,995 - INFO - 127.0.0.1 - - [01/Apr/2024 01:43:44] "GET /getTeamMembers/29 HTTP/1.1" 200 -
2024-04-01 01:43:45,020 - INFO - 127.0.0.1 - - [01/Apr/2024 01:43:45] "GET /tasklists/29 HTTP/1.1" 200 -
2024-04-01 01:43:45,332 - INFO - 127.0.0.1 - - [01/Apr/2024 01:43:45] "GET /tasklists/29 HTTP/1.1" 200 -
2024-04-01 01:43:46,349 - INFO - 127.0.0.1 - - [01/Apr/2024 01:43:46] "GET /getTeamScript/29 HTTP/1.1" 200 -
2024-04-01 01:43:46,618 - INFO - 127.0.0.1 - - [01/Apr/2024 01:43:46] "GET /getTeamScript/29 HTTP/1.1" 200 -
2024-04-01 01:45:37,988 - INFO - 127.0.0.1 - - [01/Apr/2024 01:45:37] "OPTIONS /runTestEvents HTTP/1.1" 200 -
2024-04-01 01:45:38,313 - INFO - ====== WebDriver manager ======
2024-04-01 01:45:38,981 - INFO - Get LATEST chromedriver version for google-chrome
2024-04-01 01:45:38,982 - INFO - Get LATEST chromedriver version for google-chrome
2024-04-01 01:45:38,982 - INFO - There is no [win64] chromedriver "123.0.6312.86" for browser google-chrome "123.0.6312.86" in cache
2024-04-01 01:45:38,982 - INFO - Get LATEST chromedriver version for google-chrome
2024-04-01 01:45:46,028 - INFO - WebDriver version 123.0.6312.86 selected
2024-04-01 01:45:46,029 - INFO - Modern chrome version https://storage.googleapis.com/chrome-for-testing-public/123.0.6312.86/win32/chromedriver-win32.zip
2024-04-01 01:45:46,029 - INFO - About to download new driver from https://storage.googleapis.com/chrome-for-testing-public/123.0.6312.86/win32/chromedriver-win32.zip
2024-04-01 01:45:46,203 - INFO - Driver downloading response is 200
2024-04-01 01:45:47,113 - INFO - Get LATEST chromedriver version for google-chrome
2024-04-01 01:45:47,199 - INFO - Driver has been saved in cache [C:\Users\hongj\.wdm\drivers\chromedriver\win64\123.0.6312.86]
2024-04-01 01:45:55,731 - INFO - ====== WebDriver manager ======
2024-04-01 01:45:56,716 - INFO - Get LATEST edgedriver version for Edge 123.0.2420
2024-04-01 01:45:57,042 - INFO - Get LATEST edgedriver version for Edge 123.0.2420
2024-04-01 01:45:57,359 - INFO - There is no [win64] edgedriver "123.0.2420.65" for browser edge "123.0.2420" in cache
2024-04-01 01:45:57,359 - INFO - Get LATEST edgedriver version for Edge 123.0.2420
2024-04-01 01:45:57,655 - INFO - About to download new driver from https://msedgedriver.azureedge.net/123.0.2420.65/edgedriver_win64.zip
2024-04-01 01:45:58,072 - INFO - Driver downloading response is 200
2024-04-01 01:45:59,438 - INFO - Get LATEST edgedriver version for Edge 123.0.2420
2024-04-01 01:45:59,904 - INFO - Driver has been saved in cache [C:\Users\hongj\.wdm\drivers\edgedriver\win64\123.0.2420.65]
2024-04-01 01:46:09,514 - INFO - 127.0.0.1 - - [01/Apr/2024 01:46:09] "[35m[1mPOST /runTestEvents HTTP/1.1[0m" 201 -
2024-04-01 01:46:09,630 - INFO - 127.0.0.1 - - [01/Apr/2024 01:46:09] "GET /test-report/250 HTTP/1.1" 200 -
2024-04-01 01:46:09,942 - INFO - 127.0.0.1 - - [01/Apr/2024 01:46:09] "GET /test-report/250 HTTP/1.1" 200 -
2024-04-01 01:46:09,988 - INFO - 127.0.0.1 - - [01/Apr/2024 01:46:09] "GET /getTeamMembers/29 HTTP/1.1" 200 -
2024-04-01 01:46:10,301 - INFO - 127.0.0.1 - - [01/Apr/2024 01:46:10] "GET /getTeamMembers/29 HTTP/1.1" 200 -
2024-04-01 01:46:26,774 - INFO - 127.0.0.1 - - [01/Apr/2024 01:46:26] "OPTIONS /send-report HTTP/1.1" 200 -
2024-04-01 01:46:27,338 - INFO - 127.0.0.1 - - [01/Apr/2024 01:46:27] "[35m[1mPOST /send-report HTTP/1.1[0m" 500 -
2024-04-01 01:48:19,103 - INFO -  * Detected change in 'D:\\ÍùÆÚÑ§Ï°×ÊÁÏ+±Ê¼Ç\\final project\\final\\dissertation-UI-test-platform\\backend\\app\\mail_service.py', reloading
2024-04-01 01:48:19,256 - INFO -  * Restarting with stat
2024-04-01 01:48:20,167 - WARNING -  * Debugger is active!
2024-04-01 01:48:20,169 - INFO -  * Debugger PIN: 211-255-688
2024-04-01 01:48:22,727 - INFO -  * Detected change in 'D:\\ÍùÆÚÑ§Ï°×ÊÁÏ+±Ê¼Ç\\final project\\final\\dissertation-UI-test-platform\\backend\\app\\mail_service.py', reloading
2024-04-01 01:48:22,849 - INFO -  * Restarting with stat
2024-04-01 01:48:23,692 - WARNING -  * Debugger is active!
2024-04-01 01:48:23,694 - INFO -  * Debugger PIN: 211-255-688
2024-04-01 01:48:35,878 - INFO - 127.0.0.1 - - [01/Apr/2024 01:48:35] "OPTIONS /send-report HTTP/1.1" 200 -
2024-04-01 01:48:39,237 - INFO - 127.0.0.1 - - [01/Apr/2024 01:48:39] "[35m[1mPOST /send-report HTTP/1.1[0m" 500 -
2024-04-01 01:49:08,662 - INFO - 127.0.0.1 - - [01/Apr/2024 01:49:08] "OPTIONS /send-report HTTP/1.1" 200 -
2024-04-01 01:49:12,018 - INFO - 127.0.0.1 - - [01/Apr/2024 01:49:12] "[35m[1mPOST /send-report HTTP/1.1[0m" 500 -
2024-04-01 01:49:43,167 - INFO - 127.0.0.1 - - [01/Apr/2024 01:49:43] "OPTIONS /send-report HTTP/1.1" 200 -
2024-04-01 01:49:46,446 - INFO - 127.0.0.1 - - [01/Apr/2024 01:49:46] "[35m[1mPOST /send-report HTTP/1.1[0m" 500 -
2024-04-01 01:49:55,589 - INFO - 127.0.0.1 - - [01/Apr/2024 01:49:55] "OPTIONS /send-report HTTP/1.1" 200 -
2024-04-01 01:49:58,554 - INFO - 127.0.0.1 - - [01/Apr/2024 01:49:58] "[35m[1mPOST /send-report HTTP/1.1[0m" 500 -
2024-04-01 01:50:19,308 - INFO -  * Detected change in 'D:\\ÍùÆÚÑ§Ï°×ÊÁÏ+±Ê¼Ç\\final project\\final\\dissertation-UI-test-platform\\backend\\app\\mail_service.py', reloading
2024-04-01 01:50:19,428 - INFO -  * Restarting with stat
2024-04-01 01:50:20,224 - WARNING -  * Debugger is active!
2024-04-01 01:50:20,226 - INFO -  * Debugger PIN: 211-255-688
2024-04-01 01:50:31,607 - INFO - [31m[1mWARNING: This is a development server. Do not use it in a production deployment. Use a production WSGI server instead.[0m
 * Running on all addresses (0.0.0.0)
 * Running on http://127.0.0.1:5000
 * Running on http://192.168.3.38:5000
2024-04-01 01:50:31,607 - INFO - [33mPress CTRL+C to quit[0m
2024-04-01 01:50:31,608 - INFO -  * Restarting with stat
2024-04-01 01:50:32,379 - WARNING -  * Debugger is active!
2024-04-01 01:50:32,381 - INFO -  * Debugger PIN: 211-255-688
2024-04-01 01:50:36,946 - INFO - 127.0.0.1 - - [01/Apr/2024 01:50:36] "OPTIONS /send-report HTTP/1.1" 200 -
2024-04-01 01:50:37,534 - INFO - 127.0.0.1 - - [01/Apr/2024 01:50:37] "[35m[1mPOST /send-report HTTP/1.1[0m" 500 -
2024-04-01 01:52:00,779 - INFO - 127.0.0.1 - - [01/Apr/2024 01:52:00] "OPTIONS /send-report HTTP/1.1" 200 -
2024-04-01 01:52:01,293 - INFO - 127.0.0.1 - - [01/Apr/2024 01:52:01] "[35m[1mPOST /send-report HTTP/1.1[0m" 500 -
2024-04-01 01:52:25,630 - INFO -  * Detected change in 'D:\\ÍùÆÚÑ§Ï°×ÊÁÏ+±Ê¼Ç\\final project\\final\\dissertation-UI-test-platform\\backend\\app\\mail_service.py', reloading
2024-04-01 01:52:25,779 - INFO -  * Restarting with stat
2024-04-01 01:52:26,761 - WARNING -  * Debugger is active!
2024-04-01 01:52:26,763 - INFO -  * Debugger PIN: 211-255-688
2024-04-01 01:52:32,777 - INFO - 127.0.0.1 - - [01/Apr/2024 01:52:32] "OPTIONS /send-report HTTP/1.1" 200 -
2024-04-01 01:52:33,338 - INFO - 127.0.0.1 - - [01/Apr/2024 01:52:33] "[35m[1mPOST /send-report HTTP/1.1[0m" 500 -
2024-04-01 01:53:18,402 - INFO -  * Detected change in 'D:\\ÍùÆÚÑ§Ï°×ÊÁÏ+±Ê¼Ç\\final project\\final\\dissertation-UI-test-platform\\backend\\app\\mail_service.py', reloading
2024-04-01 01:53:18,505 - INFO -  * Restarting with stat
2024-04-01 01:53:19,451 - WARNING -  * Debugger is active!
2024-04-01 01:53:19,453 - INFO -  * Debugger PIN: 211-255-688
2024-04-01 01:53:22,586 - INFO - 127.0.0.1 - - [01/Apr/2024 01:53:22] "OPTIONS /send-report HTTP/1.1" 200 -
2024-04-01 01:53:23,137 - INFO - 127.0.0.1 - - [01/Apr/2024 01:53:23] "[35m[1mPOST /send-report HTTP/1.1[0m" 500 -
2024-04-01 01:54:03,428 - INFO - 127.0.0.1 - - [01/Apr/2024 01:54:03] "OPTIONS /send-report HTTP/1.1" 200 -
2024-04-01 01:54:04,042 - INFO - 127.0.0.1 - - [01/Apr/2024 01:54:04] "[35m[1mPOST /send-report HTTP/1.1[0m" 500 -
2024-04-01 01:58:01,687 - INFO -  * Detected change in 'D:\\ÍùÆÚÑ§Ï°×ÊÁÏ+±Ê¼Ç\\final project\\final\\dissertation-UI-test-platform\\backend\\app\\mail_service.py', reloading
2024-04-01 01:58:01,792 - INFO -  * Restarting with stat
2024-04-01 01:58:02,609 - WARNING -  * Debugger is active!
2024-04-01 01:58:02,611 - INFO -  * Debugger PIN: 211-255-688
2024-04-01 01:58:07,973 - INFO - 127.0.0.1 - - [01/Apr/2024 01:58:07] "OPTIONS /send-report HTTP/1.1" 200 -
2024-04-01 01:58:08,256 - INFO - 127.0.0.1 - - [01/Apr/2024 01:58:08] "[35m[1mPOST /send-report HTTP/1.1[0m" 500 -
2024-04-01 01:58:29,115 - INFO -  * Detected change in 'D:\\ÍùÆÚÑ§Ï°×ÊÁÏ+±Ê¼Ç\\final project\\final\\dissertation-UI-test-platform\\backend\\app\\mail_service.py', reloading
2024-04-01 01:58:29,231 - INFO -  * Restarting with stat
2024-04-01 01:58:30,015 - WARNING -  * Debugger is active!
2024-04-01 01:58:30,017 - INFO -  * Debugger PIN: 211-255-688
2024-04-01 01:59:20,534 - INFO -  * Detected change in 'D:\\ÍùÆÚÑ§Ï°×ÊÁÏ+±Ê¼Ç\\final project\\final\\dissertation-UI-test-platform\\backend\\app\\mail_service.py', reloading
2024-04-01 01:59:20,892 - INFO -  * Restarting with stat
2024-04-01 01:59:21,896 - WARNING -  * Debugger is active!
2024-04-01 01:59:21,898 - INFO -  * Debugger PIN: 211-255-688
2024-04-01 01:59:23,154 - INFO - 127.0.0.1 - - [01/Apr/2024 01:59:23] "OPTIONS /send-report HTTP/1.1" 200 -
2024-04-01 01:59:23,453 - INFO - 127.0.0.1 - - [01/Apr/2024 01:59:23] "[35m[1mPOST /send-report HTTP/1.1[0m" 500 -
2024-04-01 02:00:12,525 - INFO -  * Detected change in 'D:\\ÍùÆÚÑ§Ï°×ÊÁÏ+±Ê¼Ç\\final project\\final\\dissertation-UI-test-platform\\backend\\app\\mail_service.py', reloading
2024-04-01 02:00:12,669 - INFO -  * Restarting with stat
2024-04-01 02:00:13,631 - WARNING -  * Debugger is active!
2024-04-01 02:00:13,634 - INFO -  * Debugger PIN: 211-255-688
2024-04-01 02:00:19,170 - INFO - 127.0.0.1 - - [01/Apr/2024 02:00:19] "OPTIONS /send-report HTTP/1.1" 200 -
2024-04-01 02:00:22,462 - INFO - 127.0.0.1 - - [01/Apr/2024 02:00:22] "POST /send-report HTTP/1.1" 200 -
2024-04-01 02:01:49,162 - INFO - 127.0.0.1 - - [01/Apr/2024 02:01:49] "GET /getTeamScript/29 HTTP/1.1" 200 -
2024-04-01 02:01:49,425 - INFO - 127.0.0.1 - - [01/Apr/2024 02:01:49] "GET /getTeamScript/29 HTTP/1.1" 200 -
2024-04-01 02:01:54,043 - INFO - 127.0.0.1 - - [01/Apr/2024 02:01:54] "GET /getTestCases?testeventID=291 HTTP/1.1" 200 -
2024-04-01 02:01:54,340 - INFO - 127.0.0.1 - - [01/Apr/2024 02:01:54] "GET /testEventName?testeventID=291 HTTP/1.1" 200 -
2024-04-01 02:01:54,357 - INFO - 127.0.0.1 - - [01/Apr/2024 02:01:54] "GET /getTestCases?testeventID=291 HTTP/1.1" 200 -
2024-04-01 02:01:54,651 - INFO - 127.0.0.1 - - [01/Apr/2024 02:01:54] "GET /testEventName?testeventID=291 HTTP/1.1" 200 -
2024-04-01 02:01:56,724 - INFO - 127.0.0.1 - - [01/Apr/2024 02:01:56] "GET /getTeamScript/29 HTTP/1.1" 200 -
2024-04-01 02:01:56,987 - INFO - 127.0.0.1 - - [01/Apr/2024 02:01:56] "GET /getTeamScript/29 HTTP/1.1" 200 -
2024-04-01 02:01:59,896 - INFO - 127.0.0.1 - - [01/Apr/2024 02:01:59] "GET /getTestCases?testeventID=272 HTTP/1.1" 200 -
2024-04-01 02:02:00,195 - INFO - 127.0.0.1 - - [01/Apr/2024 02:02:00] "GET /testEventName?testeventID=272 HTTP/1.1" 200 -
2024-04-01 02:02:00,213 - INFO - 127.0.0.1 - - [01/Apr/2024 02:02:00] "GET /getTestCases?testeventID=272 HTTP/1.1" 200 -
2024-04-01 02:02:00,510 - INFO - 127.0.0.1 - - [01/Apr/2024 02:02:00] "GET /testEventName?testeventID=272 HTTP/1.1" 200 -
2024-04-01 02:02:01,358 - INFO - 127.0.0.1 - - [01/Apr/2024 02:02:01] "GET /getTeamScript/29 HTTP/1.1" 200 -
2024-04-01 02:02:01,624 - INFO - 127.0.0.1 - - [01/Apr/2024 02:02:01] "GET /getTeamScript/29 HTTP/1.1" 200 -
2024-04-01 02:02:11,362 - INFO - 127.0.0.1 - - [01/Apr/2024 02:02:11] "OPTIONS /getUserTeams/31 HTTP/1.1" 200 -
2024-04-01 02:02:11,679 - INFO - 127.0.0.1 - - [01/Apr/2024 02:02:11] "OPTIONS /getUserTeams/31 HTTP/1.1" 200 -
2024-04-01 02:02:11,688 - INFO - 127.0.0.1 - - [01/Apr/2024 02:02:11] "GET /getUserTeams/31 HTTP/1.1" 200 -
2024-04-01 02:02:12,010 - INFO - 127.0.0.1 - - [01/Apr/2024 02:02:12] "GET /getUserTeams/31 HTTP/1.1" 200 -
2024-04-01 02:02:16,934 - INFO - 127.0.0.1 - - [01/Apr/2024 02:02:16] "OPTIONS /login HTTP/1.1" 200 -
2024-04-01 02:02:17,332 - INFO - 127.0.0.1 - - [01/Apr/2024 02:02:17] "POST /login HTTP/1.1" 200 -
2024-04-01 02:02:17,372 - INFO - 127.0.0.1 - - [01/Apr/2024 02:02:17] "OPTIONS /getUserTeams/31 HTTP/1.1" 200 -
2024-04-01 02:02:17,675 - INFO - 127.0.0.1 - - [01/Apr/2024 02:02:17] "OPTIONS /getUserTeams/31 HTTP/1.1" 200 -
2024-04-01 02:02:17,682 - INFO - 127.0.0.1 - - [01/Apr/2024 02:02:17] "GET /getUserTeams/31 HTTP/1.1" 200 -
2024-04-01 02:02:17,988 - INFO - 127.0.0.1 - - [01/Apr/2024 02:02:17] "GET /getUserTeams/31 HTTP/1.1" 200 -
2024-04-01 02:02:19,097 - INFO - 127.0.0.1 - - [01/Apr/2024 02:02:19] "GET /getUserTeams/31 HTTP/1.1" 200 -
2024-04-01 02:02:22,493 - INFO - 127.0.0.1 - - [01/Apr/2024 02:02:22] "GET /searchUsers?searchTerm=1 HTTP/1.1" 200 -
2024-04-01 02:02:29,343 - INFO - 127.0.0.1 - - [01/Apr/2024 02:02:29] "OPTIONS /getUserTeams/31 HTTP/1.1" 200 -
2024-04-01 02:02:29,612 - INFO - 127.0.0.1 - - [01/Apr/2024 02:02:29] "GET /getUserTeams/31 HTTP/1.1" 200 -
2024-04-01 02:02:29,803 - INFO - 127.0.0.1 - - [01/Apr/2024 02:02:29] "GET /getTeamMembers/29 HTTP/1.1" 200 -
2024-04-01 02:02:30,116 - INFO - 127.0.0.1 - - [01/Apr/2024 02:02:30] "GET /getTeamMembers/29 HTTP/1.1" 200 -
2024-04-01 02:02:30,145 - INFO - 127.0.0.1 - - [01/Apr/2024 02:02:30] "GET /tasklists/29 HTTP/1.1" 200 -
2024-04-01 02:02:30,457 - INFO - 127.0.0.1 - - [01/Apr/2024 02:02:30] "GET /tasklists/29 HTTP/1.1" 200 -
2024-04-01 02:02:32,380 - INFO - 127.0.0.1 - - [01/Apr/2024 02:02:32] "GET /getTeamScript/29 HTTP/1.1" 200 -
2024-04-01 02:02:32,641 - INFO - 127.0.0.1 - - [01/Apr/2024 02:02:32] "GET /getTeamScript/29 HTTP/1.1" 200 -
2024-04-01 02:04:32,636 - INFO - 127.0.0.1 - - [01/Apr/2024 02:04:32] "OPTIONS /runTestEvents HTTP/1.1" 200 -
2024-04-01 02:04:32,969 - INFO - ====== WebDriver manager ======
2024-04-01 02:04:33,708 - INFO - Get LATEST chromedriver version for google-chrome
2024-04-01 02:04:33,709 - INFO - Get LATEST chromedriver version for google-chrome
2024-04-01 02:04:33,710 - INFO - There is no [win64] chromedriver "123.0.6312.86" for browser google-chrome "123.0.6312.86" in cache
2024-04-01 02:04:33,710 - INFO - Get LATEST chromedriver version for google-chrome
2024-04-01 02:04:35,235 - INFO - WebDriver version 123.0.6312.86 selected
2024-04-01 02:04:35,236 - INFO - Modern chrome version https://storage.googleapis.com/chrome-for-testing-public/123.0.6312.86/win32/chromedriver-win32.zip
2024-04-01 02:04:35,236 - INFO - About to download new driver from https://storage.googleapis.com/chrome-for-testing-public/123.0.6312.86/win32/chromedriver-win32.zip
2024-04-01 02:04:35,703 - INFO - Driver downloading response is 200
2024-04-01 02:04:36,696 - INFO - Get LATEST chromedriver version for google-chrome
2024-04-01 02:04:36,813 - INFO - Driver has been saved in cache [C:\Users\hongj\.wdm\drivers\chromedriver\win64\123.0.6312.86]
2024-04-01 02:04:51,119 - INFO - ====== WebDriver manager ======
2024-04-01 02:04:52,170 - INFO - Get LATEST edgedriver version for Edge 123.0.2420
2024-04-01 02:04:52,469 - INFO - Get LATEST edgedriver version for Edge 123.0.2420
2024-04-01 02:04:52,774 - INFO - There is no [win64] edgedriver "123.0.2420.65" for browser edge "123.0.2420" in cache
2024-04-01 02:04:52,774 - INFO - Get LATEST edgedriver version for Edge 123.0.2420
2024-04-01 02:04:53,114 - INFO - About to download new driver from https://msedgedriver.azureedge.net/123.0.2420.65/edgedriver_win64.zip
2024-04-01 02:04:53,502 - INFO - Driver downloading response is 200
2024-04-01 02:04:54,586 - INFO - Get LATEST edgedriver version for Edge 123.0.2420
2024-04-01 02:04:55,030 - INFO - Driver has been saved in cache [C:\Users\hongj\.wdm\drivers\edgedriver\win64\123.0.2420.65]
2024-04-01 02:05:10,581 - INFO - 127.0.0.1 - - [01/Apr/2024 02:05:10] "[35m[1mPOST /runTestEvents HTTP/1.1[0m" 201 -
2024-04-01 02:05:10,682 - INFO - 127.0.0.1 - - [01/Apr/2024 02:05:10] "GET /test-report/251 HTTP/1.1" 200 -
2024-04-01 02:05:10,999 - INFO - 127.0.0.1 - - [01/Apr/2024 02:05:10] "GET /test-report/251 HTTP/1.1" 200 -
2024-04-01 02:05:11,046 - INFO - 127.0.0.1 - - [01/Apr/2024 02:05:11] "GET /getTeamMembers/29 HTTP/1.1" 200 -
2024-04-01 02:05:11,361 - INFO - 127.0.0.1 - - [01/Apr/2024 02:05:11] "GET /getTeamMembers/29 HTTP/1.1" 200 -
2024-04-01 02:05:19,285 - INFO - 127.0.0.1 - - [01/Apr/2024 02:05:19] "OPTIONS /send-report HTTP/1.1" 200 -
2024-04-01 02:05:20,297 - INFO - 127.0.0.1 - - [01/Apr/2024 02:05:20] "POST /send-report HTTP/1.1" 200 -
2024-04-01 02:05:31,035 - INFO - 127.0.0.1 - - [01/Apr/2024 02:05:31] "GET /getTeamScript/29 HTTP/1.1" 200 -
2024-04-01 02:05:31,348 - INFO - 127.0.0.1 - - [01/Apr/2024 02:05:31] "GET /getTeamScript/29 HTTP/1.1" 200 -
2024-04-01 02:05:33,802 - INFO - 127.0.0.1 - - [01/Apr/2024 02:05:33] "GET /getTestCases?testeventID=270 HTTP/1.1" 200 -
2024-04-01 02:05:33,815 - INFO - 127.0.0.1 - - [01/Apr/2024 02:05:33] "GET /testEventName?testeventID=270 HTTP/1.1" 200 -
2024-04-01 02:05:34,067 - INFO - 127.0.0.1 - - [01/Apr/2024 02:05:34] "GET /getTestCases?testeventID=270 HTTP/1.1" 200 -
2024-04-01 02:05:34,109 - INFO - 127.0.0.1 - - [01/Apr/2024 02:05:34] "GET /testEventName?testeventID=270 HTTP/1.1" 200 -
2024-04-01 02:05:37,703 - INFO - 127.0.0.1 - - [01/Apr/2024 02:05:37] "GET /getTeamScript/29 HTTP/1.1" 200 -
2024-04-01 02:05:38,027 - INFO - 127.0.0.1 - - [01/Apr/2024 02:05:38] "GET /getTeamScript/29 HTTP/1.1" 200 -
2024-04-01 02:05:40,330 - INFO - 127.0.0.1 - - [01/Apr/2024 02:05:40] "GET /tasklists/29 HTTP/1.1" 200 -
2024-04-01 02:05:40,591 - INFO - 127.0.0.1 - - [01/Apr/2024 02:05:40] "GET /tasklists/29 HTTP/1.1" 200 -
2024-04-01 02:05:42,794 - INFO - 127.0.0.1 - - [01/Apr/2024 02:05:42] "OPTIONS /saveTask HTTP/1.1" 200 -
2024-04-01 02:05:43,136 - INFO - 127.0.0.1 - - [01/Apr/2024 02:05:43] "POST /saveTask HTTP/1.1" 200 -
2024-04-01 02:05:44,489 - INFO - 127.0.0.1 - - [01/Apr/2024 02:05:44] "POST /saveTask HTTP/1.1" 200 -
2024-04-01 02:05:49,768 - INFO - 127.0.0.1 - - [01/Apr/2024 02:05:49] "OPTIONS /searchTestCase HTTP/1.1" 200 -
2024-04-01 02:05:50,083 - INFO - 127.0.0.1 - - [01/Apr/2024 02:05:50] "[33mPOST /searchTestCase HTTP/1.1[0m" 404 -
2024-04-01 02:05:50,928 - INFO - 127.0.0.1 - - [01/Apr/2024 02:05:50] "[33mPOST /searchTestCase HTTP/1.1[0m" 404 -
2024-04-01 02:05:52,257 - INFO - 127.0.0.1 - - [01/Apr/2024 02:05:52] "[33mPOST /searchTestCase HTTP/1.1[0m" 404 -
2024-04-01 02:05:53,701 - INFO - 127.0.0.1 - - [01/Apr/2024 02:05:53] "OPTIONS /saveTask HTTP/1.1" 200 -
2024-04-01 02:05:54,022 - INFO - 127.0.0.1 - - [01/Apr/2024 02:05:54] "POST /saveTask HTTP/1.1" 200 -
2024-04-01 02:05:55,826 - INFO - 127.0.0.1 - - [01/Apr/2024 02:05:55] "POST /saveTask HTTP/1.1" 200 -
2024-04-01 02:05:57,019 - INFO - 127.0.0.1 - - [01/Apr/2024 02:05:57] "POST /saveTask HTTP/1.1" 200 -
2024-04-01 02:05:58,832 - INFO - 127.0.0.1 - - [01/Apr/2024 02:05:58] "OPTIONS /saveTask HTTP/1.1" 200 -
2024-04-01 02:05:59,152 - INFO - 127.0.0.1 - - [01/Apr/2024 02:05:59] "POST /saveTask HTTP/1.1" 200 -
2024-04-01 02:06:00,465 - INFO - 127.0.0.1 - - [01/Apr/2024 02:06:00] "POST /saveTask HTTP/1.1" 200 -
2024-04-01 02:06:02,844 - INFO - 127.0.0.1 - - [01/Apr/2024 02:06:02] "POST /saveTask HTTP/1.1" 200 -
2024-04-01 02:06:06,347 - INFO - 127.0.0.1 - - [01/Apr/2024 02:06:06] "GET /team/29 HTTP/1.1" 200 -
2024-04-01 02:06:06,669 - INFO - 127.0.0.1 - - [01/Apr/2024 02:06:06] "GET /team/29 HTTP/1.1" 200 -
2024-04-01 02:06:16,455 - INFO - 127.0.0.1 - - [01/Apr/2024 02:06:16] "OPTIONS /getUserTeams/31 HTTP/1.1" 200 -
2024-04-01 02:06:16,456 - INFO - 127.0.0.1 - - [01/Apr/2024 02:06:16] "OPTIONS /getUserTeams/31 HTTP/1.1" 200 -
2024-04-01 02:06:16,707 - INFO - 127.0.0.1 - - [01/Apr/2024 02:06:16] "GET /getUserTeams/31 HTTP/1.1" 200 -
2024-04-01 02:06:16,771 - INFO - 127.0.0.1 - - [01/Apr/2024 02:06:16] "GET /getUserTeams/31 HTTP/1.1" 200 -
2024-04-01 02:06:20,816 - INFO - 127.0.0.1 - - [01/Apr/2024 02:06:20] "GET /getUserTeams/31 HTTP/1.1" 200 -
2024-04-01 02:06:21,135 - INFO - 127.0.0.1 - - [01/Apr/2024 02:06:21] "GET /getUserTeams/31 HTTP/1.1" 200 -
2024-04-01 02:06:23,676 - INFO - 127.0.0.1 - - [01/Apr/2024 02:06:23] "OPTIONS /getUserTeams/31 HTTP/1.1" 200 -
2024-04-01 02:06:23,677 - INFO - 127.0.0.1 - - [01/Apr/2024 02:06:23] "OPTIONS /getUserTeams/31 HTTP/1.1" 200 -
2024-04-01 02:06:23,943 - INFO - 127.0.0.1 - - [01/Apr/2024 02:06:23] "GET /getUserTeams/31 HTTP/1.1" 200 -
2024-04-01 02:06:23,993 - INFO - 127.0.0.1 - - [01/Apr/2024 02:06:23] "GET /getUserTeams/31 HTTP/1.1" 200 -
2024-04-01 02:06:25,771 - INFO - 127.0.0.1 - - [01/Apr/2024 02:06:25] "GET /contributions/31 HTTP/1.1" 200 -
2024-04-01 02:06:26,076 - INFO - 127.0.0.1 - - [01/Apr/2024 02:06:26] "GET /user/31 HTTP/1.1" 200 -
2024-04-01 02:06:26,078 - INFO - 127.0.0.1 - - [01/Apr/2024 02:06:26] "GET /contributions/31 HTTP/1.1" 200 -
2024-04-01 02:06:26,389 - INFO - 127.0.0.1 - - [01/Apr/2024 02:06:26] "GET /user/31 HTTP/1.1" 200 -
2024-04-01 02:06:28,883 - INFO - 127.0.0.1 - - [01/Apr/2024 02:06:28] "GET /user/31 HTTP/1.1" 200 -
2024-04-01 02:06:29,506 - INFO - 127.0.0.1 - - [01/Apr/2024 02:06:29] "GET /user/31 HTTP/1.1" 200 -
2024-04-01 02:06:31,283 - INFO - 127.0.0.1 - - [01/Apr/2024 02:06:31] "GET /user/31 HTTP/1.1" 200 -
2024-04-01 02:06:31,813 - INFO - 127.0.0.1 - - [01/Apr/2024 02:06:31] "GET /user/31 HTTP/1.1" 200 -
2024-04-01 16:03:51,594 - INFO - [31m[1mWARNING: This is a development server. Do not use it in a production deployment. Use a production WSGI server instead.[0m
 * Running on all addresses (0.0.0.0)
 * Running on http://127.0.0.1:5000
 * Running on http://192.168.3.38:5000
2024-04-01 16:03:51,594 - INFO - [33mPress CTRL+C to quit[0m
2024-04-01 16:03:51,598 - INFO -  * Restarting with stat
2024-04-01 16:03:52,897 - WARNING -  * Debugger is active!
2024-04-01 16:03:52,900 - INFO -  * Debugger PIN: 211-255-688
2024-04-01 16:04:11,505 - INFO - 127.0.0.1 - - [01/Apr/2024 16:04:11] "OPTIONS /login HTTP/1.1" 200 -
2024-04-01 16:04:11,923 - INFO - 127.0.0.1 - - [01/Apr/2024 16:04:11] "POST /login HTTP/1.1" 200 -
2024-04-01 16:04:11,977 - INFO - 127.0.0.1 - - [01/Apr/2024 16:04:11] "OPTIONS /getUserTeams/31 HTTP/1.1" 200 -
2024-04-01 16:04:12,278 - INFO - 127.0.0.1 - - [01/Apr/2024 16:04:12] "OPTIONS /getUserTeams/31 HTTP/1.1" 200 -
2024-04-01 16:04:12,299 - INFO - 127.0.0.1 - - [01/Apr/2024 16:04:12] "GET /getUserTeams/31 HTTP/1.1" 200 -
2024-04-01 16:04:12,607 - INFO - 127.0.0.1 - - [01/Apr/2024 16:04:12] "GET /getUserTeams/31 HTTP/1.1" 200 -
2024-04-01 16:04:13,241 - INFO - 127.0.0.1 - - [01/Apr/2024 16:04:13] "GET /getTeamMembers/29 HTTP/1.1" 200 -
2024-04-01 16:04:13,489 - INFO - 127.0.0.1 - - [01/Apr/2024 16:04:13] "GET /getTeamMembers/29 HTTP/1.1" 200 -
2024-04-01 16:04:13,562 - INFO - 127.0.0.1 - - [01/Apr/2024 16:04:13] "GET /tasklists/29 HTTP/1.1" 200 -
2024-04-01 16:04:13,585 - INFO - 127.0.0.1 - - [01/Apr/2024 16:04:13] "GET /tasklists/29 HTTP/1.1" 200 -
2024-04-01 16:04:14,170 - INFO - 127.0.0.1 - - [01/Apr/2024 16:04:14] "GET /tasklists/29 HTTP/1.1" 200 -
2024-04-01 16:04:14,481 - INFO - 127.0.0.1 - - [01/Apr/2024 16:04:14] "GET /tasklists/29 HTTP/1.1" 200 -
2024-04-01 16:04:15,370 - INFO - 127.0.0.1 - - [01/Apr/2024 16:04:15] "GET /getTeamScript/29 HTTP/1.1" 200 -
2024-04-01 16:04:15,622 - INFO - 127.0.0.1 - - [01/Apr/2024 16:04:15] "GET /getTeamScript/29 HTTP/1.1" 200 -
2024-04-01 16:17:13,930 - INFO - 127.0.0.1 - - [01/Apr/2024 16:17:13] "GET /getTeamScript/29 HTTP/1.1" 200 -
2024-04-01 16:17:14,190 - INFO - 127.0.0.1 - - [01/Apr/2024 16:17:14] "GET /getTeamScript/29 HTTP/1.1" 200 -
2024-04-01 17:20:25,801 - INFO - 127.0.0.1 - - [01/Apr/2024 17:20:25] "GET /getTeamScript/29 HTTP/1.1" 200 -
2024-04-01 17:20:26,051 - INFO - 127.0.0.1 - - [01/Apr/2024 17:20:26] "GET /getTeamScript/29 HTTP/1.1" 200 -
2024-04-01 17:20:26,905 - INFO - 127.0.0.1 - - [01/Apr/2024 17:20:26] "GET /getTestCases?testeventID=270 HTTP/1.1" 200 -
2024-04-01 17:20:27,193 - INFO - 127.0.0.1 - - [01/Apr/2024 17:20:27] "GET /testEventName?testeventID=270 HTTP/1.1" 200 -
2024-04-01 17:20:27,214 - INFO - 127.0.0.1 - - [01/Apr/2024 17:20:27] "GET /getTestCases?testeventID=270 HTTP/1.1" 200 -
2024-04-01 17:20:27,507 - INFO - 127.0.0.1 - - [01/Apr/2024 17:20:27] "GET /testEventName?testeventID=270 HTTP/1.1" 200 -
2024-04-01 17:20:28,421 - INFO - 127.0.0.1 - - [01/Apr/2024 17:20:28] "GET /getTeamScript/29 HTTP/1.1" 200 -
2024-04-01 17:20:28,684 - INFO - 127.0.0.1 - - [01/Apr/2024 17:20:28] "GET /getTeamScript/29 HTTP/1.1" 200 -
2024-04-01 17:20:31,657 - INFO - 127.0.0.1 - - [01/Apr/2024 17:20:31] "GET /getTestCases?testeventID=291 HTTP/1.1" 200 -
2024-04-01 17:20:31,963 - INFO - 127.0.0.1 - - [01/Apr/2024 17:20:31] "GET /testEventName?testeventID=291 HTTP/1.1" 200 -
2024-04-01 17:20:31,979 - INFO - 127.0.0.1 - - [01/Apr/2024 17:20:31] "GET /getTestCases?testeventID=291 HTTP/1.1" 200 -
2024-04-01 17:20:32,277 - INFO - 127.0.0.1 - - [01/Apr/2024 17:20:32] "GET /testEventName?testeventID=291 HTTP/1.1" 200 -
2024-04-01 17:20:33,279 - INFO - 127.0.0.1 - - [01/Apr/2024 17:20:33] "GET /getTeamScript/29 HTTP/1.1" 200 -
2024-04-01 17:20:33,542 - INFO - 127.0.0.1 - - [01/Apr/2024 17:20:33] "GET /getTeamScript/29 HTTP/1.1" 200 -
2024-04-01 17:20:34,096 - INFO - 127.0.0.1 - - [01/Apr/2024 17:20:34] "GET /getTestCases?testeventID=280 HTTP/1.1" 200 -
2024-04-01 17:20:34,401 - INFO - 127.0.0.1 - - [01/Apr/2024 17:20:34] "GET /testEventName?testeventID=280 HTTP/1.1" 200 -
2024-04-01 17:20:34,404 - INFO - 127.0.0.1 - - [01/Apr/2024 17:20:34] "GET /getTestCases?testeventID=280 HTTP/1.1" 200 -
2024-04-01 17:20:34,708 - INFO - 127.0.0.1 - - [01/Apr/2024 17:20:34] "GET /testEventName?testeventID=280 HTTP/1.1" 200 -
2024-04-01 17:21:39,429 - INFO - 127.0.0.1 - - [01/Apr/2024 17:21:39] "GET /getTeamScript/29 HTTP/1.1" 200 -
2024-04-01 17:21:39,699 - INFO - 127.0.0.1 - - [01/Apr/2024 17:21:39] "GET /getTeamScript/29 HTTP/1.1" 200 -
2024-04-01 17:21:40,455 - INFO - 127.0.0.1 - - [01/Apr/2024 17:21:40] "GET /getTestCases?testeventID=270 HTTP/1.1" 200 -
2024-04-01 17:21:40,754 - INFO - 127.0.0.1 - - [01/Apr/2024 17:21:40] "GET /testEventName?testeventID=270 HTTP/1.1" 200 -
2024-04-01 17:21:40,760 - INFO - 127.0.0.1 - - [01/Apr/2024 17:21:40] "GET /getTestCases?testeventID=270 HTTP/1.1" 200 -
2024-04-01 17:21:41,061 - INFO - 127.0.0.1 - - [01/Apr/2024 17:21:41] "GET /testEventName?testeventID=270 HTTP/1.1" 200 -
2024-04-01 17:21:42,770 - INFO - 127.0.0.1 - - [01/Apr/2024 17:21:42] "GET /getTeamScript/29 HTTP/1.1" 200 -
2024-04-01 17:21:43,020 - INFO - 127.0.0.1 - - [01/Apr/2024 17:21:43] "GET /getTeamScript/29 HTTP/1.1" 200 -
2024-04-01 17:21:43,412 - INFO - 127.0.0.1 - - [01/Apr/2024 17:21:43] "GET /getTestCases?testeventID=271 HTTP/1.1" 200 -
2024-04-01 17:21:43,712 - INFO - 127.0.0.1 - - [01/Apr/2024 17:21:43] "GET /testEventName?testeventID=271 HTTP/1.1" 200 -
2024-04-01 17:21:43,722 - INFO - 127.0.0.1 - - [01/Apr/2024 17:21:43] "GET /getTestCases?testeventID=271 HTTP/1.1" 200 -
2024-04-01 17:21:44,028 - INFO - 127.0.0.1 - - [01/Apr/2024 17:21:44] "GET /testEventName?testeventID=271 HTTP/1.1" 200 -
2024-04-01 17:21:46,559 - INFO - 127.0.0.1 - - [01/Apr/2024 17:21:46] "GET /getTeamScript/29 HTTP/1.1" 200 -
2024-04-01 17:21:46,813 - INFO - 127.0.0.1 - - [01/Apr/2024 17:21:46] "GET /getTeamScript/29 HTTP/1.1" 200 -
2024-04-01 17:21:47,122 - INFO - 127.0.0.1 - - [01/Apr/2024 17:21:47] "GET /getTestCases?testeventID=272 HTTP/1.1" 200 -
2024-04-01 17:21:47,423 - INFO - 127.0.0.1 - - [01/Apr/2024 17:21:47] "GET /testEventName?testeventID=272 HTTP/1.1" 200 -
2024-04-01 17:21:47,429 - INFO - 127.0.0.1 - - [01/Apr/2024 17:21:47] "GET /getTestCases?testeventID=272 HTTP/1.1" 200 -
2024-04-01 17:21:47,739 - INFO - 127.0.0.1 - - [01/Apr/2024 17:21:47] "GET /testEventName?testeventID=272 HTTP/1.1" 200 -
2024-04-01 17:21:48,470 - INFO - 127.0.0.1 - - [01/Apr/2024 17:21:48] "GET /getTeamScript/29 HTTP/1.1" 200 -
2024-04-01 17:21:48,715 - INFO - 127.0.0.1 - - [01/Apr/2024 17:21:48] "GET /getTeamScript/29 HTTP/1.1" 200 -
2024-04-01 17:21:49,120 - INFO - 127.0.0.1 - - [01/Apr/2024 17:21:49] "GET /getTestCases?testeventID=280 HTTP/1.1" 200 -
2024-04-01 17:21:49,428 - INFO - 127.0.0.1 - - [01/Apr/2024 17:21:49] "GET /testEventName?testeventID=280 HTTP/1.1" 200 -
2024-04-01 17:21:49,430 - INFO - 127.0.0.1 - - [01/Apr/2024 17:21:49] "GET /getTestCases?testeventID=280 HTTP/1.1" 200 -
2024-04-01 17:21:49,735 - INFO - 127.0.0.1 - - [01/Apr/2024 17:21:49] "GET /testEventName?testeventID=280 HTTP/1.1" 200 -
2024-04-01 17:21:50,408 - INFO - 127.0.0.1 - - [01/Apr/2024 17:21:50] "GET /getTeamScript/29 HTTP/1.1" 200 -
2024-04-01 17:21:50,669 - INFO - 127.0.0.1 - - [01/Apr/2024 17:21:50] "GET /getTeamScript/29 HTTP/1.1" 200 -
2024-04-01 17:21:50,921 - INFO - 127.0.0.1 - - [01/Apr/2024 17:21:50] "GET /getTestCases?testeventID=281 HTTP/1.1" 200 -
2024-04-01 17:21:51,224 - INFO - 127.0.0.1 - - [01/Apr/2024 17:21:51] "GET /testEventName?testeventID=281 HTTP/1.1" 200 -
2024-04-01 17:21:51,229 - INFO - 127.0.0.1 - - [01/Apr/2024 17:21:51] "GET /getTestCases?testeventID=281 HTTP/1.1" 200 -
2024-04-01 17:21:51,530 - INFO - 127.0.0.1 - - [01/Apr/2024 17:21:51] "GET /testEventName?testeventID=281 HTTP/1.1" 200 -
2024-04-01 17:21:52,603 - INFO - 127.0.0.1 - - [01/Apr/2024 17:21:52] "GET /getTeamScript/29 HTTP/1.1" 200 -
2024-04-01 17:21:52,867 - INFO - 127.0.0.1 - - [01/Apr/2024 17:21:52] "GET /getTeamScript/29 HTTP/1.1" 200 -
2024-04-01 17:21:54,230 - INFO - 127.0.0.1 - - [01/Apr/2024 17:21:54] "GET /getTestCases?testeventID=282 HTTP/1.1" 200 -
2024-04-01 17:21:54,537 - INFO - 127.0.0.1 - - [01/Apr/2024 17:21:54] "GET /testEventName?testeventID=282 HTTP/1.1" 200 -
2024-04-01 17:21:54,540 - INFO - 127.0.0.1 - - [01/Apr/2024 17:21:54] "GET /getTestCases?testeventID=282 HTTP/1.1" 200 -
2024-04-01 17:21:54,853 - INFO - 127.0.0.1 - - [01/Apr/2024 17:21:54] "GET /testEventName?testeventID=282 HTTP/1.1" 200 -
2024-04-01 17:21:55,789 - INFO - 127.0.0.1 - - [01/Apr/2024 17:21:55] "GET /getTeamScript/29 HTTP/1.1" 200 -
2024-04-01 17:21:56,052 - INFO - 127.0.0.1 - - [01/Apr/2024 17:21:56] "GET /getTeamScript/29 HTTP/1.1" 200 -
2024-04-01 17:21:56,291 - INFO - 127.0.0.1 - - [01/Apr/2024 17:21:56] "GET /getTestCases?testeventID=271 HTTP/1.1" 200 -
2024-04-01 17:21:56,596 - INFO - 127.0.0.1 - - [01/Apr/2024 17:21:56] "GET /testEventName?testeventID=271 HTTP/1.1" 200 -
2024-04-01 17:21:56,602 - INFO - 127.0.0.1 - - [01/Apr/2024 17:21:56] "GET /getTestCases?testeventID=271 HTTP/1.1" 200 -
2024-04-01 17:21:56,900 - INFO - 127.0.0.1 - - [01/Apr/2024 17:21:56] "GET /testEventName?testeventID=271 HTTP/1.1" 200 -
2024-04-01 17:21:58,095 - INFO - 127.0.0.1 - - [01/Apr/2024 17:21:58] "GET /getTeamScript/29 HTTP/1.1" 200 -
2024-04-01 17:21:58,356 - INFO - 127.0.0.1 - - [01/Apr/2024 17:21:58] "GET /getTeamScript/29 HTTP/1.1" 200 -
2024-04-01 17:21:59,466 - INFO - 127.0.0.1 - - [01/Apr/2024 17:21:59] "GET /getTestCases?testeventID=284 HTTP/1.1" 200 -
2024-04-01 17:21:59,777 - INFO - 127.0.0.1 - - [01/Apr/2024 17:21:59] "GET /testEventName?testeventID=284 HTTP/1.1" 200 -
2024-04-01 17:21:59,780 - INFO - 127.0.0.1 - - [01/Apr/2024 17:21:59] "GET /getTestCases?testeventID=284 HTTP/1.1" 200 -
2024-04-01 17:22:00,091 - INFO - 127.0.0.1 - - [01/Apr/2024 17:22:00] "GET /testEventName?testeventID=284 HTTP/1.1" 200 -
2024-04-01 17:22:01,574 - INFO - 127.0.0.1 - - [01/Apr/2024 17:22:01] "GET /getTeamScript/29 HTTP/1.1" 200 -
2024-04-01 17:22:01,822 - INFO - 127.0.0.1 - - [01/Apr/2024 17:22:01] "GET /getTeamScript/29 HTTP/1.1" 200 -
2024-04-01 17:22:03,293 - INFO - 127.0.0.1 - - [01/Apr/2024 17:22:03] "GET /getTestCases?testeventID=286 HTTP/1.1" 200 -
2024-04-01 17:22:03,597 - INFO - 127.0.0.1 - - [01/Apr/2024 17:22:03] "GET /testEventName?testeventID=286 HTTP/1.1" 200 -
2024-04-01 17:22:03,608 - INFO - 127.0.0.1 - - [01/Apr/2024 17:22:03] "GET /getTestCases?testeventID=286 HTTP/1.1" 200 -
2024-04-01 17:22:03,904 - INFO - 127.0.0.1 - - [01/Apr/2024 17:22:03] "GET /testEventName?testeventID=286 HTTP/1.1" 200 -
2024-04-01 17:22:05,877 - INFO - 127.0.0.1 - - [01/Apr/2024 17:22:05] "GET /getTeamScript/29 HTTP/1.1" 200 -
2024-04-01 17:22:06,147 - INFO - 127.0.0.1 - - [01/Apr/2024 17:22:06] "GET /getTeamScript/29 HTTP/1.1" 200 -
2024-04-01 17:22:07,525 - INFO - 127.0.0.1 - - [01/Apr/2024 17:22:07] "GET /getTestCases?testeventID=290 HTTP/1.1" 200 -
2024-04-01 17:22:07,838 - INFO - 127.0.0.1 - - [01/Apr/2024 17:22:07] "GET /testEventName?testeventID=290 HTTP/1.1" 200 -
2024-04-01 17:22:07,841 - INFO - 127.0.0.1 - - [01/Apr/2024 17:22:07] "GET /getTestCases?testeventID=290 HTTP/1.1" 200 -
2024-04-01 17:22:08,156 - INFO - 127.0.0.1 - - [01/Apr/2024 17:22:08] "GET /testEventName?testeventID=290 HTTP/1.1" 200 -
2024-04-01 17:22:08,904 - INFO - 127.0.0.1 - - [01/Apr/2024 17:22:08] "GET /getTeamScript/29 HTTP/1.1" 200 -
2024-04-01 17:22:09,235 - INFO - 127.0.0.1 - - [01/Apr/2024 17:22:09] "GET /getTeamScript/29 HTTP/1.1" 200 -
2024-04-01 17:22:11,864 - INFO - 127.0.0.1 - - [01/Apr/2024 17:22:11] "GET /getTestCases?testeventID=288 HTTP/1.1" 200 -
2024-04-01 17:22:12,165 - INFO - 127.0.0.1 - - [01/Apr/2024 17:22:12] "GET /testEventName?testeventID=288 HTTP/1.1" 200 -
2024-04-01 17:22:12,171 - INFO - 127.0.0.1 - - [01/Apr/2024 17:22:12] "GET /getTestCases?testeventID=288 HTTP/1.1" 200 -
2024-04-01 17:22:12,481 - INFO - 127.0.0.1 - - [01/Apr/2024 17:22:12] "GET /testEventName?testeventID=288 HTTP/1.1" 200 -
2024-04-01 17:22:15,080 - INFO - 127.0.0.1 - - [01/Apr/2024 17:22:15] "GET /getTeamScript/29 HTTP/1.1" 200 -
2024-04-01 17:22:15,348 - INFO - 127.0.0.1 - - [01/Apr/2024 17:22:15] "GET /getTeamScript/29 HTTP/1.1" 200 -
2024-04-01 17:22:16,961 - INFO - 127.0.0.1 - - [01/Apr/2024 17:22:16] "GET /getTestCases?testeventID=270 HTTP/1.1" 200 -
2024-04-01 17:22:17,262 - INFO - 127.0.0.1 - - [01/Apr/2024 17:22:17] "GET /testEventName?testeventID=270 HTTP/1.1" 200 -
2024-04-01 17:22:17,268 - INFO - 127.0.0.1 - - [01/Apr/2024 17:22:17] "GET /getTestCases?testeventID=270 HTTP/1.1" 200 -
2024-04-01 17:22:17,575 - INFO - 127.0.0.1 - - [01/Apr/2024 17:22:17] "GET /testEventName?testeventID=270 HTTP/1.1" 200 -
2024-04-01 20:22:18,605 - INFO -  * Detected change in 'D:\\ÍùÆÚÑ§Ï°×ÊÁÏ+±Ê¼Ç\\last project\\backend\\app\\test_cases.py', reloading
2024-04-01 20:22:18,892 - INFO -  * Restarting with stat
2024-04-01 20:22:19,918 - WARNING -  * Debugger is active!
2024-04-01 20:22:19,918 - INFO -  * Debugger PIN: 211-255-688
2024-04-01 20:27:19,675 - INFO -  * Detected change in 'D:\\ÍùÆÚÑ§Ï°×ÊÁÏ+±Ê¼Ç\\last project\\backend\\app\\test_cases.py', reloading
2024-04-01 20:27:19,777 - INFO -  * Restarting with stat
2024-04-01 20:27:20,645 - WARNING -  * Debugger is active!
2024-04-01 20:27:20,647 - INFO -  * Debugger PIN: 211-255-688
2024-04-01 20:38:03,918 - INFO -  * Detected change in 'D:\\ÍùÆÚÑ§Ï°×ÊÁÏ+±Ê¼Ç\\last project\\backend\\app\\test_cases.py', reloading
2024-04-01 20:38:04,056 - INFO -  * Restarting with stat
2024-04-01 20:38:04,938 - WARNING -  * Debugger is active!
2024-04-01 20:38:04,940 - INFO -  * Debugger PIN: 211-255-688
2024-04-01 20:41:37,069 - INFO -  * Detected change in 'D:\\ÍùÆÚÑ§Ï°×ÊÁÏ+±Ê¼Ç\\last project\\backend\\app\\test_cases.py', reloading
2024-04-01 20:41:37,184 - INFO -  * Restarting with stat
2024-04-01 20:41:38,086 - WARNING -  * Debugger is active!
2024-04-01 20:41:38,089 - INFO -  * Debugger PIN: 211-255-688
2024-04-01 20:47:08,004 - INFO -  * Detected change in 'D:\\ÍùÆÚÑ§Ï°×ÊÁÏ+±Ê¼Ç\\last project\\backend\\app\\test_cases.py', reloading
2024-04-01 20:47:08,105 - INFO -  * Restarting with stat
